Warning: Building for device with codesigning disabled. You will have to manually codesign before deploying to device.
Building com.example.codSquadApp for device (ios)...
Running Xcode build...                                          
Xcode build done.                                           31.8s
✓ Built build/ios/iphoneos/Runner.app
