02-27 02:58:38.510  1905  1936 W BroadcastQueue: Background execution not allowed: receiving Intent { act=android.intent.action.PACKAGE_REMOVED dat=package: flg=0x4000010 (has extras) } to com.dti.tracfone/com.LogiaGroup.LogiaDeck.Receivers.UninstallBroadCastReceiver
02-27 02:58:38.515  1905  1905 I Telecom : DefaultDialerCache: Refreshing default dialer for user 0: now com.google.android.dialer: DDC.oR@AtU
02-27 02:58:38.535  1905  7325 W ActivityManager: Unable to start service Intent { act=com.motorola.intent.action.EXPERIENCE cmp=com.motorola.help/com.motorola.feedback.logrequest.service.LogCollectionService } U=0: not found
02-27 02:58:38.552  1905  1936 W BroadcastQueue: Background execution not allowed: receiving Intent { act=android.intent.action.PACKAGE_REMOVED dat=package: flg=0x4000010 (has extras) } to com.google.android.gms/.chimera.GmsIntentOperationService$PersistentTrustedReceiver
02-27 02:58:38.583  1905  1905 V BackupManagerConstants: getFullBackupIntervalMilliseconds(...) returns 86400000
02-27 02:58:38.583  1905  1905 V BackupManagerConstants: getFullBackupRequiredNetworkType(...) returns 2
02-27 02:58:38.584  1905  1905 V BackupManagerConstants: getFullBackupRequireCharging(...) returns true
02-27 02:58:38.585  1905  1935 W WindowMagnificationMgr: requestConnection duplicated request: connect=false, mConnectionState=DISCONNECTED
02-27 02:58:38.591  1905  1936 W BroadcastQueue: Background execution not allowed: receiving Intent { act=android.intent.action.PACKAGE_REMOVED dat=package: flg=0x4000010 (has extras) } to com.google.android.gms/.games.chimera.GamesSystemBroadcastReceiverProxy
02-27 02:58:38.591  1905  1936 W BroadcastQueue: Background execution not allowed: receiving Intent { act=android.intent.action.PACKAGE_REMOVED dat=package: flg=0x4000010 (has extras) } to com.google.android.videos/com.google.android.libraries.social.peoplekit.thirdparty.viewcontrollers.ThirdPartyReceiver
02-27 02:58:38.592  1905  1936 W BroadcastQueue: Background execution not allowed: receiving Intent { act=android.intent.action.PACKAGE_REMOVED dat=package: flg=0x4000010 (has extras) } to com.motorola.spaces/.manager.monitor.AppChangeMonitor
02-27 02:58:38.592  1905  1936 W BroadcastQueue: Background execution not allowed: receiving Intent { act=android.intent.action.PACKAGE_REMOVED dat=package: flg=0x4000010 (has extras) } to com.verizon.loginengine.unbranded/com.verizon.vzwavs.AVSSystemReceiver
02-27 02:58:38.592  1905  1936 W BroadcastQueue: Background execution not allowed: receiving Intent { act=android.intent.action.PACKAGE_ADDED dat=package: flg=0x4000010 (has extras) } to com.google.android.packageinstaller/com.android.packageinstaller.PackageInstalledReceiver
02-27 02:58:38.592  1905  1936 W BroadcastQueue: Background execution not allowed: receiving Intent { act=android.intent.action.PACKAGE_ADDED dat=package: flg=0x4000010 (has extras) } to com.android.vending/com.google.android.finsky.packagemonitor.impl.PackageMonitorReceiverImpl$RegisteredReceiver
02-27 02:58:38.592  1905  1936 W BroadcastQueue: Background execution not allowed: receiving Intent { act=android.intent.action.PACKAGE_ADDED dat=package: flg=0x4000010 (has extras) } to com.android.vending/com.google.android.finsky.packagemonitor.backgroundimpl.BackgroundPackageMonitorReceiverImpl$RegisteredReceiver
02-27 02:58:38.592  1905  1936 W BroadcastQueue: Background execution not allowed: receiving Intent { act=android.intent.action.PACKAGE_ADDED dat=package: flg=0x4000010 (has extras) } to com.dti.tracfone/com.digitalturbine.igniteui.receiver.PackageAddedReceiver
02-27 02:58:38.592  1905  1936 W BroadcastQueue: Background execution not allowed: receiving Intent { act=android.intent.action.PACKAGE_ADDED dat=package: flg=0x4000010 (has extras) } to com.google.android.apps.nbu.files/.documentbrowser.browselanding.rootcontainerlist.receiver.PackageChangeReceiver_Receiver
02-27 02:58:38.593  1905  1905 W AlarmManager: Package com.example.cod_squad_app, uid 10014 lost permission to set exact alarms!
02-27 02:58:38.596  1905  1935 W WindowMagnificationMgr: requestConnection duplicated request: connect=false, mConnectionState=DISCONNECTED
02-27 02:58:38.599  1905  1936 W BroadcastQueue: Background execution not allowed: receiving Intent { act=android.intent.action.PACKAGE_ADDED dat=package: flg=0x4000010 (has extras) } to com.google.android.gms/.chimera.GmsIntentOperationService$PersistentTrustedReceiver
02-27 02:58:38.599  1905  1936 W BroadcastQueue: Background execution not allowed: receiving Intent { act=android.intent.action.PACKAGE_ADDED dat=package: flg=0x4000010 (has extras) } to com.google.android.gms/.games.chimera.GamesSystemBroadcastReceiverProxy
02-27 02:58:38.602  1905  1961 D PackageInstallerSession: Marking session 900546645 as applied
02-27 02:58:38.606  1905  1936 W BroadcastQueue: Background execution not allowed: receiving Intent { act=android.intent.action.PACKAGE_ADDED dat=package: flg=0x4000010 (has extras) } to com.google.android.gms/.gass.chimera.PackageChangeBroadcastReceiver
02-27 02:58:38.617  1905  1936 W BroadcastQueue: Background execution not allowed: receiving Intent { act=android.intent.action.PACKAGE_ADDED dat=package: flg=0x4000010 (has extras) } to com.verizon.loginengine.unbranded/com.verizon.vzwavs.AVSSystemReceiver
02-27 02:58:38.753  1905  1978 W BroadcastQueue: Background execution not allowed: receiving Intent { act=android.intent.action.PACKAGE_REPLACED dat=package: flg=0x4000010 (has extras) } to com.google.android.apps.nbu.files/.documentbrowser.browselanding.rootcontainerlist.receiver.PackageChangeReceiver_Receiver
02-27 02:58:38.766  1905  1936 W BroadcastQueue: Background execution not allowed: receiving Intent { act=android.intent.action.PACKAGE_REPLACED dat=package: flg=0x4000010 (has extras) } to com.google.android.gms/.chimera.GmsIntentOperationService$PersistentTrustedReceiver
02-27 02:58:38.778  1905  1936 W BroadcastQueue: Background execution not allowed: receiving Intent { act=android.intent.action.PACKAGE_REPLACED dat=package: flg=0x4000010 (has extras) } to com.google.android.gms/.gass.chimera.PackageChangeBroadcastReceiver
02-27 02:58:38.783  1905  1936 W BroadcastQueue: Background execution not allowed: receiving Intent { act=android.intent.action.PACKAGE_REPLACED dat=package: flg=0x4000010 (has extras) } to com.motorola.ccc.notification/.gcm.GCMAdminReceiver
02-27 02:58:38.789  1905  1936 W BroadcastQueue: Background execution not allowed: receiving Intent { act=android.intent.action.PACKAGE_REPLACED dat=package: flg=0x4000010 (has extras) } to com.verizon.loginengine.unbranded/com.verizon.vzwavs.AVSSystemReceiver
02-27 02:58:38.803  1905  1984 D BatteryService: uevent={POWER_SUPPLY_VOLTAGE_NOW=4290000, POWER_SUPPLY_VBUS_PRESENT=true, POWER_SUPPLY_TYPE=Battery, POWER_SUPPLY_HEALTH=Good, POWER_SUPPLY_TECHNOLOGY=Li-ion, POWER_SUPPLY_CHARGE_FULL_DESIGN=4822000, POWER_SUPPLY_CONSTANT_CHARGE_VOLTAGE=4400000, SEQNUM=7442, POWER_SUPPLY_STATUS=Charging, POWER_SUPPLY_CYCLE_COUNT=0, POWER_SUPPLY_CAPACITY=100, DEVPATH=/devices/platform/1000d000.pwrap/1000d000.pwrap:main_pmic/mt6357-gauge/power_supply/battery, POWER_SUPPLY_CHARGE_RATE=Normal, POWER_SUPPLY_CURRENT_AVG=-370500, POWER_SUPPLY_CAPACITY_LEVEL=Full, POWER_SUPPLY_CURRENT_NOW=-370500, POWER_SUPPLY_PRESENT=1, POWER_SUPPLY_POWER_WATT=2, POWER_SUPPLY_CHARGE_FULL=4827700, POWER_SUPPLY_TIME_TO_FULL_NOW=0, SUBSYSTEM=power_supply, POWER_SUPPLY_TEMP=280, ACTION=change, POWER_SUPPLY_AGE=100, POWER_SUPPLY_NAME=battery, POWER_SUPPLY_LPD_PRESENT=false, POWER_SUPPLY_CHARGE_COUNTER=4827700}
02-27 02:58:38.803  1905  7754 I ActivityTaskManager: START u0 {flg=0x10000000 cmp=com.example.cod_squad_app/.MainActivity} from uid 2000
02-27 02:58:38.804  1905  1984 D BatteryService: uevent={POWER_SUPPLY_VOLTAGE_NOW=4290000, POWER_SUPPLY_VBUS_PRESENT=true, POWER_SUPPLY_TYPE=Battery, POWER_SUPPLY_HEALTH=Good, POWER_SUPPLY_TECHNOLOGY=Li-ion, POWER_SUPPLY_CHARGE_FULL_DESIGN=4822000, POWER_SUPPLY_CONSTANT_CHARGE_VOLTAGE=4400000, SEQNUM=7442, POWER_SUPPLY_STATUS=Charging, POWER_SUPPLY_CYCLE_COUNT=0, POWER_SUPPLY_CAPACITY=100, DEVPATH=/devices/platform/1000d000.pwrap/1000d000.pwrap:main_pmic/mt6357-gauge/power_supply/battery, POWER_SUPPLY_CHARGE_RATE=Normal, POWER_SUPPLY_CURRENT_AVG=-370500, POWER_SUPPLY_CAPACITY_LEVEL=Full, POWER_SUPPLY_CURRENT_NOW=-370500, POWER_SUPPLY_PRESENT=1, POWER_SUPPLY_POWER_WATT=2, POWER_SUPPLY_CHARGE_FULL=4827700, POWER_SUPPLY_TIME_TO_FULL_NOW=0, SUBSYSTEM=power_supply, POWER_SUPPLY_TEMP=280, ACTION=change, POWER_SUPPLY_AGE=100, POWER_SUPPLY_NAME=battery, POWER_SUPPLY_LPD_PRESENT=false, POWER_SUPPLY_CHARGE_COUNTER=4827700}
02-27 02:58:38.811  1905  7754 D ActivityTaskManager: getPreferredLaunchDisplay userset_displayid false user set display id -1, current focus display 0
02-27 02:58:38.811  1905  7754 D ActivityTaskManager: getPreferredLaunchDisplay userset_displayid false user set display id -1, current focus display 0
02-27 02:58:38.812  1905  7754 D ActivityTaskManager: getPreferredLaunchDisplay userset_displayid false user set display id -1, current focus display 0
02-27 02:58:38.812  1905  7754 D ActivityTaskManager: getPreferredLaunchDisplay userset_displayid false user set display id -1, current focus display 0
02-27 02:58:38.842  1905  1905 V UiModeManager: updateLocked: null action, mDockState=0, category=null
02-27 02:58:38.843  1905  1905 D UiModeManager: updateConfigurationLocked: mDockState=0; mCarMode=false; mNightMode=1; mNightModeCustomType=-1; uiMode=81
02-27 02:58:38.846  1905  7754 D ActivityTaskManager: getPreferredLaunchDisplay userset_displayid false user set display id 0, current focus display 0
02-27 02:58:38.846  1905  7754 D ActivityTaskManager: getPreferredLaunchDisplay userset_displayid false user set display id 0, current focus display 0
02-27 02:58:38.860  2277  3144 D PowerUI : can't show warning due to - plugged: true status unknown: false
02-27 02:58:38.886  2277  2296 D ViewRootImpl: update {(0,0)(fillxfill) ty=APPLICATION_STARTING fmt=TRANSLUCENT wanim=0x1030001
02-27 02:58:38.886  2277  2296 D ViewRootImpl:   fl=NOT_FOCUSABLE NOT_TOUCHABLE LAYOUT_IN_SCREEN LAYOUT_INSET_DECOR ALT_FOCUSABLE_IM HARDWARE_ACCELERATED DRAWS_SYSTEM_BAR_BACKGROUNDS
02-27 02:58:38.886  2277  2296 D ViewRootImpl:   pfl=SHOW_FOR_ALL_USERS FIT_INSETS_CONTROLLED
02-27 02:58:38.886  2277  2296 D ViewRootImpl:   bhv=DEFAULT
02-27 02:58:38.886  2277  2296 D ViewRootImpl:   fitSides=} by setView
02-27 02:58:38.894  1905  7754 D CoreBackPreview: Window{a87ffb3 u0 Splash Screen com.example.cod_squad_app}: Setting back callback OnBackInvokedCallbackInfo{mCallback=android.window.IOnBackInvokedCallback$Stub$Proxy@abba4e9, mPriority=0}
02-27 02:58:38.982  1905  1937 W ActivityManager: Slow operation: 79ms so far, now at startProcess: done updating battery stats
02-27 02:58:38.982  1905  1937 W ActivityManager: Slow operation: 79ms so far, now at startProcess: building log message
02-27 02:58:38.982  1905  1937 I ActivityManager: Start proc 6309:com.example.cod_squad_app/u0a14 for next-top-activity {com.example.cod_squad_app/com.example.cod_squad_app.MainActivity}
02-27 02:58:38.982  1905  1937 W ActivityManager: Slow operation: 79ms so far, now at startProcess: starting to update pids map
02-27 02:58:38.982  1905  1937 W ActivityManager: Slow operation: 79ms so far, now at startProcess: done updating pids map
02-27 02:58:39.000  1905  1925 W Looper  : Drained
02-27 02:58:39.042  1905  3768 W ActivityTaskManager: Failed to killAndRestart. No task found for id: 226
02-27 02:58:39.067  1905  1958 E VerityUtils: Failed to measure fs-verity, errno 1: /data/app/~~QvXZRZNq0SoRNLO7o6YLwQ==/com.example.cod_squad_app-9xIwP6bPhjCTLfub7c1NRw==/base.apk
02-27 02:58:39.649  1905  1958 E VerityUtils: Failed to measure fs-verity, errno 1: /data/app/~~QvXZRZNq0SoRNLO7o6YLwQ==/com.example.cod_squad_app-9xIwP6bPhjCTLfub7c1NRw==/base.apk
02-27 02:58:40.508  1905  1905 V UiModeManager: updateLocked: null action, mDockState=0, category=null
02-27 02:58:40.508  1905  1905 D UiModeManager: updateConfigurationLocked: mDockState=0; mCarMode=false; mNightMode=1; mNightModeCustomType=-1; uiMode=81
02-27 02:58:40.514  2277  3377 D PowerUI : can't show warning due to - plugged: true status unknown: false
02-27 02:58:42.862  6309  6309 D ViewRootImpl: update {(0,0)(fillxfill) sim={adjust=resize forwardNavigation} ty=BASE_APPLICATION wanim=0x1030001
02-27 02:58:42.862  6309  6309 D ViewRootImpl:   fl=LAYOUT_IN_SCREEN LAYOUT_INSET_DECOR SPLIT_TOUCH HARDWARE_ACCELERATED DRAWS_SYSTEM_BAR_BACKGROUNDS
02-27 02:58:42.862  6309  6309 D ViewRootImpl:   pfl=NO_MOVE_ANIMATION FORCE_DRAW_STATUS_BAR_BACKGROUND FIT_INSETS_CONTROLLED
02-27 02:58:42.862  6309  6309 D ViewRootImpl:   bhv=DEFAULT
02-27 02:58:42.862  6309  6309 D ViewRootImpl:   fitSides=} by setView
02-27 02:58:42.888  1905  2952 D CoreBackPreview: Window{447c1fc u0 com.example.cod_squad_app/com.example.cod_squad_app.MainActivity}: Setting back callback OnBackInvokedCallbackInfo{mCallback=android.window.IOnBackInvokedCallback$Stub$Proxy@9743eda, mPriority=0}
02-27 02:58:46.908  1905  2952 W ActivityManager: stopServiceToken startId 13 is last, but have 1 remaining args
02-27 02:58:48.808  1905  1984 D BatteryService: uevent={POWER_SUPPLY_VOLTAGE_NOW=4355000, POWER_SUPPLY_VBUS_PRESENT=true, POWER_SUPPLY_TYPE=Battery, POWER_SUPPLY_HEALTH=Good, POWER_SUPPLY_TECHNOLOGY=Li-ion, POWER_SUPPLY_CHARGE_FULL_DESIGN=4822000, POWER_SUPPLY_CONSTANT_CHARGE_VOLTAGE=4400000, SEQNUM=7443, POWER_SUPPLY_STATUS=Charging, POWER_SUPPLY_CYCLE_COUNT=0, POWER_SUPPLY_CAPACITY=100, DEVPATH=/devices/platform/1000d000.pwrap/1000d000.pwrap:main_pmic/mt6357-gauge/power_supply/battery, POWER_SUPPLY_CHARGE_RATE=Normal, POWER_SUPPLY_CURRENT_AVG=5000, POWER_SUPPLY_CAPACITY_LEVEL=Full, POWER_SUPPLY_CURRENT_NOW=5000, POWER_SUPPLY_PRESENT=1, POWER_SUPPLY_POWER_WATT=2, POWER_SUPPLY_CHARGE_FULL=4827700, POWER_SUPPLY_TIME_TO_FULL_NOW=0, SUBSYSTEM=power_supply, POWER_SUPPLY_TEMP=280, ACTION=change, POWER_SUPPLY_AGE=100, POWER_SUPPLY_NAME=battery, POWER_SUPPLY_LPD_PRESENT=false, POWER_SUPPLY_CHARGE_COUNTER=4827700}
02-27 02:58:48.809  1905  1984 D BatteryService: uevent={POWER_SUPPLY_VOLTAGE_NOW=4355000, POWER_SUPPLY_VBUS_PRESENT=true, POWER_SUPPLY_TYPE=Battery, POWER_SUPPLY_HEALTH=Good, POWER_SUPPLY_TECHNOLOGY=Li-ion, POWER_SUPPLY_CHARGE_FULL_DESIGN=4822000, POWER_SUPPLY_CONSTANT_CHARGE_VOLTAGE=4400000, SEQNUM=7443, POWER_SUPPLY_STATUS=Charging, POWER_SUPPLY_CYCLE_COUNT=0, POWER_SUPPLY_CAPACITY=100, DEVPATH=/devices/platform/1000d000.pwrap/1000d000.pwrap:main_pmic/mt6357-gauge/power_supply/battery, POWER_SUPPLY_CHARGE_RATE=Normal, POWER_SUPPLY_CURRENT_AVG=5000, POWER_SUPPLY_CAPACITY_LEVEL=Full, POWER_SUPPLY_CURRENT_NOW=5000, POWER_SUPPLY_PRESENT=1, POWER_SUPPLY_POWER_WATT=2, POWER_SUPPLY_CHARGE_FULL=4827700, POWER_SUPPLY_TIME_TO_FULL_NOW=0, SUBSYSTEM=power_supply, POWER_SUPPLY_TEMP=280, ACTION=change, POWER_SUPPLY_AGE=100, POWER_SUPPLY_NAME=battery, POWER_SUPPLY_LPD_PRESENT=false, POWER_SUPPLY_CHARGE_COUNTER=4827700}
02-27 02:58:48.823  1905  1905 V UiModeManager: updateLocked: null action, mDockState=0, category=null
02-27 02:58:48.824  1905  1905 D UiModeManager: updateConfigurationLocked: mDockState=0; mCarMode=false; mNightMode=1; mNightModeCustomType=-1; uiMode=81
02-27 02:58:48.832  2277  2705 D PowerUI : can't show warning due to - plugged: true status unknown: false
02-27 02:58:48.867  1905  1928 W ActivityTaskManager: Launch timeout has expired, giving up wake lock!
02-27 02:58:49.138  1905  1928 D BootWMPhase: WM boot activityIdleInternalLocked: fromTimeout=true isBooting=false allResumedActivitiesIdle=true
02-27 02:58:49.138  1905  1928 D BootWMPhase: ******* WM boot checkFinishBootingLocked: booting=false enableScreen=false
02-27 02:58:53.079  1905  1929 I LaunchCheckinHandler: MotoDisplayed com.example.cod_squad_app/.MainActivity,cp,ca,14209
02-27 02:58:53.453  1905  3768 D CoreBackPreview: Window{a87ffb3 u0 Splash Screen com.example.cod_squad_app EXITING}: Setting back callback null
02-27 02:58:53.614  1905  3768 E AppOps  : Bad call made by uid 10152. Package "com.google.android.gms" does not belong to uid 10014.
02-27 02:58:58.805  1905  1984 D BatteryService: uevent={POWER_SUPPLY_VOLTAGE_NOW=4374000, POWER_SUPPLY_VBUS_PRESENT=true, POWER_SUPPLY_TYPE=Battery, POWER_SUPPLY_HEALTH=Good, POWER_SUPPLY_TECHNOLOGY=Li-ion, POWER_SUPPLY_CHARGE_FULL_DESIGN=4822000, POWER_SUPPLY_CONSTANT_CHARGE_VOLTAGE=4400000, SEQNUM=7444, POWER_SUPPLY_STATUS=Charging, POWER_SUPPLY_CYCLE_COUNT=0, POWER_SUPPLY_CAPACITY=100, DEVPATH=/devices/platform/1000d000.pwrap/1000d000.pwrap:main_pmic/mt6357-gauge/power_supply/battery, POWER_SUPPLY_CHARGE_RATE=Normal, POWER_SUPPLY_CURRENT_AVG=135700, POWER_SUPPLY_CAPACITY_LEVEL=Full, POWER_SUPPLY_CURRENT_NOW=135700, POWER_SUPPLY_PRESENT=1, POWER_SUPPLY_POWER_WATT=2, POWER_SUPPLY_CHARGE_FULL=4827700, POWER_SUPPLY_TIME_TO_FULL_NOW=0, SUBSYSTEM=power_supply, POWER_SUPPLY_TEMP=280, ACTION=change, POWER_SUPPLY_AGE=100, POWER_SUPPLY_NAME=battery, POWER_SUPPLY_LPD_PRESENT=false, POWER_SUPPLY_CHARGE_COUNTER=4827700}
02-27 02:58:58.806  1905  1984 D BatteryService: uevent={POWER_SUPPLY_VOLTAGE_NOW=4374000, POWER_SUPPLY_VBUS_PRESENT=true, POWER_SUPPLY_TYPE=Battery, POWER_SUPPLY_HEALTH=Good, POWER_SUPPLY_TECHNOLOGY=Li-ion, POWER_SUPPLY_CHARGE_FULL_DESIGN=4822000, POWER_SUPPLY_CONSTANT_CHARGE_VOLTAGE=4400000, SEQNUM=7444, POWER_SUPPLY_STATUS=Charging, POWER_SUPPLY_CYCLE_COUNT=0, POWER_SUPPLY_CAPACITY=100, DEVPATH=/devices/platform/1000d000.pwrap/1000d000.pwrap:main_pmic/mt6357-gauge/power_supply/battery, POWER_SUPPLY_CHARGE_RATE=Normal, POWER_SUPPLY_CURRENT_AVG=135700, POWER_SUPPLY_CAPACITY_LEVEL=Full, POWER_SUPPLY_CURRENT_NOW=135700, POWER_SUPPLY_PRESENT=1, POWER_SUPPLY_POWER_WATT=2, POWER_SUPPLY_CHARGE_FULL=4827700, POWER_SUPPLY_TIME_TO_FULL_NOW=0, SUBSYSTEM=power_supply, POWER_SUPPLY_TEMP=280, ACTION=change, POWER_SUPPLY_AGE=100, POWER_SUPPLY_NAME=battery, POWER_SUPPLY_LPD_PRESENT=false, POWER_SUPPLY_CHARGE_COUNTER=4827700}
02-27 02:58:58.823  1905  1905 V UiModeManager: updateLocked: null action, mDockState=0, category=null
02-27 02:58:58.824  1905  1905 D UiModeManager: updateConfigurationLocked: mDockState=0; mCarMode=false; mNightMode=1; mNightModeCustomType=-1; uiMode=81
02-27 02:58:58.831  2277  3385 D PowerUI : can't show warning due to - plugged: true status unknown: false
02-27 02:59:03.661  1905  3768 E AppOps  : Bad call made by uid 10152. Package "com.google.android.gms" does not belong to uid 10014.
02-27 02:59:08.810  1905  1984 D BatteryService: uevent={POWER_SUPPLY_VOLTAGE_NOW=4381000, POWER_SUPPLY_VBUS_PRESENT=true, POWER_SUPPLY_TYPE=Battery, POWER_SUPPLY_HEALTH=Good, POWER_SUPPLY_TECHNOLOGY=Li-ion, POWER_SUPPLY_CHARGE_FULL_DESIGN=4822000, POWER_SUPPLY_CONSTANT_CHARGE_VOLTAGE=4400000, SEQNUM=7445, POWER_SUPPLY_STATUS=Charging, POWER_SUPPLY_CYCLE_COUNT=0, POWER_SUPPLY_CAPACITY=100, DEVPATH=/devices/platform/1000d000.pwrap/1000d000.pwrap:main_pmic/mt6357-gauge/power_supply/battery, POWER_SUPPLY_CHARGE_RATE=Normal, POWER_SUPPLY_CURRENT_AVG=126600, POWER_SUPPLY_CAPACITY_LEVEL=Full, POWER_SUPPLY_CURRENT_NOW=126600, POWER_SUPPLY_PRESENT=1, POWER_SUPPLY_POWER_WATT=2, POWER_SUPPLY_CHARGE_FULL=4827700, POWER_SUPPLY_TIME_TO_FULL_NOW=0, SUBSYSTEM=power_supply, POWER_SUPPLY_TEMP=280, ACTION=change, POWER_SUPPLY_AGE=100, POWER_SUPPLY_NAME=battery, POWER_SUPPLY_LPD_PRESENT=false, POWER_SUPPLY_CHARGE_COUNTER=4827700}
02-27 02:59:08.811  1905  1984 D BatteryService: uevent={POWER_SUPPLY_VOLTAGE_NOW=4381000, POWER_SUPPLY_VBUS_PRESENT=true, POWER_SUPPLY_TYPE=Battery, POWER_SUPPLY_HEALTH=Good, POWER_SUPPLY_TECHNOLOGY=Li-ion, POWER_SUPPLY_CHARGE_FULL_DESIGN=4822000, POWER_SUPPLY_CONSTANT_CHARGE_VOLTAGE=4400000, SEQNUM=7445, POWER_SUPPLY_STATUS=Charging, POWER_SUPPLY_CYCLE_COUNT=0, POWER_SUPPLY_CAPACITY=100, DEVPATH=/devices/platform/1000d000.pwrap/1000d000.pwrap:main_pmic/mt6357-gauge/power_supply/battery, POWER_SUPPLY_CHARGE_RATE=Normal, POWER_SUPPLY_CURRENT_AVG=126600, POWER_SUPPLY_CAPACITY_LEVEL=Full, POWER_SUPPLY_CURRENT_NOW=126600, POWER_SUPPLY_PRESENT=1, POWER_SUPPLY_POWER_WATT=2, POWER_SUPPLY_CHARGE_FULL=4827700, POWER_SUPPLY_TIME_TO_FULL_NOW=0, SUBSYSTEM=power_supply, POWER_SUPPLY_TEMP=280, ACTION=change, POWER_SUPPLY_AGE=100, POWER_SUPPLY_NAME=battery, POWER_SUPPLY_LPD_PRESENT=false, POWER_SUPPLY_CHARGE_COUNTER=4827700}
02-27 02:59:08.827  1905  1905 V UiModeManager: updateLocked: null action, mDockState=0, category=null
02-27 02:59:08.827  1905  1905 D UiModeManager: updateConfigurationLocked: mDockState=0; mCarMode=false; mNightMode=1; mNightModeCustomType=-1; uiMode=81
02-27 02:59:08.835  2277  3382 D PowerUI : can't show warning due to - plugged: true status unknown: false
02-27 02:59:18.817  1905  1984 D BatteryService: uevent={POWER_SUPPLY_VOLTAGE_NOW=4362000, POWER_SUPPLY_VBUS_PRESENT=true, POWER_SUPPLY_TYPE=Battery, POWER_SUPPLY_HEALTH=Good, POWER_SUPPLY_TECHNOLOGY=Li-ion, POWER_SUPPLY_CHARGE_FULL_DESIGN=4822000, POWER_SUPPLY_CONSTANT_CHARGE_VOLTAGE=4400000, SEQNUM=7446, POWER_SUPPLY_STATUS=Charging, POWER_SUPPLY_CYCLE_COUNT=0, POWER_SUPPLY_CAPACITY=100, DEVPATH=/devices/platform/1000d000.pwrap/1000d000.pwrap:main_pmic/mt6357-gauge/power_supply/battery, POWER_SUPPLY_CHARGE_RATE=Normal, POWER_SUPPLY_CURRENT_AVG=79800, POWER_SUPPLY_CAPACITY_LEVEL=Full, POWER_SUPPLY_CURRENT_NOW=79800, POWER_SUPPLY_PRESENT=1, POWER_SUPPLY_POWER_WATT=2, POWER_SUPPLY_CHARGE_FULL=4827700, POWER_SUPPLY_TIME_TO_FULL_NOW=0, SUBSYSTEM=power_supply, POWER_SUPPLY_TEMP=280, ACTION=change, POWER_SUPPLY_AGE=100, POWER_SUPPLY_NAME=battery, POWER_SUPPLY_LPD_PRESENT=false, POWER_SUPPLY_CHARGE_COUNTER=4827700}
02-27 02:59:18.817  1905  1984 D BatteryService: uevent={POWER_SUPPLY_VOLTAGE_NOW=4362000, POWER_SUPPLY_VBUS_PRESENT=true, POWER_SUPPLY_TYPE=Battery, POWER_SUPPLY_HEALTH=Good, POWER_SUPPLY_TECHNOLOGY=Li-ion, POWER_SUPPLY_CHARGE_FULL_DESIGN=4822000, POWER_SUPPLY_CONSTANT_CHARGE_VOLTAGE=4400000, SEQNUM=7446, POWER_SUPPLY_STATUS=Charging, POWER_SUPPLY_CYCLE_COUNT=0, POWER_SUPPLY_CAPACITY=100, DEVPATH=/devices/platform/1000d000.pwrap/1000d000.pwrap:main_pmic/mt6357-gauge/power_supply/battery, POWER_SUPPLY_CHARGE_RATE=Normal, POWER_SUPPLY_CURRENT_AVG=79800, POWER_SUPPLY_CAPACITY_LEVEL=Full, POWER_SUPPLY_CURRENT_NOW=79800, POWER_SUPPLY_PRESENT=1, POWER_SUPPLY_POWER_WATT=2, POWER_SUPPLY_CHARGE_FULL=4827700, POWER_SUPPLY_TIME_TO_FULL_NOW=0, SUBSYSTEM=power_supply, POWER_SUPPLY_TEMP=280, ACTION=change, POWER_SUPPLY_AGE=100, POWER_SUPPLY_NAME=battery, POWER_SUPPLY_LPD_PRESENT=false, POWER_SUPPLY_CHARGE_COUNTER=4827700}
02-27 02:59:18.827  1905  1905 V UiModeManager: updateLocked: null action, mDockState=0, category=null
02-27 02:59:18.827  1905  1905 D UiModeManager: updateConfigurationLocked: mDockState=0; mCarMode=false; mNightMode=1; mNightModeCustomType=-1; uiMode=81
02-27 02:59:18.832  2277  2849 D PowerUI : can't show warning due to - plugged: true status unknown: false
02-27 02:59:28.821  1905  1984 D BatteryService: uevent={POWER_SUPPLY_VOLTAGE_NOW=4377000, POWER_SUPPLY_VBUS_PRESENT=true, POWER_SUPPLY_TYPE=Battery, POWER_SUPPLY_HEALTH=Good, POWER_SUPPLY_TECHNOLOGY=Li-ion, POWER_SUPPLY_CHARGE_FULL_DESIGN=4822000, POWER_SUPPLY_CONSTANT_CHARGE_VOLTAGE=4400000, SEQNUM=7447, POWER_SUPPLY_STATUS=Charging, POWER_SUPPLY_CYCLE_COUNT=0, POWER_SUPPLY_CAPACITY=100, DEVPATH=/devices/platform/1000d000.pwrap/1000d000.pwrap:main_pmic/mt6357-gauge/power_supply/battery, POWER_SUPPLY_CHARGE_RATE=Normal, POWER_SUPPLY_CURRENT_AVG=142300, POWER_SUPPLY_CAPACITY_LEVEL=Full, POWER_SUPPLY_CURRENT_NOW=142300, POWER_SUPPLY_PRESENT=1, POWER_SUPPLY_POWER_WATT=2, POWER_SUPPLY_CHARGE_FULL=4827700, POWER_SUPPLY_TIME_TO_FULL_NOW=0, SUBSYSTEM=power_supply, POWER_SUPPLY_TEMP=280, ACTION=change, POWER_SUPPLY_AGE=100, POWER_SUPPLY_NAME=battery, POWER_SUPPLY_LPD_PRESENT=false, POWER_SUPPLY_CHARGE_COUNTER=4827700}
02-27 02:59:28.821  1905  1984 D BatteryService: uevent={POWER_SUPPLY_VOLTAGE_NOW=4377000, POWER_SUPPLY_VBUS_PRESENT=true, POWER_SUPPLY_TYPE=Battery, POWER_SUPPLY_HEALTH=Good, POWER_SUPPLY_TECHNOLOGY=Li-ion, POWER_SUPPLY_CHARGE_FULL_DESIGN=4822000, POWER_SUPPLY_CONSTANT_CHARGE_VOLTAGE=4400000, SEQNUM=7447, POWER_SUPPLY_STATUS=Charging, POWER_SUPPLY_CYCLE_COUNT=0, POWER_SUPPLY_CAPACITY=100, DEVPATH=/devices/platform/1000d000.pwrap/1000d000.pwrap:main_pmic/mt6357-gauge/power_supply/battery, POWER_SUPPLY_CHARGE_RATE=Normal, POWER_SUPPLY_CURRENT_AVG=142300, POWER_SUPPLY_CAPACITY_LEVEL=Full, POWER_SUPPLY_CURRENT_NOW=142300, POWER_SUPPLY_PRESENT=1, POWER_SUPPLY_POWER_WATT=2, POWER_SUPPLY_CHARGE_FULL=4827700, POWER_SUPPLY_TIME_TO_FULL_NOW=0, SUBSYSTEM=power_supply, POWER_SUPPLY_TEMP=280, ACTION=change, POWER_SUPPLY_AGE=100, POWER_SUPPLY_NAME=battery, POWER_SUPPLY_LPD_PRESENT=false, POWER_SUPPLY_CHARGE_COUNTER=4827700}
02-27 02:59:28.844  1905  1905 V UiModeManager: updateLocked: null action, mDockState=0, category=null
02-27 02:59:28.845  1905  1905 D UiModeManager: updateConfigurationLocked: mDockState=0; mCarMode=false; mNightMode=1; mNightModeCustomType=-1; uiMode=81
02-27 02:59:28.853  2277  3011 D PowerUI : can't show warning due to - plugged: true status unknown: false
02-27 02:59:36.510  1905  1977 I DreamManagerService: awaken by com.android.systemui callingUid=10256 callingPid=2277
02-27 02:59:36.516  1905  1977 V PowerManager: userActivity when=11209160 event=0 flags=0 by (android) callers=android.os.PowerManager.userActivity:1425 com.android.server.dreams.DreamManagerService.requestAwakenInternal:260 com.android.server.dreams.DreamManagerService.-$$Nest$mrequestAwakenInternal:0 
02-27 02:59:36.528  1905  1926 I WindowManager: awakenDreams callers=com.android.server.policy.PhoneWindowManager.startDockOrHome:7765 com.android.server.policy.PhoneWindowManager.startDockOrHome:7798 com.android.server.policy.PhoneWindowManager.launchHomeFromHotKey:4871 com.android.server.policy.PhoneWindowManager.launchHomeFromHotKey:4822 com.android.server.policy.PhoneWindowManager.handleShortPressOnHome:2326 
02-27 02:59:36.528  1905  1926 I DreamManagerService: awaken by com.android.server.telecom callingUid=1000 callingPid=1905
02-27 02:59:36.528  1905  1926 V PowerManager: userActivity when=11209178 event=0 flags=0 by (android) callers=android.os.PowerManager.userActivity:1425 com.android.server.dreams.DreamManagerService.requestAwakenInternal:260 com.android.server.dreams.DreamManagerService.-$$Nest$mrequestAwakenInternal:0 
02-27 02:59:36.533  1905  1926 I ActivityTaskManager: START u0 {act=android.intent.action.MAIN cat=[android.intent.category.HOME] flg=0x10000100 cmp=com.motorola.launcher3/com.android.launcher3.CustomizationPanelLauncher (has extras)} from uid 0
02-27 02:59:36.535  1905  1926 D ActivityTaskManager: getPreferredLaunchDisplay userset_displayid true user set display id 0, current focus display 0
02-27 02:59:36.535  1905  1926 D ActivityTaskManager: getPreferredLaunchDisplay userset_displayid true user set display id 0, current focus display 0
02-27 02:59:36.536  1905  1926 D ActivityTaskManager: getPreferredLaunchDisplay userset_displayid true user set display id 0, current focus display 0
02-27 02:59:36.536  1905  1926 D ActivityTaskManager: getPreferredLaunchDisplay userset_displayid true user set display id 0, current focus display 0
02-27 02:59:36.547  1905  1977 I ActivityManager: updateOomAdj start time is before than pendingPid added, don't delete it
02-27 02:59:36.600  2549  2549 D VRI[CustomizationPanelLauncher]: update {(0,0)(fillxfill) sim={adjust=nothing forwardNavigation} layoutInDisplayCutoutMode=always ty=BASE_APPLICATION fmt=TRANSPARENT wanim=0x10302f1
02-27 02:59:36.600  2549  2549 D VRI[CustomizationPanelLauncher]:   fl=LAYOUT_IN_SCREEN LAYOUT_INSET_DECOR SHOW_WALLPAPER SPLIT_TOUCH HARDWARE_ACCELERATED DRAWS_SYSTEM_BAR_BACKGROUNDS
02-27 02:59:36.600  2549  2549 D VRI[CustomizationPanelLauncher]:   pfl=NO_MOVE_ANIMATION FORCE_DRAW_STATUS_BAR_BACKGROUND USE_BLAST FIT_INSETS_CONTROLLED
02-27 02:59:36.600  2549  2549 D VRI[CustomizationPanelLauncher]:   vsysui=LAYOUT_STABLE LAYOUT_HIDE_NAVIGATION LAYOUT_FULLSCREEN
02-27 02:59:36.600  2549  2549 D VRI[CustomizationPanelLauncher]:   bhv=DEFAULT
02-27 02:59:36.600  2549  2549 D VRI[CustomizationPanelLauncher]:   fitSides=} by setLayoutParams
02-27 02:59:36.638  1905  1929 I LaunchCheckinHandler: MotoDisplayed com.motorola.launcher3/com.android.launcher3.CustomizationPanelLauncher,wp,wa,105
02-27 02:59:38.822  1905  1984 D BatteryService: uevent={POWER_SUPPLY_VOLTAGE_NOW=4363000, POWER_SUPPLY_VBUS_PRESENT=true, POWER_SUPPLY_TYPE=Battery, POWER_SUPPLY_HEALTH=Good, POWER_SUPPLY_TECHNOLOGY=Li-ion, POWER_SUPPLY_CHARGE_FULL_DESIGN=4822000, POWER_SUPPLY_CONSTANT_CHARGE_VOLTAGE=4400000, SEQNUM=7448, POWER_SUPPLY_STATUS=Charging, POWER_SUPPLY_CYCLE_COUNT=0, POWER_SUPPLY_CAPACITY=100, DEVPATH=/devices/platform/1000d000.pwrap/1000d000.pwrap:main_pmic/mt6357-gauge/power_supply/battery, POWER_SUPPLY_CHARGE_RATE=Normal, POWER_SUPPLY_CURRENT_AVG=104600, POWER_SUPPLY_CAPACITY_LEVEL=Full, POWER_SUPPLY_CURRENT_NOW=104600, POWER_SUPPLY_PRESENT=1, POWER_SUPPLY_POWER_WATT=2, POWER_SUPPLY_CHARGE_FULL=4827700, POWER_SUPPLY_TIME_TO_FULL_NOW=0, SUBSYSTEM=power_supply, POWER_SUPPLY_TEMP=280, ACTION=change, POWER_SUPPLY_AGE=100, POWER_SUPPLY_NAME=battery, POWER_SUPPLY_LPD_PRESENT=false, POWER_SUPPLY_CHARGE_COUNTER=4827700}
02-27 02:59:38.822  1905  1984 D BatteryService: uevent={POWER_SUPPLY_VOLTAGE_NOW=4363000, POWER_SUPPLY_VBUS_PRESENT=true, POWER_SUPPLY_TYPE=Battery, POWER_SUPPLY_HEALTH=Good, POWER_SUPPLY_TECHNOLOGY=Li-ion, POWER_SUPPLY_CHARGE_FULL_DESIGN=4822000, POWER_SUPPLY_CONSTANT_CHARGE_VOLTAGE=4400000, SEQNUM=7448, POWER_SUPPLY_STATUS=Charging, POWER_SUPPLY_CYCLE_COUNT=0, POWER_SUPPLY_CAPACITY=100, DEVPATH=/devices/platform/1000d000.pwrap/1000d000.pwrap:main_pmic/mt6357-gauge/power_supply/battery, POWER_SUPPLY_CHARGE_RATE=Normal, POWER_SUPPLY_CURRENT_AVG=104600, POWER_SUPPLY_CAPACITY_LEVEL=Full, POWER_SUPPLY_CURRENT_NOW=104600, POWER_SUPPLY_PRESENT=1, POWER_SUPPLY_POWER_WATT=2, POWER_SUPPLY_CHARGE_FULL=4827700, POWER_SUPPLY_TIME_TO_FULL_NOW=0, SUBSYSTEM=power_supply, POWER_SUPPLY_TEMP=280, ACTION=change, POWER_SUPPLY_AGE=100, POWER_SUPPLY_NAME=battery, POWER_SUPPLY_LPD_PRESENT=false, POWER_SUPPLY_CHARGE_COUNTER=4827700}
02-27 02:59:38.833  1905  1905 V UiModeManager: updateLocked: null action, mDockState=0, category=null
02-27 02:59:38.833  1905  1905 D UiModeManager: updateConfigurationLocked: mDockState=0; mCarMode=false; mNightMode=1; mNightModeCustomType=-1; uiMode=81
02-27 02:59:38.837  2277  3364 D PowerUI : can't show warning due to - plugged: true status unknown: false
02-27 02:59:40.508  1905  1905 V UiModeManager: updateLocked: null action, mDockState=0, category=null
02-27 02:59:40.509  1905  1905 D UiModeManager: updateConfigurationLocked: mDockState=0; mCarMode=false; mNightMode=1; mNightModeCustomType=-1; uiMode=81
02-27 02:59:40.514  2277  3144 D PowerUI : can't show warning due to - plugged: true status unknown: false
02-27 02:59:43.593  1905  4540 I DreamManagerService: awaken by com.android.systemui callingUid=10256 callingPid=2277
02-27 02:59:43.593  1905  4540 V PowerManager: userActivity when=11216243 event=0 flags=0 by (android) callers=android.os.PowerManager.userActivity:1425 com.android.server.dreams.DreamManagerService.requestAwakenInternal:260 com.android.server.dreams.DreamManagerService.-$$Nest$mrequestAwakenInternal:0 
02-27 02:59:44.787  2277  2277 V DeadZone: consuming errant click: (378.47433,3.0506592)
02-27 02:59:44.788  2277  2277 V DeadZone: consuming errant click: (378.47433,3.0506592)
02-27 02:59:47.529 26257 26257 D VRI[0 fl=}]: update {(0,0)(fillxfill) gr=LEFT CENTER_HORIZONTAL layoutInDisplayCutoutMode=always ty=DRAWN_APPLICATION fmt=TRANSPARENT wanim=0x10302f1
02-27 02:59:47.529 26257 26257 D VRI[0 fl=}]:   fl=NOT_FOCUSABLE NOT_TOUCHABLE LAYOUT_IN_SCREEN LAYOUT_INSET_DECOR WATCH_OUTSIDE_TOUCH SPLIT_TOUCH HARDWARE_ACCELERATED DRAWS_SYSTEM_BAR_BACKGROUNDS
02-27 02:59:47.529 26257 26257 D VRI[0 fl=}]:   pfl=NO_MOVE_ANIMATION FORCE_DRAW_STATUS_BAR_BACKGROUND FIT_INSETS_CONTROLLED
02-27 02:59:47.529 26257 26257 D VRI[0 fl=}]:   bhv=DEFAULT
02-27 02:59:47.529 26257 26257 D VRI[0 fl=}]:   fitSides=} by setLayoutParams
02-27 02:59:47.735 26257 26257 D VRI[0 fl=}]: update {(0,0)(fillxfill) gr=LEFT CENTER_HORIZONTAL layoutInDisplayCutoutMode=always ty=DRAWN_APPLICATION fmt=TRANSPARENT wanim=0x10302f1
02-27 02:59:47.735 26257 26257 D VRI[0 fl=}]:   fl=LAYOUT_IN_SCREEN LAYOUT_INSET_DECOR WATCH_OUTSIDE_TOUCH SPLIT_TOUCH HARDWARE_ACCELERATED DRAWS_SYSTEM_BAR_BACKGROUNDS
02-27 02:59:47.735 26257 26257 D VRI[0 fl=}]:   pfl=NO_MOVE_ANIMATION FORCE_DRAW_STATUS_BAR_BACKGROUND FIT_INSETS_CONTROLLED
02-27 02:59:47.735 26257 26257 D VRI[0 fl=}]:   bhv=DEFAULT
02-27 02:59:47.735 26257 26257 D VRI[0 fl=}]:   fitSides=} by setLayoutParams
02-27 02:59:48.215 26257 26257 D VRI[0 fl=}]: update {(0,0)(fillxfill) gr=LEFT CENTER_HORIZONTAL layoutInDisplayCutoutMode=always ty=DRAWN_APPLICATION fmt=TRANSPARENT wanim=0x10302f1
02-27 02:59:48.215 26257 26257 D VRI[0 fl=}]:   fl=LAYOUT_IN_SCREEN LAYOUT_INSET_DECOR WATCH_OUTSIDE_TOUCH SPLIT_TOUCH HARDWARE_ACCELERATED DRAWS_SYSTEM_BAR_BACKGROUNDS
02-27 02:59:48.215 26257 26257 D VRI[0 fl=}]:   pfl=NO_MOVE_ANIMATION FORCE_DRAW_STATUS_BAR_BACKGROUND FIT_INSETS_CONTROLLED
02-27 02:59:48.215 26257 26257 D VRI[0 fl=}]:   bhv=DEFAULT
02-27 02:59:48.215 26257 26257 D VRI[0 fl=}]:   fitSides=} by setLayoutParams
02-27 02:59:48.826 26257 26257 D VRI[0 fl=}]: update {(0,0)(fillxfill) gr=LEFT CENTER_HORIZONTAL layoutInDisplayCutoutMode=always ty=DRAWN_APPLICATION fmt=TRANSPARENT wanim=0x10302f1
02-27 02:59:48.826 26257 26257 D VRI[0 fl=}]:   fl=NOT_FOCUSABLE NOT_TOUCHABLE LAYOUT_IN_SCREEN LAYOUT_INSET_DECOR WATCH_OUTSIDE_TOUCH SPLIT_TOUCH HARDWARE_ACCELERATED DRAWS_SYSTEM_BAR_BACKGROUNDS
02-27 02:59:48.826 26257 26257 D VRI[0 fl=}]:   pfl=NO_MOVE_ANIMATION FORCE_DRAW_STATUS_BAR_BACKGROUND FIT_INSETS_CONTROLLED
02-27 02:59:48.826 26257 26257 D VRI[0 fl=}]:   bhv=DEFAULT
02-27 02:59:48.826 26257 26257 D VRI[0 fl=}]:   fitSides=} by setLayoutParams
02-27 02:59:48.830  1905  1984 D BatteryService: uevent={POWER_SUPPLY_VOLTAGE_NOW=4311000, POWER_SUPPLY_VBUS_PRESENT=true, POWER_SUPPLY_TYPE=Battery, POWER_SUPPLY_HEALTH=Good, POWER_SUPPLY_TECHNOLOGY=Li-ion, POWER_SUPPLY_CHARGE_FULL_DESIGN=4822000, POWER_SUPPLY_CONSTANT_CHARGE_VOLTAGE=4400000, SEQNUM=7449, POWER_SUPPLY_STATUS=Charging, POWER_SUPPLY_CYCLE_COUNT=0, POWER_SUPPLY_CAPACITY=100, DEVPATH=/devices/platform/1000d000.pwrap/1000d000.pwrap:main_pmic/mt6357-gauge/power_supply/battery, POWER_SUPPLY_CHARGE_RATE=Normal, POWER_SUPPLY_CURRENT_AVG=-414600, POWER_SUPPLY_CAPACITY_LEVEL=Full, POWER_SUPPLY_CURRENT_NOW=-414600, POWER_SUPPLY_PRESENT=1, POWER_SUPPLY_POWER_WATT=2, POWER_SUPPLY_CHARGE_FULL=4827700, POWER_SUPPLY_TIME_TO_FULL_NOW=0, SUBSYSTEM=power_supply, POWER_SUPPLY_TEMP=280, ACTION=change, POWER_SUPPLY_AGE=100, POWER_SUPPLY_NAME=battery, POWER_SUPPLY_LPD_PRESENT=false, POWER_SUPPLY_CHARGE_COUNTER=4827700}
02-27 02:59:48.830  1905  1984 D BatteryService: uevent={POWER_SUPPLY_VOLTAGE_NOW=4311000, POWER_SUPPLY_VBUS_PRESENT=true, POWER_SUPPLY_TYPE=Battery, POWER_SUPPLY_HEALTH=Good, POWER_SUPPLY_TECHNOLOGY=Li-ion, POWER_SUPPLY_CHARGE_FULL_DESIGN=4822000, POWER_SUPPLY_CONSTANT_CHARGE_VOLTAGE=4400000, SEQNUM=7449, POWER_SUPPLY_STATUS=Charging, POWER_SUPPLY_CYCLE_COUNT=0, POWER_SUPPLY_CAPACITY=100, DEVPATH=/devices/platform/1000d000.pwrap/1000d000.pwrap:main_pmic/mt6357-gauge/power_supply/battery, POWER_SUPPLY_CHARGE_RATE=Normal, POWER_SUPPLY_CURRENT_AVG=-414600, POWER_SUPPLY_CAPACITY_LEVEL=Full, POWER_SUPPLY_CURRENT_NOW=-414600, POWER_SUPPLY_PRESENT=1, POWER_SUPPLY_POWER_WATT=2, POWER_SUPPLY_CHARGE_FULL=4827700, POWER_SUPPLY_TIME_TO_FULL_NOW=0, SUBSYSTEM=power_supply, POWER_SUPPLY_TEMP=280, ACTION=change, POWER_SUPPLY_AGE=100, POWER_SUPPLY_NAME=battery, POWER_SUPPLY_LPD_PRESENT=false, POWER_SUPPLY_CHARGE_COUNTER=4827700}
02-27 02:59:48.850  1905  1905 V UiModeManager: updateLocked: null action, mDockState=0, category=null
02-27 02:59:48.854  1905  1905 D UiModeManager: updateConfigurationLocked: mDockState=0; mCarMode=false; mNightMode=1; mNightModeCustomType=-1; uiMode=81
02-27 02:59:48.861  2277  3377 D PowerUI : can't show warning due to - plugged: true status unknown: false
02-27 02:59:49.270 26257 26257 D VRI[0 fl=}]: update {(0,0)(fillxfill) gr=LEFT CENTER_HORIZONTAL layoutInDisplayCutoutMode=always ty=DRAWN_APPLICATION fmt=TRANSPARENT wanim=0x10302f1 alpha=0.0
02-27 02:59:49.270 26257 26257 D VRI[0 fl=}]:   fl=NOT_FOCUSABLE NOT_TOUCHABLE LAYOUT_IN_SCREEN LAYOUT_INSET_DECOR WATCH_OUTSIDE_TOUCH SPLIT_TOUCH HARDWARE_ACCELERATED DRAWS_SYSTEM_BAR_BACKGROUNDS
02-27 02:59:49.270 26257 26257 D VRI[0 fl=}]:   pfl=NO_MOVE_ANIMATION FORCE_DRAW_STATUS_BAR_BACKGROUND FIT_INSETS_CONTROLLED
02-27 02:59:49.270 26257 26257 D VRI[0 fl=}]:   bhv=DEFAULT
02-27 02:59:49.270 26257 26257 D VRI[0 fl=}]:   fitSides=} by setLayoutParams
02-27 02:59:50.515  2549  2549 D VRI[CustomizationPanelLauncher]: update {(0,0)(fillxfill) sim={adjust=nothing} layoutInDisplayCutoutMode=always ty=BASE_APPLICATION fmt=TRANSPARENT wanim=0x10302f1
02-27 02:59:50.515  2549  2549 D VRI[CustomizationPanelLauncher]:   fl=LAYOUT_IN_SCREEN LAYOUT_INSET_DECOR SHOW_WALLPAPER SPLIT_TOUCH HARDWARE_ACCELERATED FLAG_SLIPPERY DRAWS_SYSTEM_BAR_BACKGROUNDS
02-27 02:59:50.515  2549  2549 D VRI[CustomizationPanelLauncher]:   pfl=NO_MOVE_ANIMATION FORCE_DRAW_STATUS_BAR_BACKGROUND FIT_INSETS_CONTROLLED
02-27 02:59:50.515  2549  2549 D VRI[CustomizationPanelLauncher]:   bhv=DEFAULT
02-27 02:59:50.515  2549  2549 D VRI[CustomizationPanelLauncher]:   fitSides=} by setLayoutParams
02-27 02:59:50.540  2277  2277 D VRI[NotificationShade]: update {(0,0)(fillxfill) gr=TOP CENTER_VERTICAL sim={adjust=resize} layoutInDisplayCutoutMode=always ty=2040 fmt=TRANSLUCENT
02-27 02:59:50.540  2277  2277 D VRI[NotificationShade]:   fl=NOT_FOCUSABLE TOUCHABLE_WHEN_WAKING WATCH_OUTSIDE_TOUCH SPLIT_TOUCH HARDWARE_ACCELERATED DRAWS_SYSTEM_BAR_BACKGROUNDS
02-27 02:59:50.540  2277  2277 D VRI[NotificationShade]:   pfl=BEHAVIOR_CONTROLLED FIT_INSETS_CONTROLLED
02-27 02:59:50.540  2277  2277 D VRI[NotificationShade]:   bhv=SHOW_TRANSIENT_BARS_BY_SWIPE} by setLayoutParams
02-27 02:59:50.895  2277  2277 D VRI[NotificationShade]: update {(0,0)(fillxfill) gr=TOP CENTER_VERTICAL sim={adjust=resize} layoutInDisplayCutoutMode=always ty=2040 fmt=TRANSLUCENT
02-27 02:59:50.895  2277  2277 D VRI[NotificationShade]:   fl=TOUCHABLE_WHEN_WAKING ALT_FOCUSABLE_IM WATCH_OUTSIDE_TOUCH SPLIT_TOUCH HARDWARE_ACCELERATED DRAWS_SYSTEM_BAR_BACKGROUNDS
02-27 02:59:50.895  2277  2277 D VRI[NotificationShade]:   pfl=STATUS_FORCE_SHOW_NAVIGATION BEHAVIOR_CONTROLLED FIT_INSETS_CONTROLLED
02-27 02:59:50.895  2277  2277 D VRI[NotificationShade]:   bhv=SHOW_TRANSIENT_BARS_BY_SWIPE} by setLayoutParams
02-27 02:59:51.030  2549  2549 D VRI[CustomizationPanelLauncher]: update {(0,0)(fillxfill) sim={adjust=nothing} layoutInDisplayCutoutMode=always ty=BASE_APPLICATION fmt=TRANSPARENT wanim=0x10302f1
02-27 02:59:51.030  2549  2549 D VRI[CustomizationPanelLauncher]:   fl=LAYOUT_IN_SCREEN LAYOUT_INSET_DECOR SHOW_WALLPAPER SPLIT_TOUCH HARDWARE_ACCELERATED DRAWS_SYSTEM_BAR_BACKGROUNDS
02-27 02:59:51.030  2549  2549 D VRI[CustomizationPanelLauncher]:   pfl=NO_MOVE_ANIMATION FORCE_DRAW_STATUS_BAR_BACKGROUND FIT_INSETS_CONTROLLED
02-27 02:59:51.030  2549  2549 D VRI[CustomizationPanelLauncher]:   bhv=DEFAULT
02-27 02:59:51.030  2549  2549 D VRI[CustomizationPanelLauncher]:   fitSides=} by setLayoutParams
02-27 02:59:51.043  2277  2277 D VRI[NotificationShade]: update {(0,0)(fillxfill) gr=TOP CENTER_VERTICAL sim={adjust=resize} layoutInDisplayCutoutMode=always ty=2040 fmt=TRANSLUCENT
02-27 02:59:51.043  2277  2277 D VRI[NotificationShade]:   fl=NOT_FOCUSABLE TOUCHABLE_WHEN_WAKING WATCH_OUTSIDE_TOUCH SPLIT_TOUCH HARDWARE_ACCELERATED DRAWS_SYSTEM_BAR_BACKGROUNDS
02-27 02:59:51.043  2277  2277 D VRI[NotificationShade]:   pfl=BEHAVIOR_CONTROLLED FIT_INSETS_CONTROLLED
02-27 02:59:51.043  2277  2277 D VRI[NotificationShade]:   bhv=SHOW_TRANSIENT_BARS_BY_SWIPE} by setLayoutParams
02-27 02:59:51.079  2277  2277 D VRI[NotificationShade]: update {(0,0)(fillxfill) gr=TOP CENTER_VERTICAL sim={adjust=resize} layoutInDisplayCutoutMode=always ty=2040 fmt=TRANSLUCENT
02-27 02:59:51.079  2277  2277 D VRI[NotificationShade]:   fl=TOUCHABLE_WHEN_WAKING ALT_FOCUSABLE_IM WATCH_OUTSIDE_TOUCH SPLIT_TOUCH HARDWARE_ACCELERATED DRAWS_SYSTEM_BAR_BACKGROUNDS
02-27 02:59:51.079  2277  2277 D VRI[NotificationShade]:   pfl=STATUS_FORCE_SHOW_NAVIGATION BEHAVIOR_CONTROLLED FIT_INSETS_CONTROLLED
02-27 02:59:51.079  2277  2277 D VRI[NotificationShade]:   bhv=SHOW_TRANSIENT_BARS_BY_SWIPE} by setLayoutParams
02-27 02:59:51.237  1905  4540 I ActivityManager: appDiedLocked: app=ProcessRecord{e9060c5 507:com.dti.tracfone/u0a167} thread=android.os.BinderProxy@b10bccc fromBinderDied=true isKilledByAm=false reason=null
02-27 02:59:51.237  1905  4540 I ActivityManager: Process com.dti.tracfone (pid 507) has died: cch+99 SVC 
02-27 02:59:51.238  1905  4540 W ActivityManager: Scheduling restart of crashed service com.dti.tracfone/com.digitalturbine.ignite.IgniteService in 1000ms for start-requested
02-27 02:59:51.239  1905  4540 D RestartModeController: markWaitRestartAppIsSuicided null processName=com.dti.tracfone
02-27 02:59:51.240  1905  4540 D ActivityTaskManager: handleAppDied: uid=10167,diedCount=1,lastDiedTime=7009768,forceStopUids=false
02-27 02:59:51.242  1905  1926 D DisplayManagerService: Drop pending events for gone uid 10167
02-27 02:59:51.664  1905  1961 E PackageManager: ERROR: could not load root hash from incremental install
02-27 02:59:51.708  3246  6245 W PackageParser: Unknown element under <manifest>: queries at /data/app/vmdl649102615.tmp/base.apk Binary XML file line #23
02-27 02:59:51.712  1905  1961 I PackageManager: Integrity check passed for file:///data/app/vmdl649102615.tmp
02-27 02:59:52.240  1905  1936 I ActivityManager: com.dti.tracfone is exempt from freezer
02-27 02:59:52.259  1905  1937 I ActivityManager: Start proc 6448:com.dti.tracfone/u0a167 for service {com.dti.tracfone/com.digitalturbine.ignite.IgniteService}
02-27 02:59:52.447  1905  3767 I DreamManagerService: awaken by com.android.systemui callingUid=10256 callingPid=2277
02-27 02:59:52.447  1905  3767 V PowerManager: userActivity when=11225097 event=0 flags=0 by (android) callers=android.os.PowerManager.userActivity:1425 com.android.server.dreams.DreamManagerService.requestAwakenInternal:260 com.android.server.dreams.DreamManagerService.-$$Nest$mrequestAwakenInternal:0 
02-27 02:59:52.830  1905  1936 I ActivityManager: Force stopping com.example.cod_squad_app appid=10014 user=-1: installPackageLI
02-27 02:59:52.832  1905  1936 I ActivityManager: Killing 6309:com.example.cod_squad_app/u0a14 (adj 700, setSvc -10000): stop com.example.cod_squad_app due to installPackageLI
02-27 02:59:52.833  1905  1961 I PackageManager: Update package com.example.cod_squad_app code path from /data/app/~~QvXZRZNq0SoRNLO7o6YLwQ==/com.example.cod_squad_app-9xIwP6bPhjCTLfub7c1NRw== to /data/app/~~qq6OpvRwTgrLjqJFXHvQ2A==/com.example.cod_squad_app-cLCV74SzduYbRCScr9dbww==; Retain data and using new
02-27 02:59:52.836  1905  1936 W ActivityTaskManager: Force removing ActivityRecord{869e274 u0 com.example.cod_squad_app/.MainActivity} t254 f}}: app died, no saved state
02-27 02:59:52.839  1905  1926 D DisplayManagerService: Drop pending events for gone uid 10014
02-27 02:59:52.843  1905  1936 D ActivityTaskManager: handleAppDied: uid=10014,diedCount=1,lastDiedTime=11150588,forceStopUids=false
02-27 02:59:52.846  1905  1929 W ActivityTaskManager: Failed to killAndRestart. No task found for id: 254
02-27 02:59:52.852  1905  1961 I PackageManager: Permission ownership changed. Updating all permissions.
02-27 02:59:52.934  1905  2352 V ActivityManager: Got obituary of 6309:com.example.cod_squad_app
02-27 02:59:52.935  1905  1928 W ActivityManager: setHasOverlayUi called on unknown pid: 6309
02-27 02:59:53.087  1905  1935 W UsageStatsService: Unexpected activity event reported! (com.example.cod_squad_app/com.example.cod_squad_app.MainActivity event : 23 instanceId : 21132575)
02-27 02:59:53.092  1905  1925 W Looper  : Slow dispatch took 237ms android.fg h=android.os.Handler c=<recycled PooledLambda@51cd96b> m=0
02-27 02:59:53.093  1905  1925 W Looper  : Slow delivery took 237ms android.fg h=android.os.Handler c=<recycled PooledLambda@b495cc8> m=0
02-27 02:59:53.098  1905  1925 W Looper  : Drained
02-27 02:59:53.101  2277  2277 D VRI[NotificationShade]: update {(0,0)(fillxfill) gr=TOP CENTER_VERTICAL sim={adjust=resize} layoutInDisplayCutoutMode=always ty=2040 fmt=TRANSLUCENT
02-27 02:59:53.101  2277  2277 D VRI[NotificationShade]:   fl=NOT_FOCUSABLE TOUCHABLE_WHEN_WAKING WATCH_OUTSIDE_TOUCH SPLIT_TOUCH HARDWARE_ACCELERATED DRAWS_SYSTEM_BAR_BACKGROUNDS
02-27 02:59:53.101  2277  2277 D VRI[NotificationShade]:   pfl=BEHAVIOR_CONTROLLED FIT_INSETS_CONTROLLED
02-27 02:59:53.101  2277  2277 D VRI[NotificationShade]:   bhv=SHOW_TRANSIENT_BARS_BY_SWIPE} by setLayoutParams
02-27 02:59:53.128  2277  2277 D VRI[NotificationShade]: update {(0,0)(fillxfill) gr=TOP CENTER_VERTICAL sim={adjust=resize} layoutInDisplayCutoutMode=always ty=2040 fmt=TRANSLUCENT
02-27 02:59:53.128  2277  2277 D VRI[NotificationShade]:   fl=NOT_FOCUSABLE TOUCHABLE_WHEN_WAKING WATCH_OUTSIDE_TOUCH SPLIT_TOUCH HARDWARE_ACCELERATED DRAWS_SYSTEM_BAR_BACKGROUNDS
02-27 02:59:53.128  2277  2277 D VRI[NotificationShade]:   pfl=COLOR_SPACE_AGNOSTIC BEHAVIOR_CONTROLLED FIT_INSETS_CONTROLLED
02-27 02:59:53.128  2277  2277 D VRI[NotificationShade]:   bhv=SHOW_TRANSIENT_BARS_BY_SWIPE} by setLayoutParams
02-27 02:59:53.130  1905  1961 I ActivityManager: Force stopping com.example.cod_squad_app appid=10014 user=0: pkg removed
02-27 02:59:53.188  1905  1936 W BroadcastQueue: Background execution not allowed: receiving Intent { act=android.intent.action.PACKAGE_REMOVED dat=package: flg=0x4000010 (has extras) } to com.android.vending/com.google.android.finsky.packagemonitor.impl.PackageMonitorReceiverImpl$RegisteredReceiver
02-27 02:59:53.188  1905  1936 W BroadcastQueue: Background execution not allowed: receiving Intent { act=android.intent.action.PACKAGE_REMOVED dat=package: flg=0x4000010 (has extras) } to com.android.vending/com.google.android.finsky.packagemonitor.backgroundimpl.BackgroundPackageMonitorReceiverImpl$RegisteredReceiver
02-27 02:59:53.188  1905  1936 W BroadcastQueue: Background execution not allowed: receiving Intent { act=android.intent.action.PACKAGE_REMOVED dat=package: flg=0x4000010 (has extras) } to com.android.vending/com.google.android.finsky.instantapps.appmanagement.InstantAppRemoveMonitor
02-27 02:59:53.188  1905  1936 W BroadcastQueue: Background execution not allowed: receiving Intent { act=android.intent.action.PACKAGE_REMOVED dat=package: flg=0x4000010 (has extras) } to com.dti.tracfone/com.LogiaGroup.LogiaDeck.Receivers.UninstallBroadCastReceiver
02-27 02:59:53.188  1905  1936 W BroadcastQueue: Background execution not allowed: receiving Intent { act=android.intent.action.PACKAGE_REMOVED dat=package: flg=0x4000010 (has extras) } to com.google.android.gms/.chimera.GmsIntentOperationService$PersistentTrustedReceiver
02-27 02:59:53.189  1905  1936 W BroadcastQueue: Background execution not allowed: receiving Intent { act=android.intent.action.PACKAGE_REMOVED dat=package: flg=0x4000010 (has extras) } to com.google.android.gms/.games.chimera.GamesSystemBroadcastReceiverProxy
02-27 02:59:53.189  1905  1936 W BroadcastQueue: Background execution not allowed: receiving Intent { act=android.intent.action.PACKAGE_REMOVED dat=package: flg=0x4000010 (has extras) } to com.google.android.videos/com.google.android.libraries.social.peoplekit.thirdparty.viewcontrollers.ThirdPartyReceiver
02-27 02:59:53.189  1905  1936 W BroadcastQueue: Background execution not allowed: receiving Intent { act=android.intent.action.PACKAGE_REMOVED dat=package: flg=0x4000010 (has extras) } to com.motorola.spaces/.manager.monitor.AppChangeMonitor
02-27 02:59:53.189  1905  1936 W BroadcastQueue: Background execution not allowed: receiving Intent { act=android.intent.action.PACKAGE_REMOVED dat=package: flg=0x4000010 (has extras) } to com.verizon.loginengine.unbranded/com.verizon.vzwavs.AVSSystemReceiver
02-27 02:59:53.259  1905  1905 I Telecom : CarModeTracker: Package com.example.cod_squad_app is not tracked.: SSH.oR@Ats
02-27 02:59:53.259  1905  1905 I Telecom : InCallController: updateCarModeForConnections: car mode apps: : SSH.oR@Ats
02-27 02:59:53.286  1905  1936 W BroadcastQueue: Background execution not allowed: receiving Intent { act=android.intent.action.PACKAGE_ADDED dat=package: flg=0x4000010 (has extras) } to com.google.android.packageinstaller/com.android.packageinstaller.PackageInstalledReceiver
02-27 02:59:53.287  1905  1961 D PackageInstallerSession: Marking session 649102615 as applied
02-27 02:59:53.314  1905  1925 W Looper  : Slow delivery took 201ms android.fg h=android.os.Handler c=<recycled PooledLambda@614babb> m=0
02-27 02:59:53.316  1905  1905 I Telecom : DefaultDialerCache: Refreshing default dialer for user 0: now com.google.android.dialer: DDC.oR@Atw
02-27 02:59:53.340  1905  1905 V BackupManagerConstants: getFullBackupIntervalMilliseconds(...) returns 86400000
02-27 02:59:53.340  1905  1905 V BackupManagerConstants: getFullBackupRequiredNetworkType(...) returns 2
02-27 02:59:53.340  1905  1905 V BackupManagerConstants: getFullBackupRequireCharging(...) returns true
02-27 02:59:53.348  1905  1936 W BroadcastQueue: Background execution not allowed: receiving Intent { act=android.intent.action.PACKAGE_ADDED dat=package: flg=0x4000010 (has extras) } to com.android.vending/com.google.android.finsky.packagemonitor.impl.PackageMonitorReceiverImpl$RegisteredReceiver
