02-27 03:54:42.856  1905  1905 I BrightnessSynchronizer: Completed Update: {[557] 0.016297456(f), mUpdatedTypes=1, mConfirmedTypes=1, mTimeUpdated=14515501, mState=3}
02-27 03:54:42.856  1905  1905 I BrightnessSynchronizer: New Update: {[558] 0.016297456(f), mUpdatedTypes=0, mConfirmedTypes=0, mTimeUpdated=0, mState=2}
02-27 03:54:43.236  1905  1954 I DisplayPowerController[0]: 2025-02-27 09:54:43 - BrightnessEvent: disp=0, physDisp=local:0, brt=0.016297456, initBrt=0.016297456, brtNits=9.982583, preNits=2.9983952, rcmdNits=9.982583, brt(%)=2%, preBrt(%)=0%, brtInt=5, rcmdBrt=0.016297456, preBrt=0.0, lux=0.7276453, fastAmbientLux=1.0659037, slowAmbientLux=0.39716694, preLux=0.0, hbmMax=0.9999, hbmMode=off, rbcStrength=50, powerFactor=1.0, thrmMax=1.0, flags=, reason=automatic, autoBrightness=true
02-27 03:54:43.237  1905  1928 D DisplayManagerService: Ignore redundant display event 0/4 to 10184/7628
02-27 03:54:43.237  1905  1905 I BrightnessSynchronizer: New Update: {[559] 0.016297456(f), mUpdatedTypes=0, mConfirmedTypes=0, mTimeUpdated=0, mState=2}
02-27 03:54:44.446  1905  1954 I DisplayPowerController[0]: 2025-02-27 09:54:44 - BrightnessEvent: disp=0, physDisp=local:0, brt=0.03591071, initBrt=0.016297456, brtNits=17.067984, preNits=9.982583, rcmdNits=17.067984, brt(%)=4%, preBrt(%)=2%, brtInt=10, rcmdBrt=0.03591071, preBrt=0.016297456, lux=2.133144, fastAmbientLux=2.133144, slowAmbientLux=0.81072825, preLux=0.7276453, hbmMax=0.9999, hbmMode=off, rbcStrength=50, powerFactor=1.0, thrmMax=1.0, flags=, reason=automatic, autoBrightness=true
02-27 03:54:44.448  1905  1928 D DisplayManagerService: Ignore redundant display event 0/4 to 10184/7628
02-27 03:54:44.450  1905  1905 I BrightnessSynchronizer: New Update: {[560] 0.03591071(f), mUpdatedTypes=1, mConfirmedTypes=0, mTimeUpdated=0, mState=2}
02-27 03:54:44.450  1905  1905 I BrightnessSynchronizer: [560] New Update 0.03591071(f) set brightness values:  10(i)
02-27 03:54:44.450  1905  1954 I DisplayPowerController[0]: 2025-02-27 09:54:44 - BrightnessEvent: disp=0, physDisp=local:0, brt=0.03591071, initBrt=0.03591071, brtNits=17.067984, preNits=9.982583, rcmdNits=17.067984, brt(%)=4%, preBrt(%)=2%, brtInt=10, rcmdBrt=0.03591071, preBrt=0.016297456, lux=2.133144, fastAmbientLux=2.133144, slowAmbientLux=0.81072825, preLux=0.7276453, hbmMax=0.9999, hbmMode=off, rbcStrength=50, powerFactor=1.0, thrmMax=1.0, flags=, reason=automatic, autoBrightness=true
02-27 03:54:44.451  1905  1928 D DisplayManagerService: Ignore redundant display event 0/4 to 10184/7628
02-27 03:54:44.452  1905  1905 I BrightnessSynchronizer: New PendingUpdate: {[561] 0.03591071(f), mUpdatedTypes=0, mConfirmedTypes=0, mTimeUpdated=0, mState=1}, prev=null
02-27 03:54:44.453  1905  1905 I BrightnessSynchronizer: Swallowing update of 10(i) by update: {[560] 0.03591071(f), mUpdatedTypes=1, mConfirmedTypes=1, mTimeUpdated=14517100, mState=2}
02-27 03:54:44.453  1905  1905 I BrightnessSynchronizer: Completed Update: {[560] 0.03591071(f), mUpdatedTypes=1, mConfirmedTypes=1, mTimeUpdated=14517100, mState=3}
02-27 03:54:44.453  1905  1905 I BrightnessSynchronizer: New Update: {[561] 0.03591071(f), mUpdatedTypes=0, mConfirmedTypes=0, mTimeUpdated=0, mState=2}
02-27 03:54:44.711  1905  1954 I DisplayPowerController[0]: 2025-02-27 09:54:44 - BrightnessEvent: disp=0, physDisp=local:0, brt=0.03591071, initBrt=0.03591071, brtNits=17.067984, preNits=9.982583, rcmdNits=17.067984, brt(%)=4%, preBrt(%)=2%, brtInt=10, rcmdBrt=0.03591071, preBrt=0.016297456, lux=2.133144, fastAmbientLux=2.133144, slowAmbientLux=0.81072825, preLux=0.7276453, hbmMax=0.9999, hbmMode=off, rbcStrength=50, powerFactor=1.0, thrmMax=1.0, flags=, reason=automatic, autoBrightness=true
02-27 03:54:44.714  1905  1928 D DisplayManagerService: Ignore redundant display event 0/4 to 10184/7628
02-27 03:54:44.714  1905  1905 I BrightnessSynchronizer: New Update: {[562] 0.03591071(f), mUpdatedTypes=0, mConfirmedTypes=0, mTimeUpdated=0, mState=2}
02-27 03:54:51.875  1905  1937 I ActivityManager: Start proc 11092:android.process.acore/u0a86 for content provider {com.android.providers.contacts/com.android.providers.contacts.ContactsProvider2}
02-27 03:54:52.026  1905  4540 D CountryDetector: The first listener is added
02-27 03:54:59.692  1905  1984 D BatteryService: uevent={POWER_SUPPLY_VOLTAGE_NOW=4392000, POWER_SUPPLY_VBUS_PRESENT=true, POWER_SUPPLY_TYPE=Battery, POWER_SUPPLY_HEALTH=Good, POWER_SUPPLY_TECHNOLOGY=Li-ion, POWER_SUPPLY_CHARGE_FULL_DESIGN=4822000, POWER_SUPPLY_CONSTANT_CHARGE_VOLTAGE=4400000, SEQNUM=7661, POWER_SUPPLY_STATUS=Full, POWER_SUPPLY_CYCLE_COUNT=0, POWER_SUPPLY_CAPACITY=100, DEVPATH=/devices/platform/1000d000.pwrap/1000d000.pwrap:main_pmic/mt6357-gauge/power_supply/battery, POWER_SUPPLY_CHARGE_RATE=Normal, POWER_SUPPLY_CURRENT_AVG=-300, POWER_SUPPLY_CAPACITY_LEVEL=Full, POWER_SUPPLY_CURRENT_NOW=-300, POWER_SUPPLY_PRESENT=1, POWER_SUPPLY_POWER_WATT=2, POWER_SUPPLY_CHARGE_FULL=4827700, POWER_SUPPLY_TIME_TO_FULL_NOW=0, SUBSYSTEM=power_supply, POWER_SUPPLY_TEMP=250, ACTION=change, POWER_SUPPLY_AGE=100, POWER_SUPPLY_NAME=battery, POWER_SUPPLY_LPD_PRESENT=false, POWER_SUPPLY_CHARGE_COUNTER=4827700}
02-27 03:54:59.692  1905  1984 D BatteryService: uevent={POWER_SUPPLY_VOLTAGE_NOW=4392000, POWER_SUPPLY_VBUS_PRESENT=true, POWER_SUPPLY_TYPE=Battery, POWER_SUPPLY_HEALTH=Good, POWER_SUPPLY_TECHNOLOGY=Li-ion, POWER_SUPPLY_CHARGE_FULL_DESIGN=4822000, POWER_SUPPLY_CONSTANT_CHARGE_VOLTAGE=4400000, SEQNUM=7661, POWER_SUPPLY_STATUS=Full, POWER_SUPPLY_CYCLE_COUNT=0, POWER_SUPPLY_CAPACITY=100, DEVPATH=/devices/platform/1000d000.pwrap/1000d000.pwrap:main_pmic/mt6357-gauge/power_supply/battery, POWER_SUPPLY_CHARGE_RATE=Normal, POWER_SUPPLY_CURRENT_AVG=-300, POWER_SUPPLY_CAPACITY_LEVEL=Full, POWER_SUPPLY_CURRENT_NOW=-300, POWER_SUPPLY_PRESENT=1, POWER_SUPPLY_POWER_WATT=2, POWER_SUPPLY_CHARGE_FULL=4827700, POWER_SUPPLY_TIME_TO_FULL_NOW=0, SUBSYSTEM=power_supply, POWER_SUPPLY_TEMP=250, ACTION=change, POWER_SUPPLY_AGE=100, POWER_SUPPLY_NAME=battery, POWER_SUPPLY_LPD_PRESENT=false, POWER_SUPPLY_CHARGE_COUNTER=4827700}
02-27 03:54:59.714  1905  1905 V UiModeManager: updateLocked: null action, mDockState=0, category=null
02-27 03:54:59.714  1905  1905 D UiModeManager: updateConfigurationLocked: mDockState=0; mCarMode=false; mNightMode=1; mNightModeCustomType=-1; uiMode=81
02-27 03:54:59.723  2277  3377 D PowerUI : can't show warning due to - plugged: true status unknown: false
02-27 03:55:12.095  1905  1935 I UsageStatsService: User[0] Flushing usage stats to disk
02-27 03:55:19.691  1905  1984 D BatteryService: uevent={POWER_SUPPLY_VOLTAGE_NOW=4393000, POWER_SUPPLY_VBUS_PRESENT=true, POWER_SUPPLY_TYPE=Battery, POWER_SUPPLY_HEALTH=Good, POWER_SUPPLY_TECHNOLOGY=Li-ion, POWER_SUPPLY_CHARGE_FULL_DESIGN=4822000, POWER_SUPPLY_CONSTANT_CHARGE_VOLTAGE=4400000, SEQNUM=7662, POWER_SUPPLY_STATUS=Full, POWER_SUPPLY_CYCLE_COUNT=0, POWER_SUPPLY_CAPACITY=100, DEVPATH=/devices/platform/1000d000.pwrap/1000d000.pwrap:main_pmic/mt6357-gauge/power_supply/battery, POWER_SUPPLY_CHARGE_RATE=Normal, POWER_SUPPLY_CURRENT_AVG=900, POWER_SUPPLY_CAPACITY_LEVEL=Full, POWER_SUPPLY_CURRENT_NOW=900, POWER_SUPPLY_PRESENT=1, POWER_SUPPLY_POWER_WATT=2, POWER_SUPPLY_CHARGE_FULL=4827700, POWER_SUPPLY_TIME_TO_FULL_NOW=0, SUBSYSTEM=power_supply, POWER_SUPPLY_TEMP=250, ACTION=change, POWER_SUPPLY_AGE=100, POWER_SUPPLY_NAME=battery, POWER_SUPPLY_LPD_PRESENT=false, POWER_SUPPLY_CHARGE_COUNTER=4827700}
02-27 03:55:19.691  1905  1984 D BatteryService: uevent={POWER_SUPPLY_VOLTAGE_NOW=4393000, POWER_SUPPLY_VBUS_PRESENT=true, POWER_SUPPLY_TYPE=Battery, POWER_SUPPLY_HEALTH=Good, POWER_SUPPLY_TECHNOLOGY=Li-ion, POWER_SUPPLY_CHARGE_FULL_DESIGN=4822000, POWER_SUPPLY_CONSTANT_CHARGE_VOLTAGE=4400000, SEQNUM=7662, POWER_SUPPLY_STATUS=Full, POWER_SUPPLY_CYCLE_COUNT=0, POWER_SUPPLY_CAPACITY=100, DEVPATH=/devices/platform/1000d000.pwrap/1000d000.pwrap:main_pmic/mt6357-gauge/power_supply/battery, POWER_SUPPLY_CHARGE_RATE=Normal, POWER_SUPPLY_CURRENT_AVG=900, POWER_SUPPLY_CAPACITY_LEVEL=Full, POWER_SUPPLY_CURRENT_NOW=900, POWER_SUPPLY_PRESENT=1, POWER_SUPPLY_POWER_WATT=2, POWER_SUPPLY_CHARGE_FULL=4827700, POWER_SUPPLY_TIME_TO_FULL_NOW=0, SUBSYSTEM=power_supply, POWER_SUPPLY_TEMP=250, ACTION=change, POWER_SUPPLY_AGE=100, POWER_SUPPLY_NAME=battery, POWER_SUPPLY_LPD_PRESENT=false, POWER_SUPPLY_CHARGE_COUNTER=4827700}
02-27 03:55:19.713  1905  1905 V UiModeManager: updateLocked: null action, mDockState=0, category=null
02-27 03:55:19.714  1905  1905 D UiModeManager: updateConfigurationLocked: mDockState=0; mCarMode=false; mNightMode=1; mNightModeCustomType=-1; uiMode=81
02-27 03:55:19.721  2277  2705 D PowerUI : can't show warning due to - plugged: true status unknown: false
02-27 03:55:39.696  1905  1984 D BatteryService: uevent={POWER_SUPPLY_VOLTAGE_NOW=4392000, POWER_SUPPLY_VBUS_PRESENT=true, POWER_SUPPLY_TYPE=Battery, POWER_SUPPLY_HEALTH=Good, POWER_SUPPLY_TECHNOLOGY=Li-ion, POWER_SUPPLY_CHARGE_FULL_DESIGN=4822000, POWER_SUPPLY_CONSTANT_CHARGE_VOLTAGE=4400000, SEQNUM=7663, POWER_SUPPLY_STATUS=Full, POWER_SUPPLY_CYCLE_COUNT=0, POWER_SUPPLY_CAPACITY=100, DEVPATH=/devices/platform/1000d000.pwrap/1000d000.pwrap:main_pmic/mt6357-gauge/power_supply/battery, POWER_SUPPLY_CHARGE_RATE=Normal, POWER_SUPPLY_CURRENT_AVG=-1800, POWER_SUPPLY_CAPACITY_LEVEL=Full, POWER_SUPPLY_CURRENT_NOW=-1800, POWER_SUPPLY_PRESENT=1, POWER_SUPPLY_POWER_WATT=2, POWER_SUPPLY_CHARGE_FULL=4827700, POWER_SUPPLY_TIME_TO_FULL_NOW=0, SUBSYSTEM=power_supply, POWER_SUPPLY_TEMP=250, ACTION=change, POWER_SUPPLY_AGE=100, POWER_SUPPLY_NAME=battery, POWER_SUPPLY_LPD_PRESENT=false, POWER_SUPPLY_CHARGE_COUNTER=4827700}
02-27 03:55:39.697  1905  1984 D BatteryService: uevent={POWER_SUPPLY_VOLTAGE_NOW=4392000, POWER_SUPPLY_VBUS_PRESENT=true, POWER_SUPPLY_TYPE=Battery, POWER_SUPPLY_HEALTH=Good, POWER_SUPPLY_TECHNOLOGY=Li-ion, POWER_SUPPLY_CHARGE_FULL_DESIGN=4822000, POWER_SUPPLY_CONSTANT_CHARGE_VOLTAGE=4400000, SEQNUM=7663, POWER_SUPPLY_STATUS=Full, POWER_SUPPLY_CYCLE_COUNT=0, POWER_SUPPLY_CAPACITY=100, DEVPATH=/devices/platform/1000d000.pwrap/1000d000.pwrap:main_pmic/mt6357-gauge/power_supply/battery, POWER_SUPPLY_CHARGE_RATE=Normal, POWER_SUPPLY_CURRENT_AVG=-1800, POWER_SUPPLY_CAPACITY_LEVEL=Full, POWER_SUPPLY_CURRENT_NOW=-1800, POWER_SUPPLY_PRESENT=1, POWER_SUPPLY_POWER_WATT=2, POWER_SUPPLY_CHARGE_FULL=4827700, POWER_SUPPLY_TIME_TO_FULL_NOW=0, SUBSYSTEM=power_supply, POWER_SUPPLY_TEMP=250, ACTION=change, POWER_SUPPLY_AGE=100, POWER_SUPPLY_NAME=battery, POWER_SUPPLY_LPD_PRESENT=false, POWER_SUPPLY_CHARGE_COUNTER=4827700}
02-27 03:55:39.711  1905  1905 V UiModeManager: updateLocked: null action, mDockState=0, category=null
02-27 03:55:39.712  1905  1905 D UiModeManager: updateConfigurationLocked: mDockState=0; mCarMode=false; mNightMode=1; mNightModeCustomType=-1; uiMode=81
02-27 03:55:39.722  2277  3385 D PowerUI : can't show warning due to - plugged: true status unknown: false
02-27 03:55:59.699  1905  1984 D BatteryService: uevent={POWER_SUPPLY_VOLTAGE_NOW=4393000, POWER_SUPPLY_VBUS_PRESENT=true, POWER_SUPPLY_TYPE=Battery, POWER_SUPPLY_HEALTH=Good, POWER_SUPPLY_TECHNOLOGY=Li-ion, POWER_SUPPLY_CHARGE_FULL_DESIGN=4822000, POWER_SUPPLY_CONSTANT_CHARGE_VOLTAGE=4400000, SEQNUM=7664, POWER_SUPPLY_STATUS=Full, POWER_SUPPLY_CYCLE_COUNT=0, POWER_SUPPLY_CAPACITY=100, DEVPATH=/devices/platform/1000d000.pwrap/1000d000.pwrap:main_pmic/mt6357-gauge/power_supply/battery, POWER_SUPPLY_CHARGE_RATE=Normal, POWER_SUPPLY_CURRENT_AVG=1500, POWER_SUPPLY_CAPACITY_LEVEL=Full, POWER_SUPPLY_CURRENT_NOW=-600, POWER_SUPPLY_PRESENT=1, POWER_SUPPLY_POWER_WATT=2, POWER_SUPPLY_CHARGE_FULL=4827700, POWER_SUPPLY_TIME_TO_FULL_NOW=0, SUBSYSTEM=power_supply, POWER_SUPPLY_TEMP=250, ACTION=change, POWER_SUPPLY_AGE=100, POWER_SUPPLY_NAME=battery, POWER_SUPPLY_LPD_PRESENT=false, POWER_SUPPLY_CHARGE_COUNTER=4827700}
02-27 03:55:59.700  1905  1984 D BatteryService: uevent={POWER_SUPPLY_VOLTAGE_NOW=4393000, POWER_SUPPLY_VBUS_PRESENT=true, POWER_SUPPLY_TYPE=Battery, POWER_SUPPLY_HEALTH=Good, POWER_SUPPLY_TECHNOLOGY=Li-ion, POWER_SUPPLY_CHARGE_FULL_DESIGN=4822000, POWER_SUPPLY_CONSTANT_CHARGE_VOLTAGE=4400000, SEQNUM=7664, POWER_SUPPLY_STATUS=Full, POWER_SUPPLY_CYCLE_COUNT=0, POWER_SUPPLY_CAPACITY=100, DEVPATH=/devices/platform/1000d000.pwrap/1000d000.pwrap:main_pmic/mt6357-gauge/power_supply/battery, POWER_SUPPLY_CHARGE_RATE=Normal, POWER_SUPPLY_CURRENT_AVG=1500, POWER_SUPPLY_CAPACITY_LEVEL=Full, POWER_SUPPLY_CURRENT_NOW=-600, POWER_SUPPLY_PRESENT=1, POWER_SUPPLY_POWER_WATT=2, POWER_SUPPLY_CHARGE_FULL=4827700, POWER_SUPPLY_TIME_TO_FULL_NOW=0, SUBSYSTEM=power_supply, POWER_SUPPLY_TEMP=250, ACTION=change, POWER_SUPPLY_AGE=100, POWER_SUPPLY_NAME=battery, POWER_SUPPLY_LPD_PRESENT=false, POWER_SUPPLY_CHARGE_COUNTER=4827700}
02-27 03:55:59.716  1905  1905 V UiModeManager: updateLocked: null action, mDockState=0, category=null
02-27 03:55:59.717  1905  1905 D UiModeManager: updateConfigurationLocked: mDockState=0; mCarMode=false; mNightMode=1; mNightModeCustomType=-1; uiMode=81
02-27 03:55:59.723  2277  3382 D PowerUI : can't show warning due to - plugged: true status unknown: false
02-27 03:56:19.704  1905  1984 D BatteryService: uevent={POWER_SUPPLY_VOLTAGE_NOW=4393000, POWER_SUPPLY_VBUS_PRESENT=true, POWER_SUPPLY_TYPE=Battery, POWER_SUPPLY_HEALTH=Good, POWER_SUPPLY_TECHNOLOGY=Li-ion, POWER_SUPPLY_CHARGE_FULL_DESIGN=4822000, POWER_SUPPLY_CONSTANT_CHARGE_VOLTAGE=4400000, SEQNUM=7665, POWER_SUPPLY_STATUS=Full, POWER_SUPPLY_CYCLE_COUNT=0, POWER_SUPPLY_CAPACITY=100, DEVPATH=/devices/platform/1000d000.pwrap/1000d000.pwrap:main_pmic/mt6357-gauge/power_supply/battery, POWER_SUPPLY_CHARGE_RATE=Normal, POWER_SUPPLY_CURRENT_AVG=-1500, POWER_SUPPLY_CAPACITY_LEVEL=Full, POWER_SUPPLY_CURRENT_NOW=-1500, POWER_SUPPLY_PRESENT=1, POWER_SUPPLY_POWER_WATT=2, POWER_SUPPLY_CHARGE_FULL=4827700, POWER_SUPPLY_TIME_TO_FULL_NOW=0, SUBSYSTEM=power_supply, POWER_SUPPLY_TEMP=250, ACTION=change, POWER_SUPPLY_AGE=100, POWER_SUPPLY_NAME=battery, POWER_SUPPLY_LPD_PRESENT=false, POWER_SUPPLY_CHARGE_COUNTER=4827700}
02-27 03:56:19.704  1905  1984 D BatteryService: uevent={POWER_SUPPLY_VOLTAGE_NOW=4393000, POWER_SUPPLY_VBUS_PRESENT=true, POWER_SUPPLY_TYPE=Battery, POWER_SUPPLY_HEALTH=Good, POWER_SUPPLY_TECHNOLOGY=Li-ion, POWER_SUPPLY_CHARGE_FULL_DESIGN=4822000, POWER_SUPPLY_CONSTANT_CHARGE_VOLTAGE=4400000, SEQNUM=7665, POWER_SUPPLY_STATUS=Full, POWER_SUPPLY_CYCLE_COUNT=0, POWER_SUPPLY_CAPACITY=100, DEVPATH=/devices/platform/1000d000.pwrap/1000d000.pwrap:main_pmic/mt6357-gauge/power_supply/battery, POWER_SUPPLY_CHARGE_RATE=Normal, POWER_SUPPLY_CURRENT_AVG=-1500, POWER_SUPPLY_CAPACITY_LEVEL=Full, POWER_SUPPLY_CURRENT_NOW=-1500, POWER_SUPPLY_PRESENT=1, POWER_SUPPLY_POWER_WATT=2, POWER_SUPPLY_CHARGE_FULL=4827700, POWER_SUPPLY_TIME_TO_FULL_NOW=0, SUBSYSTEM=power_supply, POWER_SUPPLY_TEMP=250, ACTION=change, POWER_SUPPLY_AGE=100, POWER_SUPPLY_NAME=battery, POWER_SUPPLY_LPD_PRESENT=false, POWER_SUPPLY_CHARGE_COUNTER=4827700}
02-27 03:56:19.721  1905  1905 V UiModeManager: updateLocked: null action, mDockState=0, category=null
02-27 03:56:19.721  1905  1905 D UiModeManager: updateConfigurationLocked: mDockState=0; mCarMode=false; mNightMode=1; mNightModeCustomType=-1; uiMode=81
02-27 03:56:19.725  2277  2849 D PowerUI : can't show warning due to - plugged: true status unknown: false
02-27 03:56:39.710  1905  1984 D BatteryService: uevent={POWER_SUPPLY_VOLTAGE_NOW=4393000, POWER_SUPPLY_VBUS_PRESENT=true, POWER_SUPPLY_TYPE=Battery, POWER_SUPPLY_HEALTH=Good, POWER_SUPPLY_TECHNOLOGY=Li-ion, POWER_SUPPLY_CHARGE_FULL_DESIGN=4822000, POWER_SUPPLY_CONSTANT_CHARGE_VOLTAGE=4400000, SEQNUM=7666, POWER_SUPPLY_STATUS=Full, POWER_SUPPLY_CYCLE_COUNT=0, POWER_SUPPLY_CAPACITY=100, DEVPATH=/devices/platform/1000d000.pwrap/1000d000.pwrap:main_pmic/mt6357-gauge/power_supply/battery, POWER_SUPPLY_CHARGE_RATE=Normal, POWER_SUPPLY_CURRENT_AVG=0, POWER_SUPPLY_CAPACITY_LEVEL=Full, POWER_SUPPLY_CURRENT_NOW=-600, POWER_SUPPLY_PRESENT=1, POWER_SUPPLY_POWER_WATT=2, POWER_SUPPLY_CHARGE_FULL=4827700, POWER_SUPPLY_TIME_TO_FULL_NOW=0, SUBSYSTEM=power_supply, POWER_SUPPLY_TEMP=250, ACTION=change, POWER_SUPPLY_AGE=100, POWER_SUPPLY_NAME=battery, POWER_SUPPLY_LPD_PRESENT=false, POWER_SUPPLY_CHARGE_COUNTER=4827700}
02-27 03:56:39.711  1905  1984 D BatteryService: uevent={POWER_SUPPLY_VOLTAGE_NOW=4393000, POWER_SUPPLY_VBUS_PRESENT=true, POWER_SUPPLY_TYPE=Battery, POWER_SUPPLY_HEALTH=Good, POWER_SUPPLY_TECHNOLOGY=Li-ion, POWER_SUPPLY_CHARGE_FULL_DESIGN=4822000, POWER_SUPPLY_CONSTANT_CHARGE_VOLTAGE=4400000, SEQNUM=7666, POWER_SUPPLY_STATUS=Full, POWER_SUPPLY_CYCLE_COUNT=0, POWER_SUPPLY_CAPACITY=100, DEVPATH=/devices/platform/1000d000.pwrap/1000d000.pwrap:main_pmic/mt6357-gauge/power_supply/battery, POWER_SUPPLY_CHARGE_RATE=Normal, POWER_SUPPLY_CURRENT_AVG=0, POWER_SUPPLY_CAPACITY_LEVEL=Full, POWER_SUPPLY_CURRENT_NOW=-600, POWER_SUPPLY_PRESENT=1, POWER_SUPPLY_POWER_WATT=2, POWER_SUPPLY_CHARGE_FULL=4827700, POWER_SUPPLY_TIME_TO_FULL_NOW=0, SUBSYSTEM=power_supply, POWER_SUPPLY_TEMP=250, ACTION=change, POWER_SUPPLY_AGE=100, POWER_SUPPLY_NAME=battery, POWER_SUPPLY_LPD_PRESENT=false, POWER_SUPPLY_CHARGE_COUNTER=4827700}
02-27 03:56:39.729  1905  1905 V UiModeManager: updateLocked: null action, mDockState=0, category=null
02-27 03:56:39.730  1905  1905 D UiModeManager: updateConfigurationLocked: mDockState=0; mCarMode=false; mNightMode=1; mNightModeCustomType=-1; uiMode=81
02-27 03:56:39.735  2277  3011 D PowerUI : can't show warning due to - plugged: true status unknown: false
02-27 03:56:44.186  1905  1937 I ActivityManager: Start proc 11141:com.google.android.gms.unstable/u0a152 for service {com.google.android.gms/com.google.android.gms.droidguard.DroidGuardService}
02-27 03:56:50.293  1905  3763 I ActivityManager: appDiedLocked: app=ProcessRecord{b05ad0 7989:com.google.android.apps.wellbeing/u0a149} thread=android.os.BinderProxy@e2d29cf fromBinderDied=true isKilledByAm=false reason=null
02-27 03:56:50.294  1905  3763 I ActivityManager: Process com.google.android.apps.wellbeing (pid 7989) has died: cch+65 CEM 
02-27 03:56:50.295  1905  3763 D RestartModeController: markWaitRestartAppIsSuicided null processName=com.google.android.apps.wellbeing
02-27 03:56:50.299  1905  3763 D ActivityTaskManager: handleAppDied: uid=10149,diedCount=1,lastDiedTime=11599039,forceStopUids=false
02-27 03:56:50.301  1905  1926 D DisplayManagerService: Drop pending events for gone uid 10149
02-27 03:56:59.712  1905  1984 D BatteryService: uevent={POWER_SUPPLY_VOLTAGE_NOW=4392000, POWER_SUPPLY_VBUS_PRESENT=true, POWER_SUPPLY_TYPE=Battery, POWER_SUPPLY_HEALTH=Good, POWER_SUPPLY_TECHNOLOGY=Li-ion, POWER_SUPPLY_CHARGE_FULL_DESIGN=4822000, POWER_SUPPLY_CONSTANT_CHARGE_VOLTAGE=4400000, SEQNUM=7667, POWER_SUPPLY_STATUS=Full, POWER_SUPPLY_CYCLE_COUNT=0, POWER_SUPPLY_CAPACITY=100, DEVPATH=/devices/platform/1000d000.pwrap/1000d000.pwrap:main_pmic/mt6357-gauge/power_supply/battery, POWER_SUPPLY_CHARGE_RATE=Normal, POWER_SUPPLY_CURRENT_AVG=-300, POWER_SUPPLY_CAPACITY_LEVEL=Full, POWER_SUPPLY_CURRENT_NOW=-300, POWER_SUPPLY_PRESENT=1, POWER_SUPPLY_POWER_WATT=2, POWER_SUPPLY_CHARGE_FULL=4827700, POWER_SUPPLY_TIME_TO_FULL_NOW=0, SUBSYSTEM=power_supply, POWER_SUPPLY_TEMP=250, ACTION=change, POWER_SUPPLY_AGE=100, POWER_SUPPLY_NAME=battery, POWER_SUPPLY_LPD_PRESENT=false, POWER_SUPPLY_CHARGE_COUNTER=4827700}
02-27 03:56:59.712  1905  1984 D BatteryService: uevent={POWER_SUPPLY_VOLTAGE_NOW=4392000, POWER_SUPPLY_VBUS_PRESENT=true, POWER_SUPPLY_TYPE=Battery, POWER_SUPPLY_HEALTH=Good, POWER_SUPPLY_TECHNOLOGY=Li-ion, POWER_SUPPLY_CHARGE_FULL_DESIGN=4822000, POWER_SUPPLY_CONSTANT_CHARGE_VOLTAGE=4400000, SEQNUM=7667, POWER_SUPPLY_STATUS=Full, POWER_SUPPLY_CYCLE_COUNT=0, POWER_SUPPLY_CAPACITY=100, DEVPATH=/devices/platform/1000d000.pwrap/1000d000.pwrap:main_pmic/mt6357-gauge/power_supply/battery, POWER_SUPPLY_CHARGE_RATE=Normal, POWER_SUPPLY_CURRENT_AVG=-300, POWER_SUPPLY_CAPACITY_LEVEL=Full, POWER_SUPPLY_CURRENT_NOW=-300, POWER_SUPPLY_PRESENT=1, POWER_SUPPLY_POWER_WATT=2, POWER_SUPPLY_CHARGE_FULL=4827700, POWER_SUPPLY_TIME_TO_FULL_NOW=0, SUBSYSTEM=power_supply, POWER_SUPPLY_TEMP=250, ACTION=change, POWER_SUPPLY_AGE=100, POWER_SUPPLY_NAME=battery, POWER_SUPPLY_LPD_PRESENT=false, POWER_SUPPLY_CHARGE_COUNTER=4827700}
02-27 03:57:19.715  1905  1984 D BatteryService: uevent={POWER_SUPPLY_VOLTAGE_NOW=4392000, POWER_SUPPLY_VBUS_PRESENT=true, POWER_SUPPLY_TYPE=Battery, POWER_SUPPLY_HEALTH=Good, POWER_SUPPLY_TECHNOLOGY=Li-ion, POWER_SUPPLY_CHARGE_FULL_DESIGN=4822000, POWER_SUPPLY_CONSTANT_CHARGE_VOLTAGE=4400000, SEQNUM=7668, POWER_SUPPLY_STATUS=Full, POWER_SUPPLY_CYCLE_COUNT=0, POWER_SUPPLY_CAPACITY=100, DEVPATH=/devices/platform/1000d000.pwrap/1000d000.pwrap:main_pmic/mt6357-gauge/power_supply/battery, POWER_SUPPLY_CHARGE_RATE=Normal, POWER_SUPPLY_CURRENT_AVG=600, POWER_SUPPLY_CAPACITY_LEVEL=Full, POWER_SUPPLY_CURRENT_NOW=600, POWER_SUPPLY_PRESENT=1, POWER_SUPPLY_POWER_WATT=2, POWER_SUPPLY_CHARGE_FULL=4827700, POWER_SUPPLY_TIME_TO_FULL_NOW=0, SUBSYSTEM=power_supply, POWER_SUPPLY_TEMP=250, ACTION=change, POWER_SUPPLY_AGE=100, POWER_SUPPLY_NAME=battery, POWER_SUPPLY_LPD_PRESENT=false, POWER_SUPPLY_CHARGE_COUNTER=4827700}
02-27 03:57:19.715  1905  1984 D BatteryService: uevent={POWER_SUPPLY_VOLTAGE_NOW=4392000, POWER_SUPPLY_VBUS_PRESENT=true, POWER_SUPPLY_TYPE=Battery, POWER_SUPPLY_HEALTH=Good, POWER_SUPPLY_TECHNOLOGY=Li-ion, POWER_SUPPLY_CHARGE_FULL_DESIGN=4822000, POWER_SUPPLY_CONSTANT_CHARGE_VOLTAGE=4400000, SEQNUM=7668, POWER_SUPPLY_STATUS=Full, POWER_SUPPLY_CYCLE_COUNT=0, POWER_SUPPLY_CAPACITY=100, DEVPATH=/devices/platform/1000d000.pwrap/1000d000.pwrap:main_pmic/mt6357-gauge/power_supply/battery, POWER_SUPPLY_CHARGE_RATE=Normal, POWER_SUPPLY_CURRENT_AVG=600, POWER_SUPPLY_CAPACITY_LEVEL=Full, POWER_SUPPLY_CURRENT_NOW=600, POWER_SUPPLY_PRESENT=1, POWER_SUPPLY_POWER_WATT=2, POWER_SUPPLY_CHARGE_FULL=4827700, POWER_SUPPLY_TIME_TO_FULL_NOW=0, SUBSYSTEM=power_supply, POWER_SUPPLY_TEMP=250, ACTION=change, POWER_SUPPLY_AGE=100, POWER_SUPPLY_NAME=battery, POWER_SUPPLY_LPD_PRESENT=false, POWER_SUPPLY_CHARGE_COUNTER=4827700}
02-27 03:57:19.731  1905  1905 V UiModeManager: updateLocked: null action, mDockState=0, category=null
02-27 03:57:19.732  1905  1905 D UiModeManager: updateConfigurationLocked: mDockState=0; mCarMode=false; mNightMode=1; mNightModeCustomType=-1; uiMode=81
02-27 03:57:19.738  2277  3364 D PowerUI : can't show warning due to - plugged: true status unknown: false
02-27 03:57:39.721  1905  1984 D BatteryService: uevent={POWER_SUPPLY_VOLTAGE_NOW=4391000, POWER_SUPPLY_VBUS_PRESENT=true, POWER_SUPPLY_TYPE=Battery, POWER_SUPPLY_HEALTH=Good, POWER_SUPPLY_TECHNOLOGY=Li-ion, POWER_SUPPLY_CHARGE_FULL_DESIGN=4822000, POWER_SUPPLY_CONSTANT_CHARGE_VOLTAGE=4400000, SEQNUM=7669, POWER_SUPPLY_STATUS=Full, POWER_SUPPLY_CYCLE_COUNT=0, POWER_SUPPLY_CAPACITY=100, DEVPATH=/devices/platform/1000d000.pwrap/1000d000.pwrap:main_pmic/mt6357-gauge/power_supply/battery, POWER_SUPPLY_CHARGE_RATE=Normal, POWER_SUPPLY_CURRENT_AVG=-300, POWER_SUPPLY_CAPACITY_LEVEL=Full, POWER_SUPPLY_CURRENT_NOW=-300, POWER_SUPPLY_PRESENT=1, POWER_SUPPLY_POWER_WATT=2, POWER_SUPPLY_CHARGE_FULL=4827700, POWER_SUPPLY_TIME_TO_FULL_NOW=0, SUBSYSTEM=power_supply, POWER_SUPPLY_TEMP=250, ACTION=change, POWER_SUPPLY_AGE=100, POWER_SUPPLY_NAME=battery, POWER_SUPPLY_LPD_PRESENT=false, POWER_SUPPLY_CHARGE_COUNTER=4827700}
02-27 03:57:39.726  1905  1984 D BatteryService: uevent={POWER_SUPPLY_VOLTAGE_NOW=4391000, POWER_SUPPLY_VBUS_PRESENT=true, POWER_SUPPLY_TYPE=Battery, POWER_SUPPLY_HEALTH=Good, POWER_SUPPLY_TECHNOLOGY=Li-ion, POWER_SUPPLY_CHARGE_FULL_DESIGN=4822000, POWER_SUPPLY_CONSTANT_CHARGE_VOLTAGE=4400000, SEQNUM=7669, POWER_SUPPLY_STATUS=Full, POWER_SUPPLY_CYCLE_COUNT=0, POWER_SUPPLY_CAPACITY=100, DEVPATH=/devices/platform/1000d000.pwrap/1000d000.pwrap:main_pmic/mt6357-gauge/power_supply/battery, POWER_SUPPLY_CHARGE_RATE=Normal, POWER_SUPPLY_CURRENT_AVG=-300, POWER_SUPPLY_CAPACITY_LEVEL=Full, POWER_SUPPLY_CURRENT_NOW=-300, POWER_SUPPLY_PRESENT=1, POWER_SUPPLY_POWER_WATT=2, POWER_SUPPLY_CHARGE_FULL=4827700, POWER_SUPPLY_TIME_TO_FULL_NOW=0, SUBSYSTEM=power_supply, POWER_SUPPLY_TEMP=250, ACTION=change, POWER_SUPPLY_AGE=100, POWER_SUPPLY_NAME=battery, POWER_SUPPLY_LPD_PRESENT=false, POWER_SUPPLY_CHARGE_COUNTER=4827700}
02-27 03:57:39.737  1905  1905 V UiModeManager: updateLocked: null action, mDockState=0, category=null
02-27 03:57:39.738  1905  1905 D UiModeManager: updateConfigurationLocked: mDockState=0; mCarMode=false; mNightMode=1; mNightModeCustomType=-1; uiMode=81
02-27 03:57:39.745  2277  3144 D PowerUI : can't show warning due to - plugged: true status unknown: false
02-27 03:57:40.508  1905  1905 V UiModeManager: updateLocked: null action, mDockState=0, category=null
02-27 03:57:40.509  1905  1905 D UiModeManager: updateConfigurationLocked: mDockState=0; mCarMode=false; mNightMode=1; mNightModeCustomType=-1; uiMode=81
02-27 03:57:40.516  2277  3377 D PowerUI : can't show warning due to - plugged: true status unknown: false
02-27 03:57:46.158  1905  1961 E PackageManager: ERROR: could not load root hash from incremental install
02-27 03:57:46.232  7628 11208 W PackageParser: Unknown element under <manifest>: queries at /data/app/vmdl219821957.tmp/base.apk Binary XML file line #23
02-27 03:57:46.309  1905  1961 I PackageManager: Integrity check passed for file:///data/app/vmdl219821957.tmp
02-27 03:57:47.349  1905  1936 I ActivityManager: Force stopping com.example.cod_squad_app appid=10014 user=-1: installPackageLI
02-27 03:57:47.350  1905  1961 I PackageManager: Update package com.example.cod_squad_app code path from /data/app/~~wfzQNPU4KgwMy9BCi9B4og==/com.example.cod_squad_app-ds9PZWbzF0yOVJO0XW6WSA== to /data/app/~~Qs6tTT3d4eWEM3KYm6Sy0w==/com.example.cod_squad_app-Hqr3ynNAakZLRUZbH-jYJA==; Retain data and using new
02-27 03:57:47.350  1905  1936 I ActivityManager: Killing 10596:com.example.cod_squad_app/u0a14 (adj 0, setSvc -10000): stop com.example.cod_squad_app due to installPackageLI
02-27 03:57:47.350  1905  1926 D DisplayManagerService: Drop pending events for gone uid 10014
02-27 03:57:47.354  1905  1936 W ActivityTaskManager: Force removing ActivityRecord{ab32251 u0 com.example.cod_squad_app/.MainActivity} t265 f}}: app died, no saved state
02-27 03:57:47.365  1905  1961 I PackageManager: Permission ownership changed. Updating all permissions.
02-27 03:57:47.367  1905  1936 D ActivityTaskManager: handleAppDied: uid=10014,diedCount=1,lastDiedTime=14457159,forceStopUids=false
02-27 03:57:47.568  1905  1925 W Looper  : Slow dispatch took 201ms android.fg h=android.os.Handler c=<recycled PooledLambda@d3b77d4> m=0
02-27 03:57:47.568  1905  1925 W Looper  : Slow delivery took 201ms android.fg h=android.os.Handler c=<recycled PooledLambda@2cccd7d> m=0
02-27 03:57:47.568  1905  2230 W TopAppMonitor: resend missed activity state ActivityState{com.example.cod_squad_app, userId=0, displayId=0, category=0, isTop=false}
02-27 03:57:47.577  1905  1925 W Looper  : Drained
02-27 03:57:47.578  1905  1936 W ActivityTaskManager: Failed to killAndRestart. No task found for id: 265
02-27 03:57:47.583  1905  1928 V WindowManager: Unknown focus tokens, dropping reportFocusChanged
02-27 03:57:47.586  1905  1978 V ActivityManager: Got obituary of 10596:com.example.cod_squad_app
02-27 03:57:47.626  1905  1928 W ActivityManager: setHasOverlayUi called on unknown pid: 10596
02-27 03:57:47.639  2549  2549 D VRI[CustomizationPanelLauncher]: update {(0,0)(fillxfill) sim={adjust=nothing forwardNavigation} layoutInDisplayCutoutMode=always ty=BASE_APPLICATION fmt=TRANSPARENT wanim=0x10302f1
02-27 03:57:47.639  2549  2549 D VRI[CustomizationPanelLauncher]:   fl=LAYOUT_IN_SCREEN LAYOUT_INSET_DECOR SHOW_WALLPAPER SPLIT_TOUCH HARDWARE_ACCELERATED DRAWS_SYSTEM_BAR_BACKGROUNDS
02-27 03:57:47.639  2549  2549 D VRI[CustomizationPanelLauncher]:   pfl=NO_MOVE_ANIMATION FORCE_DRAW_STATUS_BAR_BACKGROUND USE_BLAST FIT_INSETS_CONTROLLED
02-27 03:57:47.639  2549  2549 D VRI[CustomizationPanelLauncher]:   vsysui=LAYOUT_STABLE LAYOUT_HIDE_NAVIGATION LAYOUT_FULLSCREEN
02-27 03:57:47.639  2549  2549 D VRI[CustomizationPanelLauncher]:   bhv=DEFAULT
02-27 03:57:47.639  2549  2549 D VRI[CustomizationPanelLauncher]:   fitSides=} by setLayoutParams
02-27 03:57:47.656  1905  1961 I ActivityManager: Force stopping com.example.cod_squad_app appid=10014 user=0: pkg removed
02-27 03:57:47.757  1905  1936 W BroadcastQueue: Background execution not allowed: receiving Intent { act=android.intent.action.PACKAGE_REMOVED dat=package: flg=0x4000010 (has extras) } to com.android.vending/com.google.android.finsky.packagemonitor.impl.PackageMonitorReceiverImpl$RegisteredReceiver
02-27 03:57:47.758  1905  1936 W BroadcastQueue: Background execution not allowed: receiving Intent { act=android.intent.action.PACKAGE_REMOVED dat=package: flg=0x4000010 (has extras) } to com.android.vending/com.google.android.finsky.packagemonitor.backgroundimpl.BackgroundPackageMonitorReceiverImpl$RegisteredReceiver
02-27 03:57:47.803  1905  1925 W Looper  : Slow delivery took 210ms android.fg h=android.os.Handler c=<recycled PooledLambda@a2ef9c1> m=0
02-27 03:57:47.808  1905  1905 I Telecom : CarModeTracker: Package com.example.cod_squad_app is not tracked.: SSH.oR@A0k
02-27 03:57:47.808  1905  1905 I Telecom : InCallController: updateCarModeForConnections: car mode apps: : SSH.oR@A0k
02-27 03:57:47.847  1905  1936 W BroadcastQueue: Background execution not allowed: receiving Intent { act=android.intent.action.PACKAGE_REMOVED dat=package: flg=0x4000010 (has extras) } to com.android.vending/com.google.android.finsky.instantapps.appmanagement.InstantAppRemoveMonitor
02-27 03:57:47.856  1905  1936 W BroadcastQueue: Background execution not allowed: receiving Intent { act=android.intent.action.PACKAGE_REMOVED dat=package: flg=0x4000010 (has extras) } to com.dti.tracfone/com.LogiaGroup.LogiaDeck.Receivers.UninstallBroadCastReceiver
02-27 03:57:47.857  1905  1936 W BroadcastQueue: Background execution not allowed: receiving Intent { act=android.intent.action.PACKAGE_REMOVED dat=package: flg=0x4000010 (has extras) } to com.google.android.gms/.chimera.GmsIntentOperationService$PersistentTrustedReceiver
02-27 03:57:47.857  1905  1936 W BroadcastQueue: Background execution not allowed: receiving Intent { act=android.intent.action.PACKAGE_REMOVED dat=package: flg=0x4000010 (has extras) } to com.google.android.gms/.games.chimera.GamesSystemBroadcastReceiverProxy
02-27 03:57:47.858  1905  1936 W BroadcastQueue: Background execution not allowed: receiving Intent { act=android.intent.action.PACKAGE_REMOVED dat=package: flg=0x4000010 (has extras) } to com.google.android.videos/com.google.android.libraries.social.peoplekit.thirdparty.viewcontrollers.ThirdPartyReceiver
02-27 03:57:47.858  1905  1936 W BroadcastQueue: Background execution not allowed: receiving Intent { act=android.intent.action.PACKAGE_REMOVED dat=package: flg=0x4000010 (has extras) } to com.motorola.spaces/.manager.monitor.AppChangeMonitor
02-27 03:57:47.860  1905  1936 W BroadcastQueue: Background execution not allowed: receiving Intent { act=android.intent.action.PACKAGE_REMOVED dat=package: flg=0x4000010 (has extras) } to com.verizon.loginengine.unbranded/com.verizon.vzwavs.AVSSystemReceiver
02-27 03:57:47.860  1905  1936 W BroadcastQueue: Background execution not allowed: receiving Intent { act=android.intent.action.PACKAGE_ADDED dat=package: flg=0x4000010 (has extras) } to com.google.android.packageinstaller/com.android.packageinstaller.PackageInstalledReceiver
02-27 03:57:47.860  1905  1936 W BroadcastQueue: Background execution not allowed: receiving Intent { act=android.intent.action.PACKAGE_ADDED dat=package: flg=0x4000010 (has extras) } to com.android.vending/com.google.android.finsky.packagemonitor.impl.PackageMonitorReceiverImpl$RegisteredReceiver
02-27 03:57:47.863  1905  1936 W BroadcastQueue: Background execution not allowed: receiving Intent { act=android.intent.action.PACKAGE_ADDED dat=package: flg=0x4000010 (has extras) } to com.android.vending/com.google.android.finsky.packagemonitor.backgroundimpl.BackgroundPackageMonitorReceiverImpl$RegisteredReceiver
02-27 03:57:47.883  1905  1905 I Telecom : DefaultDialerCache: Refreshing default dialer for user 0: now com.google.android.dialer: DDC.oR@A0w
02-27 03:57:47.910  1905  1905 V BackupManagerConstants: getFullBackupIntervalMilliseconds(...) returns 86400000
02-27 03:57:47.920  1905  1905 V BackupManagerConstants: getFullBackupRequiredNetworkType(...) returns 2
02-27 03:57:47.921  1905  1905 V BackupManagerConstants: getFullBackupRequireCharging(...) returns true
02-27 03:57:47.927  1905  1936 W BroadcastQueue: Background execution not allowed: receiving Intent { act=android.intent.action.PACKAGE_ADDED dat=package: flg=0x4000010 (has extras) } to com.dti.tracfone/com.digitalturbine.igniteui.receiver.PackageAddedReceiver
02-27 03:57:47.927  1905  1936 W BroadcastQueue: Background execution not allowed: receiving Intent { act=android.intent.action.PACKAGE_ADDED dat=package: flg=0x4000010 (has extras) } to com.google.android.apps.nbu.files/.documentbrowser.browselanding.rootcontainerlist.receiver.PackageChangeReceiver_Receiver
02-27 03:57:47.928  1905  1936 W BroadcastQueue: Background execution not allowed: receiving Intent { act=android.intent.action.PACKAGE_ADDED dat=package: flg=0x4000010 (has extras) } to com.google.android.gms/.chimera.GmsIntentOperationService$PersistentTrustedReceiver
02-27 03:57:47.928  1905  1936 W BroadcastQueue: Background execution not allowed: receiving Intent { act=android.intent.action.PACKAGE_ADDED dat=package: flg=0x4000010 (has extras) } to com.google.android.gms/.games.chimera.GamesSystemBroadcastReceiverProxy
02-27 03:57:47.928  1905  1936 W BroadcastQueue: Background execution not allowed: receiving Intent { act=android.intent.action.PACKAGE_ADDED dat=package: flg=0x4000010 (has extras) } to com.google.android.gms/.gass.chimera.PackageChangeBroadcastReceiver
02-27 03:57:47.928  1905  1936 W BroadcastQueue: Background execution not allowed: receiving Intent { act=android.intent.action.PACKAGE_ADDED dat=package: flg=0x4000010 (has extras) } to com.verizon.loginengine.unbranded/com.verizon.vzwavs.AVSSystemReceiver
02-27 03:57:47.933  1905  1937 I ActivityManager: Start proc 11242:com.google.android.apps.wellbeing/u0a149 for content provider {com.google.android.apps.wellbeing/com.google.android.apps.wellbeing.api.impl.WellbeingSettingsProvider}
02-27 03:57:47.941  1905  1905 W AlarmManager: Package com.example.cod_squad_app, uid 10014 lost permission to set exact alarms!
02-27 03:57:47.943  1905  1961 D PackageInstallerSession: Marking session 219821957 as applied
02-27 03:57:47.968  1905  3767 W ActivityManager: Unable to start service Intent { act=com.motorola.intent.action.EXPERIENCE cmp=com.motorola.help/com.motorola.feedback.logrequest.service.LogCollectionService } U=0: not found
02-27 03:57:48.063  1905  1935 W WindowMagnificationMgr: requestConnection duplicated request: connect=false, mConnectionState=DISCONNECTED
02-27 03:57:48.075  1905  1935 W WindowMagnificationMgr: requestConnection duplicated request: connect=false, mConnectionState=DISCONNECTED
02-27 03:57:48.098  1905  3763 I ActivityTaskManager: START u0 {flg=0x10000000 cmp=com.example.cod_squad_app/.MainActivity} from uid 2000
02-27 03:57:48.107  1905  3763 D ActivityTaskManager: getPreferredLaunchDisplay userset_displayid false user set display id -1, current focus display 0
02-27 03:57:48.107  1905  3763 D ActivityTaskManager: getPreferredLaunchDisplay userset_displayid false user set display id -1, current focus display 0
02-27 03:57:48.107  1905  3763 D ActivityTaskManager: getPreferredLaunchDisplay userset_displayid false user set display id -1, current focus display 0
02-27 03:57:48.107  1905  3763 D ActivityTaskManager: getPreferredLaunchDisplay userset_displayid false user set display id -1, current focus display 0
02-27 03:57:48.120  1905  3763 D ActivityTaskManager: getPreferredLaunchDisplay userset_displayid false user set display id 0, current focus display 0
02-27 03:57:48.120  1905  3763 D ActivityTaskManager: getPreferredLaunchDisplay userset_displayid false user set display id 0, current focus display 0
02-27 03:57:48.152  2277  2296 D ViewRootImpl: update {(0,0)(fillxfill) ty=APPLICATION_STARTING fmt=TRANSLUCENT wanim=0x1030001
02-27 03:57:48.152  2277  2296 D ViewRootImpl:   fl=NOT_FOCUSABLE NOT_TOUCHABLE LAYOUT_IN_SCREEN LAYOUT_INSET_DECOR ALT_FOCUSABLE_IM HARDWARE_ACCELERATED DRAWS_SYSTEM_BAR_BACKGROUNDS
02-27 03:57:48.152  2277  2296 D ViewRootImpl:   pfl=SHOW_FOR_ALL_USERS FIT_INSETS_CONTROLLED
02-27 03:57:48.152  2277  2296 D ViewRootImpl:   bhv=DEFAULT
02-27 03:57:48.152  2277  2296 D ViewRootImpl:   fitSides=} by setView
02-27 03:57:48.176  1905  3763 D CoreBackPreview: Window{caa2545 u0 Splash Screen com.example.cod_squad_app}: Setting back callback OnBackInvokedCallbackInfo{mCallback=android.window.IOnBackInvokedCallback$Stub$Proxy@415e066, mPriority=0}
02-27 03:57:48.207  1905  1937 W ActivityManager: Slow operation: 68ms so far, now at startProcess: done updating battery stats
02-27 03:57:48.207  1905  1937 W ActivityManager: Slow operation: 68ms so far, now at startProcess: building log message
02-27 03:57:48.207  1905  1937 I ActivityManager: Start proc 11275:com.example.cod_squad_app/u0a14 for next-top-activity {com.example.cod_squad_app/com.example.cod_squad_app.MainActivity}
02-27 03:57:48.207  1905  1937 W ActivityManager: Slow operation: 68ms so far, now at startProcess: starting to update pids map
02-27 03:57:48.209  1905  1937 W ActivityManager: Slow operation: 70ms so far, now at startProcess: done updating pids map
02-27 03:57:48.220  1905  4540 I ActivityManager: com.android.vending is exempt from freezer
02-27 03:57:48.291  1905  1937 W ActivityManager: Slow operation: 71ms so far, now at startProcess: done updating battery stats
02-27 03:57:48.292  1905  1937 W ActivityManager: Slow operation: 72ms so far, now at startProcess: building log message
02-27 03:57:48.293  1905  1937 I ActivityManager: Start proc 11280:com.android.vending:background/u0a184 for broadcast {com.android.vending/com.google.android.finsky.packagemonitor.backgroundimpl.BackgroundPackageMonitorReceiverImpl$RegisteredReceiver}
02-27 03:57:48.293  1905  1937 W ActivityManager: Slow operation: 73ms so far, now at startProcess: starting to update pids map
02-27 03:57:48.293  1905  1937 W ActivityManager: Slow operation: 73ms so far, now at startProcess: done updating pids map
02-27 03:57:48.302  1905  1925 W Looper  : Slow dispatch took 100ms android.fg h=android.os.Handler c=com.android.internal.infra.ServiceConnector$Impl$$ExternalSyntheticLambda2@439337b m=0
02-27 03:57:48.318  1905  1925 W Looper  : Drained
02-27 03:57:48.343  1905  8398 W ActivityTaskManager: Failed to killAndRestart. No task found for id: 226
02-27 03:57:48.589  1905  1958 E VerityUtils: Failed to measure fs-verity, errno 1: /data/app/~~Qs6tTT3d4eWEM3KYm6Sy0w==/com.example.cod_squad_app-Hqr3ynNAakZLRUZbH-jYJA==/base.apk
02-27 03:57:48.599  1905  1905 W Looper  : Slow dispatch took 181ms main h=com.android.server.alarm.AlarmManagerService$AlarmHandler c=null m=7
02-27 03:57:48.990  1905  4540 W BroadcastQueue: Background execution not allowed: receiving Intent { act=android.intent.action.PACKAGE_REPLACED dat=package: flg=0x4000010 (has extras) } to com.google.android.apps.nbu.files/.documentbrowser.browselanding.rootcontainerlist.receiver.PackageChangeReceiver_Receiver
02-27 03:57:48.995  1905  1936 W BroadcastQueue: Background execution not allowed: receiving Intent { act=android.intent.action.PACKAGE_REPLACED dat=package: flg=0x4000010 (has extras) } to com.google.android.gms/.chimera.GmsIntentOperationService$PersistentTrustedReceiver
02-27 03:57:48.996  1905  1936 W BroadcastQueue: Background execution not allowed: receiving Intent { act=android.intent.action.PACKAGE_REPLACED dat=package: flg=0x4000010 (has extras) } to com.google.android.gms/.gass.chimera.PackageChangeBroadcastReceiver
02-27 03:57:48.996  1905  1936 W BroadcastQueue: Background execution not allowed: receiving Intent { act=android.intent.action.PACKAGE_REPLACED dat=package: flg=0x4000010 (has extras) } to com.motorola.ccc.notification/.gcm.GCMAdminReceiver
02-27 03:57:48.996  1905  1936 W BroadcastQueue: Background execution not allowed: receiving Intent { act=android.intent.action.PACKAGE_REPLACED dat=package: flg=0x4000010 (has extras) } to com.verizon.loginengine.unbranded/com.verizon.vzwavs.AVSSystemReceiver
02-27 03:57:49.117  1905  1958 E VerityUtils: Failed to measure fs-verity, errno 1: /data/app/~~Qs6tTT3d4eWEM3KYm6Sy0w==/com.example.cod_squad_app-Hqr3ynNAakZLRUZbH-jYJA==/base.apk
02-27 03:57:52.208 11275 11275 D ViewRootImpl: update {(0,0)(fillxfill) sim={adjust=resize forwardNavigation} ty=BASE_APPLICATION wanim=0x1030001
02-27 03:57:52.208 11275 11275 D ViewRootImpl:   fl=LAYOUT_IN_SCREEN LAYOUT_INSET_DECOR SPLIT_TOUCH HARDWARE_ACCELERATED DRAWS_SYSTEM_BAR_BACKGROUNDS
02-27 03:57:52.208 11275 11275 D ViewRootImpl:   pfl=NO_MOVE_ANIMATION FORCE_DRAW_STATUS_BAR_BACKGROUND FIT_INSETS_CONTROLLED
02-27 03:57:52.208 11275 11275 D ViewRootImpl:   bhv=DEFAULT
02-27 03:57:52.208 11275 11275 D ViewRootImpl:   fitSides=} by setView
02-27 03:57:52.233  1905  7325 D CoreBackPreview: Window{f12fcde u0 com.example.cod_squad_app/com.example.cod_squad_app.MainActivity}: Setting back callback OnBackInvokedCallbackInfo{mCallback=android.window.IOnBackInvokedCallback$Stub$Proxy@f3f598c, mPriority=0}
02-27 03:57:54.895  1905  1954 I DisplayPowerController[0]: 2025-02-27 09:57:54 - BrightnessEvent: disp=0, physDisp=local:0, brt=0.016513236, initBrt=0.03591071, brtNits=10.0693445, preNits=17.067984, rcmdNits=10.0693445, brt(%)=2%, preBrt(%)=4%, brtInt=5, rcmdBrt=0.016513236, preBrt=0.03591071, lux=1.1335964, fastAmbientLux=1.1335964, slowAmbientLux=1.6771688, preLux=2.133144, hbmMax=0.9999, hbmMode=off, rbcStrength=50, powerFactor=1.0, thrmMax=1.0, flags=, reason=automatic, autoBrightness=true
02-27 03:57:54.898  1905  1954 I DisplayPowerController[0]: 2025-02-27 09:57:54 - BrightnessEvent: disp=0, physDisp=local:0, brt=0.016513236, initBrt=0.016513236, brtNits=10.0693445, preNits=17.067984, rcmdNits=10.0693445, brt(%)=2%, preBrt(%)=4%, brtInt=5, rcmdBrt=0.016513236, preBrt=0.03591071, lux=1.1335964, fastAmbientLux=1.1335964, slowAmbientLux=1.6771688, preLux=2.133144, hbmMax=0.9999, hbmMode=off, rbcStrength=50, powerFactor=1.0, thrmMax=1.0, flags=, reason=automatic, autoBrightness=true
02-27 03:57:54.899  1905  1928 D DisplayManagerService: Ignore redundant display event 0/4 to 10184/7628
02-27 03:57:54.899  1905  1905 I BrightnessSynchronizer: New Update: {[563] 0.016513236(f), mUpdatedTypes=1, mConfirmedTypes=0, mTimeUpdated=0, mState=2}
02-27 03:57:54.900  1905  1905 I BrightnessSynchronizer: [563] New Update 0.016513236(f) set brightness values:  5(i)
02-27 03:57:54.900  1905  1905 I BrightnessSynchronizer: New PendingUpdate: {[564] 0.016513236(f), mUpdatedTypes=0, mConfirmedTypes=0, mTimeUpdated=0, mState=1}, prev=null
02-27 03:57:54.904  1905  1905 I BrightnessSynchronizer: Swallowing update of 5(i) by update: {[563] 0.016513236(f), mUpdatedTypes=1, mConfirmedTypes=1, mTimeUpdated=14707549, mState=2}
02-27 03:57:54.905  1905  1905 I BrightnessSynchronizer: Completed Update: {[563] 0.016513236(f), mUpdatedTypes=1, mConfirmedTypes=1, mTimeUpdated=14707549, mState=3}
02-27 03:57:54.905  1905  1905 I BrightnessSynchronizer: New Update: {[564] 0.016513236(f), mUpdatedTypes=0, mConfirmedTypes=0, mTimeUpdated=0, mState=2}
02-27 03:57:56.337  1905  7325 W ActivityManager: stopServiceToken startId 13 is last, but have 1 remaining args
02-27 03:57:57.396  1905  1954 I DisplayPowerController[0]: 2025-02-27 09:57:57 - BrightnessEvent: disp=0, physDisp=local:0, brt=0.0, initBrt=0.016513236, brtNits=2.9983952, preNits=10.0693445, rcmdNits=2.9983952, brt(%)=0%, preBrt(%)=2%, brtInt=1, rcmdBrt=0.0, preBrt=0.016513236, lux=0.0, fastAmbientLux=0.0, slowAmbientLux=0.8925009, preLux=1.1335964, hbmMax=0.9999, hbmMode=off, rbcStrength=50, powerFactor=1.0, thrmMax=1.0, flags=, reason=automatic, autoBrightness=true
02-27 03:57:57.398  1905  1928 D DisplayManagerService: Ignore redundant display event 0/4 to 10184/7628
02-27 03:57:57.398  1905  1928 D DisplayManagerService: Ignore redundant display event 0/4 to 10184/7628
02-27 03:57:57.399  1905  1954 I DisplayPowerController[0]: 2025-02-27 09:57:57 - BrightnessEvent: disp=0, physDisp=local:0, brt=0.0, initBrt=0.0, brtNits=2.9983952, preNits=10.0693445, rcmdNits=2.9983952, brt(%)=0%, preBrt(%)=2%, brtInt=1, rcmdBrt=0.0, preBrt=0.016513236, lux=0.0, fastAmbientLux=0.0, slowAmbientLux=0.8925009, preLux=1.1335964, hbmMax=0.9999, hbmMode=off, rbcStrength=50, powerFactor=1.0, thrmMax=1.0, flags=, reason=automatic, autoBrightness=true
02-27 03:57:57.399  1905  1905 I BrightnessSynchronizer: New Update: {[565] 0.0(f), mUpdatedTypes=1, mConfirmedTypes=0, mTimeUpdated=0, mState=2}
02-27 03:57:57.400  1905  1905 I BrightnessSynchronizer: [565] New Update 0.0(f) set brightness values:  1(i)
02-27 03:57:57.400  1905  1905 I BrightnessSynchronizer: New PendingUpdate: {[566] 0.0(f), mUpdatedTypes=0, mConfirmedTypes=0, mTimeUpdated=0, mState=1}, prev=null
02-27 03:57:57.403  1905  1905 I BrightnessSynchronizer: Swallowing update of 1(i) by update: {[565] 0.0(f), mUpdatedTypes=1, mConfirmedTypes=1, mTimeUpdated=14710050, mState=2}
02-27 03:57:57.404  1905  1905 I BrightnessSynchronizer: Completed Update: {[565] 0.0(f), mUpdatedTypes=1, mConfirmedTypes=1, mTimeUpdated=14710050, mState=3}
02-27 03:57:57.404  1905  1905 I BrightnessSynchronizer: New Update: {[566] 0.0(f), mUpdatedTypes=0, mConfirmedTypes=0, mTimeUpdated=0, mState=2}
02-27 03:57:58.132  1905  1928 W ActivityTaskManager: Launch timeout has expired, giving up wake lock!
02-27 03:57:58.379  1905  1928 D BootWMPhase: WM boot activityIdleInternalLocked: fromTimeout=true isBooting=false allResumedActivitiesIdle=true
02-27 03:57:58.379  1905  1928 D BootWMPhase: ******* WM boot checkFinishBootingLocked: booting=false enableScreen=false
02-27 03:57:58.612  1905  4540 I ActivityManager: appDiedLocked: app=ProcessRecord{852c724 9224:com.mediatek.carrierexpress/1001} thread=android.os.BinderProxy@a7dd3fd fromBinderDied=true isKilledByAm=false reason=null
02-27 03:57:58.612  1905  4540 I ActivityManager: Process com.mediatek.carrierexpress (pid 9224) has died: cch+99 SVC 
02-27 03:57:58.613  1905  4540 W ActivityManager: Scheduling restart of crashed service com.mediatek.carrierexpress/.CarrierExpressApp in 18117844ms for start-requested
02-27 03:57:58.614  1905  4540 D RestartModeController: markWaitRestartAppIsSuicided null processName=com.mediatek.carrierexpress
02-27 03:57:58.616  1905  4540 D ActivityTaskManager: handleAppDied: uid=1001,diedCount=1,lastDiedTime=8298237,forceStopUids=false
02-27 03:57:58.636  1905  4540 I ActivityManager: appDiedLocked: app=ProcessRecord{7c3455d 10010:com.android.providers.calendar/u0a97} thread=android.os.BinderProxy@d888f2 fromBinderDied=true isKilledByAm=false reason=null
02-27 03:57:58.636  1905  4540 I ActivityManager: Process com.android.providers.calendar (pid 10010) has died: cch+85 CEM 
02-27 03:57:58.636  1905  4540 D RestartModeController: markWaitRestartAppIsSuicided null processName=com.android.providers.calendar
02-27 03:57:58.637  1905  4540 D ActivityTaskManager: handleAppDied: uid=10097,diedCount=1,lastDiedTime=12947310,forceStopUids=false
02-27 03:57:58.642  1905  1926 D DisplayManagerService: Drop pending events for gone uid 10097
02-27 03:57:58.665  1905  4540 I ActivityManager: appDiedLocked: app=ProcessRecord{dc419fe 10690:com.google.android.projection.gearhead:provider/u0a165} thread=android.os.BinderProxy@3183b43 fromBinderDied=true isKilledByAm=false reason=null
02-27 03:57:58.665  1905  4540 I ActivityManager: Process com.google.android.projection.gearhead:provider (pid 10690) has died: cch+75 CEM 
02-27 03:57:58.666  1905  4540 D RestartModeController: markWaitRestartAppIsSuicided null processName=com.google.android.projection.gearhead:provider
02-27 03:57:58.667  1905  4540 D ActivityTaskManager: handleAppDied: uid=10165,diedCount=1,lastDiedTime=4142773,forceStopUids=false
02-27 03:57:58.671  1905  1926 D DisplayManagerService: Drop pending events for gone uid 10165
02-27 03:57:58.706  1905  2263 I ActivityManager: appDiedLocked: app=ProcessRecord{8a982bc 10632:com.google.android.dialer/u0a144} thread=android.os.BinderProxy@c31d5c0 fromBinderDied=true isKilledByAm=false reason=null
02-27 03:57:58.706  1905  2263 I ActivityManager: Process com.google.android.dialer (pid 10632) has died: cch+35 CEM 
02-27 03:57:58.708  1905  2263 D RestartModeController: markWaitRestartAppIsSuicided null processName=com.google.android.dialer
02-27 03:57:58.709  1905  2263 D ActivityTaskManager: handleAppDied: uid=10144,diedCount=1,lastDiedTime=2778226,forceStopUids=false
02-27 03:57:58.712  1905  1926 D DisplayManagerService: Drop pending events for gone uid 10144
