02-27 03:42:59.503  1905  1984 D BatteryService: uevent={POWER_SUPPLY_VOLTAGE_NOW=4393000, POWER_SUPPLY_VBUS_PRESENT=true, POWER_SUPPLY_TYPE=Battery, POWER_SUPPLY_HEALTH=Good, POWER_SUPPLY_TECHNOLOGY=Li-ion, POWER_SUPPLY_CHARGE_FULL_DESIGN=4822000, POWER_SUPPLY_CONSTANT_CHARGE_VOLTAGE=4400000, SEQNUM=7625, POWER_SUPPLY_STATUS=Full, POWER_SUPPLY_CYCLE_COUNT=0, POWER_SUPPLY_CAPACITY=100, DEVPATH=/devices/platform/1000d000.pwrap/1000d000.pwrap:main_pmic/mt6357-gauge/power_supply/battery, POWER_SUPPLY_CHARGE_RATE=Normal, POWER_SUPPLY_CURRENT_AVG=0, POWER_SUPPLY_CAPACITY_LEVEL=Full, POWER_SUPPLY_CURRENT_NOW=0, POWER_SUPPLY_PRESENT=1, POWER_SUPPLY_POWER_WATT=2, POWER_SUPPLY_CHARGE_FULL=4827700, POWER_SUPPLY_TIME_TO_FULL_NOW=0, SUBSYSTEM=power_supply, POWER_SUPPLY_TEMP=260, ACTION=change, POWER_SUPPLY_AGE=100, POWER_SUPPLY_NAME=battery, POWER_SUPPLY_LPD_PRESENT=false, POWER_SUPPLY_CHARGE_COUNTER=4827700}
02-27 03:42:59.503  1905  1984 D BatteryService: uevent={POWER_SUPPLY_VOLTAGE_NOW=4393000, POWER_SUPPLY_VBUS_PRESENT=true, POWER_SUPPLY_TYPE=Battery, POWER_SUPPLY_HEALTH=Good, POWER_SUPPLY_TECHNOLOGY=Li-ion, POWER_SUPPLY_CHARGE_FULL_DESIGN=4822000, POWER_SUPPLY_CONSTANT_CHARGE_VOLTAGE=4400000, SEQNUM=7625, POWER_SUPPLY_STATUS=Full, POWER_SUPPLY_CYCLE_COUNT=0, POWER_SUPPLY_CAPACITY=100, DEVPATH=/devices/platform/1000d000.pwrap/1000d000.pwrap:main_pmic/mt6357-gauge/power_supply/battery, POWER_SUPPLY_CHARGE_RATE=Normal, POWER_SUPPLY_CURRENT_AVG=0, POWER_SUPPLY_CAPACITY_LEVEL=Full, POWER_SUPPLY_CURRENT_NOW=0, POWER_SUPPLY_PRESENT=1, POWER_SUPPLY_POWER_WATT=2, POWER_SUPPLY_CHARGE_FULL=4827700, POWER_SUPPLY_TIME_TO_FULL_NOW=0, SUBSYSTEM=power_supply, POWER_SUPPLY_TEMP=260, ACTION=change, POWER_SUPPLY_AGE=100, POWER_SUPPLY_NAME=battery, POWER_SUPPLY_LPD_PRESENT=false, POWER_SUPPLY_CHARGE_COUNTER=4827700}
02-27 03:43:05.340  1905  2054 D ActivityManager: freezing 6661 com.motorola.android.fota, reason = oom_cached
02-27 03:43:09.770  1905  2054 D ActivityManager: freezing 6742 com.motorola.carriersettingsext, reason = oom_cached
02-27 03:43:10.749  1905  1937 I ActivityManager: Start proc 10222:com.google.android.gms.unstable/u0a152 for service {com.google.android.gms/com.google.android.gms.droidguard.DroidGuardService}
02-27 03:43:11.020  1905  1937 I ActivityManager: Start proc 10240:com.google.process.gservices/u0a152 for content provider {com.google.android.gsf/com.google.android.gsf.gservices.GservicesProvider}
02-27 03:43:11.164  1905  3744 W ActivityManager: Unable to start service Intent { act=com.google.android.gms.gservices.START pkg=com.google.android.gms } U=0: not found
02-27 03:43:11.165  1905  3744 W ActivityManager: Unbind failed: could not find connection for android.os.BinderProxy@e3226fe
02-27 03:43:19.509  1905  1984 D BatteryService: uevent={POWER_SUPPLY_VOLTAGE_NOW=4392000, POWER_SUPPLY_VBUS_PRESENT=true, POWER_SUPPLY_TYPE=Battery, POWER_SUPPLY_HEALTH=Good, POWER_SUPPLY_TECHNOLOGY=Li-ion, POWER_SUPPLY_CHARGE_FULL_DESIGN=4822000, POWER_SUPPLY_CONSTANT_CHARGE_VOLTAGE=4400000, SEQNUM=7626, POWER_SUPPLY_STATUS=Full, POWER_SUPPLY_CYCLE_COUNT=0, POWER_SUPPLY_CAPACITY=100, DEVPATH=/devices/platform/1000d000.pwrap/1000d000.pwrap:main_pmic/mt6357-gauge/power_supply/battery, POWER_SUPPLY_CHARGE_RATE=Normal, POWER_SUPPLY_CURRENT_AVG=-2200, POWER_SUPPLY_CAPACITY_LEVEL=Full, POWER_SUPPLY_CURRENT_NOW=-2200, POWER_SUPPLY_PRESENT=1, POWER_SUPPLY_POWER_WATT=2, POWER_SUPPLY_CHARGE_FULL=4827700, POWER_SUPPLY_TIME_TO_FULL_NOW=0, SUBSYSTEM=power_supply, POWER_SUPPLY_TEMP=260, ACTION=change, POWER_SUPPLY_AGE=100, POWER_SUPPLY_NAME=battery, POWER_SUPPLY_LPD_PRESENT=false, POWER_SUPPLY_CHARGE_COUNTER=4827700}
02-27 03:43:19.509  1905  1984 D BatteryService: uevent={POWER_SUPPLY_VOLTAGE_NOW=4392000, POWER_SUPPLY_VBUS_PRESENT=true, POWER_SUPPLY_TYPE=Battery, POWER_SUPPLY_HEALTH=Good, POWER_SUPPLY_TECHNOLOGY=Li-ion, POWER_SUPPLY_CHARGE_FULL_DESIGN=4822000, POWER_SUPPLY_CONSTANT_CHARGE_VOLTAGE=4400000, SEQNUM=7626, POWER_SUPPLY_STATUS=Full, POWER_SUPPLY_CYCLE_COUNT=0, POWER_SUPPLY_CAPACITY=100, DEVPATH=/devices/platform/1000d000.pwrap/1000d000.pwrap:main_pmic/mt6357-gauge/power_supply/battery, POWER_SUPPLY_CHARGE_RATE=Normal, POWER_SUPPLY_CURRENT_AVG=-2200, POWER_SUPPLY_CAPACITY_LEVEL=Full, POWER_SUPPLY_CURRENT_NOW=-2200, POWER_SUPPLY_PRESENT=1, POWER_SUPPLY_POWER_WATT=2, POWER_SUPPLY_CHARGE_FULL=4827700, POWER_SUPPLY_TIME_TO_FULL_NOW=0, SUBSYSTEM=power_supply, POWER_SUPPLY_TEMP=260, ACTION=change, POWER_SUPPLY_AGE=100, POWER_SUPPLY_NAME=battery, POWER_SUPPLY_LPD_PRESENT=false, POWER_SUPPLY_CHARGE_COUNTER=4827700}
02-27 03:43:39.511  1905  1984 D BatteryService: uevent={POWER_SUPPLY_VOLTAGE_NOW=4393000, POWER_SUPPLY_VBUS_PRESENT=true, POWER_SUPPLY_TYPE=Battery, POWER_SUPPLY_HEALTH=Good, POWER_SUPPLY_TECHNOLOGY=Li-ion, POWER_SUPPLY_CHARGE_FULL_DESIGN=4822000, POWER_SUPPLY_CONSTANT_CHARGE_VOLTAGE=4400000, SEQNUM=7627, POWER_SUPPLY_STATUS=Full, POWER_SUPPLY_CYCLE_COUNT=0, POWER_SUPPLY_CAPACITY=100, DEVPATH=/devices/platform/1000d000.pwrap/1000d000.pwrap:main_pmic/mt6357-gauge/power_supply/battery, POWER_SUPPLY_CHARGE_RATE=Normal, POWER_SUPPLY_CURRENT_AVG=-900, POWER_SUPPLY_CAPACITY_LEVEL=Full, POWER_SUPPLY_CURRENT_NOW=-900, POWER_SUPPLY_PRESENT=1, POWER_SUPPLY_POWER_WATT=2, POWER_SUPPLY_CHARGE_FULL=4827700, POWER_SUPPLY_TIME_TO_FULL_NOW=0, SUBSYSTEM=power_supply, POWER_SUPPLY_TEMP=250, ACTION=change, POWER_SUPPLY_AGE=100, POWER_SUPPLY_NAME=battery, POWER_SUPPLY_LPD_PRESENT=false, POWER_SUPPLY_CHARGE_COUNTER=4827700}
02-27 03:43:39.511  1905  1984 D BatteryService: uevent={POWER_SUPPLY_VOLTAGE_NOW=4393000, POWER_SUPPLY_VBUS_PRESENT=true, POWER_SUPPLY_TYPE=Battery, POWER_SUPPLY_HEALTH=Good, POWER_SUPPLY_TECHNOLOGY=Li-ion, POWER_SUPPLY_CHARGE_FULL_DESIGN=4822000, POWER_SUPPLY_CONSTANT_CHARGE_VOLTAGE=4400000, SEQNUM=7627, POWER_SUPPLY_STATUS=Full, POWER_SUPPLY_CYCLE_COUNT=0, POWER_SUPPLY_CAPACITY=100, DEVPATH=/devices/platform/1000d000.pwrap/1000d000.pwrap:main_pmic/mt6357-gauge/power_supply/battery, POWER_SUPPLY_CHARGE_RATE=Normal, POWER_SUPPLY_CURRENT_AVG=-900, POWER_SUPPLY_CAPACITY_LEVEL=Full, POWER_SUPPLY_CURRENT_NOW=-900, POWER_SUPPLY_PRESENT=1, POWER_SUPPLY_POWER_WATT=2, POWER_SUPPLY_CHARGE_FULL=4827700, POWER_SUPPLY_TIME_TO_FULL_NOW=0, SUBSYSTEM=power_supply, POWER_SUPPLY_TEMP=250, ACTION=change, POWER_SUPPLY_AGE=100, POWER_SUPPLY_NAME=battery, POWER_SUPPLY_LPD_PRESENT=false, POWER_SUPPLY_CHARGE_COUNTER=4827700}
02-27 03:43:39.528  1905  1905 V UiModeManager: updateLocked: null action, mDockState=0, category=null
02-27 03:43:39.528  1905  1905 D UiModeManager: updateConfigurationLocked: mDockState=0; mCarMode=false; mNightMode=1; mNightModeCustomType=-1; uiMode=81
02-27 03:43:39.538  2277  2705 D PowerUI : can't show warning due to - plugged: true status unknown: false
02-27 03:43:58.824  1905  1937 I ActivityManager: Start proc 10302:com.google.android.apps.messaging/u0a150 for content provider {com.google.android.apps.messaging/com.google.android.apps.messaging.shared.datamodel.provider.sharedstorage.SharedStorageProvider}
02-27 03:43:59.514  1905  1984 D BatteryService: uevent={POWER_SUPPLY_VOLTAGE_NOW=4394000, POWER_SUPPLY_VBUS_PRESENT=true, POWER_SUPPLY_TYPE=Battery, POWER_SUPPLY_HEALTH=Good, POWER_SUPPLY_TECHNOLOGY=Li-ion, POWER_SUPPLY_CHARGE_FULL_DESIGN=4822000, POWER_SUPPLY_CONSTANT_CHARGE_VOLTAGE=4400000, SEQNUM=7628, POWER_SUPPLY_STATUS=Full, POWER_SUPPLY_CYCLE_COUNT=0, POWER_SUPPLY_CAPACITY=100, DEVPATH=/devices/platform/1000d000.pwrap/1000d000.pwrap:main_pmic/mt6357-gauge/power_supply/battery, POWER_SUPPLY_CHARGE_RATE=Normal, POWER_SUPPLY_CURRENT_AVG=-5300, POWER_SUPPLY_CAPACITY_LEVEL=Full, POWER_SUPPLY_CURRENT_NOW=-5300, POWER_SUPPLY_PRESENT=1, POWER_SUPPLY_POWER_WATT=2, POWER_SUPPLY_CHARGE_FULL=4827700, POWER_SUPPLY_TIME_TO_FULL_NOW=0, SUBSYSTEM=power_supply, POWER_SUPPLY_TEMP=250, ACTION=change, POWER_SUPPLY_AGE=100, POWER_SUPPLY_NAME=battery, POWER_SUPPLY_LPD_PRESENT=false, POWER_SUPPLY_CHARGE_COUNTER=4827700}
02-27 03:43:59.514  1905  1984 D BatteryService: uevent={POWER_SUPPLY_VOLTAGE_NOW=4394000, POWER_SUPPLY_VBUS_PRESENT=true, POWER_SUPPLY_TYPE=Battery, POWER_SUPPLY_HEALTH=Good, POWER_SUPPLY_TECHNOLOGY=Li-ion, POWER_SUPPLY_CHARGE_FULL_DESIGN=4822000, POWER_SUPPLY_CONSTANT_CHARGE_VOLTAGE=4400000, SEQNUM=7628, POWER_SUPPLY_STATUS=Full, POWER_SUPPLY_CYCLE_COUNT=0, POWER_SUPPLY_CAPACITY=100, DEVPATH=/devices/platform/1000d000.pwrap/1000d000.pwrap:main_pmic/mt6357-gauge/power_supply/battery, POWER_SUPPLY_CHARGE_RATE=Normal, POWER_SUPPLY_CURRENT_AVG=-5300, POWER_SUPPLY_CAPACITY_LEVEL=Full, POWER_SUPPLY_CURRENT_NOW=-5300, POWER_SUPPLY_PRESENT=1, POWER_SUPPLY_POWER_WATT=2, POWER_SUPPLY_CHARGE_FULL=4827700, POWER_SUPPLY_TIME_TO_FULL_NOW=0, SUBSYSTEM=power_supply, POWER_SUPPLY_TEMP=250, ACTION=change, POWER_SUPPLY_AGE=100, POWER_SUPPLY_NAME=battery, POWER_SUPPLY_LPD_PRESENT=false, POWER_SUPPLY_CHARGE_COUNTER=4827700}
02-27 03:43:59.533  1905  1905 V UiModeManager: updateLocked: null action, mDockState=0, category=null
02-27 03:43:59.534  1905  1905 D UiModeManager: updateConfigurationLocked: mDockState=0; mCarMode=false; mNightMode=1; mNightModeCustomType=-1; uiMode=81
02-27 03:43:59.540  2277  3385 D PowerUI : can't show warning due to - plugged: true status unknown: false
02-27 03:44:05.458  1905  1935 I ActivityManager: Killing 9827:com.google.process.gapps/u0a152 (adj 995, setSvc -10000): empty #11
02-27 03:44:05.487  1905  3744 I ActivityManager: appDiedLocked: app=ProcessRecord{fc63283 9827:com.google.process.gapps/u0a152} thread=android.os.BinderProxy@8bee060 fromBinderDied=true isKilledByAm=true reason=null
02-27 03:44:05.487  1905  3744 D RestartModeController: markWaitRestartAppIsSuicided null processName=com.google.process.gapps
02-27 03:44:05.492  1905  3744 D ActivityTaskManager: handleAppDied: uid=10152,diedCount=1,lastDiedTime=13732693,forceStopUids=false
02-27 03:44:19.523  1905  1984 D BatteryService: uevent={POWER_SUPPLY_VOLTAGE_NOW=4393000, POWER_SUPPLY_VBUS_PRESENT=true, POWER_SUPPLY_TYPE=Battery, POWER_SUPPLY_HEALTH=Good, POWER_SUPPLY_TECHNOLOGY=Li-ion, POWER_SUPPLY_CHARGE_FULL_DESIGN=4822000, POWER_SUPPLY_CONSTANT_CHARGE_VOLTAGE=4400000, SEQNUM=7629, POWER_SUPPLY_STATUS=Full, POWER_SUPPLY_CYCLE_COUNT=0, POWER_SUPPLY_CAPACITY=100, DEVPATH=/devices/platform/1000d000.pwrap/1000d000.pwrap:main_pmic/mt6357-gauge/power_supply/battery, POWER_SUPPLY_CHARGE_RATE=Normal, POWER_SUPPLY_CURRENT_AVG=600, POWER_SUPPLY_CAPACITY_LEVEL=Full, POWER_SUPPLY_CURRENT_NOW=600, POWER_SUPPLY_PRESENT=1, POWER_SUPPLY_POWER_WATT=2, POWER_SUPPLY_CHARGE_FULL=4827700, POWER_SUPPLY_TIME_TO_FULL_NOW=0, SUBSYSTEM=power_supply, POWER_SUPPLY_TEMP=250, ACTION=change, POWER_SUPPLY_AGE=100, POWER_SUPPLY_NAME=battery, POWER_SUPPLY_LPD_PRESENT=false, POWER_SUPPLY_CHARGE_COUNTER=4827700}
02-27 03:44:19.524  1905  1984 D BatteryService: uevent={POWER_SUPPLY_VOLTAGE_NOW=4393000, POWER_SUPPLY_VBUS_PRESENT=true, POWER_SUPPLY_TYPE=Battery, POWER_SUPPLY_HEALTH=Good, POWER_SUPPLY_TECHNOLOGY=Li-ion, POWER_SUPPLY_CHARGE_FULL_DESIGN=4822000, POWER_SUPPLY_CONSTANT_CHARGE_VOLTAGE=4400000, SEQNUM=7629, POWER_SUPPLY_STATUS=Full, POWER_SUPPLY_CYCLE_COUNT=0, POWER_SUPPLY_CAPACITY=100, DEVPATH=/devices/platform/1000d000.pwrap/1000d000.pwrap:main_pmic/mt6357-gauge/power_supply/battery, POWER_SUPPLY_CHARGE_RATE=Normal, POWER_SUPPLY_CURRENT_AVG=600, POWER_SUPPLY_CAPACITY_LEVEL=Full, POWER_SUPPLY_CURRENT_NOW=600, POWER_SUPPLY_PRESENT=1, POWER_SUPPLY_POWER_WATT=2, POWER_SUPPLY_CHARGE_FULL=4827700, POWER_SUPPLY_TIME_TO_FULL_NOW=0, SUBSYSTEM=power_supply, POWER_SUPPLY_TEMP=250, ACTION=change, POWER_SUPPLY_AGE=100, POWER_SUPPLY_NAME=battery, POWER_SUPPLY_LPD_PRESENT=false, POWER_SUPPLY_CHARGE_COUNTER=4827700}
02-27 03:44:19.540  1905  1905 V UiModeManager: updateLocked: null action, mDockState=0, category=null
02-27 03:44:19.541  1905  1905 D UiModeManager: updateConfigurationLocked: mDockState=0; mCarMode=false; mNightMode=1; mNightModeCustomType=-1; uiMode=81
02-27 03:44:19.546  2277  3382 D PowerUI : can't show warning due to - plugged: true status unknown: false
02-27 03:44:20.278  1905  1936 W BroadcastQueue: Exported Denial: sending Intent { act=android.net.conn.CONNECTIVITY_CHANGE flg=0x4200010 (has extras) }, action: android.net.conn.CONNECTIVITY_CHANGE from null (uid=-1) due to receiver ProcessRecord{12cf146 10302:com.google.android.apps.messaging/u0a150} (uid 10150) not specifying RECEIVER_EXPORTED
02-27 03:44:26.874  1905  9093 I ActivityManager: Killing 9864:com.android.chrome/u0a197 (adj 995, setSvc -10000): empty #11
02-27 03:44:26.876  1905  9093 I ActivityManager: Killing 9768:com.google.android.partnersetup/u0a166 (adj 945, setSvc -10000): empty #12
02-27 03:44:26.899  1905  2352 I ActivityManager: appDiedLocked: app=ProcessRecord{cc5004 9768:com.google.android.partnersetup/u0a166} thread=android.os.BinderProxy@6d18f7c fromBinderDied=true isKilledByAm=true reason=null
02-27 03:44:26.901  1905  2352 D RestartModeController: markWaitRestartAppIsSuicided null processName=com.google.android.partnersetup
02-27 03:44:26.903  1905  1926 D DisplayManagerService: Drop pending events for gone uid 10166
02-27 03:44:26.905  1905  2352 D ActivityTaskManager: handleAppDied: uid=10166,diedCount=1,lastDiedTime=9911959,forceStopUids=false
02-27 03:44:26.912  1905  7754 I ActivityManager: appDiedLocked: app=ProcessRecord{86e83b4 9864:com.android.chrome/u0a197} thread=android.os.BinderProxy@6da1005 fromBinderDied=true isKilledByAm=true reason=null
02-27 03:44:26.913  1905  7754 D RestartModeController: markWaitRestartAppIsSuicided null processName=com.android.chrome
02-27 03:44:26.914  1905  1926 D DisplayManagerService: Drop pending events for gone uid 10197
02-27 03:44:26.914  1905  7754 D ActivityTaskManager: handleAppDied: uid=10197,diedCount=1,lastDiedTime=11233232,forceStopUids=false
02-27 03:44:34.511  1905  1937 I ActivityManager: Start proc 10393:android.process.acore/u0a86 for content provider {com.android.providers.contacts/com.android.providers.contacts.ContactsProvider2}
02-27 03:44:34.686  1905  3744 D CountryDetector: The first listener is added
02-27 03:44:34.863  1905  7754 I ActivityManager: Killing 9789:com.tracfone.preload.accountservices/u0a170 (adj 995, setSvc -10000): empty #11
02-27 03:44:34.894  1905  6241 I ActivityManager: appDiedLocked: app=ProcessRecord{765c234 9789:com.tracfone.preload.accountservices/u0a170} thread=android.os.BinderProxy@d5a5027 fromBinderDied=true isKilledByAm=true reason=null
02-27 03:44:34.897  1905  6241 D RestartModeController: markWaitRestartAppIsSuicided null processName=com.tracfone.preload.accountservices
02-27 03:44:34.899  1905  6241 D ActivityTaskManager: handleAppDied: uid=10170,diedCount=1,lastDiedTime=8104200,forceStopUids=false
02-27 03:44:34.899  1905  1926 D DisplayManagerService: Drop pending events for gone uid 10170
02-27 03:44:39.527  1905  1984 D BatteryService: uevent={POWER_SUPPLY_VOLTAGE_NOW=4393000, POWER_SUPPLY_VBUS_PRESENT=true, POWER_SUPPLY_TYPE=Battery, POWER_SUPPLY_HEALTH=Good, POWER_SUPPLY_TECHNOLOGY=Li-ion, POWER_SUPPLY_CHARGE_FULL_DESIGN=4822000, POWER_SUPPLY_CONSTANT_CHARGE_VOLTAGE=4400000, SEQNUM=7630, POWER_SUPPLY_STATUS=Full, POWER_SUPPLY_CYCLE_COUNT=0, POWER_SUPPLY_CAPACITY=100, DEVPATH=/devices/platform/1000d000.pwrap/1000d000.pwrap:main_pmic/mt6357-gauge/power_supply/battery, POWER_SUPPLY_CHARGE_RATE=Normal, POWER_SUPPLY_CURRENT_AVG=600, POWER_SUPPLY_CAPACITY_LEVEL=Full, POWER_SUPPLY_CURRENT_NOW=600, POWER_SUPPLY_PRESENT=1, POWER_SUPPLY_POWER_WATT=2, POWER_SUPPLY_CHARGE_FULL=4827700, POWER_SUPPLY_TIME_TO_FULL_NOW=0, SUBSYSTEM=power_supply, POWER_SUPPLY_TEMP=250, ACTION=change, POWER_SUPPLY_AGE=100, POWER_SUPPLY_NAME=battery, POWER_SUPPLY_LPD_PRESENT=false, POWER_SUPPLY_CHARGE_COUNTER=4827700}
02-27 03:44:39.527  1905  1984 D BatteryService: uevent={POWER_SUPPLY_VOLTAGE_NOW=4393000, POWER_SUPPLY_VBUS_PRESENT=true, POWER_SUPPLY_TYPE=Battery, POWER_SUPPLY_HEALTH=Good, POWER_SUPPLY_TECHNOLOGY=Li-ion, POWER_SUPPLY_CHARGE_FULL_DESIGN=4822000, POWER_SUPPLY_CONSTANT_CHARGE_VOLTAGE=4400000, SEQNUM=7630, POWER_SUPPLY_STATUS=Full, POWER_SUPPLY_CYCLE_COUNT=0, POWER_SUPPLY_CAPACITY=100, DEVPATH=/devices/platform/1000d000.pwrap/1000d000.pwrap:main_pmic/mt6357-gauge/power_supply/battery, POWER_SUPPLY_CHARGE_RATE=Normal, POWER_SUPPLY_CURRENT_AVG=600, POWER_SUPPLY_CAPACITY_LEVEL=Full, POWER_SUPPLY_CURRENT_NOW=600, POWER_SUPPLY_PRESENT=1, POWER_SUPPLY_POWER_WATT=2, POWER_SUPPLY_CHARGE_FULL=4827700, POWER_SUPPLY_TIME_TO_FULL_NOW=0, SUBSYSTEM=power_supply, POWER_SUPPLY_TEMP=250, ACTION=change, POWER_SUPPLY_AGE=100, POWER_SUPPLY_NAME=battery, POWER_SUPPLY_LPD_PRESENT=false, POWER_SUPPLY_CHARGE_COUNTER=4827700}
02-27 03:44:39.542  1905  1905 V UiModeManager: updateLocked: null action, mDockState=0, category=null
02-27 03:44:39.543  1905  1905 D UiModeManager: updateConfigurationLocked: mDockState=0; mCarMode=false; mNightMode=1; mNightModeCustomType=-1; uiMode=81
02-27 03:44:39.551  2277  2849 D PowerUI : can't show warning due to - plugged: true status unknown: false
02-27 03:44:40.508  1905  1905 V UiModeManager: updateLocked: null action, mDockState=0, category=null
02-27 03:44:40.509  1905  1905 D UiModeManager: updateConfigurationLocked: mDockState=0; mCarMode=false; mNightMode=1; mNightModeCustomType=-1; uiMode=81
02-27 03:44:40.517  2277  3011 D PowerUI : can't show warning due to - plugged: true status unknown: false
02-27 03:44:59.529  1905  1984 D BatteryService: uevent={POWER_SUPPLY_VOLTAGE_NOW=4393000, POWER_SUPPLY_VBUS_PRESENT=true, POWER_SUPPLY_TYPE=Battery, POWER_SUPPLY_HEALTH=Good, POWER_SUPPLY_TECHNOLOGY=Li-ion, POWER_SUPPLY_CHARGE_FULL_DESIGN=4822000, POWER_SUPPLY_CONSTANT_CHARGE_VOLTAGE=4400000, SEQNUM=7631, POWER_SUPPLY_STATUS=Full, POWER_SUPPLY_CYCLE_COUNT=0, POWER_SUPPLY_CAPACITY=100, DEVPATH=/devices/platform/1000d000.pwrap/1000d000.pwrap:main_pmic/mt6357-gauge/power_supply/battery, POWER_SUPPLY_CHARGE_RATE=Normal, POWER_SUPPLY_CURRENT_AVG=1500, POWER_SUPPLY_CAPACITY_LEVEL=Full, POWER_SUPPLY_CURRENT_NOW=1500, POWER_SUPPLY_PRESENT=1, POWER_SUPPLY_POWER_WATT=2, POWER_SUPPLY_CHARGE_FULL=4827700, POWER_SUPPLY_TIME_TO_FULL_NOW=0, SUBSYSTEM=power_supply, POWER_SUPPLY_TEMP=250, ACTION=change, POWER_SUPPLY_AGE=100, POWER_SUPPLY_NAME=battery, POWER_SUPPLY_LPD_PRESENT=false, POWER_SUPPLY_CHARGE_COUNTER=4827700}
02-27 03:44:59.529  1905  1984 D BatteryService: uevent={POWER_SUPPLY_VOLTAGE_NOW=4393000, POWER_SUPPLY_VBUS_PRESENT=true, POWER_SUPPLY_TYPE=Battery, POWER_SUPPLY_HEALTH=Good, POWER_SUPPLY_TECHNOLOGY=Li-ion, POWER_SUPPLY_CHARGE_FULL_DESIGN=4822000, POWER_SUPPLY_CONSTANT_CHARGE_VOLTAGE=4400000, SEQNUM=7631, POWER_SUPPLY_STATUS=Full, POWER_SUPPLY_CYCLE_COUNT=0, POWER_SUPPLY_CAPACITY=100, DEVPATH=/devices/platform/1000d000.pwrap/1000d000.pwrap:main_pmic/mt6357-gauge/power_supply/battery, POWER_SUPPLY_CHARGE_RATE=Normal, POWER_SUPPLY_CURRENT_AVG=1500, POWER_SUPPLY_CAPACITY_LEVEL=Full, POWER_SUPPLY_CURRENT_NOW=1500, POWER_SUPPLY_PRESENT=1, POWER_SUPPLY_POWER_WATT=2, POWER_SUPPLY_CHARGE_FULL=4827700, POWER_SUPPLY_TIME_TO_FULL_NOW=0, SUBSYSTEM=power_supply, POWER_SUPPLY_TEMP=250, ACTION=change, POWER_SUPPLY_AGE=100, POWER_SUPPLY_NAME=battery, POWER_SUPPLY_LPD_PRESENT=false, POWER_SUPPLY_CHARGE_COUNTER=4827700}
02-27 03:44:59.544  1905  1905 V UiModeManager: updateLocked: null action, mDockState=0, category=null
02-27 03:44:59.545  1905  1905 D UiModeManager: updateConfigurationLocked: mDockState=0; mCarMode=false; mNightMode=1; mNightModeCustomType=-1; uiMode=81
02-27 03:44:59.552  2277  3364 D PowerUI : can't show warning due to - plugged: true status unknown: false
02-27 03:45:19.535  1905  1984 D BatteryService: uevent={POWER_SUPPLY_VOLTAGE_NOW=4392000, POWER_SUPPLY_VBUS_PRESENT=true, POWER_SUPPLY_TYPE=Battery, POWER_SUPPLY_HEALTH=Good, POWER_SUPPLY_TECHNOLOGY=Li-ion, POWER_SUPPLY_CHARGE_FULL_DESIGN=4822000, POWER_SUPPLY_CONSTANT_CHARGE_VOLTAGE=4400000, SEQNUM=7632, POWER_SUPPLY_STATUS=Full, POWER_SUPPLY_CYCLE_COUNT=0, POWER_SUPPLY_CAPACITY=100, DEVPATH=/devices/platform/1000d000.pwrap/1000d000.pwrap:main_pmic/mt6357-gauge/power_supply/battery, POWER_SUPPLY_CHARGE_RATE=Normal, POWER_SUPPLY_CURRENT_AVG=0, POWER_SUPPLY_CAPACITY_LEVEL=Full, POWER_SUPPLY_CURRENT_NOW=-900, POWER_SUPPLY_PRESENT=1, POWER_SUPPLY_POWER_WATT=2, POWER_SUPPLY_CHARGE_FULL=4827700, POWER_SUPPLY_TIME_TO_FULL_NOW=0, SUBSYSTEM=power_supply, POWER_SUPPLY_TEMP=250, ACTION=change, POWER_SUPPLY_AGE=100, POWER_SUPPLY_NAME=battery, POWER_SUPPLY_LPD_PRESENT=false, POWER_SUPPLY_CHARGE_COUNTER=4827700}
02-27 03:45:19.535  1905  1984 D BatteryService: uevent={POWER_SUPPLY_VOLTAGE_NOW=4392000, POWER_SUPPLY_VBUS_PRESENT=true, POWER_SUPPLY_TYPE=Battery, POWER_SUPPLY_HEALTH=Good, POWER_SUPPLY_TECHNOLOGY=Li-ion, POWER_SUPPLY_CHARGE_FULL_DESIGN=4822000, POWER_SUPPLY_CONSTANT_CHARGE_VOLTAGE=4400000, SEQNUM=7632, POWER_SUPPLY_STATUS=Full, POWER_SUPPLY_CYCLE_COUNT=0, POWER_SUPPLY_CAPACITY=100, DEVPATH=/devices/platform/1000d000.pwrap/1000d000.pwrap:main_pmic/mt6357-gauge/power_supply/battery, POWER_SUPPLY_CHARGE_RATE=Normal, POWER_SUPPLY_CURRENT_AVG=0, POWER_SUPPLY_CAPACITY_LEVEL=Full, POWER_SUPPLY_CURRENT_NOW=-900, POWER_SUPPLY_PRESENT=1, POWER_SUPPLY_POWER_WATT=2, POWER_SUPPLY_CHARGE_FULL=4827700, POWER_SUPPLY_TIME_TO_FULL_NOW=0, SUBSYSTEM=power_supply, POWER_SUPPLY_TEMP=250, ACTION=change, POWER_SUPPLY_AGE=100, POWER_SUPPLY_NAME=battery, POWER_SUPPLY_LPD_PRESENT=false, POWER_SUPPLY_CHARGE_COUNTER=4827700}
02-27 03:45:19.551  1905  1905 V UiModeManager: updateLocked: null action, mDockState=0, category=null
02-27 03:45:19.552  1905  1905 D UiModeManager: updateConfigurationLocked: mDockState=0; mCarMode=false; mNightMode=1; mNightModeCustomType=-1; uiMode=81
02-27 03:45:19.561  2277  3144 D PowerUI : can't show warning due to - plugged: true status unknown: false
02-27 03:45:39.537  1905  1984 D BatteryService: uevent={POWER_SUPPLY_VOLTAGE_NOW=4392000, POWER_SUPPLY_VBUS_PRESENT=true, POWER_SUPPLY_TYPE=Battery, POWER_SUPPLY_HEALTH=Good, POWER_SUPPLY_TECHNOLOGY=Li-ion, POWER_SUPPLY_CHARGE_FULL_DESIGN=4822000, POWER_SUPPLY_CONSTANT_CHARGE_VOLTAGE=4400000, SEQNUM=7633, POWER_SUPPLY_STATUS=Full, POWER_SUPPLY_CYCLE_COUNT=0, POWER_SUPPLY_CAPACITY=100, DEVPATH=/devices/platform/1000d000.pwrap/1000d000.pwrap:main_pmic/mt6357-gauge/power_supply/battery, POWER_SUPPLY_CHARGE_RATE=Normal, POWER_SUPPLY_CURRENT_AVG=900, POWER_SUPPLY_CAPACITY_LEVEL=Full, POWER_SUPPLY_CURRENT_NOW=900, POWER_SUPPLY_PRESENT=1, POWER_SUPPLY_POWER_WATT=2, POWER_SUPPLY_CHARGE_FULL=4827700, POWER_SUPPLY_TIME_TO_FULL_NOW=0, SUBSYSTEM=power_supply, POWER_SUPPLY_TEMP=250, ACTION=change, POWER_SUPPLY_AGE=100, POWER_SUPPLY_NAME=battery, POWER_SUPPLY_LPD_PRESENT=false, POWER_SUPPLY_CHARGE_COUNTER=4827700}
02-27 03:45:39.538  1905  1984 D BatteryService: uevent={POWER_SUPPLY_VOLTAGE_NOW=4392000, POWER_SUPPLY_VBUS_PRESENT=true, POWER_SUPPLY_TYPE=Battery, POWER_SUPPLY_HEALTH=Good, POWER_SUPPLY_TECHNOLOGY=Li-ion, POWER_SUPPLY_CHARGE_FULL_DESIGN=4822000, POWER_SUPPLY_CONSTANT_CHARGE_VOLTAGE=4400000, SEQNUM=7633, POWER_SUPPLY_STATUS=Full, POWER_SUPPLY_CYCLE_COUNT=0, POWER_SUPPLY_CAPACITY=100, DEVPATH=/devices/platform/1000d000.pwrap/1000d000.pwrap:main_pmic/mt6357-gauge/power_supply/battery, POWER_SUPPLY_CHARGE_RATE=Normal, POWER_SUPPLY_CURRENT_AVG=900, POWER_SUPPLY_CAPACITY_LEVEL=Full, POWER_SUPPLY_CURRENT_NOW=900, POWER_SUPPLY_PRESENT=1, POWER_SUPPLY_POWER_WATT=2, POWER_SUPPLY_CHARGE_FULL=4827700, POWER_SUPPLY_TIME_TO_FULL_NOW=0, SUBSYSTEM=power_supply, POWER_SUPPLY_TEMP=250, ACTION=change, POWER_SUPPLY_AGE=100, POWER_SUPPLY_NAME=battery, POWER_SUPPLY_LPD_PRESENT=false, POWER_SUPPLY_CHARGE_COUNTER=4827700}
02-27 03:45:39.554  1905  1905 V UiModeManager: updateLocked: null action, mDockState=0, category=null
02-27 03:45:39.554  1905  1905 D UiModeManager: updateConfigurationLocked: mDockState=0; mCarMode=false; mNightMode=1; mNightModeCustomType=-1; uiMode=81
02-27 03:45:39.563  2277  3377 D PowerUI : can't show warning due to - plugged: true status unknown: false
02-27 03:45:40.508  1905  1905 V UiModeManager: updateLocked: null action, mDockState=0, category=null
02-27 03:45:40.509  1905  1905 D UiModeManager: updateConfigurationLocked: mDockState=0; mCarMode=false; mNightMode=1; mNightModeCustomType=-1; uiMode=81
02-27 03:45:40.516  2277  2705 D PowerUI : can't show warning due to - plugged: true status unknown: false
02-27 03:45:59.544  1905  1984 D BatteryService: uevent={POWER_SUPPLY_VOLTAGE_NOW=4392000, POWER_SUPPLY_VBUS_PRESENT=true, POWER_SUPPLY_TYPE=Battery, POWER_SUPPLY_HEALTH=Good, POWER_SUPPLY_TECHNOLOGY=Li-ion, POWER_SUPPLY_CHARGE_FULL_DESIGN=4822000, POWER_SUPPLY_CONSTANT_CHARGE_VOLTAGE=4400000, SEQNUM=7634, POWER_SUPPLY_STATUS=Full, POWER_SUPPLY_CYCLE_COUNT=0, POWER_SUPPLY_CAPACITY=100, DEVPATH=/devices/platform/1000d000.pwrap/1000d000.pwrap:main_pmic/mt6357-gauge/power_supply/battery, POWER_SUPPLY_CHARGE_RATE=Normal, POWER_SUPPLY_CURRENT_AVG=-600, POWER_SUPPLY_CAPACITY_LEVEL=Full, POWER_SUPPLY_CURRENT_NOW=-600, POWER_SUPPLY_PRESENT=1, POWER_SUPPLY_POWER_WATT=2, POWER_SUPPLY_CHARGE_FULL=4827700, POWER_SUPPLY_TIME_TO_FULL_NOW=0, SUBSYSTEM=power_supply, POWER_SUPPLY_TEMP=250, ACTION=change, POWER_SUPPLY_AGE=100, POWER_SUPPLY_NAME=battery, POWER_SUPPLY_LPD_PRESENT=false, POWER_SUPPLY_CHARGE_COUNTER=4827700}
02-27 03:45:59.545  1905  1984 D BatteryService: uevent={POWER_SUPPLY_VOLTAGE_NOW=4392000, POWER_SUPPLY_VBUS_PRESENT=true, POWER_SUPPLY_TYPE=Battery, POWER_SUPPLY_HEALTH=Good, POWER_SUPPLY_TECHNOLOGY=Li-ion, POWER_SUPPLY_CHARGE_FULL_DESIGN=4822000, POWER_SUPPLY_CONSTANT_CHARGE_VOLTAGE=4400000, SEQNUM=7634, POWER_SUPPLY_STATUS=Full, POWER_SUPPLY_CYCLE_COUNT=0, POWER_SUPPLY_CAPACITY=100, DEVPATH=/devices/platform/1000d000.pwrap/1000d000.pwrap:main_pmic/mt6357-gauge/power_supply/battery, POWER_SUPPLY_CHARGE_RATE=Normal, POWER_SUPPLY_CURRENT_AVG=-600, POWER_SUPPLY_CAPACITY_LEVEL=Full, POWER_SUPPLY_CURRENT_NOW=-600, POWER_SUPPLY_PRESENT=1, POWER_SUPPLY_POWER_WATT=2, POWER_SUPPLY_CHARGE_FULL=4827700, POWER_SUPPLY_TIME_TO_FULL_NOW=0, SUBSYSTEM=power_supply, POWER_SUPPLY_TEMP=250, ACTION=change, POWER_SUPPLY_AGE=100, POWER_SUPPLY_NAME=battery, POWER_SUPPLY_LPD_PRESENT=false, POWER_SUPPLY_CHARGE_COUNTER=4827700}
02-27 03:46:19.548  1905  1984 D BatteryService: uevent={POWER_SUPPLY_VOLTAGE_NOW=4393000, POWER_SUPPLY_VBUS_PRESENT=true, POWER_SUPPLY_TYPE=Battery, POWER_SUPPLY_HEALTH=Good, POWER_SUPPLY_TECHNOLOGY=Li-ion, POWER_SUPPLY_CHARGE_FULL_DESIGN=4822000, POWER_SUPPLY_CONSTANT_CHARGE_VOLTAGE=4400000, SEQNUM=7635, POWER_SUPPLY_STATUS=Full, POWER_SUPPLY_CYCLE_COUNT=0, POWER_SUPPLY_CAPACITY=100, DEVPATH=/devices/platform/1000d000.pwrap/1000d000.pwrap:main_pmic/mt6357-gauge/power_supply/battery, POWER_SUPPLY_CHARGE_RATE=Normal, POWER_SUPPLY_CURRENT_AVG=300, POWER_SUPPLY_CAPACITY_LEVEL=Full, POWER_SUPPLY_CURRENT_NOW=300, POWER_SUPPLY_PRESENT=1, POWER_SUPPLY_POWER_WATT=2, POWER_SUPPLY_CHARGE_FULL=4827700, POWER_SUPPLY_TIME_TO_FULL_NOW=0, SUBSYSTEM=power_supply, POWER_SUPPLY_TEMP=250, ACTION=change, POWER_SUPPLY_AGE=100, POWER_SUPPLY_NAME=battery, POWER_SUPPLY_LPD_PRESENT=false, POWER_SUPPLY_CHARGE_COUNTER=4827700}
02-27 03:46:19.548  1905  1984 D BatteryService: uevent={POWER_SUPPLY_VOLTAGE_NOW=4393000, POWER_SUPPLY_VBUS_PRESENT=true, POWER_SUPPLY_TYPE=Battery, POWER_SUPPLY_HEALTH=Good, POWER_SUPPLY_TECHNOLOGY=Li-ion, POWER_SUPPLY_CHARGE_FULL_DESIGN=4822000, POWER_SUPPLY_CONSTANT_CHARGE_VOLTAGE=4400000, SEQNUM=7635, POWER_SUPPLY_STATUS=Full, POWER_SUPPLY_CYCLE_COUNT=0, POWER_SUPPLY_CAPACITY=100, DEVPATH=/devices/platform/1000d000.pwrap/1000d000.pwrap:main_pmic/mt6357-gauge/power_supply/battery, POWER_SUPPLY_CHARGE_RATE=Normal, POWER_SUPPLY_CURRENT_AVG=300, POWER_SUPPLY_CAPACITY_LEVEL=Full, POWER_SUPPLY_CURRENT_NOW=300, POWER_SUPPLY_PRESENT=1, POWER_SUPPLY_POWER_WATT=2, POWER_SUPPLY_CHARGE_FULL=4827700, POWER_SUPPLY_TIME_TO_FULL_NOW=0, SUBSYSTEM=power_supply, POWER_SUPPLY_TEMP=250, ACTION=change, POWER_SUPPLY_AGE=100, POWER_SUPPLY_NAME=battery, POWER_SUPPLY_LPD_PRESENT=false, POWER_SUPPLY_CHARGE_COUNTER=4827700}
02-27 03:46:19.563  1905  1905 V UiModeManager: updateLocked: null action, mDockState=0, category=null
02-27 03:46:19.563  1905  1905 D UiModeManager: updateConfigurationLocked: mDockState=0; mCarMode=false; mNightMode=1; mNightModeCustomType=-1; uiMode=81
02-27 03:46:19.569  2277  3385 D PowerUI : can't show warning due to - plugged: true status unknown: false
02-27 03:46:39.551  1905  1984 D BatteryService: uevent={POWER_SUPPLY_VOLTAGE_NOW=4393000, POWER_SUPPLY_VBUS_PRESENT=true, POWER_SUPPLY_TYPE=Battery, POWER_SUPPLY_HEALTH=Good, POWER_SUPPLY_TECHNOLOGY=Li-ion, POWER_SUPPLY_CHARGE_FULL_DESIGN=4822000, POWER_SUPPLY_CONSTANT_CHARGE_VOLTAGE=4400000, SEQNUM=7636, POWER_SUPPLY_STATUS=Full, POWER_SUPPLY_CYCLE_COUNT=0, POWER_SUPPLY_CAPACITY=100, DEVPATH=/devices/platform/1000d000.pwrap/1000d000.pwrap:main_pmic/mt6357-gauge/power_supply/battery, POWER_SUPPLY_CHARGE_RATE=Normal, POWER_SUPPLY_CURRENT_AVG=600, POWER_SUPPLY_CAPACITY_LEVEL=Full, POWER_SUPPLY_CURRENT_NOW=600, POWER_SUPPLY_PRESENT=1, POWER_SUPPLY_POWER_WATT=2, POWER_SUPPLY_CHARGE_FULL=4827700, POWER_SUPPLY_TIME_TO_FULL_NOW=0, SUBSYSTEM=power_supply, POWER_SUPPLY_TEMP=250, ACTION=change, POWER_SUPPLY_AGE=100, POWER_SUPPLY_NAME=battery, POWER_SUPPLY_LPD_PRESENT=false, POWER_SUPPLY_CHARGE_COUNTER=4827700}
02-27 03:46:39.551  1905  1984 D BatteryService: uevent={POWER_SUPPLY_VOLTAGE_NOW=4393000, POWER_SUPPLY_VBUS_PRESENT=true, POWER_SUPPLY_TYPE=Battery, POWER_SUPPLY_HEALTH=Good, POWER_SUPPLY_TECHNOLOGY=Li-ion, POWER_SUPPLY_CHARGE_FULL_DESIGN=4822000, POWER_SUPPLY_CONSTANT_CHARGE_VOLTAGE=4400000, SEQNUM=7636, POWER_SUPPLY_STATUS=Full, POWER_SUPPLY_CYCLE_COUNT=0, POWER_SUPPLY_CAPACITY=100, DEVPATH=/devices/platform/1000d000.pwrap/1000d000.pwrap:main_pmic/mt6357-gauge/power_supply/battery, POWER_SUPPLY_CHARGE_RATE=Normal, POWER_SUPPLY_CURRENT_AVG=600, POWER_SUPPLY_CAPACITY_LEVEL=Full, POWER_SUPPLY_CURRENT_NOW=600, POWER_SUPPLY_PRESENT=1, POWER_SUPPLY_POWER_WATT=2, POWER_SUPPLY_CHARGE_FULL=4827700, POWER_SUPPLY_TIME_TO_FULL_NOW=0, SUBSYSTEM=power_supply, POWER_SUPPLY_TEMP=250, ACTION=change, POWER_SUPPLY_AGE=100, POWER_SUPPLY_NAME=battery, POWER_SUPPLY_LPD_PRESENT=false, POWER_SUPPLY_CHARGE_COUNTER=4827700}
02-27 03:46:39.567  1905  1905 V UiModeManager: updateLocked: null action, mDockState=0, category=null
02-27 03:46:39.568  1905  1905 D UiModeManager: updateConfigurationLocked: mDockState=0; mCarMode=false; mNightMode=1; mNightModeCustomType=-1; uiMode=81
02-27 03:46:39.572  2277  3382 D PowerUI : can't show warning due to - plugged: true status unknown: false
02-27 03:46:59.559  1905  1984 D BatteryService: uevent={POWER_SUPPLY_VOLTAGE_NOW=4393000, POWER_SUPPLY_VBUS_PRESENT=true, POWER_SUPPLY_TYPE=Battery, POWER_SUPPLY_HEALTH=Good, POWER_SUPPLY_TECHNOLOGY=Li-ion, POWER_SUPPLY_CHARGE_FULL_DESIGN=4822000, POWER_SUPPLY_CONSTANT_CHARGE_VOLTAGE=4400000, SEQNUM=7637, POWER_SUPPLY_STATUS=Full, POWER_SUPPLY_CYCLE_COUNT=0, POWER_SUPPLY_CAPACITY=100, DEVPATH=/devices/platform/1000d000.pwrap/1000d000.pwrap:main_pmic/mt6357-gauge/power_supply/battery, POWER_SUPPLY_CHARGE_RATE=Normal, POWER_SUPPLY_CURRENT_AVG=-600, POWER_SUPPLY_CAPACITY_LEVEL=Full, POWER_SUPPLY_CURRENT_NOW=-600, POWER_SUPPLY_PRESENT=1, POWER_SUPPLY_POWER_WATT=2, POWER_SUPPLY_CHARGE_FULL=4827700, POWER_SUPPLY_TIME_TO_FULL_NOW=0, SUBSYSTEM=power_supply, POWER_SUPPLY_TEMP=250, ACTION=change, POWER_SUPPLY_AGE=100, POWER_SUPPLY_NAME=battery, POWER_SUPPLY_LPD_PRESENT=false, POWER_SUPPLY_CHARGE_COUNTER=4827700}
02-27 03:46:59.560  1905  1984 D BatteryService: uevent={POWER_SUPPLY_VOLTAGE_NOW=4393000, POWER_SUPPLY_VBUS_PRESENT=true, POWER_SUPPLY_TYPE=Battery, POWER_SUPPLY_HEALTH=Good, POWER_SUPPLY_TECHNOLOGY=Li-ion, POWER_SUPPLY_CHARGE_FULL_DESIGN=4822000, POWER_SUPPLY_CONSTANT_CHARGE_VOLTAGE=4400000, SEQNUM=7637, POWER_SUPPLY_STATUS=Full, POWER_SUPPLY_CYCLE_COUNT=0, POWER_SUPPLY_CAPACITY=100, DEVPATH=/devices/platform/1000d000.pwrap/1000d000.pwrap:main_pmic/mt6357-gauge/power_supply/battery, POWER_SUPPLY_CHARGE_RATE=Normal, POWER_SUPPLY_CURRENT_AVG=-600, POWER_SUPPLY_CAPACITY_LEVEL=Full, POWER_SUPPLY_CURRENT_NOW=-600, POWER_SUPPLY_PRESENT=1, POWER_SUPPLY_POWER_WATT=2, POWER_SUPPLY_CHARGE_FULL=4827700, POWER_SUPPLY_TIME_TO_FULL_NOW=0, SUBSYSTEM=power_supply, POWER_SUPPLY_TEMP=250, ACTION=change, POWER_SUPPLY_AGE=100, POWER_SUPPLY_NAME=battery, POWER_SUPPLY_LPD_PRESENT=false, POWER_SUPPLY_CHARGE_COUNTER=4827700}
02-27 03:46:59.576  1905  1905 V UiModeManager: updateLocked: null action, mDockState=0, category=null
02-27 03:46:59.577  1905  1905 D UiModeManager: updateConfigurationLocked: mDockState=0; mCarMode=false; mNightMode=1; mNightModeCustomType=-1; uiMode=81
02-27 03:46:59.586  2277  2849 D PowerUI : can't show warning due to - plugged: true status unknown: false
02-27 03:47:12.006  1905  1954 V DisplayPowerController[0]: Brightness [0.0] reason changing to: 'automatic [ dim ]', previous reason: 'automatic'.
02-27 03:47:12.008  1905  1954 I DisplayPowerController[0]: 2025-02-27 09:47:12 - BrightnessEvent: disp=0, physDisp=local:0, brt=0.0, initBrt=0.02240856, brtNits=2.9983952, preNits=10.407898, rcmdNits=12.3249445, brt(%)=0%, preBrt(%)=2%, brtInt=1, rcmdBrt=0.02240856, preBrt=0.017363736, lux=1.0, fastAmbientLux=1.0, slowAmbientLux=1.017214, preLux=1.6704155, hbmMax=0.9999, hbmMode=off, rbcStrength=50, powerFactor=1.0, thrmMax=1.0, flags=, reason=automatic [ dim ], autoBrightness=true
02-27 03:47:12.013  1905  1905 I BrightnessSynchronizer: New Update: {[527] 0.02240856(f), mUpdatedTypes=0, mConfirmedTypes=0, mTimeUpdated=0, mState=2}
02-27 03:47:12.045  1905  1954 I DisplayPowerController[0]: 2025-02-27 09:47:12 - BrightnessEvent: disp=0, physDisp=local:0, brt=0.0, initBrt=0.0, brtNits=2.9983952, preNits=10.407898, rcmdNits=12.3249445, brt(%)=0%, preBrt(%)=2%, brtInt=1, rcmdBrt=0.02240856, preBrt=0.017363736, lux=1.0, fastAmbientLux=1.0, slowAmbientLux=1.017214, preLux=1.6704155, hbmMax=0.9999, hbmMode=off, rbcStrength=50, powerFactor=1.0, thrmMax=1.0, flags=, reason=automatic [ dim ], autoBrightness=true
02-27 03:47:12.049  1905  1928 D DisplayManagerService: Ignore redundant display event 0/4 to 10184/7628
02-27 03:47:12.049  1905  1905 I BrightnessSynchronizer: New Update: {[528] 0.02240856(f), mUpdatedTypes=0, mConfirmedTypes=0, mTimeUpdated=0, mState=2}
02-27 03:47:19.002  1905  1954 I PowerGroup: Powering off display group due to timeout (groupId= 0, uid= 1000)...
02-27 03:47:19.002  1905  1954 I PowerManagerService: Going to sleep due to timeout (uid 1000)...
02-27 03:47:19.004  1905  1954 I InputMethodManagerService: setInteractive false, called by = 1905
02-27 03:47:19.005  1905  1928 D PanelsService: onAwakeStateChanged.. isAwake=false
02-27 03:47:19.005  1905  1928 D TouchHwService: onAwakeStateChanged.. isAwake=false
02-27 03:47:19.018  1905  1905 I WindowManager: Started going to sleep... (why=OFF_BECAUSE_OF_TIMEOUT) pmSleepReason=timeout
02-27 03:47:19.026  2277  2277 V TrustManager: clearAllBiometricRecognized unlockedUser=-10000 source=FINGERPRINT callers=com.android.keyguard.KeyguardUpdateMonitor.clearBiometricRecognized:20 com.android.keyguard.KeyguardUpdateMonitor$16.handleMessage:331 android.os.Handler.dispatchMessage:111 android.os.Looper.loopOnce:238 android.os.Looper.loop:357 
02-27 03:47:19.028  1905  1905 D TrustManagerService: refreshDeviceLockedForUser(userId=-1, unlockedUser=-10000), secure=true, showingKeyguard=false, trusted=false, biometricAuthenticated=false, currentUserIsUnlocked=false, deviceLocked=false
02-27 03:47:19.028  2277  2277 V TrustManager: clearAllBiometricRecognized unlockedUser=-10000 source=FACE callers=com.android.keyguard.KeyguardUpdateMonitor.clearBiometricRecognized:27 com.android.keyguard.KeyguardUpdateMonitor$16.handleMessage:331 android.os.Handler.dispatchMessage:111 android.os.Looper.loopOnce:238 android.os.Looper.loop:357 
02-27 03:47:19.028  1905  1905 D TrustManagerService: refreshDeviceLockedForUser(userId=-1, unlockedUser=-10000), secure=true, showingKeyguard=false, trusted=false, biometricAuthenticated=false, currentUserIsUnlocked=false, deviceLocked=false
02-27 03:47:19.035  1905  7129 D BiometricUtils: isEncrypted: false isLockdown: false
02-27 03:47:19.036  1905  1905 D BiometricUtils: isUdfpsLocalHbmSupport defaultSupport=false debugSupport=false
02-27 03:47:19.036  1905  1905 D BiometricScheduler/Fingerprint21: [Added] {[51] com.android.server.biometrics.sensors.fingerprint.hidl.FingerprintUpdateActiveUserClient, proto=1, owner=android, cookie=0, requestId=-1, userId=0}, new queue size: 1
02-27 03:47:19.037  1905  1905 D BiometricScheduler/Fingerprint21: [Polled] {[51] com.android.server.biometrics.sensors.fingerprint.hidl.FingerprintUpdateActiveUserClient, proto=1, owner=android, cookie=0, requestId=-1, userId=0}, State: 0
02-27 03:47:19.037  1905  1905 D BiometricScheduler/Fingerprint21: [Started] {[51] com.android.server.biometrics.sensors.fingerprint.hidl.FingerprintUpdateActiveUserClient, proto=1, owner=android, cookie=0, requestId=-1, userId=0}
02-27 03:47:19.041  1905  1905 D FingerprintUpdateActiveUserClient: Setting active user: 0
02-27 03:47:19.049  1905  1905 D FingerprintUpdateActiveUserClient: Setting active user: 0 done.
02-27 03:47:19.049  1905  1905 D BiometricSchedulerOperation: [Finished / destroy]: {[51] com.android.server.biometrics.sensors.fingerprint.hidl.FingerprintUpdateActiveUserClient, proto=1, owner=android, cookie=0, requestId=-1, userId=0}
02-27 03:47:19.050  1905  1905 V BiometricSchedulerOperation: started: {[51] com.android.server.biometrics.sensors.fingerprint.hidl.FingerprintUpdateActiveUserClient, proto=1, owner=android, cookie=0, requestId=-1, userId=0}, State: 5
02-27 03:47:19.051  1905  1905 D BiometricUtils: isUdfpsLocalHbmSupport defaultSupport=false debugSupport=false
02-27 03:47:19.052  1905  1905 D BiometricScheduler/Fingerprint21: [Added] {[52] com.android.server.biometrics.sensors.fingerprint.hidl.FingerprintAuthenticationClient, proto=3, owner=com.android.systemui, cookie=0, requestId=19, userId=0}, new queue size: 1
02-27 03:47:19.052  1905  1905 V BiometricScheduler/Fingerprint21: Not idle, current operation: {[51] com.android.server.biometrics.sensors.fingerprint.hidl.FingerprintUpdateActiveUserClient, proto=1, owner=android, cookie=0, requestId=-1, userId=0}, State: 5
02-27 03:47:19.052  1905  1905 D BiometricScheduler/Fingerprint21: [Finishing] {[51] com.android.server.biometrics.sensors.fingerprint.hidl.FingerprintUpdateActiveUserClient, proto=1, owner=android, cookie=0, requestId=-1, userId=0}, success: true
02-27 03:47:19.052  1905  1905 D BiometricScheduler/Fingerprint21: [Polled] {[52] com.android.server.biometrics.sensors.fingerprint.hidl.FingerprintAuthenticationClient, proto=3, owner=com.android.systemui, cookie=0, requestId=19, userId=0}, State: 0
02-27 03:47:19.052  1905  1905 D GestureAvailabilityTracker: Notifying gesture availability, active=false
02-27 03:47:19.053  1905  1905 D BiometricScheduler/Fingerprint21: [Started] {[52] com.android.server.biometrics.sensors.fingerprint.hidl.FingerprintAuthenticationClient, proto=3, owner=com.android.systemui, cookie=0, requestId=19, userId=0}
02-27 03:47:19.053  1905  1905 D BiometricCoexCoordinator: addAuthenticationClient(OtherFp), client: {[52] com.android.server.biometrics.sensors.fingerprint.hidl.FingerprintAuthenticationClient, proto=3, owner=com.android.systemui, cookie=0, requestId=19, userId=0}
02-27 03:47:19.053  1905  1905 D BiometricStateCallback: State updated from 0 to 2, client {[52] com.android.server.biometrics.sensors.fingerprint.hidl.FingerprintAuthenticationClient, proto=3, owner=com.android.systemui, cookie=0, requestId=19, userId=0}
02-27 03:47:19.054  1905  1905 D Biometrics/AuthenticationClient: Requesting auth for com.android.systemui
02-27 03:47:19.068  1905  1954 V DisplayPowerController[0]: Brightness [0.02240856] reason changing to: 'automatic', previous reason: 'automatic [ dim ]'.
02-27 03:47:19.069  1905  1954 I DisplayPowerController[0]: 2025-02-27 09:47:19 - BrightnessEvent: disp=0, physDisp=local:0, brt=0.02240856, initBrt=0.0, brtNits=12.3249445, preNits=10.407898, rcmdNits=12.3249445, brt(%)=2%, preBrt(%)=2%, brtInt=7, rcmdBrt=0.02240856, preBrt=0.017363736, lux=1.0, fastAmbientLux=1.1994739, slowAmbientLux=1.0928458, preLux=1.6704155, hbmMax=0.9999, hbmMode=off, rbcStrength=50, powerFactor=1.0, thrmMax=1.0, flags=, reason=automatic, autoBrightness=true
02-27 03:47:19.070  1905  1928 D DisplayManagerService: Ignore redundant display event 0/4 to 10184/7628
02-27 03:47:19.079  1905  1905 D BiometricStateCallback: onClientStateChanged client={[52] com.android.server.biometrics.sensors.fingerprint.hidl.FingerprintAuthenticationClient, proto=3, owner=com.android.systemui, cookie=0, requestId=19, userId=0} newState=1
02-27 03:47:19.079  1905  1905 D BiometricScheduler/Fingerprint21: [StateChanged] {[52] com.android.server.biometrics.sensors.fingerprint.hidl.FingerprintAuthenticationClient, proto=3, owner=com.android.systemui, cookie=0, requestId=19, userId=0}, state: 1
02-27 03:47:19.079  1905  1905 V BiometricSchedulerOperation: started: {[52] com.android.server.biometrics.sensors.fingerprint.hidl.FingerprintAuthenticationClient, proto=3, owner=com.android.systemui, cookie=0, requestId=19, userId=0}, State: 2
02-27 03:47:19.080  1905  1905 I BrightnessSynchronizer: New Update: {[529] 0.02240856(f), mUpdatedTypes=0, mConfirmedTypes=0, mTimeUpdated=0, mState=2}
02-27 03:47:19.490  1905  1954 I DisplayPowerController[0]: Blocking screen off
02-27 03:47:19.491  1905  1954 I WindowManager: Display 0 turning off...
02-27 03:47:19.491  1905  1954 I DisplayPowerController[0]: Unblocked screen off after 1 ms
02-27 03:47:19.493  1905  1954 I WindowManager: Display0 turned off...
02-27 03:47:19.518  1905  1954 D ActivityTaskManager: Top Process State changed to PROCESS_STATE_TOP_SLEEPING
02-27 03:47:19.532  1905  1954 V DisplayPowerController[0]: Brightness [0.0] reason changing to: 'screen_off', previous reason: 'automatic'.
02-27 03:47:19.533  1905  1954 I DisplayPowerController[0]: 2025-02-27 09:47:19 - BrightnessEvent: disp=0, physDisp=local:0, brt=0.0, initBrt=0.02240856, brtNits=2.9983952, preNits=NaN, rcmdNits=NaN, brt(%)=0%, preBrt(%)=0%, brtInt=1, rcmdBrt=NaN, preBrt=NaN, lux=0.0, fastAmbientLux=1.1889765, slowAmbientLux=1.086964, preLux=0.0, hbmMax=0.9999, hbmMode=off, rbcStrength=50, powerFactor=1.0, thrmMax=1.0, flags=, reason=screen_off, autoBrightness=true
02-27 03:47:19.536  1905  1928 D DisplayManagerService: Ignore redundant display event 0/4 to 10184/7628
02-27 03:47:19.540  1905  2245 D LocalDisplayAdapter: setDisplayPowerMode mode=0 for display=android.os.BinderProxy@8e24f80
02-27 03:47:19.541  1905  1928 I DisplayDeviceRepository: Display device changed state: "Built-in Screen", OFF
02-27 03:47:19.560  1905  1984 D BatteryService: uevent={POWER_SUPPLY_VOLTAGE_NOW=4308000, POWER_SUPPLY_VBUS_PRESENT=true, POWER_SUPPLY_TYPE=Battery, POWER_SUPPLY_HEALTH=Good, POWER_SUPPLY_TECHNOLOGY=Li-ion, POWER_SUPPLY_CHARGE_FULL_DESIGN=4822000, POWER_SUPPLY_CONSTANT_CHARGE_VOLTAGE=4400000, SEQNUM=7638, POWER_SUPPLY_STATUS=Full, POWER_SUPPLY_CYCLE_COUNT=0, POWER_SUPPLY_CAPACITY=100, DEVPATH=/devices/platform/1000d000.pwrap/1000d000.pwrap:main_pmic/mt6357-gauge/power_supply/battery, POWER_SUPPLY_CHARGE_RATE=Normal, POWER_SUPPLY_CURRENT_AVG=-15000, POWER_SUPPLY_CAPACITY_LEVEL=Full, POWER_SUPPLY_CURRENT_NOW=-15000, POWER_SUPPLY_PRESENT=1, POWER_SUPPLY_POWER_WATT=2, POWER_SUPPLY_CHARGE_FULL=4827700, POWER_SUPPLY_TIME_TO_FULL_NOW=0, SUBSYSTEM=power_supply, POWER_SUPPLY_TEMP=250, ACTION=change, POWER_SUPPLY_AGE=100, POWER_SUPPLY_NAME=battery, POWER_SUPPLY_LPD_PRESENT=false, POWER_SUPPLY_CHARGE_COUNTER=4827700}
02-27 03:47:19.560  1905  1984 D BatteryService: uevent={POWER_SUPPLY_VOLTAGE_NOW=4308000, POWER_SUPPLY_VBUS_PRESENT=true, POWER_SUPPLY_TYPE=Battery, POWER_SUPPLY_HEALTH=Good, POWER_SUPPLY_TECHNOLOGY=Li-ion, POWER_SUPPLY_CHARGE_FULL_DESIGN=4822000, POWER_SUPPLY_CONSTANT_CHARGE_VOLTAGE=4400000, SEQNUM=7638, POWER_SUPPLY_STATUS=Full, POWER_SUPPLY_CYCLE_COUNT=0, POWER_SUPPLY_CAPACITY=100, DEVPATH=/devices/platform/1000d000.pwrap/1000d000.pwrap:main_pmic/mt6357-gauge/power_supply/battery, POWER_SUPPLY_CHARGE_RATE=Normal, POWER_SUPPLY_CURRENT_AVG=-15000, POWER_SUPPLY_CAPACITY_LEVEL=Full, POWER_SUPPLY_CURRENT_NOW=-15000, POWER_SUPPLY_PRESENT=1, POWER_SUPPLY_POWER_WATT=2, POWER_SUPPLY_CHARGE_FULL=4827700, POWER_SUPPLY_TIME_TO_FULL_NOW=0, SUBSYSTEM=power_supply, POWER_SUPPLY_TEMP=250, ACTION=change, POWER_SUPPLY_AGE=100, POWER_SUPPLY_NAME=battery, POWER_SUPPLY_LPD_PRESENT=false, POWER_SUPPLY_CHARGE_COUNTER=4827700}
02-27 03:47:19.563  1905  1905 I BrightnessSynchronizer: New Update: {[530] 0.02240856(f), mUpdatedTypes=0, mConfirmedTypes=0, mTimeUpdated=0, mState=2}
02-27 03:47:19.581  1905  1925 D TouchHwService: updateDefaultDisplayState: mScreenOn=false
02-27 03:47:19.581  1905  1905 I WallpaperManagerService: onDisplayChanged displayId = 0
02-27 03:47:19.583  1905  1905 D PanelsService: updateDefaultDisplayState: mScreenState=OFF
02-27 03:47:19.596  1905  1905 V UiModeManager: updateLocked: null action, mDockState=0, category=null
02-27 03:47:19.596  1905  1905 D UiModeManager: updateConfigurationLocked: mDockState=0; mCarMode=false; mNightMode=1; mNightModeCustomType=-1; uiMode=81
02-27 03:47:19.601  2277  3011 D PowerUI : can't show warning due to - plugged: true status unknown: false
02-27 03:47:19.867  1905  1928 I DisplayDeviceRepository: Display device changed state: "Built-in Screen", OFF
02-27 03:47:19.873  1905  1954 I DisplayPowerController[0]: 2025-02-27 09:47:19 - BrightnessEvent: disp=0, physDisp=local:0, brt=0.0, initBrt=0.0, brtNits=2.9983952, preNits=NaN, rcmdNits=NaN, brt(%)=0%, preBrt(%)=0%, brtInt=1, rcmdBrt=NaN, preBrt=NaN, lux=0.0, fastAmbientLux=1.1889765, slowAmbientLux=1.086964, preLux=0.0, hbmMax=0.9999, hbmMode=off, rbcStrength=50, powerFactor=1.0, thrmMax=1.0, flags=, reason=screen_off, autoBrightness=true
02-27 03:47:19.873  1905  1928 D DisplayManagerService: Ignore redundant display event 0/2 to 10184/7628
02-27 03:47:19.874  1905  1905 I WallpaperManagerService: onDisplayChanged displayId = 0
02-27 03:47:19.875  1905  1954 I DreamManagerService: Entering dreamland. callers=com.android.server.dreams.DreamManagerService.startDreamInternal:294 com.android.server.dreams.DreamManagerService.-$$Nest$mstartDreamInternal:0 com.android.server.dreams.DreamManagerService$LocalService.startDream:910 com.android.server.power.PowerManagerService.handleSandman:3988 com.android.server.power.PowerManagerService.-$$Nest$mhandleSandman:0 
02-27 03:47:19.877  1905  1954 I PowerManagerService: Dozing... groupId=0
02-27 03:47:19.886  1905  1925 I DreamController: Starting dream: name=ComponentInfo{com.android.systemui/com.android.systemui.doze.DozeService}, isPreviewMode=false, canDoze=true, userId=0, mDreamStartTime=13670105, isFirstTimeDream=false
02-27 03:47:19.898  2277  2277 V DreamService[DozeService]: onCreate()
02-27 03:47:19.908  2277  2277 V DreamService[DozeService]: onBind() intent = Intent { act=android.service.dreams.DreamService flg=0x800000 cmp=com.android.systemui/.doze.DozeService (has extras) }
02-27 03:47:19.909  1905  1905 I DreamController: onServiceConnected: name=ComponentInfo{com.android.systemui/com.android.systemui.doze.DozeService}, service=android.os.BinderProxy@66300f2
02-27 03:47:19.909  1905  1925 I DreamController: onServiceConnected to attach: name=ComponentInfo{com.android.systemui/com.android.systemui.doze.DozeService}
02-27 03:47:19.911  2277  2448 I DreamService: DreamServiceWrapper attach: dreamToken=android.os.BinderProxy@23a947a, canDoze=true
02-27 03:47:19.911  2277  2277 I DreamService[DozeService]: attach() called: dreamToken=android.os.BinderProxy@23a947a, canDoze=true mWindow=null mWindowless=true
02-27 03:47:19.911  2277  2277 V DreamService[DozeService]: onDreamingStarted()
02-27 03:47:19.942  2277  2277 D VRI[NotificationShade]: update {(0,0)(fillxfill) gr=TOP CENTER_VERTICAL sim={adjust=resize} layoutInDisplayCutoutMode=always ty=2040 fmt=TRANSLUCENT or=SCREEN_ORIENTATION_NOSENSOR
02-27 03:47:19.942  2277  2277 D VRI[NotificationShade]:   fl=NOT_FOCUSABLE TOUCHABLE_WHEN_WAKING WATCH_OUTSIDE_TOUCH SHOW_WALLPAPER SPLIT_TOUCH HARDWARE_ACCELERATED DRAWS_SYSTEM_BAR_BACKGROUNDS
02-27 03:47:19.942  2277  2277 D VRI[NotificationShade]:   pfl=HIDE_NON_SYSTEM_OVERLAY_WINDOWS COLOR_SPACE_AGNOSTIC BEHAVIOR_CONTROLLED FIT_INSETS_CONTROLLED
02-27 03:47:19.942  2277  2277 D VRI[NotificationShade]:   bhv=SHOW_TRANSIENT_BARS_BY_SWIPE} by setLayoutParams
02-27 03:47:19.968  2277  2277 D VRI[NotificationShade]: update {(0,0)(fillxfill) gr=TOP CENTER_VERTICAL sim={adjust=resize} layoutInDisplayCutoutMode=always ty=2040 fmt=TRANSLUCENT or=SCREEN_ORIENTATION_NOSENSOR
02-27 03:47:19.968  2277  2277 D VRI[NotificationShade]:   fl=NOT_FOCUSABLE TOUCHABLE_WHEN_WAKING WATCH_OUTSIDE_TOUCH SHOW_WALLPAPER SPLIT_TOUCH HARDWARE_ACCELERATED DRAWS_SYSTEM_BAR_BACKGROUNDS
02-27 03:47:19.968  2277  2277 D VRI[NotificationShade]:   pfl=HIDE_NON_SYSTEM_OVERLAY_WINDOWS BEHAVIOR_CONTROLLED FIT_INSETS_CONTROLLED
02-27 03:47:19.968  2277  2277 D VRI[NotificationShade]:   bhv=SHOW_TRANSIENT_BARS_BY_SWIPE} by setLayoutParams
02-27 03:47:19.980  1905  2952 I DreamManagerService: startDozing by com.android.systemui callingUid=10256 callingPid=2277
02-27 03:47:19.981  1905  2952 D DreamManagerService: Dream requested to start dozing: android.os.Binder@73c2469, screenState=1, screenBrightness=-1
02-27 03:47:19.985  1905  1954 I DisplayPowerController[0]: 2025-02-27 09:47:19 - BrightnessEvent: disp=0, physDisp=local:0, brt=0.0, initBrt=0.0, brtNits=2.9983952, preNits=NaN, rcmdNits=NaN, brt(%)=0%, preBrt(%)=0%, brtInt=1, rcmdBrt=NaN, preBrt=NaN, lux=0.0, fastAmbientLux=1.1889765, slowAmbientLux=1.086964, preLux=0.0, hbmMax=0.9999, hbmMode=off, rbcStrength=50, powerFactor=1.0, thrmMax=1.0, flags=, reason=screen_off, autoBrightness=true
