02-27 02:46:37.560  1905  1936 W BroadcastQueue: Background execution not allowed: receiving Intent { act=android.intent.action.PACKAGE_REMOVED dat=package: flg=0x4000010 (has extras) } to com.android.vending/com.google.android.finsky.packagemonitor.backgroundimpl.BackgroundPackageMonitorReceiverImpl$RegisteredReceiver
02-27 02:46:37.561  1905  1936 W BroadcastQueue: Background execution not allowed: receiving Intent { act=android.intent.action.PACKAGE_REMOVED dat=package: flg=0x4000010 (has extras) } to com.android.vending/com.google.android.finsky.instantapps.appmanagement.InstantAppRemoveMonitor
02-27 02:46:37.578  1905  1905 I Telecom : CarModeTracker: Package com.example.cod_squad_app is not tracked.: SSH.oR@AsQ
02-27 02:46:37.578  1905  1905 I Telecom : InCallController: updateCarModeForConnections: car mode apps: : SSH.oR@AsQ
02-27 02:46:37.623  1905  1925 W Looper  : Slow delivery took 200ms android.fg h=android.os.Handler c=<recycled PooledLambda@7345178> m=0
02-27 02:46:37.665  1905  1961 D PackageInstallerSession: Marking session 535844735 as applied
02-27 02:46:37.836  1905  1936 W BroadcastQueue: Background execution not allowed: receiving Intent { act=android.intent.action.PACKAGE_REMOVED dat=package: flg=0x4000010 (has extras) } to com.dti.tracfone/com.LogiaGroup.LogiaDeck.Receivers.UninstallBroadCastReceiver
02-27 02:46:37.875  1905  1936 W BroadcastQueue: Background execution not allowed: receiving Intent { act=android.intent.action.PACKAGE_REMOVED dat=package: flg=0x4000010 (has extras) } to com.google.android.gms/.chimera.GmsIntentOperationService$PersistentTrustedReceiver
02-27 02:46:37.891  1905  1905 I Telecom : DefaultDialerCache: Refreshing default dialer for user 0: now com.google.android.dialer: DDC.oR@Asc
02-27 02:46:37.891  1905  1936 W BroadcastQueue: Background execution not allowed: receiving Intent { act=android.intent.action.PACKAGE_REMOVED dat=package: flg=0x4000010 (has extras) } to com.google.android.gms/.games.chimera.GamesSystemBroadcastReceiverProxy
02-27 02:46:37.891  1905  1936 W BroadcastQueue: Background execution not allowed: receiving Intent { act=android.intent.action.PACKAGE_REMOVED dat=package: flg=0x4000010 (has extras) } to com.google.android.videos/com.google.android.libraries.social.peoplekit.thirdparty.viewcontrollers.ThirdPartyReceiver
02-27 02:46:37.891  1905  1936 W BroadcastQueue: Background execution not allowed: receiving Intent { act=android.intent.action.PACKAGE_REMOVED dat=package: flg=0x4000010 (has extras) } to com.motorola.spaces/.manager.monitor.AppChangeMonitor
02-27 02:46:37.891  1905  1936 W BroadcastQueue: Background execution not allowed: receiving Intent { act=android.intent.action.PACKAGE_REMOVED dat=package: flg=0x4000010 (has extras) } to com.verizon.loginengine.unbranded/com.verizon.vzwavs.AVSSystemReceiver
02-27 02:46:37.892  1905  1936 W BroadcastQueue: Background execution not allowed: receiving Intent { act=android.intent.action.PACKAGE_ADDED dat=package: flg=0x4000010 (has extras) } to com.google.android.packageinstaller/com.android.packageinstaller.PackageInstalledReceiver
02-27 02:46:37.900  1905  1936 W BroadcastQueue: Background execution not allowed: receiving Intent { act=android.intent.action.PACKAGE_ADDED dat=package: flg=0x4000010 (has extras) } to com.android.vending/com.google.android.finsky.packagemonitor.impl.PackageMonitorReceiverImpl$RegisteredReceiver
02-27 02:46:37.900  1905  1936 W BroadcastQueue: Background execution not allowed: receiving Intent { act=android.intent.action.PACKAGE_ADDED dat=package: flg=0x4000010 (has extras) } to com.android.vending/com.google.android.finsky.packagemonitor.backgroundimpl.BackgroundPackageMonitorReceiverImpl$RegisteredReceiver
02-27 02:46:37.900  1905  1936 W BroadcastQueue: Background execution not allowed: receiving Intent { act=android.intent.action.PACKAGE_ADDED dat=package: flg=0x4000010 (has extras) } to com.dti.tracfone/com.digitalturbine.igniteui.receiver.PackageAddedReceiver
02-27 02:46:37.900  1905  1936 W BroadcastQueue: Background execution not allowed: receiving Intent { act=android.intent.action.PACKAGE_ADDED dat=package: flg=0x4000010 (has extras) } to com.google.android.apps.nbu.files/.documentbrowser.browselanding.rootcontainerlist.receiver.PackageChangeReceiver_Receiver
02-27 02:46:37.900  1905  1936 W BroadcastQueue: Background execution not allowed: receiving Intent { act=android.intent.action.PACKAGE_ADDED dat=package: flg=0x4000010 (has extras) } to com.google.android.gms/.chimera.GmsIntentOperationService$PersistentTrustedReceiver
02-27 02:46:37.901  1905  1936 W BroadcastQueue: Background execution not allowed: receiving Intent { act=android.intent.action.PACKAGE_ADDED dat=package: flg=0x4000010 (has extras) } to com.google.android.gms/.games.chimera.GamesSystemBroadcastReceiverProxy
02-27 02:46:37.901  1905  1936 W BroadcastQueue: Background execution not allowed: receiving Intent { act=android.intent.action.PACKAGE_ADDED dat=package: flg=0x4000010 (has extras) } to com.google.android.gms/.gass.chimera.PackageChangeBroadcastReceiver
02-27 02:46:37.901  1905  1936 W BroadcastQueue: Background execution not allowed: receiving Intent { act=android.intent.action.PACKAGE_ADDED dat=package: flg=0x4000010 (has extras) } to com.verizon.loginengine.unbranded/com.verizon.vzwavs.AVSSystemReceiver
02-27 02:46:37.908  1905  6241 W ActivityManager: Unable to start service Intent { act=com.motorola.intent.action.EXPERIENCE cmp=com.motorola.help/com.motorola.feedback.logrequest.service.LogCollectionService } U=0: not found
02-27 02:46:37.920  1905  1978 I ActivityTaskManager: START u0 {flg=0x10000000 cmp=com.example.cod_squad_app/.MainActivity} from uid 2000
02-27 02:46:37.923  1905  1905 V BackupManagerConstants: getFullBackupIntervalMilliseconds(...) returns 86400000
02-27 02:46:37.924  1905  1905 V BackupManagerConstants: getFullBackupRequiredNetworkType(...) returns 2
02-27 02:46:37.924  1905  1905 V BackupManagerConstants: getFullBackupRequireCharging(...) returns true
02-27 02:46:37.928  1905  1978 D ActivityTaskManager: getPreferredLaunchDisplay userset_displayid false user set display id -1, current focus display 0
02-27 02:46:37.928  1905  1978 D ActivityTaskManager: getPreferredLaunchDisplay userset_displayid false user set display id -1, current focus display 0
02-27 02:46:37.928  1905  1978 D ActivityTaskManager: getPreferredLaunchDisplay userset_displayid false user set display id -1, current focus display 0
02-27 02:46:37.928  1905  1978 D ActivityTaskManager: getPreferredLaunchDisplay userset_displayid false user set display id -1, current focus display 0
02-27 02:46:37.933  1905  1978 D ActivityTaskManager: getPreferredLaunchDisplay userset_displayid false user set display id 0, current focus display 0
02-27 02:46:37.933  1905  1978 D ActivityTaskManager: getPreferredLaunchDisplay userset_displayid false user set display id 0, current focus display 0
02-27 02:46:37.949  1905  1905 W AlarmManager: Package com.example.cod_squad_app, uid 10014 lost permission to set exact alarms!
02-27 02:46:37.998  2277  2296 D ViewRootImpl: update {(0,0)(fillxfill) ty=APPLICATION_STARTING fmt=TRANSLUCENT wanim=0x1030001
02-27 02:46:37.998  2277  2296 D ViewRootImpl:   fl=NOT_FOCUSABLE NOT_TOUCHABLE LAYOUT_IN_SCREEN LAYOUT_INSET_DECOR ALT_FOCUSABLE_IM HARDWARE_ACCELERATED DRAWS_SYSTEM_BAR_BACKGROUNDS
02-27 02:46:37.998  2277  2296 D ViewRootImpl:   pfl=SHOW_FOR_ALL_USERS FIT_INSETS_CONTROLLED
02-27 02:46:37.998  2277  2296 D ViewRootImpl:   bhv=DEFAULT
02-27 02:46:37.998  2277  2296 D ViewRootImpl:   fitSides=} by setView
02-27 02:46:38.018  1905  6178 D CoreBackPreview: Window{203c5f2 u0 Splash Screen com.example.cod_squad_app}: Setting back callback OnBackInvokedCallbackInfo{mCallback=android.window.IOnBackInvokedCallback$Stub$Proxy@fc1114e, mPriority=0}
02-27 02:46:38.084  1905  1925 W Looper  : Slow dispatch took 102ms android.fg h=android.os.Handler c=com.android.internal.infra.ServiceConnector$Impl$$ExternalSyntheticLambda2@326f5cb m=0
02-27 02:46:38.096  1905  1937 I ActivityManager: Start proc 5779:com.example.cod_squad_app/u0a14 for next-top-activity {com.example.cod_squad_app/com.example.cod_squad_app.MainActivity}
02-27 02:46:38.247  1905  8910 W ActivityTaskManager: Failed to killAndRestart. No task found for id: 226
02-27 02:46:38.254  1905  5479 W BroadcastQueue: Background execution not allowed: receiving Intent { act=android.intent.action.PACKAGE_REPLACED dat=package: flg=0x4000010 (has extras) } to com.google.android.apps.nbu.files/.documentbrowser.browselanding.rootcontainerlist.receiver.PackageChangeReceiver_Receiver
02-27 02:46:38.288  1905  1936 W BroadcastQueue: Background execution not allowed: receiving Intent { act=android.intent.action.PACKAGE_REPLACED dat=package: flg=0x4000010 (has extras) } to com.google.android.gms/.chimera.GmsIntentOperationService$PersistentTrustedReceiver
02-27 02:46:38.408  1905  1936 W BroadcastQueue: Background execution not allowed: receiving Intent { act=android.intent.action.PACKAGE_REPLACED dat=package: flg=0x4000010 (has extras) } to com.google.android.gms/.gass.chimera.PackageChangeBroadcastReceiver
02-27 02:46:38.410  1905  1936 W BroadcastQueue: Background execution not allowed: receiving Intent { act=android.intent.action.PACKAGE_REPLACED dat=package: flg=0x4000010 (has extras) } to com.motorola.ccc.notification/.gcm.GCMAdminReceiver
02-27 02:46:38.410  1905  1936 W BroadcastQueue: Background execution not allowed: receiving Intent { act=android.intent.action.PACKAGE_REPLACED dat=package: flg=0x4000010 (has extras) } to com.verizon.loginengine.unbranded/com.verizon.vzwavs.AVSSystemReceiver
02-27 02:46:38.427  1905  1925 W Looper  : Slow dispatch took 193ms android.fg h=android.os.Handler c=<recycled PooledLambda@1c87e67> m=0
02-27 02:46:38.485  1905  1984 D BatteryService: uevent={POWER_SUPPLY_VOLTAGE_NOW=4303000, POWER_SUPPLY_VBUS_PRESENT=true, POWER_SUPPLY_TYPE=Battery, POWER_SUPPLY_HEALTH=Good, POWER_SUPPLY_TECHNOLOGY=Li-ion, POWER_SUPPLY_CHARGE_FULL_DESIGN=4822000, POWER_SUPPLY_CONSTANT_CHARGE_VOLTAGE=4400000, SEQNUM=7369, POWER_SUPPLY_STATUS=Charging, POWER_SUPPLY_CYCLE_COUNT=0, POWER_SUPPLY_CAPACITY=100, DEVPATH=/devices/platform/1000d000.pwrap/1000d000.pwrap:main_pmic/mt6357-gauge/power_supply/battery, POWER_SUPPLY_CHARGE_RATE=Normal, POWER_SUPPLY_CURRENT_AVG=-325300, POWER_SUPPLY_CAPACITY_LEVEL=Full, POWER_SUPPLY_CURRENT_NOW=-325300, POWER_SUPPLY_PRESENT=1, POWER_SUPPLY_POWER_WATT=2, POWER_SUPPLY_CHARGE_FULL=4827700, POWER_SUPPLY_TIME_TO_FULL_NOW=0, SUBSYSTEM=power_supply, POWER_SUPPLY_TEMP=270, ACTION=change, POWER_SUPPLY_AGE=100, POWER_SUPPLY_NAME=battery, POWER_SUPPLY_LPD_PRESENT=false, POWER_SUPPLY_CHARGE_COUNTER=4827700}
02-27 02:46:38.486  1905  1984 D BatteryService: uevent={POWER_SUPPLY_VOLTAGE_NOW=4303000, POWER_SUPPLY_VBUS_PRESENT=true, POWER_SUPPLY_TYPE=Battery, POWER_SUPPLY_HEALTH=Good, POWER_SUPPLY_TECHNOLOGY=Li-ion, POWER_SUPPLY_CHARGE_FULL_DESIGN=4822000, POWER_SUPPLY_CONSTANT_CHARGE_VOLTAGE=4400000, SEQNUM=7369, POWER_SUPPLY_STATUS=Charging, POWER_SUPPLY_CYCLE_COUNT=0, POWER_SUPPLY_CAPACITY=100, DEVPATH=/devices/platform/1000d000.pwrap/1000d000.pwrap:main_pmic/mt6357-gauge/power_supply/battery, POWER_SUPPLY_CHARGE_RATE=Normal, POWER_SUPPLY_CURRENT_AVG=-325300, POWER_SUPPLY_CAPACITY_LEVEL=Full, POWER_SUPPLY_CURRENT_NOW=-325300, POWER_SUPPLY_PRESENT=1, POWER_SUPPLY_POWER_WATT=2, POWER_SUPPLY_CHARGE_FULL=4827700, POWER_SUPPLY_TIME_TO_FULL_NOW=0, SUBSYSTEM=power_supply, POWER_SUPPLY_TEMP=270, ACTION=change, POWER_SUPPLY_AGE=100, POWER_SUPPLY_NAME=battery, POWER_SUPPLY_LPD_PRESENT=false, POWER_SUPPLY_CHARGE_COUNTER=4827700}
02-27 02:46:38.532  1905  1905 V UiModeManager: updateLocked: null action, mDockState=0, category=null
02-27 02:46:38.532  1905  1905 D UiModeManager: updateConfigurationLocked: mDockState=0; mCarMode=false; mNightMode=1; mNightModeCustomType=-1; uiMode=81
02-27 02:46:38.534  1905  1925 W Looper  : Drained
02-27 02:46:38.542  2277  3382 D PowerUI : can't show warning due to - plugged: true status unknown: false
02-27 02:46:38.662  1905  1958 E VerityUtils: Failed to measure fs-verity, errno 1: /data/app/~~bMgj6mFw0gWa_c9aZttc6g==/com.example.cod_squad_app-0q0QSH6lUT09grZ2xDuVgA==/base.apk
02-27 02:46:38.671  1905  1935 W WindowMagnificationMgr: requestConnection duplicated request: connect=false, mConnectionState=DISCONNECTED
02-27 02:46:38.688  1905  1935 W WindowMagnificationMgr: requestConnection duplicated request: connect=false, mConnectionState=DISCONNECTED
02-27 02:46:39.018  1905  1958 E VerityUtils: Failed to measure fs-verity, errno 1: /data/app/~~bMgj6mFw0gWa_c9aZttc6g==/com.example.cod_squad_app-0q0QSH6lUT09grZ2xDuVgA==/base.apk
02-27 02:46:40.509  1905  1905 V UiModeManager: updateLocked: null action, mDockState=0, category=null
02-27 02:46:40.509  1905  1905 D UiModeManager: updateConfigurationLocked: mDockState=0; mCarMode=false; mNightMode=1; mNightModeCustomType=-1; uiMode=81
02-27 02:46:40.512  2277  2849 D PowerUI : can't show warning due to - plugged: true status unknown: false
02-27 02:46:42.181  5779  5779 D ViewRootImpl: update {(0,0)(fillxfill) sim={adjust=resize forwardNavigation} ty=BASE_APPLICATION wanim=0x1030001
02-27 02:46:42.181  5779  5779 D ViewRootImpl:   fl=LAYOUT_IN_SCREEN LAYOUT_INSET_DECOR SPLIT_TOUCH HARDWARE_ACCELERATED DRAWS_SYSTEM_BAR_BACKGROUNDS
02-27 02:46:42.181  5779  5779 D ViewRootImpl:   pfl=NO_MOVE_ANIMATION FORCE_DRAW_STATUS_BAR_BACKGROUND FIT_INSETS_CONTROLLED
02-27 02:46:42.181  5779  5779 D ViewRootImpl:   bhv=DEFAULT
02-27 02:46:42.181  5779  5779 D ViewRootImpl:   fitSides=} by setView
02-27 02:46:42.209  1905  2952 D CoreBackPreview: Window{b60688d u0 com.example.cod_squad_app/com.example.cod_squad_app.MainActivity}: Setting back callback OnBackInvokedCallbackInfo{mCallback=android.window.IOnBackInvokedCallback$Stub$Proxy@85ca53, mPriority=0}
02-27 02:46:47.966  1905  1928 W ActivityTaskManager: Launch timeout has expired, giving up wake lock!
02-27 02:46:48.284  1905  1928 D BootWMPhase: WM boot activityIdleInternalLocked: fromTimeout=true isBooting=false allResumedActivitiesIdle=true
02-27 02:46:48.284  1905  1928 D BootWMPhase: ******* WM boot checkFinishBootingLocked: booting=false enableScreen=false
02-27 02:46:48.483  1905  1984 D BatteryService: uevent={POWER_SUPPLY_VOLTAGE_NOW=4343000, POWER_SUPPLY_VBUS_PRESENT=true, POWER_SUPPLY_TYPE=Battery, POWER_SUPPLY_HEALTH=Good, POWER_SUPPLY_TECHNOLOGY=Li-ion, POWER_SUPPLY_CHARGE_FULL_DESIGN=4822000, POWER_SUPPLY_CONSTANT_CHARGE_VOLTAGE=4400000, SEQNUM=7370, POWER_SUPPLY_STATUS=Charging, POWER_SUPPLY_CYCLE_COUNT=0, POWER_SUPPLY_CAPACITY=100, DEVPATH=/devices/platform/1000d000.pwrap/1000d000.pwrap:main_pmic/mt6357-gauge/power_supply/battery, POWER_SUPPLY_CHARGE_RATE=Normal, POWER_SUPPLY_CURRENT_AVG=-29500, POWER_SUPPLY_CAPACITY_LEVEL=Full, POWER_SUPPLY_CURRENT_NOW=-29500, POWER_SUPPLY_PRESENT=1, POWER_SUPPLY_POWER_WATT=2, POWER_SUPPLY_CHARGE_FULL=4827700, POWER_SUPPLY_TIME_TO_FULL_NOW=0, SUBSYSTEM=power_supply, POWER_SUPPLY_TEMP=270, ACTION=change, POWER_SUPPLY_AGE=100, POWER_SUPPLY_NAME=battery, POWER_SUPPLY_LPD_PRESENT=false, POWER_SUPPLY_CHARGE_COUNTER=4827700}
02-27 02:46:48.483  1905  1984 D BatteryService: uevent={POWER_SUPPLY_VOLTAGE_NOW=4343000, POWER_SUPPLY_VBUS_PRESENT=true, POWER_SUPPLY_TYPE=Battery, POWER_SUPPLY_HEALTH=Good, POWER_SUPPLY_TECHNOLOGY=Li-ion, POWER_SUPPLY_CHARGE_FULL_DESIGN=4822000, POWER_SUPPLY_CONSTANT_CHARGE_VOLTAGE=4400000, SEQNUM=7370, POWER_SUPPLY_STATUS=Charging, POWER_SUPPLY_CYCLE_COUNT=0, POWER_SUPPLY_CAPACITY=100, DEVPATH=/devices/platform/1000d000.pwrap/1000d000.pwrap:main_pmic/mt6357-gauge/power_supply/battery, POWER_SUPPLY_CHARGE_RATE=Normal, POWER_SUPPLY_CURRENT_AVG=-29500, POWER_SUPPLY_CAPACITY_LEVEL=Full, POWER_SUPPLY_CURRENT_NOW=-29500, POWER_SUPPLY_PRESENT=1, POWER_SUPPLY_POWER_WATT=2, POWER_SUPPLY_CHARGE_FULL=4827700, POWER_SUPPLY_TIME_TO_FULL_NOW=0, SUBSYSTEM=power_supply, POWER_SUPPLY_TEMP=270, ACTION=change, POWER_SUPPLY_AGE=100, POWER_SUPPLY_NAME=battery, POWER_SUPPLY_LPD_PRESENT=false, POWER_SUPPLY_CHARGE_COUNTER=4827700}
02-27 02:46:48.500  1905  1905 V UiModeManager: updateLocked: null action, mDockState=0, category=null
02-27 02:46:48.500  1905  1905 D UiModeManager: updateConfigurationLocked: mDockState=0; mCarMode=false; mNightMode=1; mNightModeCustomType=-1; uiMode=81
02-27 02:46:48.508  2277  3011 D PowerUI : can't show warning due to - plugged: true status unknown: false
02-27 02:46:50.631  1905  1929 I LaunchCheckinHandler: MotoDisplayed com.example.cod_squad_app/.MainActivity,cp,ca,12645
02-27 02:46:51.004  1905  6241 D CoreBackPreview: Window{203c5f2 u0 Splash Screen com.example.cod_squad_app EXITING}: Setting back callback null
02-27 02:46:51.139  1905  6241 E AppOps  : Bad call made by uid 10152. Package "com.google.android.gms" does not belong to uid 10014.
02-27 02:46:58.493  1905  1984 D BatteryService: uevent={POWER_SUPPLY_VOLTAGE_NOW=4374000, POWER_SUPPLY_VBUS_PRESENT=true, POWER_SUPPLY_TYPE=Battery, POWER_SUPPLY_HEALTH=Good, POWER_SUPPLY_TECHNOLOGY=Li-ion, POWER_SUPPLY_CHARGE_FULL_DESIGN=4822000, POWER_SUPPLY_CONSTANT_CHARGE_VOLTAGE=4400000, SEQNUM=7371, POWER_SUPPLY_STATUS=Charging, POWER_SUPPLY_CYCLE_COUNT=0, POWER_SUPPLY_CAPACITY=100, DEVPATH=/devices/platform/1000d000.pwrap/1000d000.pwrap:main_pmic/mt6357-gauge/power_supply/battery, POWER_SUPPLY_CHARGE_RATE=Normal, POWER_SUPPLY_CURRENT_AVG=40200, POWER_SUPPLY_CAPACITY_LEVEL=Full, POWER_SUPPLY_CURRENT_NOW=40200, POWER_SUPPLY_PRESENT=1, POWER_SUPPLY_POWER_WATT=2, POWER_SUPPLY_CHARGE_FULL=4827700, POWER_SUPPLY_TIME_TO_FULL_NOW=0, SUBSYSTEM=power_supply, POWER_SUPPLY_TEMP=270, ACTION=change, POWER_SUPPLY_AGE=100, POWER_SUPPLY_NAME=battery, POWER_SUPPLY_LPD_PRESENT=false, POWER_SUPPLY_CHARGE_COUNTER=4827700}
02-27 02:46:58.493  1905  1984 D BatteryService: uevent={POWER_SUPPLY_VOLTAGE_NOW=4374000, POWER_SUPPLY_VBUS_PRESENT=true, POWER_SUPPLY_TYPE=Battery, POWER_SUPPLY_HEALTH=Good, POWER_SUPPLY_TECHNOLOGY=Li-ion, POWER_SUPPLY_CHARGE_FULL_DESIGN=4822000, POWER_SUPPLY_CONSTANT_CHARGE_VOLTAGE=4400000, SEQNUM=7371, POWER_SUPPLY_STATUS=Charging, POWER_SUPPLY_CYCLE_COUNT=0, POWER_SUPPLY_CAPACITY=100, DEVPATH=/devices/platform/1000d000.pwrap/1000d000.pwrap:main_pmic/mt6357-gauge/power_supply/battery, POWER_SUPPLY_CHARGE_RATE=Normal, POWER_SUPPLY_CURRENT_AVG=40200, POWER_SUPPLY_CAPACITY_LEVEL=Full, POWER_SUPPLY_CURRENT_NOW=40200, POWER_SUPPLY_PRESENT=1, POWER_SUPPLY_POWER_WATT=2, POWER_SUPPLY_CHARGE_FULL=4827700, POWER_SUPPLY_TIME_TO_FULL_NOW=0, SUBSYSTEM=power_supply, POWER_SUPPLY_TEMP=270, ACTION=change, POWER_SUPPLY_AGE=100, POWER_SUPPLY_NAME=battery, POWER_SUPPLY_LPD_PRESENT=false, POWER_SUPPLY_CHARGE_COUNTER=4827700}
02-27 02:46:58.511  1905  1905 V UiModeManager: updateLocked: null action, mDockState=0, category=null
02-27 02:46:58.514  1905  1905 D UiModeManager: updateConfigurationLocked: mDockState=0; mCarMode=false; mNightMode=1; mNightModeCustomType=-1; uiMode=81
02-27 02:46:58.519  2277  3364 D PowerUI : can't show warning due to - plugged: true status unknown: false
02-27 02:47:01.199  1905  7325 E AppOps  : Bad call made by uid 10152. Package "com.google.android.gms" does not belong to uid 10014.
02-27 02:47:08.495  1905  1984 D BatteryService: uevent={POWER_SUPPLY_VOLTAGE_NOW=4381000, POWER_SUPPLY_VBUS_PRESENT=true, POWER_SUPPLY_TYPE=Battery, POWER_SUPPLY_HEALTH=Good, POWER_SUPPLY_TECHNOLOGY=Li-ion, POWER_SUPPLY_CHARGE_FULL_DESIGN=4822000, POWER_SUPPLY_CONSTANT_CHARGE_VOLTAGE=4400000, SEQNUM=7372, POWER_SUPPLY_STATUS=Charging, POWER_SUPPLY_CYCLE_COUNT=0, POWER_SUPPLY_CAPACITY=100, DEVPATH=/devices/platform/1000d000.pwrap/1000d000.pwrap:main_pmic/mt6357-gauge/power_supply/battery, POWER_SUPPLY_CHARGE_RATE=Normal, POWER_SUPPLY_CURRENT_AVG=142000, POWER_SUPPLY_CAPACITY_LEVEL=Full, POWER_SUPPLY_CURRENT_NOW=142000, POWER_SUPPLY_PRESENT=1, POWER_SUPPLY_POWER_WATT=2, POWER_SUPPLY_CHARGE_FULL=4827700, POWER_SUPPLY_TIME_TO_FULL_NOW=0, SUBSYSTEM=power_supply, POWER_SUPPLY_TEMP=270, ACTION=change, POWER_SUPPLY_AGE=100, POWER_SUPPLY_NAME=battery, POWER_SUPPLY_LPD_PRESENT=false, POWER_SUPPLY_CHARGE_COUNTER=4827700}
02-27 02:47:08.495  1905  1984 D BatteryService: uevent={POWER_SUPPLY_VOLTAGE_NOW=4381000, POWER_SUPPLY_VBUS_PRESENT=true, POWER_SUPPLY_TYPE=Battery, POWER_SUPPLY_HEALTH=Good, POWER_SUPPLY_TECHNOLOGY=Li-ion, POWER_SUPPLY_CHARGE_FULL_DESIGN=4822000, POWER_SUPPLY_CONSTANT_CHARGE_VOLTAGE=4400000, SEQNUM=7372, POWER_SUPPLY_STATUS=Charging, POWER_SUPPLY_CYCLE_COUNT=0, POWER_SUPPLY_CAPACITY=100, DEVPATH=/devices/platform/1000d000.pwrap/1000d000.pwrap:main_pmic/mt6357-gauge/power_supply/battery, POWER_SUPPLY_CHARGE_RATE=Normal, POWER_SUPPLY_CURRENT_AVG=142000, POWER_SUPPLY_CAPACITY_LEVEL=Full, POWER_SUPPLY_CURRENT_NOW=142000, POWER_SUPPLY_PRESENT=1, POWER_SUPPLY_POWER_WATT=2, POWER_SUPPLY_CHARGE_FULL=4827700, POWER_SUPPLY_TIME_TO_FULL_NOW=0, SUBSYSTEM=power_supply, POWER_SUPPLY_TEMP=270, ACTION=change, POWER_SUPPLY_AGE=100, POWER_SUPPLY_NAME=battery, POWER_SUPPLY_LPD_PRESENT=false, POWER_SUPPLY_CHARGE_COUNTER=4827700}
02-27 02:47:08.516  1905  1905 V UiModeManager: updateLocked: null action, mDockState=0, category=null
02-27 02:47:08.516  1905  1905 D UiModeManager: updateConfigurationLocked: mDockState=0; mCarMode=false; mNightMode=1; mNightModeCustomType=-1; uiMode=81
02-27 02:47:08.523  2277  3144 D PowerUI : can't show warning due to - plugged: true status unknown: false
02-27 02:47:18.497  1905  1984 D BatteryService: uevent={POWER_SUPPLY_VOLTAGE_NOW=4372000, POWER_SUPPLY_VBUS_PRESENT=true, POWER_SUPPLY_TYPE=Battery, POWER_SUPPLY_HEALTH=Good, POWER_SUPPLY_TECHNOLOGY=Li-ion, POWER_SUPPLY_CHARGE_FULL_DESIGN=4822000, POWER_SUPPLY_CONSTANT_CHARGE_VOLTAGE=4400000, SEQNUM=7373, POWER_SUPPLY_STATUS=Charging, POWER_SUPPLY_CYCLE_COUNT=0, POWER_SUPPLY_CAPACITY=100, DEVPATH=/devices/platform/1000d000.pwrap/1000d000.pwrap:main_pmic/mt6357-gauge/power_supply/battery, POWER_SUPPLY_CHARGE_RATE=Normal, POWER_SUPPLY_CURRENT_AVG=145800, POWER_SUPPLY_CAPACITY_LEVEL=Full, POWER_SUPPLY_CURRENT_NOW=145800, POWER_SUPPLY_PRESENT=1, POWER_SUPPLY_POWER_WATT=2, POWER_SUPPLY_CHARGE_FULL=4827700, POWER_SUPPLY_TIME_TO_FULL_NOW=0, SUBSYSTEM=power_supply, POWER_SUPPLY_TEMP=270, ACTION=change, POWER_SUPPLY_AGE=100, POWER_SUPPLY_NAME=battery, POWER_SUPPLY_LPD_PRESENT=false, POWER_SUPPLY_CHARGE_COUNTER=4827700}
02-27 02:47:18.497  1905  1984 D BatteryService: uevent={POWER_SUPPLY_VOLTAGE_NOW=4372000, POWER_SUPPLY_VBUS_PRESENT=true, POWER_SUPPLY_TYPE=Battery, POWER_SUPPLY_HEALTH=Good, POWER_SUPPLY_TECHNOLOGY=Li-ion, POWER_SUPPLY_CHARGE_FULL_DESIGN=4822000, POWER_SUPPLY_CONSTANT_CHARGE_VOLTAGE=4400000, SEQNUM=7373, POWER_SUPPLY_STATUS=Charging, POWER_SUPPLY_CYCLE_COUNT=0, POWER_SUPPLY_CAPACITY=100, DEVPATH=/devices/platform/1000d000.pwrap/1000d000.pwrap:main_pmic/mt6357-gauge/power_supply/battery, POWER_SUPPLY_CHARGE_RATE=Normal, POWER_SUPPLY_CURRENT_AVG=145800, POWER_SUPPLY_CAPACITY_LEVEL=Full, POWER_SUPPLY_CURRENT_NOW=145800, POWER_SUPPLY_PRESENT=1, POWER_SUPPLY_POWER_WATT=2, POWER_SUPPLY_CHARGE_FULL=4827700, POWER_SUPPLY_TIME_TO_FULL_NOW=0, SUBSYSTEM=power_supply, POWER_SUPPLY_TEMP=270, ACTION=change, POWER_SUPPLY_AGE=100, POWER_SUPPLY_NAME=battery, POWER_SUPPLY_LPD_PRESENT=false, POWER_SUPPLY_CHARGE_COUNTER=4827700}
02-27 02:47:18.514  1905  1905 V UiModeManager: updateLocked: null action, mDockState=0, category=null
02-27 02:47:18.514  1905  1905 D UiModeManager: updateConfigurationLocked: mDockState=0; mCarMode=false; mNightMode=1; mNightModeCustomType=-1; uiMode=81
02-27 02:47:18.524  2277  3377 D PowerUI : can't show warning due to - plugged: true status unknown: false
02-27 02:47:23.285  1905  2054 D ActivityManager: freezing 5207 com.google.android.apps.turbo:aab, reason = oom_cached
02-27 02:47:28.501  1905  1984 D BatteryService: uevent={POWER_SUPPLY_VOLTAGE_NOW=4371000, POWER_SUPPLY_VBUS_PRESENT=true, POWER_SUPPLY_TYPE=Battery, POWER_SUPPLY_HEALTH=Good, POWER_SUPPLY_TECHNOLOGY=Li-ion, POWER_SUPPLY_CHARGE_FULL_DESIGN=4822000, POWER_SUPPLY_CONSTANT_CHARGE_VOLTAGE=4400000, SEQNUM=7374, POWER_SUPPLY_STATUS=Charging, POWER_SUPPLY_CYCLE_COUNT=0, POWER_SUPPLY_CAPACITY=100, DEVPATH=/devices/platform/1000d000.pwrap/1000d000.pwrap:main_pmic/mt6357-gauge/power_supply/battery, POWER_SUPPLY_CHARGE_RATE=Normal, POWER_SUPPLY_CURRENT_AVG=166500, POWER_SUPPLY_CAPACITY_LEVEL=Full, POWER_SUPPLY_CURRENT_NOW=166500, POWER_SUPPLY_PRESENT=1, POWER_SUPPLY_POWER_WATT=2, POWER_SUPPLY_CHARGE_FULL=4827700, POWER_SUPPLY_TIME_TO_FULL_NOW=0, SUBSYSTEM=power_supply, POWER_SUPPLY_TEMP=270, ACTION=change, POWER_SUPPLY_AGE=100, POWER_SUPPLY_NAME=battery, POWER_SUPPLY_LPD_PRESENT=false, POWER_SUPPLY_CHARGE_COUNTER=4827700}
02-27 02:47:28.501  1905  1984 D BatteryService: uevent={POWER_SUPPLY_VOLTAGE_NOW=4371000, POWER_SUPPLY_VBUS_PRESENT=true, POWER_SUPPLY_TYPE=Battery, POWER_SUPPLY_HEALTH=Good, POWER_SUPPLY_TECHNOLOGY=Li-ion, POWER_SUPPLY_CHARGE_FULL_DESIGN=4822000, POWER_SUPPLY_CONSTANT_CHARGE_VOLTAGE=4400000, SEQNUM=7374, POWER_SUPPLY_STATUS=Charging, POWER_SUPPLY_CYCLE_COUNT=0, POWER_SUPPLY_CAPACITY=100, DEVPATH=/devices/platform/1000d000.pwrap/1000d000.pwrap:main_pmic/mt6357-gauge/power_supply/battery, POWER_SUPPLY_CHARGE_RATE=Normal, POWER_SUPPLY_CURRENT_AVG=166500, POWER_SUPPLY_CAPACITY_LEVEL=Full, POWER_SUPPLY_CURRENT_NOW=166500, POWER_SUPPLY_PRESENT=1, POWER_SUPPLY_POWER_WATT=2, POWER_SUPPLY_CHARGE_FULL=4827700, POWER_SUPPLY_TIME_TO_FULL_NOW=0, SUBSYSTEM=power_supply, POWER_SUPPLY_TEMP=270, ACTION=change, POWER_SUPPLY_AGE=100, POWER_SUPPLY_NAME=battery, POWER_SUPPLY_LPD_PRESENT=false, POWER_SUPPLY_CHARGE_COUNTER=4827700}
02-27 02:47:28.518  1905  1905 V UiModeManager: updateLocked: null action, mDockState=0, category=null
02-27 02:47:28.518  1905  1905 D UiModeManager: updateConfigurationLocked: mDockState=0; mCarMode=false; mNightMode=1; mNightModeCustomType=-1; uiMode=81
02-27 02:47:28.528  2277  2705 D PowerUI : can't show warning due to - plugged: true status unknown: false
02-27 02:47:38.508  1905  1984 D BatteryService: uevent={POWER_SUPPLY_VOLTAGE_NOW=4374000, POWER_SUPPLY_VBUS_PRESENT=true, POWER_SUPPLY_TYPE=Battery, POWER_SUPPLY_HEALTH=Good, POWER_SUPPLY_TECHNOLOGY=Li-ion, POWER_SUPPLY_CHARGE_FULL_DESIGN=4822000, POWER_SUPPLY_CONSTANT_CHARGE_VOLTAGE=4400000, SEQNUM=7375, POWER_SUPPLY_STATUS=Charging, POWER_SUPPLY_CYCLE_COUNT=0, POWER_SUPPLY_CAPACITY=100, DEVPATH=/devices/platform/1000d000.pwrap/1000d000.pwrap:main_pmic/mt6357-gauge/power_supply/battery, POWER_SUPPLY_CHARGE_RATE=Normal, POWER_SUPPLY_CURRENT_AVG=159600, POWER_SUPPLY_CAPACITY_LEVEL=Full, POWER_SUPPLY_CURRENT_NOW=159600, POWER_SUPPLY_PRESENT=1, POWER_SUPPLY_POWER_WATT=2, POWER_SUPPLY_CHARGE_FULL=4827700, POWER_SUPPLY_TIME_TO_FULL_NOW=0, SUBSYSTEM=power_supply, POWER_SUPPLY_TEMP=270, ACTION=change, POWER_SUPPLY_AGE=100, POWER_SUPPLY_NAME=battery, POWER_SUPPLY_LPD_PRESENT=false, POWER_SUPPLY_CHARGE_COUNTER=4827700}
02-27 02:47:38.508  1905  1984 D BatteryService: uevent={POWER_SUPPLY_VOLTAGE_NOW=4374000, POWER_SUPPLY_VBUS_PRESENT=true, POWER_SUPPLY_TYPE=Battery, POWER_SUPPLY_HEALTH=Good, POWER_SUPPLY_TECHNOLOGY=Li-ion, POWER_SUPPLY_CHARGE_FULL_DESIGN=4822000, POWER_SUPPLY_CONSTANT_CHARGE_VOLTAGE=4400000, SEQNUM=7375, POWER_SUPPLY_STATUS=Charging, POWER_SUPPLY_CYCLE_COUNT=0, POWER_SUPPLY_CAPACITY=100, DEVPATH=/devices/platform/1000d000.pwrap/1000d000.pwrap:main_pmic/mt6357-gauge/power_supply/battery, POWER_SUPPLY_CHARGE_RATE=Normal, POWER_SUPPLY_CURRENT_AVG=159600, POWER_SUPPLY_CAPACITY_LEVEL=Full, POWER_SUPPLY_CURRENT_NOW=159600, POWER_SUPPLY_PRESENT=1, POWER_SUPPLY_POWER_WATT=2, POWER_SUPPLY_CHARGE_FULL=4827700, POWER_SUPPLY_TIME_TO_FULL_NOW=0, SUBSYSTEM=power_supply, POWER_SUPPLY_TEMP=270, ACTION=change, POWER_SUPPLY_AGE=100, POWER_SUPPLY_NAME=battery, POWER_SUPPLY_LPD_PRESENT=false, POWER_SUPPLY_CHARGE_COUNTER=4827700}
02-27 02:47:38.525  1905  1905 V UiModeManager: updateLocked: null action, mDockState=0, category=null
02-27 02:47:38.526  1905  1905 D UiModeManager: updateConfigurationLocked: mDockState=0; mCarMode=false; mNightMode=1; mNightModeCustomType=-1; uiMode=81
02-27 02:47:38.536  2277  3385 D PowerUI : can't show warning due to - plugged: true status unknown: false
02-27 02:47:40.509  1905  1905 V UiModeManager: updateLocked: null action, mDockState=0, category=null
02-27 02:47:40.509  1905  1905 D UiModeManager: updateConfigurationLocked: mDockState=0; mCarMode=false; mNightMode=1; mNightModeCustomType=-1; uiMode=81
02-27 02:47:40.517  2277  3382 D PowerUI : can't show warning due to - plugged: true status unknown: false
02-27 02:47:48.511  1905  1984 D BatteryService: uevent={POWER_SUPPLY_VOLTAGE_NOW=4321000, POWER_SUPPLY_VBUS_PRESENT=true, POWER_SUPPLY_TYPE=Battery, POWER_SUPPLY_HEALTH=Good, POWER_SUPPLY_TECHNOLOGY=Li-ion, POWER_SUPPLY_CHARGE_FULL_DESIGN=4822000, POWER_SUPPLY_CONSTANT_CHARGE_VOLTAGE=4400000, SEQNUM=7376, POWER_SUPPLY_STATUS=Charging, POWER_SUPPLY_CYCLE_COUNT=0, POWER_SUPPLY_CAPACITY=100, DEVPATH=/devices/platform/1000d000.pwrap/1000d000.pwrap:main_pmic/mt6357-gauge/power_supply/battery, POWER_SUPPLY_CHARGE_RATE=Normal, POWER_SUPPLY_CURRENT_AVG=-78500, POWER_SUPPLY_CAPACITY_LEVEL=Full, POWER_SUPPLY_CURRENT_NOW=-78500, POWER_SUPPLY_PRESENT=1, POWER_SUPPLY_POWER_WATT=2, POWER_SUPPLY_CHARGE_FULL=4827700, POWER_SUPPLY_TIME_TO_FULL_NOW=0, SUBSYSTEM=power_supply, POWER_SUPPLY_TEMP=270, ACTION=change, POWER_SUPPLY_AGE=100, POWER_SUPPLY_NAME=battery, POWER_SUPPLY_LPD_PRESENT=false, POWER_SUPPLY_CHARGE_COUNTER=4827700}
02-27 02:47:48.511  1905  1984 D BatteryService: uevent={POWER_SUPPLY_VOLTAGE_NOW=4321000, POWER_SUPPLY_VBUS_PRESENT=true, POWER_SUPPLY_TYPE=Battery, POWER_SUPPLY_HEALTH=Good, POWER_SUPPLY_TECHNOLOGY=Li-ion, POWER_SUPPLY_CHARGE_FULL_DESIGN=4822000, POWER_SUPPLY_CONSTANT_CHARGE_VOLTAGE=4400000, SEQNUM=7376, POWER_SUPPLY_STATUS=Charging, POWER_SUPPLY_CYCLE_COUNT=0, POWER_SUPPLY_CAPACITY=100, DEVPATH=/devices/platform/1000d000.pwrap/1000d000.pwrap:main_pmic/mt6357-gauge/power_supply/battery, POWER_SUPPLY_CHARGE_RATE=Normal, POWER_SUPPLY_CURRENT_AVG=-78500, POWER_SUPPLY_CAPACITY_LEVEL=Full, POWER_SUPPLY_CURRENT_NOW=-78500, POWER_SUPPLY_PRESENT=1, POWER_SUPPLY_POWER_WATT=2, POWER_SUPPLY_CHARGE_FULL=4827700, POWER_SUPPLY_TIME_TO_FULL_NOW=0, SUBSYSTEM=power_supply, POWER_SUPPLY_TEMP=270, ACTION=change, POWER_SUPPLY_AGE=100, POWER_SUPPLY_NAME=battery, POWER_SUPPLY_LPD_PRESENT=false, POWER_SUPPLY_CHARGE_COUNTER=4827700}
02-27 02:47:48.525  1905  1905 V UiModeManager: updateLocked: null action, mDockState=0, category=null
02-27 02:47:48.525  1905  1905 D UiModeManager: updateConfigurationLocked: mDockState=0; mCarMode=false; mNightMode=1; mNightModeCustomType=-1; uiMode=81
02-27 02:47:48.527  2277  2849 D PowerUI : can't show warning due to - plugged: true status unknown: false
02-27 02:47:58.512  1905  1984 D BatteryService: uevent={POWER_SUPPLY_VOLTAGE_NOW=4322000, POWER_SUPPLY_VBUS_PRESENT=true, POWER_SUPPLY_TYPE=Battery, POWER_SUPPLY_HEALTH=Good, POWER_SUPPLY_TECHNOLOGY=Li-ion, POWER_SUPPLY_CHARGE_FULL_DESIGN=4822000, POWER_SUPPLY_CONSTANT_CHARGE_VOLTAGE=4400000, SEQNUM=7377, POWER_SUPPLY_STATUS=Charging, POWER_SUPPLY_CYCLE_COUNT=0, POWER_SUPPLY_CAPACITY=100, DEVPATH=/devices/platform/1000d000.pwrap/1000d000.pwrap:main_pmic/mt6357-gauge/power_supply/battery, POWER_SUPPLY_CHARGE_RATE=Normal, POWER_SUPPLY_CURRENT_AVG=-155900, POWER_SUPPLY_CAPACITY_LEVEL=Full, POWER_SUPPLY_CURRENT_NOW=-155900, POWER_SUPPLY_PRESENT=1, POWER_SUPPLY_POWER_WATT=2, POWER_SUPPLY_CHARGE_FULL=4827700, POWER_SUPPLY_TIME_TO_FULL_NOW=0, SUBSYSTEM=power_supply, POWER_SUPPLY_TEMP=280, ACTION=change, POWER_SUPPLY_AGE=100, POWER_SUPPLY_NAME=battery, POWER_SUPPLY_LPD_PRESENT=false, POWER_SUPPLY_CHARGE_COUNTER=4827700}
02-27 02:47:58.513  1905  1984 D BatteryService: uevent={POWER_SUPPLY_VOLTAGE_NOW=4322000, POWER_SUPPLY_VBUS_PRESENT=true, POWER_SUPPLY_TYPE=Battery, POWER_SUPPLY_HEALTH=Good, POWER_SUPPLY_TECHNOLOGY=Li-ion, POWER_SUPPLY_CHARGE_FULL_DESIGN=4822000, POWER_SUPPLY_CONSTANT_CHARGE_VOLTAGE=4400000, SEQNUM=7377, POWER_SUPPLY_STATUS=Charging, POWER_SUPPLY_CYCLE_COUNT=0, POWER_SUPPLY_CAPACITY=100, DEVPATH=/devices/platform/1000d000.pwrap/1000d000.pwrap:main_pmic/mt6357-gauge/power_supply/battery, POWER_SUPPLY_CHARGE_RATE=Normal, POWER_SUPPLY_CURRENT_AVG=-155900, POWER_SUPPLY_CAPACITY_LEVEL=Full, POWER_SUPPLY_CURRENT_NOW=-155900, POWER_SUPPLY_PRESENT=1, POWER_SUPPLY_POWER_WATT=2, POWER_SUPPLY_CHARGE_FULL=4827700, POWER_SUPPLY_TIME_TO_FULL_NOW=0, SUBSYSTEM=power_supply, POWER_SUPPLY_TEMP=280, ACTION=change, POWER_SUPPLY_AGE=100, POWER_SUPPLY_NAME=battery, POWER_SUPPLY_LPD_PRESENT=false, POWER_SUPPLY_CHARGE_COUNTER=4827700}
02-27 02:47:58.528  1905  1905 V UiModeManager: updateLocked: null action, mDockState=0, category=null
02-27 02:47:58.528  1905  1905 D UiModeManager: updateConfigurationLocked: mDockState=0; mCarMode=false; mNightMode=1; mNightModeCustomType=-1; uiMode=81
02-27 02:47:58.534  2277  3011 D PowerUI : can't show warning due to - plugged: true status unknown: false
02-27 02:48:08.518  1905  1984 D BatteryService: uevent={POWER_SUPPLY_VOLTAGE_NOW=4366000, POWER_SUPPLY_VBUS_PRESENT=true, POWER_SUPPLY_TYPE=Battery, POWER_SUPPLY_HEALTH=Good, POWER_SUPPLY_TECHNOLOGY=Li-ion, POWER_SUPPLY_CHARGE_FULL_DESIGN=4822000, POWER_SUPPLY_CONSTANT_CHARGE_VOLTAGE=4400000, SEQNUM=7378, POWER_SUPPLY_STATUS=Charging, POWER_SUPPLY_CYCLE_COUNT=0, POWER_SUPPLY_CAPACITY=100, DEVPATH=/devices/platform/1000d000.pwrap/1000d000.pwrap:main_pmic/mt6357-gauge/power_supply/battery, POWER_SUPPLY_CHARGE_RATE=Normal, POWER_SUPPLY_CURRENT_AVG=19100, POWER_SUPPLY_CAPACITY_LEVEL=Full, POWER_SUPPLY_CURRENT_NOW=19100, POWER_SUPPLY_PRESENT=1, POWER_SUPPLY_POWER_WATT=2, POWER_SUPPLY_CHARGE_FULL=4827700, POWER_SUPPLY_TIME_TO_FULL_NOW=0, SUBSYSTEM=power_supply, POWER_SUPPLY_TEMP=270, ACTION=change, POWER_SUPPLY_AGE=100, POWER_SUPPLY_NAME=battery, POWER_SUPPLY_LPD_PRESENT=false, POWER_SUPPLY_CHARGE_COUNTER=4827700}
02-27 02:48:08.518  1905  1984 D BatteryService: uevent={POWER_SUPPLY_VOLTAGE_NOW=4366000, POWER_SUPPLY_VBUS_PRESENT=true, POWER_SUPPLY_TYPE=Battery, POWER_SUPPLY_HEALTH=Good, POWER_SUPPLY_TECHNOLOGY=Li-ion, POWER_SUPPLY_CHARGE_FULL_DESIGN=4822000, POWER_SUPPLY_CONSTANT_CHARGE_VOLTAGE=4400000, SEQNUM=7378, POWER_SUPPLY_STATUS=Charging, POWER_SUPPLY_CYCLE_COUNT=0, POWER_SUPPLY_CAPACITY=100, DEVPATH=/devices/platform/1000d000.pwrap/1000d000.pwrap:main_pmic/mt6357-gauge/power_supply/battery, POWER_SUPPLY_CHARGE_RATE=Normal, POWER_SUPPLY_CURRENT_AVG=19100, POWER_SUPPLY_CAPACITY_LEVEL=Full, POWER_SUPPLY_CURRENT_NOW=19100, POWER_SUPPLY_PRESENT=1, POWER_SUPPLY_POWER_WATT=2, POWER_SUPPLY_CHARGE_FULL=4827700, POWER_SUPPLY_TIME_TO_FULL_NOW=0, SUBSYSTEM=power_supply, POWER_SUPPLY_TEMP=270, ACTION=change, POWER_SUPPLY_AGE=100, POWER_SUPPLY_NAME=battery, POWER_SUPPLY_LPD_PRESENT=false, POWER_SUPPLY_CHARGE_COUNTER=4827700}
02-27 02:48:08.534  1905  1905 V UiModeManager: updateLocked: null action, mDockState=0, category=null
02-27 02:48:08.535  1905  1905 D UiModeManager: updateConfigurationLocked: mDockState=0; mCarMode=false; mNightMode=1; mNightModeCustomType=-1; uiMode=81
02-27 02:48:08.541  2277  3364 D PowerUI : can't show warning due to - plugged: true status unknown: false
02-27 02:48:08.771  1905  6241 W BatteryExternalStatsWorker: error reading Bluetooth stats: 11
02-27 02:48:09.319 24745  5911 E KernelCpuUidFreqTimeReader: Failed to read /proc/uid_time_in_state: java.nio.file.NoSuchFileException: /proc/uid_time_in_state
02-27 02:48:18.529  1905  1984 D BatteryService: uevent={POWER_SUPPLY_VOLTAGE_NOW=4350000, POWER_SUPPLY_VBUS_PRESENT=true, POWER_SUPPLY_TYPE=Battery, POWER_SUPPLY_HEALTH=Good, POWER_SUPPLY_TECHNOLOGY=Li-ion, POWER_SUPPLY_CHARGE_FULL_DESIGN=4822000, POWER_SUPPLY_CONSTANT_CHARGE_VOLTAGE=4400000, SEQNUM=7379, POWER_SUPPLY_STATUS=Charging, POWER_SUPPLY_CYCLE_COUNT=0, POWER_SUPPLY_CAPACITY=100, DEVPATH=/devices/platform/1000d000.pwrap/1000d000.pwrap:main_pmic/mt6357-gauge/power_supply/battery, POWER_SUPPLY_CHARGE_RATE=Normal, POWER_SUPPLY_CURRENT_AVG=112800, POWER_SUPPLY_CAPACITY_LEVEL=Full, POWER_SUPPLY_CURRENT_NOW=112800, POWER_SUPPLY_PRESENT=1, POWER_SUPPLY_POWER_WATT=2, POWER_SUPPLY_CHARGE_FULL=4827700, POWER_SUPPLY_TIME_TO_FULL_NOW=0, SUBSYSTEM=power_supply, POWER_SUPPLY_TEMP=270, ACTION=change, POWER_SUPPLY_AGE=100, POWER_SUPPLY_NAME=battery, POWER_SUPPLY_LPD_PRESENT=false, POWER_SUPPLY_CHARGE_COUNTER=4827700}
02-27 02:48:18.529  1905  1984 D BatteryService: uevent={POWER_SUPPLY_VOLTAGE_NOW=4350000, POWER_SUPPLY_VBUS_PRESENT=true, POWER_SUPPLY_TYPE=Battery, POWER_SUPPLY_HEALTH=Good, POWER_SUPPLY_TECHNOLOGY=Li-ion, POWER_SUPPLY_CHARGE_FULL_DESIGN=4822000, POWER_SUPPLY_CONSTANT_CHARGE_VOLTAGE=4400000, SEQNUM=7379, POWER_SUPPLY_STATUS=Charging, POWER_SUPPLY_CYCLE_COUNT=0, POWER_SUPPLY_CAPACITY=100, DEVPATH=/devices/platform/1000d000.pwrap/1000d000.pwrap:main_pmic/mt6357-gauge/power_supply/battery, POWER_SUPPLY_CHARGE_RATE=Normal, POWER_SUPPLY_CURRENT_AVG=112800, POWER_SUPPLY_CAPACITY_LEVEL=Full, POWER_SUPPLY_CURRENT_NOW=112800, POWER_SUPPLY_PRESENT=1, POWER_SUPPLY_POWER_WATT=2, POWER_SUPPLY_CHARGE_FULL=4827700, POWER_SUPPLY_TIME_TO_FULL_NOW=0, SUBSYSTEM=power_supply, POWER_SUPPLY_TEMP=270, ACTION=change, POWER_SUPPLY_AGE=100, POWER_SUPPLY_NAME=battery, POWER_SUPPLY_LPD_PRESENT=false, POWER_SUPPLY_CHARGE_COUNTER=4827700}
02-27 02:48:18.545  1905  1905 V UiModeManager: updateLocked: null action, mDockState=0, category=null
02-27 02:48:18.545  1905  1905 D UiModeManager: updateConfigurationLocked: mDockState=0; mCarMode=false; mNightMode=1; mNightModeCustomType=-1; uiMode=81
02-27 02:48:18.547  2277  3144 D PowerUI : can't show warning due to - plugged: true status unknown: false
02-27 02:48:28.527  1905  1984 D BatteryService: uevent={POWER_SUPPLY_VOLTAGE_NOW=4360000, POWER_SUPPLY_VBUS_PRESENT=true, POWER_SUPPLY_TYPE=Battery, POWER_SUPPLY_HEALTH=Good, POWER_SUPPLY_TECHNOLOGY=Li-ion, POWER_SUPPLY_CHARGE_FULL_DESIGN=4822000, POWER_SUPPLY_CONSTANT_CHARGE_VOLTAGE=4400000, SEQNUM=7380, POWER_SUPPLY_STATUS=Charging, POWER_SUPPLY_CYCLE_COUNT=0, POWER_SUPPLY_CAPACITY=100, DEVPATH=/devices/platform/1000d000.pwrap/1000d000.pwrap:main_pmic/mt6357-gauge/power_supply/battery, POWER_SUPPLY_CHARGE_RATE=Normal, POWER_SUPPLY_CURRENT_AVG=117500, POWER_SUPPLY_CAPACITY_LEVEL=Full, POWER_SUPPLY_CURRENT_NOW=117500, POWER_SUPPLY_PRESENT=1, POWER_SUPPLY_POWER_WATT=2, POWER_SUPPLY_CHARGE_FULL=4827700, POWER_SUPPLY_TIME_TO_FULL_NOW=0, SUBSYSTEM=power_supply, POWER_SUPPLY_TEMP=270, ACTION=change, POWER_SUPPLY_AGE=100, POWER_SUPPLY_NAME=battery, POWER_SUPPLY_LPD_PRESENT=false, POWER_SUPPLY_CHARGE_COUNTER=4827700}
02-27 02:48:28.528  1905  1984 D BatteryService: uevent={POWER_SUPPLY_VOLTAGE_NOW=4360000, POWER_SUPPLY_VBUS_PRESENT=true, POWER_SUPPLY_TYPE=Battery, POWER_SUPPLY_HEALTH=Good, POWER_SUPPLY_TECHNOLOGY=Li-ion, POWER_SUPPLY_CHARGE_FULL_DESIGN=4822000, POWER_SUPPLY_CONSTANT_CHARGE_VOLTAGE=4400000, SEQNUM=7380, POWER_SUPPLY_STATUS=Charging, POWER_SUPPLY_CYCLE_COUNT=0, POWER_SUPPLY_CAPACITY=100, DEVPATH=/devices/platform/1000d000.pwrap/1000d000.pwrap:main_pmic/mt6357-gauge/power_supply/battery, POWER_SUPPLY_CHARGE_RATE=Normal, POWER_SUPPLY_CURRENT_AVG=117500, POWER_SUPPLY_CAPACITY_LEVEL=Full, POWER_SUPPLY_CURRENT_NOW=117500, POWER_SUPPLY_PRESENT=1, POWER_SUPPLY_POWER_WATT=2, POWER_SUPPLY_CHARGE_FULL=4827700, POWER_SUPPLY_TIME_TO_FULL_NOW=0, SUBSYSTEM=power_supply, POWER_SUPPLY_TEMP=270, ACTION=change, POWER_SUPPLY_AGE=100, POWER_SUPPLY_NAME=battery, POWER_SUPPLY_LPD_PRESENT=false, POWER_SUPPLY_CHARGE_COUNTER=4827700}
02-27 02:48:28.544  1905  1905 V UiModeManager: updateLocked: null action, mDockState=0, category=null
02-27 02:48:28.544  1905  1905 D UiModeManager: updateConfigurationLocked: mDockState=0; mCarMode=false; mNightMode=1; mNightModeCustomType=-1; uiMode=81
02-27 02:48:28.551  2277  3377 D PowerUI : can't show warning due to - plugged: true status unknown: false
02-27 02:48:38.533  1905  1984 D BatteryService: uevent={POWER_SUPPLY_VOLTAGE_NOW=4322000, POWER_SUPPLY_VBUS_PRESENT=true, POWER_SUPPLY_TYPE=Battery, POWER_SUPPLY_HEALTH=Good, POWER_SUPPLY_TECHNOLOGY=Li-ion, POWER_SUPPLY_CHARGE_FULL_DESIGN=4822000, POWER_SUPPLY_CONSTANT_CHARGE_VOLTAGE=4400000, SEQNUM=7381, POWER_SUPPLY_STATUS=Charging, POWER_SUPPLY_CYCLE_COUNT=0, POWER_SUPPLY_CAPACITY=100, DEVPATH=/devices/platform/1000d000.pwrap/1000d000.pwrap:main_pmic/mt6357-gauge/power_supply/battery, POWER_SUPPLY_CHARGE_RATE=Normal, POWER_SUPPLY_CURRENT_AVG=-27600, POWER_SUPPLY_CAPACITY_LEVEL=Full, POWER_SUPPLY_CURRENT_NOW=-27600, POWER_SUPPLY_PRESENT=1, POWER_SUPPLY_POWER_WATT=2, POWER_SUPPLY_CHARGE_FULL=4827700, POWER_SUPPLY_TIME_TO_FULL_NOW=0, SUBSYSTEM=power_supply, POWER_SUPPLY_TEMP=280, ACTION=change, POWER_SUPPLY_AGE=100, POWER_SUPPLY_NAME=battery, POWER_SUPPLY_LPD_PRESENT=false, POWER_SUPPLY_CHARGE_COUNTER=4827700}
02-27 02:48:38.533  1905  1984 D BatteryService: uevent={POWER_SUPPLY_VOLTAGE_NOW=4322000, POWER_SUPPLY_VBUS_PRESENT=true, POWER_SUPPLY_TYPE=Battery, POWER_SUPPLY_HEALTH=Good, POWER_SUPPLY_TECHNOLOGY=Li-ion, POWER_SUPPLY_CHARGE_FULL_DESIGN=4822000, POWER_SUPPLY_CONSTANT_CHARGE_VOLTAGE=4400000, SEQNUM=7381, POWER_SUPPLY_STATUS=Charging, POWER_SUPPLY_CYCLE_COUNT=0, POWER_SUPPLY_CAPACITY=100, DEVPATH=/devices/platform/1000d000.pwrap/1000d000.pwrap:main_pmic/mt6357-gauge/power_supply/battery, POWER_SUPPLY_CHARGE_RATE=Normal, POWER_SUPPLY_CURRENT_AVG=-27600, POWER_SUPPLY_CAPACITY_LEVEL=Full, POWER_SUPPLY_CURRENT_NOW=-27600, POWER_SUPPLY_PRESENT=1, POWER_SUPPLY_POWER_WATT=2, POWER_SUPPLY_CHARGE_FULL=4827700, POWER_SUPPLY_TIME_TO_FULL_NOW=0, SUBSYSTEM=power_supply, POWER_SUPPLY_TEMP=280, ACTION=change, POWER_SUPPLY_AGE=100, POWER_SUPPLY_NAME=battery, POWER_SUPPLY_LPD_PRESENT=false, POWER_SUPPLY_CHARGE_COUNTER=4827700}
02-27 02:48:38.550  1905  1905 V UiModeManager: updateLocked: null action, mDockState=0, category=null
02-27 02:48:38.551  1905  1905 D UiModeManager: updateConfigurationLocked: mDockState=0; mCarMode=false; mNightMode=1; mNightModeCustomType=-1; uiMode=81
02-27 02:48:38.558  2277  2705 D PowerUI : can't show warning due to - plugged: true status unknown: false
02-27 02:48:40.507  1905  1905 V UiModeManager: updateLocked: null action, mDockState=0, category=null
02-27 02:48:40.508  1905  1905 D UiModeManager: updateConfigurationLocked: mDockState=0; mCarMode=false; mNightMode=1; mNightModeCustomType=-1; uiMode=81
02-27 02:48:40.516  2277  3385 D PowerUI : can't show warning due to - plugged: true status unknown: false
02-27 02:48:48.536  1905  1984 D BatteryService: uevent={POWER_SUPPLY_VOLTAGE_NOW=4329000, POWER_SUPPLY_VBUS_PRESENT=true, POWER_SUPPLY_TYPE=Battery, POWER_SUPPLY_HEALTH=Good, POWER_SUPPLY_TECHNOLOGY=Li-ion, POWER_SUPPLY_CHARGE_FULL_DESIGN=4822000, POWER_SUPPLY_CONSTANT_CHARGE_VOLTAGE=4400000, SEQNUM=7382, POWER_SUPPLY_STATUS=Charging, POWER_SUPPLY_CYCLE_COUNT=0, POWER_SUPPLY_CAPACITY=100, DEVPATH=/devices/platform/1000d000.pwrap/1000d000.pwrap:main_pmic/mt6357-gauge/power_supply/battery, POWER_SUPPLY_CHARGE_RATE=Normal, POWER_SUPPLY_CURRENT_AVG=-108700, POWER_SUPPLY_CAPACITY_LEVEL=Full, POWER_SUPPLY_CURRENT_NOW=-108700, POWER_SUPPLY_PRESENT=1, POWER_SUPPLY_POWER_WATT=2, POWER_SUPPLY_CHARGE_FULL=4827700, POWER_SUPPLY_TIME_TO_FULL_NOW=0, SUBSYSTEM=power_supply, POWER_SUPPLY_TEMP=280, ACTION=change, POWER_SUPPLY_AGE=100, POWER_SUPPLY_NAME=battery, POWER_SUPPLY_LPD_PRESENT=false, POWER_SUPPLY_CHARGE_COUNTER=4827700}
02-27 02:48:48.536  1905  1984 D BatteryService: uevent={POWER_SUPPLY_VOLTAGE_NOW=4329000, POWER_SUPPLY_VBUS_PRESENT=true, POWER_SUPPLY_TYPE=Battery, POWER_SUPPLY_HEALTH=Good, POWER_SUPPLY_TECHNOLOGY=Li-ion, POWER_SUPPLY_CHARGE_FULL_DESIGN=4822000, POWER_SUPPLY_CONSTANT_CHARGE_VOLTAGE=4400000, SEQNUM=7382, POWER_SUPPLY_STATUS=Charging, POWER_SUPPLY_CYCLE_COUNT=0, POWER_SUPPLY_CAPACITY=100, DEVPATH=/devices/platform/1000d000.pwrap/1000d000.pwrap:main_pmic/mt6357-gauge/power_supply/battery, POWER_SUPPLY_CHARGE_RATE=Normal, POWER_SUPPLY_CURRENT_AVG=-108700, POWER_SUPPLY_CAPACITY_LEVEL=Full, POWER_SUPPLY_CURRENT_NOW=-108700, POWER_SUPPLY_PRESENT=1, POWER_SUPPLY_POWER_WATT=2, POWER_SUPPLY_CHARGE_FULL=4827700, POWER_SUPPLY_TIME_TO_FULL_NOW=0, SUBSYSTEM=power_supply, POWER_SUPPLY_TEMP=280, ACTION=change, POWER_SUPPLY_AGE=100, POWER_SUPPLY_NAME=battery, POWER_SUPPLY_LPD_PRESENT=false, POWER_SUPPLY_CHARGE_COUNTER=4827700}
02-27 02:48:48.550  1905  1905 V UiModeManager: updateLocked: null action, mDockState=0, category=null
02-27 02:48:48.551  1905  1905 D UiModeManager: updateConfigurationLocked: mDockState=0; mCarMode=false; mNightMode=1; mNightModeCustomType=-1; uiMode=81
02-27 02:48:48.557  2277  3382 D PowerUI : can't show warning due to - plugged: true status unknown: false
02-27 02:48:58.539  1905  1984 D BatteryService: uevent={POWER_SUPPLY_VOLTAGE_NOW=4333000, POWER_SUPPLY_VBUS_PRESENT=true, POWER_SUPPLY_TYPE=Battery, POWER_SUPPLY_HEALTH=Good, POWER_SUPPLY_TECHNOLOGY=Li-ion, POWER_SUPPLY_CHARGE_FULL_DESIGN=4822000, POWER_SUPPLY_CONSTANT_CHARGE_VOLTAGE=4400000, SEQNUM=7383, POWER_SUPPLY_STATUS=Charging, POWER_SUPPLY_CYCLE_COUNT=0, POWER_SUPPLY_CAPACITY=100, DEVPATH=/devices/platform/1000d000.pwrap/1000d000.pwrap:main_pmic/mt6357-gauge/power_supply/battery, POWER_SUPPLY_CHARGE_RATE=Normal, POWER_SUPPLY_CURRENT_AVG=-148600, POWER_SUPPLY_CAPACITY_LEVEL=Full, POWER_SUPPLY_CURRENT_NOW=-148600, POWER_SUPPLY_PRESENT=1, POWER_SUPPLY_POWER_WATT=2, POWER_SUPPLY_CHARGE_FULL=4827700, POWER_SUPPLY_TIME_TO_FULL_NOW=0, SUBSYSTEM=power_supply, POWER_SUPPLY_TEMP=280, ACTION=change, POWER_SUPPLY_AGE=100, POWER_SUPPLY_NAME=battery, POWER_SUPPLY_LPD_PRESENT=false, POWER_SUPPLY_CHARGE_COUNTER=4827700}
02-27 02:48:58.539  1905  1984 D BatteryService: uevent={POWER_SUPPLY_VOLTAGE_NOW=4333000, POWER_SUPPLY_VBUS_PRESENT=true, POWER_SUPPLY_TYPE=Battery, POWER_SUPPLY_HEALTH=Good, POWER_SUPPLY_TECHNOLOGY=Li-ion, POWER_SUPPLY_CHARGE_FULL_DESIGN=4822000, POWER_SUPPLY_CONSTANT_CHARGE_VOLTAGE=4400000, SEQNUM=7383, POWER_SUPPLY_STATUS=Charging, POWER_SUPPLY_CYCLE_COUNT=0, POWER_SUPPLY_CAPACITY=100, DEVPATH=/devices/platform/1000d000.pwrap/1000d000.pwrap:main_pmic/mt6357-gauge/power_supply/battery, POWER_SUPPLY_CHARGE_RATE=Normal, POWER_SUPPLY_CURRENT_AVG=-148600, POWER_SUPPLY_CAPACITY_LEVEL=Full, POWER_SUPPLY_CURRENT_NOW=-148600, POWER_SUPPLY_PRESENT=1, POWER_SUPPLY_POWER_WATT=2, POWER_SUPPLY_CHARGE_FULL=4827700, POWER_SUPPLY_TIME_TO_FULL_NOW=0, SUBSYSTEM=power_supply, POWER_SUPPLY_TEMP=280, ACTION=change, POWER_SUPPLY_AGE=100, POWER_SUPPLY_NAME=battery, POWER_SUPPLY_LPD_PRESENT=false, POWER_SUPPLY_CHARGE_COUNTER=4827700}
02-27 02:48:58.556  1905  1905 V UiModeManager: updateLocked: null action, mDockState=0, category=null
02-27 02:48:58.556  1905  1905 D UiModeManager: updateConfigurationLocked: mDockState=0; mCarMode=false; mNightMode=1; mNightModeCustomType=-1; uiMode=81
02-27 02:48:58.562  2277  2849 D PowerUI : can't show warning due to - plugged: true status unknown: false
02-27 02:49:04.133  1905  1984 D BatteryService: uevent={POWER_SUPPLY_VOLTAGE_NOW=4357000, POWER_SUPPLY_CURRENT_AVG=148900, POWER_SUPPLY_CAPACITY_LEVEL=Full, POWER_SUPPLY_TYPE=Battery, POWER_SUPPLY_HEALTH=Good, POWER_SUPPLY_CURRENT_NOW=148900, POWER_SUPPLY_PRESENT=1, POWER_SUPPLY_TECHNOLOGY=Li-ion, POWER_SUPPLY_CHARGE_FULL=4827700, POWER_SUPPLY_TIME_TO_FULL_NOW=0, POWER_SUPPLY_CHARGE_FULL_DESIGN=4822000, SUBSYSTEM=power_supply, POWER_SUPPLY_CONSTANT_CHARGE_VOLTAGE=4400000, POWER_SUPPLY_TEMP=280, SEQNUM=7384, ACTION=change, POWER_SUPPLY_NAME=battery, POWER_SUPPLY_STATUS=Charging, POWER_SUPPLY_CYCLE_COUNT=0, POWER_SUPPLY_CHARGE_COUNTER=4827700, POWER_SUPPLY_CAPACITY=100, DEVPATH=/devices/platform/1000d000.pwrap/1000d000.pwrap:main_pmic/mt6357-gauge/power_supply/battery}
02-27 02:49:04.133  1905  1984 D BatteryService: uevent={POWER_SUPPLY_VOLTAGE_NOW=4357000, POWER_SUPPLY_CURRENT_AVG=148900, POWER_SUPPLY_CAPACITY_LEVEL=Full, POWER_SUPPLY_TYPE=Battery, POWER_SUPPLY_HEALTH=Good, POWER_SUPPLY_CURRENT_NOW=148900, POWER_SUPPLY_PRESENT=1, POWER_SUPPLY_TECHNOLOGY=Li-ion, POWER_SUPPLY_CHARGE_FULL=4827700, POWER_SUPPLY_TIME_TO_FULL_NOW=0, POWER_SUPPLY_CHARGE_FULL_DESIGN=4822000, SUBSYSTEM=power_supply, POWER_SUPPLY_CONSTANT_CHARGE_VOLTAGE=4400000, POWER_SUPPLY_TEMP=280, SEQNUM=7384, ACTION=change, POWER_SUPPLY_NAME=battery, POWER_SUPPLY_STATUS=Charging, POWER_SUPPLY_CYCLE_COUNT=0, POWER_SUPPLY_CHARGE_COUNTER=4827700, POWER_SUPPLY_CAPACITY=100, DEVPATH=/devices/platform/1000d000.pwrap/1000d000.pwrap:main_pmic/mt6357-gauge/power_supply/battery}
02-27 02:49:04.152  1905  1905 V UiModeManager: updateLocked: null action, mDockState=0, category=null
02-27 02:49:04.152  1905  1905 D UiModeManager: updateConfigurationLocked: mDockState=0; mCarMode=false; mNightMode=1; mNightModeCustomType=-1; uiMode=81
02-27 02:49:04.157  2277  3011 D PowerUI : can't show warning due to - plugged: true status unknown: false
02-27 02:49:08.544  1905  1984 D BatteryService: uevent={POWER_SUPPLY_VOLTAGE_NOW=4349000, POWER_SUPPLY_VBUS_PRESENT=true, POWER_SUPPLY_TYPE=Battery, POWER_SUPPLY_HEALTH=Good, POWER_SUPPLY_TECHNOLOGY=Li-ion, POWER_SUPPLY_CHARGE_FULL_DESIGN=4822000, POWER_SUPPLY_CONSTANT_CHARGE_VOLTAGE=4400000, SEQNUM=7385, POWER_SUPPLY_STATUS=Charging, POWER_SUPPLY_CYCLE_COUNT=0, POWER_SUPPLY_CAPACITY=100, DEVPATH=/devices/platform/1000d000.pwrap/1000d000.pwrap:main_pmic/mt6357-gauge/power_supply/battery, POWER_SUPPLY_CHARGE_RATE=Normal, POWER_SUPPLY_CURRENT_AVG=-34500, POWER_SUPPLY_CAPACITY_LEVEL=Full, POWER_SUPPLY_CURRENT_NOW=-34500, POWER_SUPPLY_PRESENT=1, POWER_SUPPLY_POWER_WATT=2, POWER_SUPPLY_CHARGE_FULL=4827700, POWER_SUPPLY_TIME_TO_FULL_NOW=0, SUBSYSTEM=power_supply, POWER_SUPPLY_TEMP=280, ACTION=change, POWER_SUPPLY_AGE=100, POWER_SUPPLY_NAME=battery, POWER_SUPPLY_LPD_PRESENT=false, POWER_SUPPLY_CHARGE_COUNTER=4827700}
