02-27 02:43:08.384  1905  1984 D BatteryService: uevent={POWER_SUPPLY_VOLTAGE_NOW=4372000, POWER_SUPPLY_VBUS_PRESENT=true, POWER_SUPPLY_TYPE=Battery, POWER_SUPPLY_HEALTH=Good, POWER_SUPPLY_TECHNOLOGY=Li-ion, POWER_SUPPLY_CHARGE_FULL_DESIGN=4822000, POWER_SUPPLY_CONSTANT_CHARGE_VOLTAGE=4400000, SEQNUM=7348, POWER_SUPPLY_STATUS=Charging, POWER_SUPPLY_CYCLE_COUNT=0, POWER_SUPPLY_CAPACITY=100, DEVPATH=/devices/platform/1000d000.pwrap/1000d000.pwrap:main_pmic/mt6357-gauge/power_supply/battery, POWER_SUPPLY_CHARGE_RATE=Normal, POWER_SUPPLY_CURRENT_AVG=127600, POWER_SUPPLY_CAPACITY_LEVEL=Full, POWER_SUPPLY_CURRENT_NOW=127600, POWER_SUPPLY_PRESENT=1, POWER_SUPPLY_POWER_WATT=2, POWER_SUPPLY_CHARGE_FULL=4827700, POWER_SUPPLY_TIME_TO_FULL_NOW=0, SUBSYSTEM=power_supply, POWER_SUPPLY_TEMP=270, ACTION=change, POWER_SUPPLY_AGE=100, POWER_SUPPLY_NAME=battery, POWER_SUPPLY_LPD_PRESENT=false, POWER_SUPPLY_CHARGE_COUNTER=4827700}
02-27 02:43:08.400  1905  1905 V UiModeManager: updateLocked: null action, mDockState=0, category=null
02-27 02:43:08.400  1905  1905 D UiModeManager: updateConfigurationLocked: mDockState=0; mCarMode=false; mNightMode=1; mNightModeCustomType=-1; uiMode=81
02-27 02:43:08.407  2277  3011 D PowerUI : can't show warning due to - plugged: true status unknown: false
02-27 02:43:09.701  1905  2054 D ActivityManager: freezing 750 com.motorola.carriersettingsext, reason = oom_cached
02-27 02:43:18.389  1905  1984 D BatteryService: uevent={POWER_SUPPLY_VOLTAGE_NOW=4374000, POWER_SUPPLY_VBUS_PRESENT=true, POWER_SUPPLY_TYPE=Battery, POWER_SUPPLY_HEALTH=Good, POWER_SUPPLY_TECHNOLOGY=Li-ion, POWER_SUPPLY_CHARGE_FULL_DESIGN=4822000, POWER_SUPPLY_CONSTANT_CHARGE_VOLTAGE=4400000, SEQNUM=7349, POWER_SUPPLY_STATUS=Charging, POWER_SUPPLY_CYCLE_COUNT=0, POWER_SUPPLY_CAPACITY=100, DEVPATH=/devices/platform/1000d000.pwrap/1000d000.pwrap:main_pmic/mt6357-gauge/power_supply/battery, POWER_SUPPLY_CHARGE_RATE=Normal, POWER_SUPPLY_CURRENT_AVG=146400, POWER_SUPPLY_CAPACITY_LEVEL=Full, POWER_SUPPLY_CURRENT_NOW=146400, POWER_SUPPLY_PRESENT=1, POWER_SUPPLY_POWER_WATT=2, POWER_SUPPLY_CHARGE_FULL=4827700, POWER_SUPPLY_TIME_TO_FULL_NOW=0, SUBSYSTEM=power_supply, POWER_SUPPLY_TEMP=270, ACTION=change, POWER_SUPPLY_AGE=100, POWER_SUPPLY_NAME=battery, POWER_SUPPLY_LPD_PRESENT=false, POWER_SUPPLY_CHARGE_COUNTER=4827700}
02-27 02:43:18.389  1905  1984 D BatteryService: uevent={POWER_SUPPLY_VOLTAGE_NOW=4374000, POWER_SUPPLY_VBUS_PRESENT=true, POWER_SUPPLY_TYPE=Battery, POWER_SUPPLY_HEALTH=Good, POWER_SUPPLY_TECHNOLOGY=Li-ion, POWER_SUPPLY_CHARGE_FULL_DESIGN=4822000, POWER_SUPPLY_CONSTANT_CHARGE_VOLTAGE=4400000, SEQNUM=7349, POWER_SUPPLY_STATUS=Charging, POWER_SUPPLY_CYCLE_COUNT=0, POWER_SUPPLY_CAPACITY=100, DEVPATH=/devices/platform/1000d000.pwrap/1000d000.pwrap:main_pmic/mt6357-gauge/power_supply/battery, POWER_SUPPLY_CHARGE_RATE=Normal, POWER_SUPPLY_CURRENT_AVG=146400, POWER_SUPPLY_CAPACITY_LEVEL=Full, POWER_SUPPLY_CURRENT_NOW=146400, POWER_SUPPLY_PRESENT=1, POWER_SUPPLY_POWER_WATT=2, POWER_SUPPLY_CHARGE_FULL=4827700, POWER_SUPPLY_TIME_TO_FULL_NOW=0, SUBSYSTEM=power_supply, POWER_SUPPLY_TEMP=270, ACTION=change, POWER_SUPPLY_AGE=100, POWER_SUPPLY_NAME=battery, POWER_SUPPLY_LPD_PRESENT=false, POWER_SUPPLY_CHARGE_COUNTER=4827700}
02-27 02:43:18.404  1905  1905 V UiModeManager: updateLocked: null action, mDockState=0, category=null
02-27 02:43:18.405  1905  1905 D UiModeManager: updateConfigurationLocked: mDockState=0; mCarMode=false; mNightMode=1; mNightModeCustomType=-1; uiMode=81
02-27 02:43:18.412  2277  3364 D PowerUI : can't show warning due to - plugged: true status unknown: false
02-27 02:43:28.396  1905  1984 D BatteryService: uevent={POWER_SUPPLY_VOLTAGE_NOW=4366000, POWER_SUPPLY_VBUS_PRESENT=true, POWER_SUPPLY_TYPE=Battery, POWER_SUPPLY_HEALTH=Good, POWER_SUPPLY_TECHNOLOGY=Li-ion, POWER_SUPPLY_CHARGE_FULL_DESIGN=4822000, POWER_SUPPLY_CONSTANT_CHARGE_VOLTAGE=4400000, SEQNUM=7350, POWER_SUPPLY_STATUS=Charging, POWER_SUPPLY_CYCLE_COUNT=0, POWER_SUPPLY_CAPACITY=100, DEVPATH=/devices/platform/1000d000.pwrap/1000d000.pwrap:main_pmic/mt6357-gauge/power_supply/battery, POWER_SUPPLY_CHARGE_RATE=Normal, POWER_SUPPLY_CURRENT_AVG=147100, POWER_SUPPLY_CAPACITY_LEVEL=Full, POWER_SUPPLY_CURRENT_NOW=147100, POWER_SUPPLY_PRESENT=1, POWER_SUPPLY_POWER_WATT=2, POWER_SUPPLY_CHARGE_FULL=4827700, POWER_SUPPLY_TIME_TO_FULL_NOW=0, SUBSYSTEM=power_supply, POWER_SUPPLY_TEMP=270, ACTION=change, POWER_SUPPLY_AGE=100, POWER_SUPPLY_NAME=battery, POWER_SUPPLY_LPD_PRESENT=false, POWER_SUPPLY_CHARGE_COUNTER=4827700}
02-27 02:43:28.397  1905  1984 D BatteryService: uevent={POWER_SUPPLY_VOLTAGE_NOW=4366000, POWER_SUPPLY_VBUS_PRESENT=true, POWER_SUPPLY_TYPE=Battery, POWER_SUPPLY_HEALTH=Good, POWER_SUPPLY_TECHNOLOGY=Li-ion, POWER_SUPPLY_CHARGE_FULL_DESIGN=4822000, POWER_SUPPLY_CONSTANT_CHARGE_VOLTAGE=4400000, SEQNUM=7350, POWER_SUPPLY_STATUS=Charging, POWER_SUPPLY_CYCLE_COUNT=0, POWER_SUPPLY_CAPACITY=100, DEVPATH=/devices/platform/1000d000.pwrap/1000d000.pwrap:main_pmic/mt6357-gauge/power_supply/battery, POWER_SUPPLY_CHARGE_RATE=Normal, POWER_SUPPLY_CURRENT_AVG=147100, POWER_SUPPLY_CAPACITY_LEVEL=Full, POWER_SUPPLY_CURRENT_NOW=147100, POWER_SUPPLY_PRESENT=1, POWER_SUPPLY_POWER_WATT=2, POWER_SUPPLY_CHARGE_FULL=4827700, POWER_SUPPLY_TIME_TO_FULL_NOW=0, SUBSYSTEM=power_supply, POWER_SUPPLY_TEMP=270, ACTION=change, POWER_SUPPLY_AGE=100, POWER_SUPPLY_NAME=battery, POWER_SUPPLY_LPD_PRESENT=false, POWER_SUPPLY_CHARGE_COUNTER=4827700}
02-27 02:43:28.411  1905  1905 V UiModeManager: updateLocked: null action, mDockState=0, category=null
02-27 02:43:28.411  1905  1905 D UiModeManager: updateConfigurationLocked: mDockState=0; mCarMode=false; mNightMode=1; mNightModeCustomType=-1; uiMode=81
02-27 02:43:28.418  2277  3144 D PowerUI : can't show warning due to - plugged: true status unknown: false
02-27 02:43:38.398  1905  1984 D BatteryService: uevent={POWER_SUPPLY_VOLTAGE_NOW=4371000, POWER_SUPPLY_VBUS_PRESENT=true, POWER_SUPPLY_TYPE=Battery, POWER_SUPPLY_HEALTH=Good, POWER_SUPPLY_TECHNOLOGY=Li-ion, POWER_SUPPLY_CHARGE_FULL_DESIGN=4822000, POWER_SUPPLY_CONSTANT_CHARGE_VOLTAGE=4400000, SEQNUM=7351, POWER_SUPPLY_STATUS=Charging, POWER_SUPPLY_CYCLE_COUNT=0, POWER_SUPPLY_CAPACITY=100, DEVPATH=/devices/platform/1000d000.pwrap/1000d000.pwrap:main_pmic/mt6357-gauge/power_supply/battery, POWER_SUPPLY_CHARGE_RATE=Normal, POWER_SUPPLY_CURRENT_AVG=185100, POWER_SUPPLY_CAPACITY_LEVEL=Full, POWER_SUPPLY_CURRENT_NOW=185100, POWER_SUPPLY_PRESENT=1, POWER_SUPPLY_POWER_WATT=2, POWER_SUPPLY_CHARGE_FULL=4827700, POWER_SUPPLY_TIME_TO_FULL_NOW=0, SUBSYSTEM=power_supply, POWER_SUPPLY_TEMP=270, ACTION=change, POWER_SUPPLY_AGE=100, POWER_SUPPLY_NAME=battery, POWER_SUPPLY_LPD_PRESENT=false, POWER_SUPPLY_CHARGE_COUNTER=4827700}
02-27 02:43:38.399  1905  1984 D BatteryService: uevent={POWER_SUPPLY_VOLTAGE_NOW=4371000, POWER_SUPPLY_VBUS_PRESENT=true, POWER_SUPPLY_TYPE=Battery, POWER_SUPPLY_HEALTH=Good, POWER_SUPPLY_TECHNOLOGY=Li-ion, POWER_SUPPLY_CHARGE_FULL_DESIGN=4822000, POWER_SUPPLY_CONSTANT_CHARGE_VOLTAGE=4400000, SEQNUM=7351, POWER_SUPPLY_STATUS=Charging, POWER_SUPPLY_CYCLE_COUNT=0, POWER_SUPPLY_CAPACITY=100, DEVPATH=/devices/platform/1000d000.pwrap/1000d000.pwrap:main_pmic/mt6357-gauge/power_supply/battery, POWER_SUPPLY_CHARGE_RATE=Normal, POWER_SUPPLY_CURRENT_AVG=185100, POWER_SUPPLY_CAPACITY_LEVEL=Full, POWER_SUPPLY_CURRENT_NOW=185100, POWER_SUPPLY_PRESENT=1, POWER_SUPPLY_POWER_WATT=2, POWER_SUPPLY_CHARGE_FULL=4827700, POWER_SUPPLY_TIME_TO_FULL_NOW=0, SUBSYSTEM=power_supply, POWER_SUPPLY_TEMP=270, ACTION=change, POWER_SUPPLY_AGE=100, POWER_SUPPLY_NAME=battery, POWER_SUPPLY_LPD_PRESENT=false, POWER_SUPPLY_CHARGE_COUNTER=4827700}
02-27 02:43:40.508  1905  1905 V UiModeManager: updateLocked: null action, mDockState=0, category=null
02-27 02:43:40.509  1905  1905 D UiModeManager: updateConfigurationLocked: mDockState=0; mCarMode=false; mNightMode=1; mNightModeCustomType=-1; uiMode=81
02-27 02:43:40.519  2277  3377 D PowerUI : can't show warning due to - plugged: true status unknown: false
02-27 02:43:48.404  1905  1984 D BatteryService: uevent={POWER_SUPPLY_VOLTAGE_NOW=4371000, POWER_SUPPLY_VBUS_PRESENT=true, POWER_SUPPLY_TYPE=Battery, POWER_SUPPLY_HEALTH=Good, POWER_SUPPLY_TECHNOLOGY=Li-ion, POWER_SUPPLY_CHARGE_FULL_DESIGN=4822000, POWER_SUPPLY_CONSTANT_CHARGE_VOLTAGE=4400000, SEQNUM=7352, POWER_SUPPLY_STATUS=Charging, POWER_SUPPLY_CYCLE_COUNT=0, POWER_SUPPLY_CAPACITY=100, DEVPATH=/devices/platform/1000d000.pwrap/1000d000.pwrap:main_pmic/mt6357-gauge/power_supply/battery, POWER_SUPPLY_CHARGE_RATE=Normal, POWER_SUPPLY_CURRENT_AVG=146100, POWER_SUPPLY_CAPACITY_LEVEL=Full, POWER_SUPPLY_CURRENT_NOW=146100, POWER_SUPPLY_PRESENT=1, POWER_SUPPLY_POWER_WATT=2, POWER_SUPPLY_CHARGE_FULL=4827700, POWER_SUPPLY_TIME_TO_FULL_NOW=0, SUBSYSTEM=power_supply, POWER_SUPPLY_TEMP=270, ACTION=change, POWER_SUPPLY_AGE=100, POWER_SUPPLY_NAME=battery, POWER_SUPPLY_LPD_PRESENT=false, POWER_SUPPLY_CHARGE_COUNTER=4827700}
02-27 02:43:48.404  1905  1984 D BatteryService: uevent={POWER_SUPPLY_VOLTAGE_NOW=4371000, POWER_SUPPLY_VBUS_PRESENT=true, POWER_SUPPLY_TYPE=Battery, POWER_SUPPLY_HEALTH=Good, POWER_SUPPLY_TECHNOLOGY=Li-ion, POWER_SUPPLY_CHARGE_FULL_DESIGN=4822000, POWER_SUPPLY_CONSTANT_CHARGE_VOLTAGE=4400000, SEQNUM=7352, POWER_SUPPLY_STATUS=Charging, POWER_SUPPLY_CYCLE_COUNT=0, POWER_SUPPLY_CAPACITY=100, DEVPATH=/devices/platform/1000d000.pwrap/1000d000.pwrap:main_pmic/mt6357-gauge/power_supply/battery, POWER_SUPPLY_CHARGE_RATE=Normal, POWER_SUPPLY_CURRENT_AVG=146100, POWER_SUPPLY_CAPACITY_LEVEL=Full, POWER_SUPPLY_CURRENT_NOW=146100, POWER_SUPPLY_PRESENT=1, POWER_SUPPLY_POWER_WATT=2, POWER_SUPPLY_CHARGE_FULL=4827700, POWER_SUPPLY_TIME_TO_FULL_NOW=0, SUBSYSTEM=power_supply, POWER_SUPPLY_TEMP=270, ACTION=change, POWER_SUPPLY_AGE=100, POWER_SUPPLY_NAME=battery, POWER_SUPPLY_LPD_PRESENT=false, POWER_SUPPLY_CHARGE_COUNTER=4827700}
02-27 02:43:48.417  1905  1905 V UiModeManager: updateLocked: null action, mDockState=0, category=null
02-27 02:43:48.417  1905  1905 D UiModeManager: updateConfigurationLocked: mDockState=0; mCarMode=false; mNightMode=1; mNightModeCustomType=-1; uiMode=81
02-27 02:43:48.421  2277  2705 D PowerUI : can't show warning due to - plugged: true status unknown: false
02-27 02:43:58.411  1905  1984 D BatteryService: uevent={POWER_SUPPLY_VOLTAGE_NOW=4371000, POWER_SUPPLY_VBUS_PRESENT=true, POWER_SUPPLY_TYPE=Battery, POWER_SUPPLY_HEALTH=Good, POWER_SUPPLY_TECHNOLOGY=Li-ion, POWER_SUPPLY_CHARGE_FULL_DESIGN=4822000, POWER_SUPPLY_CONSTANT_CHARGE_VOLTAGE=4400000, SEQNUM=7353, POWER_SUPPLY_STATUS=Charging, POWER_SUPPLY_CYCLE_COUNT=0, POWER_SUPPLY_CAPACITY=100, DEVPATH=/devices/platform/1000d000.pwrap/1000d000.pwrap:main_pmic/mt6357-gauge/power_supply/battery, POWER_SUPPLY_CHARGE_RATE=Normal, POWER_SUPPLY_CURRENT_AVG=136700, POWER_SUPPLY_CAPACITY_LEVEL=Full, POWER_SUPPLY_CURRENT_NOW=136700, POWER_SUPPLY_PRESENT=1, POWER_SUPPLY_POWER_WATT=2, POWER_SUPPLY_CHARGE_FULL=4827700, POWER_SUPPLY_TIME_TO_FULL_NOW=0, SUBSYSTEM=power_supply, POWER_SUPPLY_TEMP=270, ACTION=change, POWER_SUPPLY_AGE=100, POWER_SUPPLY_NAME=battery, POWER_SUPPLY_LPD_PRESENT=false, POWER_SUPPLY_CHARGE_COUNTER=4827700}
02-27 02:43:58.411  1905  1984 D BatteryService: uevent={POWER_SUPPLY_VOLTAGE_NOW=4371000, POWER_SUPPLY_VBUS_PRESENT=true, POWER_SUPPLY_TYPE=Battery, POWER_SUPPLY_HEALTH=Good, POWER_SUPPLY_TECHNOLOGY=Li-ion, POWER_SUPPLY_CHARGE_FULL_DESIGN=4822000, POWER_SUPPLY_CONSTANT_CHARGE_VOLTAGE=4400000, SEQNUM=7353, POWER_SUPPLY_STATUS=Charging, POWER_SUPPLY_CYCLE_COUNT=0, POWER_SUPPLY_CAPACITY=100, DEVPATH=/devices/platform/1000d000.pwrap/1000d000.pwrap:main_pmic/mt6357-gauge/power_supply/battery, POWER_SUPPLY_CHARGE_RATE=Normal, POWER_SUPPLY_CURRENT_AVG=136700, POWER_SUPPLY_CAPACITY_LEVEL=Full, POWER_SUPPLY_CURRENT_NOW=136700, POWER_SUPPLY_PRESENT=1, POWER_SUPPLY_POWER_WATT=2, POWER_SUPPLY_CHARGE_FULL=4827700, POWER_SUPPLY_TIME_TO_FULL_NOW=0, SUBSYSTEM=power_supply, POWER_SUPPLY_TEMP=270, ACTION=change, POWER_SUPPLY_AGE=100, POWER_SUPPLY_NAME=battery, POWER_SUPPLY_LPD_PRESENT=false, POWER_SUPPLY_CHARGE_COUNTER=4827700}
02-27 02:43:58.424  1905  1905 V UiModeManager: updateLocked: null action, mDockState=0, category=null
02-27 02:43:58.425  1905  1905 D UiModeManager: updateConfigurationLocked: mDockState=0; mCarMode=false; mNightMode=1; mNightModeCustomType=-1; uiMode=81
02-27 02:43:58.431  2277  3385 D PowerUI : can't show warning due to - plugged: true status unknown: false
02-27 02:44:08.411  1905  1984 D BatteryService: uevent={POWER_SUPPLY_VOLTAGE_NOW=4374000, POWER_SUPPLY_VBUS_PRESENT=true, POWER_SUPPLY_TYPE=Battery, POWER_SUPPLY_HEALTH=Good, POWER_SUPPLY_TECHNOLOGY=Li-ion, POWER_SUPPLY_CHARGE_FULL_DESIGN=4822000, POWER_SUPPLY_CONSTANT_CHARGE_VOLTAGE=4400000, SEQNUM=7354, POWER_SUPPLY_STATUS=Charging, POWER_SUPPLY_CYCLE_COUNT=0, POWER_SUPPLY_CAPACITY=100, DEVPATH=/devices/platform/1000d000.pwrap/1000d000.pwrap:main_pmic/mt6357-gauge/power_supply/battery, POWER_SUPPLY_CHARGE_RATE=Normal, POWER_SUPPLY_CURRENT_AVG=125400, POWER_SUPPLY_CAPACITY_LEVEL=Full, POWER_SUPPLY_CURRENT_NOW=125400, POWER_SUPPLY_PRESENT=1, POWER_SUPPLY_POWER_WATT=2, POWER_SUPPLY_CHARGE_FULL=4827700, POWER_SUPPLY_TIME_TO_FULL_NOW=0, SUBSYSTEM=power_supply, POWER_SUPPLY_TEMP=270, ACTION=change, POWER_SUPPLY_AGE=100, POWER_SUPPLY_NAME=battery, POWER_SUPPLY_LPD_PRESENT=false, POWER_SUPPLY_CHARGE_COUNTER=4827700}
02-27 02:44:08.411  1905  1984 D BatteryService: uevent={POWER_SUPPLY_VOLTAGE_NOW=4374000, POWER_SUPPLY_VBUS_PRESENT=true, POWER_SUPPLY_TYPE=Battery, POWER_SUPPLY_HEALTH=Good, POWER_SUPPLY_TECHNOLOGY=Li-ion, POWER_SUPPLY_CHARGE_FULL_DESIGN=4822000, POWER_SUPPLY_CONSTANT_CHARGE_VOLTAGE=4400000, SEQNUM=7354, POWER_SUPPLY_STATUS=Charging, POWER_SUPPLY_CYCLE_COUNT=0, POWER_SUPPLY_CAPACITY=100, DEVPATH=/devices/platform/1000d000.pwrap/1000d000.pwrap:main_pmic/mt6357-gauge/power_supply/battery, POWER_SUPPLY_CHARGE_RATE=Normal, POWER_SUPPLY_CURRENT_AVG=125400, POWER_SUPPLY_CAPACITY_LEVEL=Full, POWER_SUPPLY_CURRENT_NOW=125400, POWER_SUPPLY_PRESENT=1, POWER_SUPPLY_POWER_WATT=2, POWER_SUPPLY_CHARGE_FULL=4827700, POWER_SUPPLY_TIME_TO_FULL_NOW=0, SUBSYSTEM=power_supply, POWER_SUPPLY_TEMP=270, ACTION=change, POWER_SUPPLY_AGE=100, POWER_SUPPLY_NAME=battery, POWER_SUPPLY_LPD_PRESENT=false, POWER_SUPPLY_CHARGE_COUNTER=4827700}
02-27 02:44:08.426  1905  1905 V UiModeManager: updateLocked: null action, mDockState=0, category=null
02-27 02:44:08.427  1905  1905 D UiModeManager: updateConfigurationLocked: mDockState=0; mCarMode=false; mNightMode=1; mNightModeCustomType=-1; uiMode=81
02-27 02:44:08.431  2277  3382 D PowerUI : can't show warning due to - plugged: true status unknown: false
02-27 02:44:18.417  1905  1984 D BatteryService: uevent={POWER_SUPPLY_VOLTAGE_NOW=4363000, POWER_SUPPLY_VBUS_PRESENT=true, POWER_SUPPLY_TYPE=Battery, POWER_SUPPLY_HEALTH=Good, POWER_SUPPLY_TECHNOLOGY=Li-ion, POWER_SUPPLY_CHARGE_FULL_DESIGN=4822000, POWER_SUPPLY_CONSTANT_CHARGE_VOLTAGE=4400000, SEQNUM=7355, POWER_SUPPLY_STATUS=Charging, POWER_SUPPLY_CYCLE_COUNT=0, POWER_SUPPLY_CAPACITY=100, DEVPATH=/devices/platform/1000d000.pwrap/1000d000.pwrap:main_pmic/mt6357-gauge/power_supply/battery, POWER_SUPPLY_CHARGE_RATE=Normal, POWER_SUPPLY_CURRENT_AVG=101200, POWER_SUPPLY_CAPACITY_LEVEL=Full, POWER_SUPPLY_CURRENT_NOW=101200, POWER_SUPPLY_PRESENT=1, POWER_SUPPLY_POWER_WATT=2, POWER_SUPPLY_CHARGE_FULL=4827700, POWER_SUPPLY_TIME_TO_FULL_NOW=0, SUBSYSTEM=power_supply, POWER_SUPPLY_TEMP=270, ACTION=change, POWER_SUPPLY_AGE=100, POWER_SUPPLY_NAME=battery, POWER_SUPPLY_LPD_PRESENT=false, POWER_SUPPLY_CHARGE_COUNTER=4827700}
02-27 02:44:18.417  1905  1984 D BatteryService: uevent={POWER_SUPPLY_VOLTAGE_NOW=4363000, POWER_SUPPLY_VBUS_PRESENT=true, POWER_SUPPLY_TYPE=Battery, POWER_SUPPLY_HEALTH=Good, POWER_SUPPLY_TECHNOLOGY=Li-ion, POWER_SUPPLY_CHARGE_FULL_DESIGN=4822000, POWER_SUPPLY_CONSTANT_CHARGE_VOLTAGE=4400000, SEQNUM=7355, POWER_SUPPLY_STATUS=Charging, POWER_SUPPLY_CYCLE_COUNT=0, POWER_SUPPLY_CAPACITY=100, DEVPATH=/devices/platform/1000d000.pwrap/1000d000.pwrap:main_pmic/mt6357-gauge/power_supply/battery, POWER_SUPPLY_CHARGE_RATE=Normal, POWER_SUPPLY_CURRENT_AVG=101200, POWER_SUPPLY_CAPACITY_LEVEL=Full, POWER_SUPPLY_CURRENT_NOW=101200, POWER_SUPPLY_PRESENT=1, POWER_SUPPLY_POWER_WATT=2, POWER_SUPPLY_CHARGE_FULL=4827700, POWER_SUPPLY_TIME_TO_FULL_NOW=0, SUBSYSTEM=power_supply, POWER_SUPPLY_TEMP=270, ACTION=change, POWER_SUPPLY_AGE=100, POWER_SUPPLY_NAME=battery, POWER_SUPPLY_LPD_PRESENT=false, POWER_SUPPLY_CHARGE_COUNTER=4827700}
02-27 02:44:18.437  1905  1905 V UiModeManager: updateLocked: null action, mDockState=0, category=null
02-27 02:44:18.437  1905  1905 D UiModeManager: updateConfigurationLocked: mDockState=0; mCarMode=false; mNightMode=1; mNightModeCustomType=-1; uiMode=81
02-27 02:44:18.443  2277  2849 D PowerUI : can't show warning due to - plugged: true status unknown: false
02-27 02:44:28.425  1905  1984 D BatteryService: uevent={POWER_SUPPLY_VOLTAGE_NOW=4362000, POWER_SUPPLY_VBUS_PRESENT=true, POWER_SUPPLY_TYPE=Battery, POWER_SUPPLY_HEALTH=Good, POWER_SUPPLY_TECHNOLOGY=Li-ion, POWER_SUPPLY_CHARGE_FULL_DESIGN=4822000, POWER_SUPPLY_CONSTANT_CHARGE_VOLTAGE=4400000, SEQNUM=7356, POWER_SUPPLY_STATUS=Charging, POWER_SUPPLY_CYCLE_COUNT=0, POWER_SUPPLY_CAPACITY=100, DEVPATH=/devices/platform/1000d000.pwrap/1000d000.pwrap:main_pmic/mt6357-gauge/power_supply/battery, POWER_SUPPLY_CHARGE_RATE=Normal, POWER_SUPPLY_CURRENT_AVG=94200, POWER_SUPPLY_CAPACITY_LEVEL=Full, POWER_SUPPLY_CURRENT_NOW=94200, POWER_SUPPLY_PRESENT=1, POWER_SUPPLY_POWER_WATT=2, POWER_SUPPLY_CHARGE_FULL=4827700, POWER_SUPPLY_TIME_TO_FULL_NOW=0, SUBSYSTEM=power_supply, POWER_SUPPLY_TEMP=270, ACTION=change, POWER_SUPPLY_AGE=100, POWER_SUPPLY_NAME=battery, POWER_SUPPLY_LPD_PRESENT=false, POWER_SUPPLY_CHARGE_COUNTER=4827700}
02-27 02:44:28.426  1905  1984 D BatteryService: uevent={POWER_SUPPLY_VOLTAGE_NOW=4362000, POWER_SUPPLY_VBUS_PRESENT=true, POWER_SUPPLY_TYPE=Battery, POWER_SUPPLY_HEALTH=Good, POWER_SUPPLY_TECHNOLOGY=Li-ion, POWER_SUPPLY_CHARGE_FULL_DESIGN=4822000, POWER_SUPPLY_CONSTANT_CHARGE_VOLTAGE=4400000, SEQNUM=7356, POWER_SUPPLY_STATUS=Charging, POWER_SUPPLY_CYCLE_COUNT=0, POWER_SUPPLY_CAPACITY=100, DEVPATH=/devices/platform/1000d000.pwrap/1000d000.pwrap:main_pmic/mt6357-gauge/power_supply/battery, POWER_SUPPLY_CHARGE_RATE=Normal, POWER_SUPPLY_CURRENT_AVG=94200, POWER_SUPPLY_CAPACITY_LEVEL=Full, POWER_SUPPLY_CURRENT_NOW=94200, POWER_SUPPLY_PRESENT=1, POWER_SUPPLY_POWER_WATT=2, POWER_SUPPLY_CHARGE_FULL=4827700, POWER_SUPPLY_TIME_TO_FULL_NOW=0, SUBSYSTEM=power_supply, POWER_SUPPLY_TEMP=270, ACTION=change, POWER_SUPPLY_AGE=100, POWER_SUPPLY_NAME=battery, POWER_SUPPLY_LPD_PRESENT=false, POWER_SUPPLY_CHARGE_COUNTER=4827700}
02-27 02:44:38.423  1905  1984 D BatteryService: uevent={POWER_SUPPLY_VOLTAGE_NOW=4371000, POWER_SUPPLY_VBUS_PRESENT=true, POWER_SUPPLY_TYPE=Battery, POWER_SUPPLY_HEALTH=Good, POWER_SUPPLY_TECHNOLOGY=Li-ion, POWER_SUPPLY_CHARGE_FULL_DESIGN=4822000, POWER_SUPPLY_CONSTANT_CHARGE_VOLTAGE=4400000, SEQNUM=7357, POWER_SUPPLY_STATUS=Charging, POWER_SUPPLY_CYCLE_COUNT=0, POWER_SUPPLY_CAPACITY=100, DEVPATH=/devices/platform/1000d000.pwrap/1000d000.pwrap:main_pmic/mt6357-gauge/power_supply/battery, POWER_SUPPLY_CHARGE_RATE=Normal, POWER_SUPPLY_CURRENT_AVG=133200, POWER_SUPPLY_CAPACITY_LEVEL=Full, POWER_SUPPLY_CURRENT_NOW=133200, POWER_SUPPLY_PRESENT=1, POWER_SUPPLY_POWER_WATT=2, POWER_SUPPLY_CHARGE_FULL=4827700, POWER_SUPPLY_TIME_TO_FULL_NOW=0, SUBSYSTEM=power_supply, POWER_SUPPLY_TEMP=270, ACTION=change, POWER_SUPPLY_AGE=100, POWER_SUPPLY_NAME=battery, POWER_SUPPLY_LPD_PRESENT=false, POWER_SUPPLY_CHARGE_COUNTER=4827700}
02-27 02:44:38.424  1905  1984 D BatteryService: uevent={POWER_SUPPLY_VOLTAGE_NOW=4371000, POWER_SUPPLY_VBUS_PRESENT=true, POWER_SUPPLY_TYPE=Battery, POWER_SUPPLY_HEALTH=Good, POWER_SUPPLY_TECHNOLOGY=Li-ion, POWER_SUPPLY_CHARGE_FULL_DESIGN=4822000, POWER_SUPPLY_CONSTANT_CHARGE_VOLTAGE=4400000, SEQNUM=7357, POWER_SUPPLY_STATUS=Charging, POWER_SUPPLY_CYCLE_COUNT=0, POWER_SUPPLY_CAPACITY=100, DEVPATH=/devices/platform/1000d000.pwrap/1000d000.pwrap:main_pmic/mt6357-gauge/power_supply/battery, POWER_SUPPLY_CHARGE_RATE=Normal, POWER_SUPPLY_CURRENT_AVG=133200, POWER_SUPPLY_CAPACITY_LEVEL=Full, POWER_SUPPLY_CURRENT_NOW=133200, POWER_SUPPLY_PRESENT=1, POWER_SUPPLY_POWER_WATT=2, POWER_SUPPLY_CHARGE_FULL=4827700, POWER_SUPPLY_TIME_TO_FULL_NOW=0, SUBSYSTEM=power_supply, POWER_SUPPLY_TEMP=270, ACTION=change, POWER_SUPPLY_AGE=100, POWER_SUPPLY_NAME=battery, POWER_SUPPLY_LPD_PRESENT=false, POWER_SUPPLY_CHARGE_COUNTER=4827700}
02-27 02:44:38.438  1905  1905 V UiModeManager: updateLocked: null action, mDockState=0, category=null
02-27 02:44:38.438  1905  1905 D UiModeManager: updateConfigurationLocked: mDockState=0; mCarMode=false; mNightMode=1; mNightModeCustomType=-1; uiMode=81
02-27 02:44:38.443  2277  3011 D PowerUI : can't show warning due to - plugged: true status unknown: false
02-27 02:44:40.507  1905  1905 V UiModeManager: updateLocked: null action, mDockState=0, category=null
02-27 02:44:40.507  1905  1905 D UiModeManager: updateConfigurationLocked: mDockState=0; mCarMode=false; mNightMode=1; mNightModeCustomType=-1; uiMode=81
02-27 02:44:40.515  2277  3364 D PowerUI : can't show warning due to - plugged: true status unknown: false
02-27 02:44:48.428  1905  1984 D BatteryService: uevent={POWER_SUPPLY_VOLTAGE_NOW=4363000, POWER_SUPPLY_VBUS_PRESENT=true, POWER_SUPPLY_TYPE=Battery, POWER_SUPPLY_HEALTH=Good, POWER_SUPPLY_TECHNOLOGY=Li-ion, POWER_SUPPLY_CHARGE_FULL_DESIGN=4822000, POWER_SUPPLY_CONSTANT_CHARGE_VOLTAGE=4400000, SEQNUM=7358, POWER_SUPPLY_STATUS=Charging, POWER_SUPPLY_CYCLE_COUNT=0, POWER_SUPPLY_CAPACITY=100, DEVPATH=/devices/platform/1000d000.pwrap/1000d000.pwrap:main_pmic/mt6357-gauge/power_supply/battery, POWER_SUPPLY_CHARGE_RATE=Normal, POWER_SUPPLY_CURRENT_AVG=119400, POWER_SUPPLY_CAPACITY_LEVEL=Full, POWER_SUPPLY_CURRENT_NOW=119400, POWER_SUPPLY_PRESENT=1, POWER_SUPPLY_POWER_WATT=2, POWER_SUPPLY_CHARGE_FULL=4827700, POWER_SUPPLY_TIME_TO_FULL_NOW=0, SUBSYSTEM=power_supply, POWER_SUPPLY_TEMP=270, ACTION=change, POWER_SUPPLY_AGE=100, POWER_SUPPLY_NAME=battery, POWER_SUPPLY_LPD_PRESENT=false, POWER_SUPPLY_CHARGE_COUNTER=4827700}
02-27 02:44:48.428  1905  1984 D BatteryService: uevent={POWER_SUPPLY_VOLTAGE_NOW=4363000, POWER_SUPPLY_VBUS_PRESENT=true, POWER_SUPPLY_TYPE=Battery, POWER_SUPPLY_HEALTH=Good, POWER_SUPPLY_TECHNOLOGY=Li-ion, POWER_SUPPLY_CHARGE_FULL_DESIGN=4822000, POWER_SUPPLY_CONSTANT_CHARGE_VOLTAGE=4400000, SEQNUM=7358, POWER_SUPPLY_STATUS=Charging, POWER_SUPPLY_CYCLE_COUNT=0, POWER_SUPPLY_CAPACITY=100, DEVPATH=/devices/platform/1000d000.pwrap/1000d000.pwrap:main_pmic/mt6357-gauge/power_supply/battery, POWER_SUPPLY_CHARGE_RATE=Normal, POWER_SUPPLY_CURRENT_AVG=119400, POWER_SUPPLY_CAPACITY_LEVEL=Full, POWER_SUPPLY_CURRENT_NOW=119400, POWER_SUPPLY_PRESENT=1, POWER_SUPPLY_POWER_WATT=2, POWER_SUPPLY_CHARGE_FULL=4827700, POWER_SUPPLY_TIME_TO_FULL_NOW=0, SUBSYSTEM=power_supply, POWER_SUPPLY_TEMP=270, ACTION=change, POWER_SUPPLY_AGE=100, POWER_SUPPLY_NAME=battery, POWER_SUPPLY_LPD_PRESENT=false, POWER_SUPPLY_CHARGE_COUNTER=4827700}
02-27 02:44:48.444  1905  1905 V UiModeManager: updateLocked: null action, mDockState=0, category=null
02-27 02:44:48.444  1905  1905 D UiModeManager: updateConfigurationLocked: mDockState=0; mCarMode=false; mNightMode=1; mNightModeCustomType=-1; uiMode=81
02-27 02:44:48.449  2277  3144 D PowerUI : can't show warning due to - plugged: true status unknown: false
02-27 02:44:58.433  1905  1984 D BatteryService: uevent={POWER_SUPPLY_VOLTAGE_NOW=4371000, POWER_SUPPLY_VBUS_PRESENT=true, POWER_SUPPLY_TYPE=Battery, POWER_SUPPLY_HEALTH=Good, POWER_SUPPLY_TECHNOLOGY=Li-ion, POWER_SUPPLY_CHARGE_FULL_DESIGN=4822000, POWER_SUPPLY_CONSTANT_CHARGE_VOLTAGE=4400000, SEQNUM=7359, POWER_SUPPLY_STATUS=Charging, POWER_SUPPLY_CYCLE_COUNT=0, POWER_SUPPLY_CAPACITY=100, DEVPATH=/devices/platform/1000d000.pwrap/1000d000.pwrap:main_pmic/mt6357-gauge/power_supply/battery, POWER_SUPPLY_CHARGE_RATE=Normal, POWER_SUPPLY_CURRENT_AVG=121900, POWER_SUPPLY_CAPACITY_LEVEL=Full, POWER_SUPPLY_CURRENT_NOW=121900, POWER_SUPPLY_PRESENT=1, POWER_SUPPLY_POWER_WATT=2, POWER_SUPPLY_CHARGE_FULL=4827700, POWER_SUPPLY_TIME_TO_FULL_NOW=0, SUBSYSTEM=power_supply, POWER_SUPPLY_TEMP=270, ACTION=change, POWER_SUPPLY_AGE=100, POWER_SUPPLY_NAME=battery, POWER_SUPPLY_LPD_PRESENT=false, POWER_SUPPLY_CHARGE_COUNTER=4827700}
02-27 02:44:58.433  1905  1984 D BatteryService: uevent={POWER_SUPPLY_VOLTAGE_NOW=4371000, POWER_SUPPLY_VBUS_PRESENT=true, POWER_SUPPLY_TYPE=Battery, POWER_SUPPLY_HEALTH=Good, POWER_SUPPLY_TECHNOLOGY=Li-ion, POWER_SUPPLY_CHARGE_FULL_DESIGN=4822000, POWER_SUPPLY_CONSTANT_CHARGE_VOLTAGE=4400000, SEQNUM=7359, POWER_SUPPLY_STATUS=Charging, POWER_SUPPLY_CYCLE_COUNT=0, POWER_SUPPLY_CAPACITY=100, DEVPATH=/devices/platform/1000d000.pwrap/1000d000.pwrap:main_pmic/mt6357-gauge/power_supply/battery, POWER_SUPPLY_CHARGE_RATE=Normal, POWER_SUPPLY_CURRENT_AVG=121900, POWER_SUPPLY_CAPACITY_LEVEL=Full, POWER_SUPPLY_CURRENT_NOW=121900, POWER_SUPPLY_PRESENT=1, POWER_SUPPLY_POWER_WATT=2, POWER_SUPPLY_CHARGE_FULL=4827700, POWER_SUPPLY_TIME_TO_FULL_NOW=0, SUBSYSTEM=power_supply, POWER_SUPPLY_TEMP=270, ACTION=change, POWER_SUPPLY_AGE=100, POWER_SUPPLY_NAME=battery, POWER_SUPPLY_LPD_PRESENT=false, POWER_SUPPLY_CHARGE_COUNTER=4827700}
02-27 02:44:58.448  1905  1905 V UiModeManager: updateLocked: null action, mDockState=0, category=null
02-27 02:44:58.449  1905  1905 D UiModeManager: updateConfigurationLocked: mDockState=0; mCarMode=false; mNightMode=1; mNightModeCustomType=-1; uiMode=81
02-27 02:44:58.451  2277  3377 D PowerUI : can't show warning due to - plugged: true status unknown: false
02-27 02:45:08.437  1905  1984 D BatteryService: uevent={POWER_SUPPLY_VOLTAGE_NOW=4372000, POWER_SUPPLY_VBUS_PRESENT=true, POWER_SUPPLY_TYPE=Battery, POWER_SUPPLY_HEALTH=Good, POWER_SUPPLY_TECHNOLOGY=Li-ion, POWER_SUPPLY_CHARGE_FULL_DESIGN=4822000, POWER_SUPPLY_CONSTANT_CHARGE_VOLTAGE=4400000, SEQNUM=7360, POWER_SUPPLY_STATUS=Charging, POWER_SUPPLY_CYCLE_COUNT=0, POWER_SUPPLY_CAPACITY=100, DEVPATH=/devices/platform/1000d000.pwrap/1000d000.pwrap:main_pmic/mt6357-gauge/power_supply/battery, POWER_SUPPLY_CHARGE_RATE=Normal, POWER_SUPPLY_CURRENT_AVG=120000, POWER_SUPPLY_CAPACITY_LEVEL=Full, POWER_SUPPLY_CURRENT_NOW=120000, POWER_SUPPLY_PRESENT=1, POWER_SUPPLY_POWER_WATT=2, POWER_SUPPLY_CHARGE_FULL=4827700, POWER_SUPPLY_TIME_TO_FULL_NOW=0, SUBSYSTEM=power_supply, POWER_SUPPLY_TEMP=270, ACTION=change, POWER_SUPPLY_AGE=100, POWER_SUPPLY_NAME=battery, POWER_SUPPLY_LPD_PRESENT=false, POWER_SUPPLY_CHARGE_COUNTER=4827700}
02-27 02:45:08.438  1905  1984 D BatteryService: uevent={POWER_SUPPLY_VOLTAGE_NOW=4372000, POWER_SUPPLY_VBUS_PRESENT=true, POWER_SUPPLY_TYPE=Battery, POWER_SUPPLY_HEALTH=Good, POWER_SUPPLY_TECHNOLOGY=Li-ion, POWER_SUPPLY_CHARGE_FULL_DESIGN=4822000, POWER_SUPPLY_CONSTANT_CHARGE_VOLTAGE=4400000, SEQNUM=7360, POWER_SUPPLY_STATUS=Charging, POWER_SUPPLY_CYCLE_COUNT=0, POWER_SUPPLY_CAPACITY=100, DEVPATH=/devices/platform/1000d000.pwrap/1000d000.pwrap:main_pmic/mt6357-gauge/power_supply/battery, POWER_SUPPLY_CHARGE_RATE=Normal, POWER_SUPPLY_CURRENT_AVG=120000, POWER_SUPPLY_CAPACITY_LEVEL=Full, POWER_SUPPLY_CURRENT_NOW=120000, POWER_SUPPLY_PRESENT=1, POWER_SUPPLY_POWER_WATT=2, POWER_SUPPLY_CHARGE_FULL=4827700, POWER_SUPPLY_TIME_TO_FULL_NOW=0, SUBSYSTEM=power_supply, POWER_SUPPLY_TEMP=270, ACTION=change, POWER_SUPPLY_AGE=100, POWER_SUPPLY_NAME=battery, POWER_SUPPLY_LPD_PRESENT=false, POWER_SUPPLY_CHARGE_COUNTER=4827700}
02-27 02:45:08.454  1905  1905 V UiModeManager: updateLocked: null action, mDockState=0, category=null
02-27 02:45:08.455  1905  1905 D UiModeManager: updateConfigurationLocked: mDockState=0; mCarMode=false; mNightMode=1; mNightModeCustomType=-1; uiMode=81
02-27 02:45:08.461  2277  2705 D PowerUI : can't show warning due to - plugged: true status unknown: false
02-27 02:45:18.442  1905  1984 D BatteryService: uevent={POWER_SUPPLY_VOLTAGE_NOW=4369000, POWER_SUPPLY_VBUS_PRESENT=true, POWER_SUPPLY_TYPE=Battery, POWER_SUPPLY_HEALTH=Good, POWER_SUPPLY_TECHNOLOGY=Li-ion, POWER_SUPPLY_CHARGE_FULL_DESIGN=4822000, POWER_SUPPLY_CONSTANT_CHARGE_VOLTAGE=4400000, SEQNUM=7361, POWER_SUPPLY_STATUS=Charging, POWER_SUPPLY_CYCLE_COUNT=0, POWER_SUPPLY_CAPACITY=100, DEVPATH=/devices/platform/1000d000.pwrap/1000d000.pwrap:main_pmic/mt6357-gauge/power_supply/battery, POWER_SUPPLY_CHARGE_RATE=Normal, POWER_SUPPLY_CURRENT_AVG=111900, POWER_SUPPLY_CAPACITY_LEVEL=Full, POWER_SUPPLY_CURRENT_NOW=111900, POWER_SUPPLY_PRESENT=1, POWER_SUPPLY_POWER_WATT=2, POWER_SUPPLY_CHARGE_FULL=4827700, POWER_SUPPLY_TIME_TO_FULL_NOW=0, SUBSYSTEM=power_supply, POWER_SUPPLY_TEMP=270, ACTION=change, POWER_SUPPLY_AGE=100, POWER_SUPPLY_NAME=battery, POWER_SUPPLY_LPD_PRESENT=false, POWER_SUPPLY_CHARGE_COUNTER=4827700}
02-27 02:45:18.442  1905  1984 D BatteryService: uevent={POWER_SUPPLY_VOLTAGE_NOW=4369000, POWER_SUPPLY_VBUS_PRESENT=true, POWER_SUPPLY_TYPE=Battery, POWER_SUPPLY_HEALTH=Good, POWER_SUPPLY_TECHNOLOGY=Li-ion, POWER_SUPPLY_CHARGE_FULL_DESIGN=4822000, POWER_SUPPLY_CONSTANT_CHARGE_VOLTAGE=4400000, SEQNUM=7361, POWER_SUPPLY_STATUS=Charging, POWER_SUPPLY_CYCLE_COUNT=0, POWER_SUPPLY_CAPACITY=100, DEVPATH=/devices/platform/1000d000.pwrap/1000d000.pwrap:main_pmic/mt6357-gauge/power_supply/battery, POWER_SUPPLY_CHARGE_RATE=Normal, POWER_SUPPLY_CURRENT_AVG=111900, POWER_SUPPLY_CAPACITY_LEVEL=Full, POWER_SUPPLY_CURRENT_NOW=111900, POWER_SUPPLY_PRESENT=1, POWER_SUPPLY_POWER_WATT=2, POWER_SUPPLY_CHARGE_FULL=4827700, POWER_SUPPLY_TIME_TO_FULL_NOW=0, SUBSYSTEM=power_supply, POWER_SUPPLY_TEMP=270, ACTION=change, POWER_SUPPLY_AGE=100, POWER_SUPPLY_NAME=battery, POWER_SUPPLY_LPD_PRESENT=false, POWER_SUPPLY_CHARGE_COUNTER=4827700}
02-27 02:45:18.460  1905  1905 V UiModeManager: updateLocked: null action, mDockState=0, category=null
02-27 02:45:18.461  1905  1905 D UiModeManager: updateConfigurationLocked: mDockState=0; mCarMode=false; mNightMode=1; mNightModeCustomType=-1; uiMode=81
02-27 02:45:18.465  2277  3385 D PowerUI : can't show warning due to - plugged: true status unknown: false
02-27 02:45:28.448  1905  1984 D BatteryService: uevent={POWER_SUPPLY_VOLTAGE_NOW=4363000, POWER_SUPPLY_VBUS_PRESENT=true, POWER_SUPPLY_TYPE=Battery, POWER_SUPPLY_HEALTH=Good, POWER_SUPPLY_TECHNOLOGY=Li-ion, POWER_SUPPLY_CHARGE_FULL_DESIGN=4822000, POWER_SUPPLY_CONSTANT_CHARGE_VOLTAGE=4400000, SEQNUM=7362, POWER_SUPPLY_STATUS=Charging, POWER_SUPPLY_CYCLE_COUNT=0, POWER_SUPPLY_CAPACITY=100, DEVPATH=/devices/platform/1000d000.pwrap/1000d000.pwrap:main_pmic/mt6357-gauge/power_supply/battery, POWER_SUPPLY_CHARGE_RATE=Normal, POWER_SUPPLY_CURRENT_AVG=300, POWER_SUPPLY_CAPACITY_LEVEL=Full, POWER_SUPPLY_CURRENT_NOW=65300, POWER_SUPPLY_PRESENT=1, POWER_SUPPLY_POWER_WATT=2, POWER_SUPPLY_CHARGE_FULL=4827700, POWER_SUPPLY_TIME_TO_FULL_NOW=0, SUBSYSTEM=power_supply, POWER_SUPPLY_TEMP=270, ACTION=change, POWER_SUPPLY_AGE=100, POWER_SUPPLY_NAME=battery, POWER_SUPPLY_LPD_PRESENT=false, POWER_SUPPLY_CHARGE_COUNTER=4827700}
02-27 02:45:28.448  1905  1984 D BatteryService: uevent={POWER_SUPPLY_VOLTAGE_NOW=4363000, POWER_SUPPLY_VBUS_PRESENT=true, POWER_SUPPLY_TYPE=Battery, POWER_SUPPLY_HEALTH=Good, POWER_SUPPLY_TECHNOLOGY=Li-ion, POWER_SUPPLY_CHARGE_FULL_DESIGN=4822000, POWER_SUPPLY_CONSTANT_CHARGE_VOLTAGE=4400000, SEQNUM=7362, POWER_SUPPLY_STATUS=Charging, POWER_SUPPLY_CYCLE_COUNT=0, POWER_SUPPLY_CAPACITY=100, DEVPATH=/devices/platform/1000d000.pwrap/1000d000.pwrap:main_pmic/mt6357-gauge/power_supply/battery, POWER_SUPPLY_CHARGE_RATE=Normal, POWER_SUPPLY_CURRENT_AVG=300, POWER_SUPPLY_CAPACITY_LEVEL=Full, POWER_SUPPLY_CURRENT_NOW=65300, POWER_SUPPLY_PRESENT=1, POWER_SUPPLY_POWER_WATT=2, POWER_SUPPLY_CHARGE_FULL=4827700, POWER_SUPPLY_TIME_TO_FULL_NOW=0, SUBSYSTEM=power_supply, POWER_SUPPLY_TEMP=270, ACTION=change, POWER_SUPPLY_AGE=100, POWER_SUPPLY_NAME=battery, POWER_SUPPLY_LPD_PRESENT=false, POWER_SUPPLY_CHARGE_COUNTER=4827700}
02-27 02:45:28.463  1905  1905 V UiModeManager: updateLocked: null action, mDockState=0, category=null
02-27 02:45:28.464  1905  1905 D UiModeManager: updateConfigurationLocked: mDockState=0; mCarMode=false; mNightMode=1; mNightModeCustomType=-1; uiMode=81
02-27 02:45:28.470  2277  3382 D PowerUI : can't show warning due to - plugged: true status unknown: false
02-27 02:45:37.520  1905  2054 D ActivityManager: freezing 5014 com.android.chrome, reason = oom_cached
02-27 02:45:38.454  1905  1984 D BatteryService: uevent={POWER_SUPPLY_VOLTAGE_NOW=4373000, POWER_SUPPLY_VBUS_PRESENT=true, POWER_SUPPLY_TYPE=Battery, POWER_SUPPLY_HEALTH=Good, POWER_SUPPLY_TECHNOLOGY=Li-ion, POWER_SUPPLY_CHARGE_FULL_DESIGN=4822000, POWER_SUPPLY_CONSTANT_CHARGE_VOLTAGE=4400000, SEQNUM=7363, POWER_SUPPLY_STATUS=Charging, POWER_SUPPLY_CYCLE_COUNT=0, POWER_SUPPLY_CAPACITY=100, DEVPATH=/devices/platform/1000d000.pwrap/1000d000.pwrap:main_pmic/mt6357-gauge/power_supply/battery, POWER_SUPPLY_CHARGE_RATE=Normal, POWER_SUPPLY_CURRENT_AVG=77300, POWER_SUPPLY_CAPACITY_LEVEL=Full, POWER_SUPPLY_CURRENT_NOW=77300, POWER_SUPPLY_PRESENT=1, POWER_SUPPLY_POWER_WATT=2, POWER_SUPPLY_CHARGE_FULL=4827700, POWER_SUPPLY_TIME_TO_FULL_NOW=0, SUBSYSTEM=power_supply, POWER_SUPPLY_TEMP=270, ACTION=change, POWER_SUPPLY_AGE=100, POWER_SUPPLY_NAME=battery, POWER_SUPPLY_LPD_PRESENT=false, POWER_SUPPLY_CHARGE_COUNTER=4827700}
02-27 02:45:38.454  1905  1984 D BatteryService: uevent={POWER_SUPPLY_VOLTAGE_NOW=4373000, POWER_SUPPLY_VBUS_PRESENT=true, POWER_SUPPLY_TYPE=Battery, POWER_SUPPLY_HEALTH=Good, POWER_SUPPLY_TECHNOLOGY=Li-ion, POWER_SUPPLY_CHARGE_FULL_DESIGN=4822000, POWER_SUPPLY_CONSTANT_CHARGE_VOLTAGE=4400000, SEQNUM=7363, POWER_SUPPLY_STATUS=Charging, POWER_SUPPLY_CYCLE_COUNT=0, POWER_SUPPLY_CAPACITY=100, DEVPATH=/devices/platform/1000d000.pwrap/1000d000.pwrap:main_pmic/mt6357-gauge/power_supply/battery, POWER_SUPPLY_CHARGE_RATE=Normal, POWER_SUPPLY_CURRENT_AVG=77300, POWER_SUPPLY_CAPACITY_LEVEL=Full, POWER_SUPPLY_CURRENT_NOW=77300, POWER_SUPPLY_PRESENT=1, POWER_SUPPLY_POWER_WATT=2, POWER_SUPPLY_CHARGE_FULL=4827700, POWER_SUPPLY_TIME_TO_FULL_NOW=0, SUBSYSTEM=power_supply, POWER_SUPPLY_TEMP=270, ACTION=change, POWER_SUPPLY_AGE=100, POWER_SUPPLY_NAME=battery, POWER_SUPPLY_LPD_PRESENT=false, POWER_SUPPLY_CHARGE_COUNTER=4827700}
02-27 02:45:38.469  1905  1905 V UiModeManager: updateLocked: null action, mDockState=0, category=null
02-27 02:45:38.472  1905  1905 D UiModeManager: updateConfigurationLocked: mDockState=0; mCarMode=false; mNightMode=1; mNightModeCustomType=-1; uiMode=81
02-27 02:45:38.476  2277  2849 D PowerUI : can't show warning due to - plugged: true status unknown: false
02-27 02:45:40.509  1905  1905 V UiModeManager: updateLocked: null action, mDockState=0, category=null
02-27 02:45:40.510  1905  1905 D UiModeManager: updateConfigurationLocked: mDockState=0; mCarMode=false; mNightMode=1; mNightModeCustomType=-1; uiMode=81
02-27 02:45:40.517  2277  3011 D PowerUI : can't show warning due to - plugged: true status unknown: false
02-27 02:45:48.457  1905  1984 D BatteryService: uevent={POWER_SUPPLY_VOLTAGE_NOW=4370000, POWER_SUPPLY_VBUS_PRESENT=true, POWER_SUPPLY_TYPE=Battery, POWER_SUPPLY_HEALTH=Good, POWER_SUPPLY_TECHNOLOGY=Li-ion, POWER_SUPPLY_CHARGE_FULL_DESIGN=4822000, POWER_SUPPLY_CONSTANT_CHARGE_VOLTAGE=4400000, SEQNUM=7364, POWER_SUPPLY_STATUS=Charging, POWER_SUPPLY_CYCLE_COUNT=0, POWER_SUPPLY_CAPACITY=100, DEVPATH=/devices/platform/1000d000.pwrap/1000d000.pwrap:main_pmic/mt6357-gauge/power_supply/battery, POWER_SUPPLY_CHARGE_RATE=Normal, POWER_SUPPLY_CURRENT_AVG=111200, POWER_SUPPLY_CAPACITY_LEVEL=Full, POWER_SUPPLY_CURRENT_NOW=111200, POWER_SUPPLY_PRESENT=1, POWER_SUPPLY_POWER_WATT=2, POWER_SUPPLY_CHARGE_FULL=4827700, POWER_SUPPLY_TIME_TO_FULL_NOW=0, SUBSYSTEM=power_supply, POWER_SUPPLY_TEMP=270, ACTION=change, POWER_SUPPLY_AGE=100, POWER_SUPPLY_NAME=battery, POWER_SUPPLY_LPD_PRESENT=false, POWER_SUPPLY_CHARGE_COUNTER=4827700}
02-27 02:45:48.458  1905  1984 D BatteryService: uevent={POWER_SUPPLY_VOLTAGE_NOW=4370000, POWER_SUPPLY_VBUS_PRESENT=true, POWER_SUPPLY_TYPE=Battery, POWER_SUPPLY_HEALTH=Good, POWER_SUPPLY_TECHNOLOGY=Li-ion, POWER_SUPPLY_CHARGE_FULL_DESIGN=4822000, POWER_SUPPLY_CONSTANT_CHARGE_VOLTAGE=4400000, SEQNUM=7364, POWER_SUPPLY_STATUS=Charging, POWER_SUPPLY_CYCLE_COUNT=0, POWER_SUPPLY_CAPACITY=100, DEVPATH=/devices/platform/1000d000.pwrap/1000d000.pwrap:main_pmic/mt6357-gauge/power_supply/battery, POWER_SUPPLY_CHARGE_RATE=Normal, POWER_SUPPLY_CURRENT_AVG=111200, POWER_SUPPLY_CAPACITY_LEVEL=Full, POWER_SUPPLY_CURRENT_NOW=111200, POWER_SUPPLY_PRESENT=1, POWER_SUPPLY_POWER_WATT=2, POWER_SUPPLY_CHARGE_FULL=4827700, POWER_SUPPLY_TIME_TO_FULL_NOW=0, SUBSYSTEM=power_supply, POWER_SUPPLY_TEMP=270, ACTION=change, POWER_SUPPLY_AGE=100, POWER_SUPPLY_NAME=battery, POWER_SUPPLY_LPD_PRESENT=false, POWER_SUPPLY_CHARGE_COUNTER=4827700}
02-27 02:45:48.477  1905  1905 V UiModeManager: updateLocked: null action, mDockState=0, category=null
02-27 02:45:48.478  1905  1905 D UiModeManager: updateConfigurationLocked: mDockState=0; mCarMode=false; mNightMode=1; mNightModeCustomType=-1; uiMode=81
02-27 02:45:48.482  2277  3364 D PowerUI : can't show warning due to - plugged: true status unknown: false
02-27 02:45:58.465  1905  1984 D BatteryService: uevent={POWER_SUPPLY_VOLTAGE_NOW=4375000, POWER_SUPPLY_VBUS_PRESENT=true, POWER_SUPPLY_TYPE=Battery, POWER_SUPPLY_HEALTH=Good, POWER_SUPPLY_TECHNOLOGY=Li-ion, POWER_SUPPLY_CHARGE_FULL_DESIGN=4822000, POWER_SUPPLY_CONSTANT_CHARGE_VOLTAGE=4400000, SEQNUM=7365, POWER_SUPPLY_STATUS=Charging, POWER_SUPPLY_CYCLE_COUNT=0, POWER_SUPPLY_CAPACITY=100, DEVPATH=/devices/platform/1000d000.pwrap/1000d000.pwrap:main_pmic/mt6357-gauge/power_supply/battery, POWER_SUPPLY_CHARGE_RATE=Normal, POWER_SUPPLY_CURRENT_AVG=136700, POWER_SUPPLY_CAPACITY_LEVEL=Full, POWER_SUPPLY_CURRENT_NOW=136700, POWER_SUPPLY_PRESENT=1, POWER_SUPPLY_POWER_WATT=2, POWER_SUPPLY_CHARGE_FULL=4827700, POWER_SUPPLY_TIME_TO_FULL_NOW=0, SUBSYSTEM=power_supply, POWER_SUPPLY_TEMP=270, ACTION=change, POWER_SUPPLY_AGE=100, POWER_SUPPLY_NAME=battery, POWER_SUPPLY_LPD_PRESENT=false, POWER_SUPPLY_CHARGE_COUNTER=4827700}
02-27 02:45:58.465  1905  1984 D BatteryService: uevent={POWER_SUPPLY_VOLTAGE_NOW=4375000, POWER_SUPPLY_VBUS_PRESENT=true, POWER_SUPPLY_TYPE=Battery, POWER_SUPPLY_HEALTH=Good, POWER_SUPPLY_TECHNOLOGY=Li-ion, POWER_SUPPLY_CHARGE_FULL_DESIGN=4822000, POWER_SUPPLY_CONSTANT_CHARGE_VOLTAGE=4400000, SEQNUM=7365, POWER_SUPPLY_STATUS=Charging, POWER_SUPPLY_CYCLE_COUNT=0, POWER_SUPPLY_CAPACITY=100, DEVPATH=/devices/platform/1000d000.pwrap/1000d000.pwrap:main_pmic/mt6357-gauge/power_supply/battery, POWER_SUPPLY_CHARGE_RATE=Normal, POWER_SUPPLY_CURRENT_AVG=136700, POWER_SUPPLY_CAPACITY_LEVEL=Full, POWER_SUPPLY_CURRENT_NOW=136700, POWER_SUPPLY_PRESENT=1, POWER_SUPPLY_POWER_WATT=2, POWER_SUPPLY_CHARGE_FULL=4827700, POWER_SUPPLY_TIME_TO_FULL_NOW=0, SUBSYSTEM=power_supply, POWER_SUPPLY_TEMP=270, ACTION=change, POWER_SUPPLY_AGE=100, POWER_SUPPLY_NAME=battery, POWER_SUPPLY_LPD_PRESENT=false, POWER_SUPPLY_CHARGE_COUNTER=4827700}
02-27 02:45:58.479  1905  1905 V UiModeManager: updateLocked: null action, mDockState=0, category=null
02-27 02:45:58.480  1905  1905 D UiModeManager: updateConfigurationLocked: mDockState=0; mCarMode=false; mNightMode=1; mNightModeCustomType=-1; uiMode=81
02-27 02:45:58.485  2277  3144 D PowerUI : can't show warning due to - plugged: true status unknown: false
02-27 02:46:08.467  1905  1984 D BatteryService: uevent={POWER_SUPPLY_VOLTAGE_NOW=4368000, POWER_SUPPLY_VBUS_PRESENT=true, POWER_SUPPLY_TYPE=Battery, POWER_SUPPLY_HEALTH=Good, POWER_SUPPLY_TECHNOLOGY=Li-ion, POWER_SUPPLY_CHARGE_FULL_DESIGN=4822000, POWER_SUPPLY_CONSTANT_CHARGE_VOLTAGE=4400000, SEQNUM=7366, POWER_SUPPLY_STATUS=Charging, POWER_SUPPLY_CYCLE_COUNT=0, POWER_SUPPLY_CAPACITY=100, DEVPATH=/devices/platform/1000d000.pwrap/1000d000.pwrap:main_pmic/mt6357-gauge/power_supply/battery, POWER_SUPPLY_CHARGE_RATE=Normal, POWER_SUPPLY_CURRENT_AVG=132600, POWER_SUPPLY_CAPACITY_LEVEL=Full, POWER_SUPPLY_CURRENT_NOW=132600, POWER_SUPPLY_PRESENT=1, POWER_SUPPLY_POWER_WATT=2, POWER_SUPPLY_CHARGE_FULL=4827700, POWER_SUPPLY_TIME_TO_FULL_NOW=0, SUBSYSTEM=power_supply, POWER_SUPPLY_TEMP=270, ACTION=change, POWER_SUPPLY_AGE=100, POWER_SUPPLY_NAME=battery, POWER_SUPPLY_LPD_PRESENT=false, POWER_SUPPLY_CHARGE_COUNTER=4827700}
02-27 02:46:08.467  1905  1984 D BatteryService: uevent={POWER_SUPPLY_VOLTAGE_NOW=4368000, POWER_SUPPLY_VBUS_PRESENT=true, POWER_SUPPLY_TYPE=Battery, POWER_SUPPLY_HEALTH=Good, POWER_SUPPLY_TECHNOLOGY=Li-ion, POWER_SUPPLY_CHARGE_FULL_DESIGN=4822000, POWER_SUPPLY_CONSTANT_CHARGE_VOLTAGE=4400000, SEQNUM=7366, POWER_SUPPLY_STATUS=Charging, POWER_SUPPLY_CYCLE_COUNT=0, POWER_SUPPLY_CAPACITY=100, DEVPATH=/devices/platform/1000d000.pwrap/1000d000.pwrap:main_pmic/mt6357-gauge/power_supply/battery, POWER_SUPPLY_CHARGE_RATE=Normal, POWER_SUPPLY_CURRENT_AVG=132600, POWER_SUPPLY_CAPACITY_LEVEL=Full, POWER_SUPPLY_CURRENT_NOW=132600, POWER_SUPPLY_PRESENT=1, POWER_SUPPLY_POWER_WATT=2, POWER_SUPPLY_CHARGE_FULL=4827700, POWER_SUPPLY_TIME_TO_FULL_NOW=0, SUBSYSTEM=power_supply, POWER_SUPPLY_TEMP=270, ACTION=change, POWER_SUPPLY_AGE=100, POWER_SUPPLY_NAME=battery, POWER_SUPPLY_LPD_PRESENT=false, POWER_SUPPLY_CHARGE_COUNTER=4827700}
02-27 02:46:08.483  1905  1905 V UiModeManager: updateLocked: null action, mDockState=0, category=null
02-27 02:46:08.483  1905  1905 D UiModeManager: updateConfigurationLocked: mDockState=0; mCarMode=false; mNightMode=1; mNightModeCustomType=-1; uiMode=81
02-27 02:46:08.488  2277  3377 D PowerUI : can't show warning due to - plugged: true status unknown: false
02-27 02:46:18.471  1905  1984 D BatteryService: uevent={POWER_SUPPLY_VOLTAGE_NOW=4364000, POWER_SUPPLY_VBUS_PRESENT=true, POWER_SUPPLY_TYPE=Battery, POWER_SUPPLY_HEALTH=Good, POWER_SUPPLY_TECHNOLOGY=Li-ion, POWER_SUPPLY_CHARGE_FULL_DESIGN=4822000, POWER_SUPPLY_CONSTANT_CHARGE_VOLTAGE=4400000, SEQNUM=7367, POWER_SUPPLY_STATUS=Charging, POWER_SUPPLY_CYCLE_COUNT=0, POWER_SUPPLY_CAPACITY=100, DEVPATH=/devices/platform/1000d000.pwrap/1000d000.pwrap:main_pmic/mt6357-gauge/power_supply/battery, POWER_SUPPLY_CHARGE_RATE=Normal, POWER_SUPPLY_CURRENT_AVG=137600, POWER_SUPPLY_CAPACITY_LEVEL=Full, POWER_SUPPLY_CURRENT_NOW=137600, POWER_SUPPLY_PRESENT=1, POWER_SUPPLY_POWER_WATT=2, POWER_SUPPLY_CHARGE_FULL=4827700, POWER_SUPPLY_TIME_TO_FULL_NOW=0, SUBSYSTEM=power_supply, POWER_SUPPLY_TEMP=270, ACTION=change, POWER_SUPPLY_AGE=100, POWER_SUPPLY_NAME=battery, POWER_SUPPLY_LPD_PRESENT=false, POWER_SUPPLY_CHARGE_COUNTER=4827700}
02-27 02:46:18.471  1905  1984 D BatteryService: uevent={POWER_SUPPLY_VOLTAGE_NOW=4364000, POWER_SUPPLY_VBUS_PRESENT=true, POWER_SUPPLY_TYPE=Battery, POWER_SUPPLY_HEALTH=Good, POWER_SUPPLY_TECHNOLOGY=Li-ion, POWER_SUPPLY_CHARGE_FULL_DESIGN=4822000, POWER_SUPPLY_CONSTANT_CHARGE_VOLTAGE=4400000, SEQNUM=7367, POWER_SUPPLY_STATUS=Charging, POWER_SUPPLY_CYCLE_COUNT=0, POWER_SUPPLY_CAPACITY=100, DEVPATH=/devices/platform/1000d000.pwrap/1000d000.pwrap:main_pmic/mt6357-gauge/power_supply/battery, POWER_SUPPLY_CHARGE_RATE=Normal, POWER_SUPPLY_CURRENT_AVG=137600, POWER_SUPPLY_CAPACITY_LEVEL=Full, POWER_SUPPLY_CURRENT_NOW=137600, POWER_SUPPLY_PRESENT=1, POWER_SUPPLY_POWER_WATT=2, POWER_SUPPLY_CHARGE_FULL=4827700, POWER_SUPPLY_TIME_TO_FULL_NOW=0, SUBSYSTEM=power_supply, POWER_SUPPLY_TEMP=270, ACTION=change, POWER_SUPPLY_AGE=100, POWER_SUPPLY_NAME=battery, POWER_SUPPLY_LPD_PRESENT=false, POWER_SUPPLY_CHARGE_COUNTER=4827700}
02-27 02:46:18.487  1905  1905 V UiModeManager: updateLocked: null action, mDockState=0, category=null
02-27 02:46:18.488  1905  1905 D UiModeManager: updateConfigurationLocked: mDockState=0; mCarMode=false; mNightMode=1; mNightModeCustomType=-1; uiMode=81
02-27 02:46:18.495  2277  2705 D PowerUI : can't show warning due to - plugged: true status unknown: false
02-27 02:46:28.475  1905  1984 D BatteryService: uevent={POWER_SUPPLY_VOLTAGE_NOW=4374000, POWER_SUPPLY_VBUS_PRESENT=true, POWER_SUPPLY_TYPE=Battery, POWER_SUPPLY_HEALTH=Good, POWER_SUPPLY_TECHNOLOGY=Li-ion, POWER_SUPPLY_CHARGE_FULL_DESIGN=4822000, POWER_SUPPLY_CONSTANT_CHARGE_VOLTAGE=4400000, SEQNUM=7368, POWER_SUPPLY_STATUS=Charging, POWER_SUPPLY_CYCLE_COUNT=0, POWER_SUPPLY_CAPACITY=100, DEVPATH=/devices/platform/1000d000.pwrap/1000d000.pwrap:main_pmic/mt6357-gauge/power_supply/battery, POWER_SUPPLY_CHARGE_RATE=Normal, POWER_SUPPLY_CURRENT_AVG=136100, POWER_SUPPLY_CAPACITY_LEVEL=Full, POWER_SUPPLY_CURRENT_NOW=136100, POWER_SUPPLY_PRESENT=1, POWER_SUPPLY_POWER_WATT=2, POWER_SUPPLY_CHARGE_FULL=4827700, POWER_SUPPLY_TIME_TO_FULL_NOW=0, SUBSYSTEM=power_supply, POWER_SUPPLY_TEMP=270, ACTION=change, POWER_SUPPLY_AGE=100, POWER_SUPPLY_NAME=battery, POWER_SUPPLY_LPD_PRESENT=false, POWER_SUPPLY_CHARGE_COUNTER=4827700}
02-27 02:46:28.476  1905  1984 D BatteryService: uevent={POWER_SUPPLY_VOLTAGE_NOW=4374000, POWER_SUPPLY_VBUS_PRESENT=true, POWER_SUPPLY_TYPE=Battery, POWER_SUPPLY_HEALTH=Good, POWER_SUPPLY_TECHNOLOGY=Li-ion, POWER_SUPPLY_CHARGE_FULL_DESIGN=4822000, POWER_SUPPLY_CONSTANT_CHARGE_VOLTAGE=4400000, SEQNUM=7368, POWER_SUPPLY_STATUS=Charging, POWER_SUPPLY_CYCLE_COUNT=0, POWER_SUPPLY_CAPACITY=100, DEVPATH=/devices/platform/1000d000.pwrap/1000d000.pwrap:main_pmic/mt6357-gauge/power_supply/battery, POWER_SUPPLY_CHARGE_RATE=Normal, POWER_SUPPLY_CURRENT_AVG=136100, POWER_SUPPLY_CAPACITY_LEVEL=Full, POWER_SUPPLY_CURRENT_NOW=136100, POWER_SUPPLY_PRESENT=1, POWER_SUPPLY_POWER_WATT=2, POWER_SUPPLY_CHARGE_FULL=4827700, POWER_SUPPLY_TIME_TO_FULL_NOW=0, SUBSYSTEM=power_supply, POWER_SUPPLY_TEMP=270, ACTION=change, POWER_SUPPLY_AGE=100, POWER_SUPPLY_NAME=battery, POWER_SUPPLY_LPD_PRESENT=false, POWER_SUPPLY_CHARGE_COUNTER=4827700}
02-27 02:46:28.491  1905  1905 V UiModeManager: updateLocked: null action, mDockState=0, category=null
02-27 02:46:28.491  1905  1905 D UiModeManager: updateConfigurationLocked: mDockState=0; mCarMode=false; mNightMode=1; mNightModeCustomType=-1; uiMode=81
02-27 02:46:28.496  2277  3385 D PowerUI : can't show warning due to - plugged: true status unknown: false
02-27 02:46:35.884  1905  1961 E PackageManager: ERROR: could not load root hash from incremental install
02-27 02:46:35.919  1905  1961 I PackageManager: Integrity check passed for file:///data/app/vmdl535844735.tmp
02-27 02:46:35.939  3246  5733 W PackageParser: Unknown element under <manifest>: queries at /data/app/vmdl535844735.tmp/base.apk Binary XML file line #23
02-27 02:46:37.209  1905  1936 I ActivityManager: Force stopping com.example.cod_squad_app appid=10014 user=-1: installPackageLI
02-27 02:46:37.210  1905  1926 D DisplayManagerService: Drop pending events for gone uid 10014
02-27 02:46:37.211  1905  1961 I PackageManager: Update package com.example.cod_squad_app code path from /data/app/~~zwzYdNFR7BVbJTjnBrOpcw==/com.example.cod_squad_app-eFaHl_xY4PWxmz2yJe-VZw== to /data/app/~~bMgj6mFw0gWa_c9aZttc6g==/com.example.cod_squad_app-0q0QSH6lUT09grZ2xDuVgA==; Retain data and using new
02-27 02:46:37.214  1905  1936 I ActivityManager: Killing 5552:com.example.cod_squad_app/u0a14 (adj 0, setSvc -10000): stop com.example.cod_squad_app due to installPackageLI
02-27 02:46:37.217  1905  1936 W ActivityTaskManager: Force removing ActivityRecord{dd12b1 u0 com.example.cod_squad_app/.MainActivity} t251 f}}: app died, no saved state
02-27 02:46:37.226  1905  1961 I PackageManager: Permission ownership changed. Updating all permissions.
02-27 02:46:37.228  1905  1936 D ActivityTaskManager: handleAppDied: uid=10014,diedCount=1,lastDiedTime=10137434,forceStopUids=false
02-27 02:46:37.416  1905  1925 W Looper  : Slow dispatch took 188ms android.fg h=android.os.Handler c=<recycled PooledLambda@3e183c> m=0
02-27 02:46:37.423  1905  1936 W ActivityTaskManager: Failed to killAndRestart. No task found for id: 251
02-27 02:46:37.427  1905  1928 V WindowManager: Unknown focus tokens, dropping reportFocusChanged
02-27 02:46:37.429  1905  2575 V ActivityManager: Got obituary of 5552:com.example.cod_squad_app
02-27 02:46:37.442  1905  1928 W ActivityManager: setHasOverlayUi called on unknown pid: 5552
02-27 02:46:37.461  1905  1905 W Looper  : Slow dispatch took 250ms main h=com.android.server.job.JobSchedulerService$JobHandler c=null m=3
02-27 02:46:37.461  1905  1905 W Looper  : Slow delivery took 250ms main h=com.android.server.job.controllers.PrefetchController$PcHandler c=null m=2
02-27 02:46:37.469  1905  2230 W TopAppMonitor: resend missed activity state ActivityState{com.example.cod_squad_app, userId=0, displayId=0, category=0, isTop=false}
02-27 02:46:37.472  1905  1905 W Looper  : Drained
02-27 02:46:37.490  2549  2549 D VRI[CustomizationPanelLauncher]: update {(0,0)(fillxfill) sim={adjust=nothing forwardNavigation} layoutInDisplayCutoutMode=always ty=BASE_APPLICATION fmt=TRANSPARENT wanim=0x10302f1
02-27 02:46:37.490  2549  2549 D VRI[CustomizationPanelLauncher]:   fl=LAYOUT_IN_SCREEN LAYOUT_INSET_DECOR SHOW_WALLPAPER SPLIT_TOUCH HARDWARE_ACCELERATED DRAWS_SYSTEM_BAR_BACKGROUNDS
02-27 02:46:37.490  2549  2549 D VRI[CustomizationPanelLauncher]:   pfl=NO_MOVE_ANIMATION FORCE_DRAW_STATUS_BAR_BACKGROUND USE_BLAST FIT_INSETS_CONTROLLED
02-27 02:46:37.490  2549  2549 D VRI[CustomizationPanelLauncher]:   vsysui=LAYOUT_STABLE LAYOUT_HIDE_NAVIGATION LAYOUT_FULLSCREEN
02-27 02:46:37.490  2549  2549 D VRI[CustomizationPanelLauncher]:   bhv=DEFAULT
02-27 02:46:37.490  2549  2549 D VRI[CustomizationPanelLauncher]:   fitSides=} by setLayoutParams
02-27 02:46:37.499  1905  1961 I ActivityManager: Force stopping com.example.cod_squad_app appid=10014 user=0: pkg removed
02-27 02:46:37.557  1905  1936 W BroadcastQueue: Background execution not allowed: receiving Intent { act=android.intent.action.PACKAGE_REMOVED dat=package: flg=0x4000010 (has extras) } to com.android.vending/com.google.android.finsky.packagemonitor.impl.PackageMonitorReceiverImpl$RegisteredReceiver
