02-27 03:53:12.586  1905  1954 I DisplayPowerController[0]: 2025-02-27 09:53:12 - BrightnessEvent: disp=0, physDisp=local:0, brt=0.0, initBrt=0.0, brtNits=2.9983952, preNits=NaN, rcmdNits=NaN, brt(%)=0%, preBrt(%)=0%, brtInt=1, rcmdBrt=NaN, preBrt=NaN, lux=0.0, fastAmbientLux=1.0, slowAmbientLux=1.0, preLux=0.0, hbmMax=0.9999, hbmMode=off, rbcStrength=50, powerFactor=1.0, thrmMax=1.0, flags=, reason=screen_off, autoBrightness=true
02-27 03:53:18.295  1905  7129 I DreamManagerService: startDozing by com.android.systemui callingUid=10256 callingPid=2277
02-27 03:53:18.295  1905  7129 D DreamManagerService: Dream requested to start dozing: android.os.Binder@73c2469, screenState=2, screenBrightness=-1
02-27 03:53:18.299  1905  1954 I WindowManager: Display 0 turning on...
02-27 03:53:18.299  1905  1954 D WindowManager: isKeyguardAuthState = YES.
02-27 03:53:18.303  1905  1978 D WindowManager: mKeyguardDelegate.ShowListener.onDrawn.
02-27 03:53:18.304  1905  1926 W WindowManager: Setting mKeyguardDrawComplete
02-27 03:53:18.308  1905  1954 V DisplayPowerController[0]: Brightness [0.016338931] reason changing to: 'manual', previous reason: 'screen_off'.
02-27 03:53:18.309  1905  1954 I DisplayPowerController[0]: 2025-02-27 09:53:18 - BrightnessEvent: disp=0, physDisp=local:0, brt=0.016338931, initBrt=0.0, brtNits=9.99933, preNits=NaN, rcmdNits=NaN, brt(%)=2%, preBrt(%)=0%, brtInt=5, rcmdBrt=NaN, preBrt=NaN, lux=NaN, fastAmbientLux=1.0, slowAmbientLux=1.0, preLux=NaN, hbmMax=0.9999, hbmMode=off, rbcStrength=50, powerFactor=1.0, thrmMax=1.0, flags=invalid_lux doze_scale , reason=manual, autoBrightness=true
02-27 03:53:18.310  1905  1954 V DisplayPowerController[0]: Brightness [0.016338931] reason changing to: 'automatic', previous reason: 'manual'.
02-27 03:53:18.312  1905  1954 I DisplayPowerController[0]: 2025-02-27 09:53:18 - BrightnessEvent: disp=0, physDisp=local:0, brt=0.016338931, initBrt=0.016338931, brtNits=9.99933, preNits=NaN, rcmdNits=9.99933, brt(%)=2%, preBrt(%)=0%, brtInt=5, rcmdBrt=0.016338931, preBrt=NaN, lux=1.0, fastAmbientLux=1.0, slowAmbientLux=1.0, preLux=NaN, hbmMax=0.9999, hbmMode=off, rbcStrength=50, powerFactor=1.0, thrmMax=1.0, flags=doze_scale , reason=automatic, autoBrightness=true
02-27 03:53:18.313  1905  2245 D LocalDisplayAdapter: setDisplayPowerMode mode=2 for display=android.os.BinderProxy@8e24f80
02-27 03:53:18.314  1905  1928 I DisplayDeviceRepository: Display device changed state: "Built-in Screen", ON
02-27 03:53:18.320  1905  1928 D DisplayManagerService: Ignore redundant display event 0/2 to 10184/7628
02-27 03:53:18.320  1905  1905 I WallpaperManagerService: onDisplayChanged displayId = 0
02-27 03:53:18.321  1905  1905 D PanelsService: updateDefaultDisplayState: mScreenState=ON
02-27 03:53:18.322  1905  1925 D TouchHwService: updateDefaultDisplayState: mScreenOn=true
02-27 03:53:18.323  1905  1928 D DisplayManagerService: Ignore redundant display event 0/4 to 10184/7628
02-27 03:53:18.323  1905  1905 I BrightnessSynchronizer: New Update: {[537] 0.016338931(f), mUpdatedTypes=0, mConfirmedTypes=0, mTimeUpdated=0, mState=2}
02-27 03:53:18.323  1905  1905 I BrightnessSynchronizer: New Update: {[538] 0.016338931(f), mUpdatedTypes=0, mConfirmedTypes=0, mTimeUpdated=0, mState=2}
02-27 03:53:18.343  1905  1928 I WindowManager: All windows ready for every display
02-27 03:53:18.344  1905  1926 W WindowManager: Setting mWindowManagerDrawComplete
02-27 03:53:18.344  1905  1926 D WindowManager: finishScreenTurningOn..
02-27 03:53:18.345  1905  1926 D WindowManager: enableScreen mKeyguardDrawnOnce=true awake=false mBootMessageNeedsHiding=false
02-27 03:53:18.347  1905  1954 I DisplayPowerController[0]: 2025-02-27 09:53:18 - BrightnessEvent: disp=0, physDisp=local:0, brt=0.016338931, initBrt=0.016338931, brtNits=9.99933, preNits=NaN, rcmdNits=9.99933, brt(%)=2%, preBrt(%)=0%, brtInt=5, rcmdBrt=0.016338931, preBrt=NaN, lux=1.0, fastAmbientLux=1.0, slowAmbientLux=1.0, preLux=NaN, hbmMax=0.9999, hbmMode=off, rbcStrength=50, powerFactor=1.0, thrmMax=1.0, flags=doze_scale , reason=automatic, autoBrightness=true
02-27 03:53:18.509  1905  1928 I DisplayDeviceRepository: Display device changed state: "Built-in Screen", ON
02-27 03:53:18.514  1905  1905 I WallpaperManagerService: onDisplayChanged displayId = 0
02-27 03:53:18.515  1905  1954 I DisplayPowerController[0]: 2025-02-27 09:53:18 - BrightnessEvent: disp=0, physDisp=local:0, brt=0.016338931, initBrt=0.016338931, brtNits=9.99933, preNits=NaN, rcmdNits=9.99933, brt(%)=2%, preBrt(%)=0%, brtInt=5, rcmdBrt=0.016338931, preBrt=NaN, lux=1.0, fastAmbientLux=1.0, slowAmbientLux=1.0, preLux=NaN, hbmMax=0.9999, hbmMode=off, rbcStrength=50, powerFactor=1.0, thrmMax=1.0, flags=doze_scale , reason=automatic, autoBrightness=true
02-27 03:53:18.515  1905  1954 I WindowManager: Display 0 turned on...
02-27 03:53:19.662  1905  1984 D BatteryService: uevent={POWER_SUPPLY_VOLTAGE_NOW=4392000, POWER_SUPPLY_VBUS_PRESENT=true, POWER_SUPPLY_TYPE=Battery, POWER_SUPPLY_HEALTH=Good, POWER_SUPPLY_TECHNOLOGY=Li-ion, POWER_SUPPLY_CHARGE_FULL_DESIGN=4822000, POWER_SUPPLY_CONSTANT_CHARGE_VOLTAGE=4400000, SEQNUM=7656, POWER_SUPPLY_STATUS=Full, POWER_SUPPLY_CYCLE_COUNT=0, POWER_SUPPLY_CAPACITY=100, DEVPATH=/devices/platform/1000d000.pwrap/1000d000.pwrap:main_pmic/mt6357-gauge/power_supply/battery, POWER_SUPPLY_CHARGE_RATE=Normal, POWER_SUPPLY_CURRENT_AVG=300, POWER_SUPPLY_CAPACITY_LEVEL=Full, POWER_SUPPLY_CURRENT_NOW=300, POWER_SUPPLY_PRESENT=1, POWER_SUPPLY_POWER_WATT=2, POWER_SUPPLY_CHARGE_FULL=4827700, POWER_SUPPLY_TIME_TO_FULL_NOW=0, SUBSYSTEM=power_supply, POWER_SUPPLY_TEMP=240, ACTION=change, POWER_SUPPLY_AGE=100, POWER_SUPPLY_NAME=battery, POWER_SUPPLY_LPD_PRESENT=false, POWER_SUPPLY_CHARGE_COUNTER=4827700}
02-27 03:53:19.662  1905  1984 D BatteryService: uevent={POWER_SUPPLY_VOLTAGE_NOW=4392000, POWER_SUPPLY_VBUS_PRESENT=true, POWER_SUPPLY_TYPE=Battery, POWER_SUPPLY_HEALTH=Good, POWER_SUPPLY_TECHNOLOGY=Li-ion, POWER_SUPPLY_CHARGE_FULL_DESIGN=4822000, POWER_SUPPLY_CONSTANT_CHARGE_VOLTAGE=4400000, SEQNUM=7656, POWER_SUPPLY_STATUS=Full, POWER_SUPPLY_CYCLE_COUNT=0, POWER_SUPPLY_CAPACITY=100, DEVPATH=/devices/platform/1000d000.pwrap/1000d000.pwrap:main_pmic/mt6357-gauge/power_supply/battery, POWER_SUPPLY_CHARGE_RATE=Normal, POWER_SUPPLY_CURRENT_AVG=300, POWER_SUPPLY_CAPACITY_LEVEL=Full, POWER_SUPPLY_CURRENT_NOW=300, POWER_SUPPLY_PRESENT=1, POWER_SUPPLY_POWER_WATT=2, POWER_SUPPLY_CHARGE_FULL=4827700, POWER_SUPPLY_TIME_TO_FULL_NOW=0, SUBSYSTEM=power_supply, POWER_SUPPLY_TEMP=240, ACTION=change, POWER_SUPPLY_AGE=100, POWER_SUPPLY_NAME=battery, POWER_SUPPLY_LPD_PRESENT=false, POWER_SUPPLY_CHARGE_COUNTER=4827700}
02-27 03:53:24.528  1905  3744 I DreamManagerService: startDozing by com.android.systemui callingUid=10256 callingPid=2277
02-27 03:53:24.529  1905  3744 D DreamManagerService: Dream requested to start dozing: android.os.Binder@73c2469, screenState=1, screenBrightness=-1
02-27 03:53:24.531  1905  1954 I DisplayPowerController[0]: 2025-02-27 09:53:24 - BrightnessEvent: disp=0, physDisp=local:0, brt=0.016338931, initBrt=0.016338931, brtNits=9.99933, preNits=NaN, rcmdNits=9.99933, brt(%)=2%, preBrt(%)=0%, brtInt=5, rcmdBrt=0.016338931, preBrt=NaN, lux=1.0, fastAmbientLux=1.0, slowAmbientLux=1.0, preLux=NaN, hbmMax=0.9999, hbmMode=off, rbcStrength=50, powerFactor=1.0, thrmMax=1.0, flags=doze_scale , reason=automatic, autoBrightness=true
02-27 03:53:24.532  1905  1954 I DisplayPowerController[0]: Blocking screen off
02-27 03:53:24.532  1905  1954 I WindowManager: Display 0 turning off...
02-27 03:53:24.532  1905  1954 I DisplayPowerController[0]: Unblocked screen off after 0 ms
02-27 03:53:24.534  1905  1954 I WindowManager: Display0 turned off...
02-27 03:53:24.542  1905  1954 V DisplayPowerController[0]: Brightness [0.0] reason changing to: 'screen_off', previous reason: 'automatic'.
02-27 03:53:24.544  1905  1954 I DisplayPowerController[0]: 2025-02-27 09:53:24 - BrightnessEvent: disp=0, physDisp=local:0, brt=0.0, initBrt=0.016338931, brtNits=2.9983952, preNits=NaN, rcmdNits=NaN, brt(%)=0%, preBrt(%)=0%, brtInt=1, rcmdBrt=NaN, preBrt=NaN, lux=0.0, fastAmbientLux=1.0, slowAmbientLux=1.0, preLux=0.0, hbmMax=0.9999, hbmMode=off, rbcStrength=50, powerFactor=1.0, thrmMax=1.0, flags=, reason=screen_off, autoBrightness=true
02-27 03:53:24.545  1905  1954 I DisplayPowerController[0]: 2025-02-27 09:53:24 - BrightnessEvent: disp=0, physDisp=local:0, brt=0.0, initBrt=0.0, brtNits=2.9983952, preNits=NaN, rcmdNits=NaN, brt(%)=0%, preBrt(%)=0%, brtInt=1, rcmdBrt=NaN, preBrt=NaN, lux=0.0, fastAmbientLux=1.0, slowAmbientLux=1.0, preLux=0.0, hbmMax=0.9999, hbmMode=off, rbcStrength=50, powerFactor=1.0, thrmMax=1.0, flags=, reason=screen_off, autoBrightness=true
02-27 03:53:24.549  1905  2245 D LocalDisplayAdapter: setDisplayPowerMode mode=0 for display=android.os.BinderProxy@8e24f80
02-27 03:53:24.551  1905  1928 D DisplayManagerService: Ignore redundant display event 0/4 to 10184/7628
02-27 03:53:24.551  1905  1905 I BrightnessSynchronizer: New Update: {[539] 0.016338931(f), mUpdatedTypes=0, mConfirmedTypes=0, mTimeUpdated=0, mState=2}
02-27 03:53:24.553  1905  1928 I DisplayDeviceRepository: Display device changed state: "Built-in Screen", OFF
02-27 03:53:24.558  1905  1905 I BrightnessSynchronizer: New Update: {[540] 0.016338931(f), mUpdatedTypes=0, mConfirmedTypes=0, mTimeUpdated=0, mState=2}
02-27 03:53:24.561  1905  1905 I WallpaperManagerService: onDisplayChanged displayId = 0
02-27 03:53:24.562  1905  1925 D TouchHwService: updateDefaultDisplayState: mScreenOn=false
02-27 03:53:24.566  1905  1905 D PanelsService: updateDefaultDisplayState: mScreenState=OFF
02-27 03:53:24.888  1905  1928 I DisplayDeviceRepository: Display device changed state: "Built-in Screen", OFF
02-27 03:53:24.889  1905  1954 I DisplayPowerController[0]: 2025-02-27 09:53:24 - BrightnessEvent: disp=0, physDisp=local:0, brt=0.0, initBrt=0.0, brtNits=2.9983952, preNits=NaN, rcmdNits=NaN, brt(%)=0%, preBrt(%)=0%, brtInt=1, rcmdBrt=NaN, preBrt=NaN, lux=0.0, fastAmbientLux=1.0, slowAmbientLux=1.0, preLux=0.0, hbmMax=0.9999, hbmMode=off, rbcStrength=50, powerFactor=1.0, thrmMax=1.0, flags=, reason=screen_off, autoBrightness=true
02-27 03:53:24.894  1905  1905 I WallpaperManagerService: onDisplayChanged displayId = 0
02-27 03:53:24.896  1905  1928 D DisplayManagerService: Ignore redundant display event 0/2 to 10184/7628
02-27 03:53:28.161  1905  1978 I DreamManagerService: startDozing by com.android.systemui callingUid=10256 callingPid=2277
02-27 03:53:28.162  1905  1978 D DreamManagerService: Dream requested to start dozing: android.os.Binder@73c2469, screenState=2, screenBrightness=-1
02-27 03:53:28.165  1905  1954 I WindowManager: Display 0 turning on...
02-27 03:53:28.166  1905  1954 D WindowManager: isKeyguardAuthState = YES.
02-27 03:53:28.170  1905  1978 D WindowManager: mKeyguardDelegate.ShowListener.onDrawn.
02-27 03:53:28.170  1905  1926 W WindowManager: Setting mKeyguardDrawComplete
02-27 03:53:28.177  1905  1954 V DisplayPowerController[0]: Brightness [0.016338931] reason changing to: 'manual', previous reason: 'screen_off'.
02-27 03:53:28.180  1905  1954 I DisplayPowerController[0]: 2025-02-27 09:53:28 - BrightnessEvent: disp=0, physDisp=local:0, brt=0.016338931, initBrt=0.0, brtNits=9.99933, preNits=NaN, rcmdNits=NaN, brt(%)=2%, preBrt(%)=0%, brtInt=5, rcmdBrt=NaN, preBrt=NaN, lux=NaN, fastAmbientLux=1.0, slowAmbientLux=1.0, preLux=NaN, hbmMax=0.9999, hbmMode=off, rbcStrength=50, powerFactor=1.0, thrmMax=1.0, flags=invalid_lux doze_scale , reason=manual, autoBrightness=true
02-27 03:53:28.181  1905  1954 V DisplayPowerController[0]: Brightness [0.016338931] reason changing to: 'automatic', previous reason: 'manual'.
02-27 03:53:28.181  1905  2245 D LocalDisplayAdapter: setDisplayPowerMode mode=2 for display=android.os.BinderProxy@8e24f80
02-27 03:53:28.183  1905  1928 I DisplayDeviceRepository: Display device changed state: "Built-in Screen", ON
02-27 03:53:28.187  1905  1925 D TouchHwService: updateDefaultDisplayState: mScreenOn=true
02-27 03:53:28.187  1905  1905 I WallpaperManagerService: onDisplayChanged displayId = 0
02-27 03:53:28.188  1905  1928 D DisplayManagerService: Ignore redundant display event 0/2 to 10184/7628
02-27 03:53:28.203  1905  1905 D PanelsService: updateDefaultDisplayState: mScreenState=ON
02-27 03:53:28.205  1905  1954 I DisplayPowerController[0]: 2025-02-27 09:53:28 - BrightnessEvent: disp=0, physDisp=local:0, brt=0.016338931, initBrt=0.016338931, brtNits=9.99933, preNits=NaN, rcmdNits=9.99933, brt(%)=2%, preBrt(%)=0%, brtInt=5, rcmdBrt=0.016338931, preBrt=NaN, lux=1.0, fastAmbientLux=1.0, slowAmbientLux=1.0, preLux=NaN, hbmMax=0.9999, hbmMode=off, rbcStrength=50, powerFactor=1.0, thrmMax=1.0, flags=doze_scale , reason=automatic, autoBrightness=true
02-27 03:53:28.207  1905  1928 D DisplayManagerService: Ignore redundant display event 0/4 to 10184/7628
02-27 03:53:28.208  1905  1905 I BrightnessSynchronizer: New Update: {[541] 0.016338931(f), mUpdatedTypes=0, mConfirmedTypes=0, mTimeUpdated=0, mState=2}
02-27 03:53:28.208  1905  1905 I BrightnessSynchronizer: New Update: {[542] 0.016338931(f), mUpdatedTypes=0, mConfirmedTypes=0, mTimeUpdated=0, mState=2}
02-27 03:53:28.214  1905  1928 I WindowManager: All windows ready for every display
02-27 03:53:28.215  1905  1926 W WindowManager: Setting mWindowManagerDrawComplete
02-27 03:53:28.215  1905  1926 D WindowManager: finishScreenTurningOn..
02-27 03:53:28.215  1905  1926 D WindowManager: enableScreen mKeyguardDrawnOnce=true awake=false mBootMessageNeedsHiding=false
02-27 03:53:28.217  1905  1954 I DisplayPowerController[0]: 2025-02-27 09:53:28 - BrightnessEvent: disp=0, physDisp=local:0, brt=0.016338931, initBrt=0.016338931, brtNits=9.99933, preNits=NaN, rcmdNits=9.99933, brt(%)=2%, preBrt(%)=0%, brtInt=5, rcmdBrt=0.016338931, preBrt=NaN, lux=1.0, fastAmbientLux=1.0, slowAmbientLux=1.0, preLux=NaN, hbmMax=0.9999, hbmMode=off, rbcStrength=50, powerFactor=1.0, thrmMax=1.0, flags=doze_scale , reason=automatic, autoBrightness=true
02-27 03:53:28.399  1905  1928 I DisplayDeviceRepository: Display device changed state: "Built-in Screen", ON
02-27 03:53:28.403  1905  1905 I WallpaperManagerService: onDisplayChanged displayId = 0
02-27 03:53:28.404  1905  1954 I DisplayPowerController[0]: 2025-02-27 09:53:28 - BrightnessEvent: disp=0, physDisp=local:0, brt=0.016338931, initBrt=0.016338931, brtNits=9.99933, preNits=NaN, rcmdNits=9.99933, brt(%)=2%, preBrt(%)=0%, brtInt=5, rcmdBrt=0.016338931, preBrt=NaN, lux=1.0, fastAmbientLux=1.0, slowAmbientLux=1.0, preLux=NaN, hbmMax=0.9999, hbmMode=off, rbcStrength=50, powerFactor=1.0, thrmMax=1.0, flags=doze_scale , reason=automatic, autoBrightness=true
02-27 03:53:28.404  1905  1954 I WindowManager: Display 0 turned on...
02-27 03:53:29.021  2277  2277 V PowerManager: userActivity when=14441671 event=0 flags=0 by (com.android.systemui) callers=android.os.PowerManager.userActivity:1425 com.android.systemui.keyguard.KeyguardViewMediator.userActivity:50 com.android.systemui.keyguard.KeyguardViewMediator$4.userActivity:2 
02-27 03:53:29.545  2277  2277 V PowerManager: userActivity when=14442194 event=0 flags=0 by (com.android.systemui) callers=android.os.PowerManager.userActivity:1425 com.android.systemui.keyguard.KeyguardViewMediator.userActivity:50 com.android.systemui.keyguard.KeyguardViewMediator$4.userActivity:2 
02-27 03:53:29.744  1905  1954 I DisplayPowerController[0]: 2025-02-27 09:53:29 - BrightnessEvent: disp=0, physDisp=local:0, brt=0.015289815, initBrt=0.016338931, brtNits=9.543453, preNits=9.99933, rcmdNits=9.543453, brt(%)=2%, preBrt(%)=2%, brtInt=5, rcmdBrt=0.015289815, preBrt=0.016338931, lux=0.43212298, fastAmbientLux=0.43212298, slowAmbientLux=0.43212298, preLux=0.6369078, hbmMax=0.9999, hbmMode=off, rbcStrength=50, powerFactor=1.0, thrmMax=1.0, flags=doze_scale , reason=automatic, autoBrightness=true
02-27 03:53:29.744  1905  1905 I BrightnessSynchronizer: New Update: {[543] 0.015289815(f), mUpdatedTypes=0, mConfirmedTypes=0, mTimeUpdated=0, mState=2}
02-27 03:53:29.745  1905  1928 D DisplayManagerService: Ignore redundant display event 0/4 to 10184/7628
02-27 03:53:29.745  1905  1905 I BrightnessSynchronizer: New Update: {[544] 0.015289815(f), mUpdatedTypes=0, mConfirmedTypes=0, mTimeUpdated=0, mState=2}
02-27 03:53:29.746  1905  1954 I DisplayPowerController[0]: 2025-02-27 09:53:29 - BrightnessEvent: disp=0, physDisp=local:0, brt=0.015289815, initBrt=0.015289815, brtNits=9.543453, preNits=9.99933, rcmdNits=9.543453, brt(%)=2%, preBrt(%)=2%, brtInt=5, rcmdBrt=0.015289815, preBrt=0.016338931, lux=0.43212298, fastAmbientLux=0.43212298, slowAmbientLux=0.43212298, preLux=0.6369078, hbmMax=0.9999, hbmMode=off, rbcStrength=50, powerFactor=1.0, thrmMax=1.0, flags=doze_scale , reason=automatic, autoBrightness=true
02-27 03:53:29.748  1905  1954 I DisplayPowerController[0]: 2025-02-27 09:53:29 - BrightnessEvent: disp=0, physDisp=local:0, brt=0.015289815, initBrt=0.015289815, brtNits=9.543453, preNits=9.99933, rcmdNits=9.543453, brt(%)=2%, preBrt(%)=2%, brtInt=5, rcmdBrt=0.015289815, preBrt=0.016338931, lux=0.43212298, fastAmbientLux=0.43212298, slowAmbientLux=0.43212298, preLux=0.6369078, hbmMax=0.9999, hbmMode=off, rbcStrength=50, powerFactor=1.0, thrmMax=1.0, flags=doze_scale , reason=automatic, autoBrightness=true
02-27 03:53:29.749  1905  1928 D DisplayManagerService: Ignore redundant display event 0/4 to 10184/7628
02-27 03:53:29.750  1905  1905 I BrightnessSynchronizer: New Update: {[545] 0.015289815(f), mUpdatedTypes=0, mConfirmedTypes=0, mTimeUpdated=0, mState=2}
02-27 03:53:29.954  2277  2277 V PowerManager: wakeUp time=14442604 reason=WAKE_REASON_GESTURE details=com.android.systemui:BOUNCER_VISIBLE by (com.android.systemui)
02-27 03:53:29.954  1905  7129 I PowerGroup: Waking up power group from Dozing (groupId=0, uid=10256, reason=WAKE_REASON_GESTURE, details=com.android.systemui:BOUNCER_VISIBLE)...
02-27 03:53:29.955  1905  7129 I PowerManagerService: Waking up from Dozing (uid=10256, reason=WAKE_REASON_GESTURE, details=com.android.systemui:BOUNCER_VISIBLE)...
02-27 03:53:29.955  1905  7129 I InputMethodManagerService: setInteractive true.
02-27 03:53:29.956  1905  1905 E ActivityManager: Cancel pending or running compactions as system is awake
02-27 03:53:29.956  1905  1928 D PanelsService: onAwakeStateChanged.. isAwake=true
02-27 03:53:29.956  1905  1928 D TouchHwService: onAwakeStateChanged.. isAwake=true
02-27 03:53:29.961  1905  1954 I DisplayPowerController[0]: 2025-02-27 09:53:29 - BrightnessEvent: disp=0, physDisp=local:0, brt=0.015289815, initBrt=0.015289815, brtNits=9.543453, preNits=9.99933, rcmdNits=9.543453, brt(%)=2%, preBrt(%)=2%, brtInt=5, rcmdBrt=0.015289815, preBrt=0.016338931, lux=0.43212298, fastAmbientLux=0.43212298, slowAmbientLux=0.43212298, preLux=0.6369078, hbmMax=0.9999, hbmMode=off, rbcStrength=50, powerFactor=1.0, thrmMax=1.0, flags=, reason=automatic, autoBrightness=true
02-27 03:53:29.962  1905  1954 I PowerManagerService: handleSandman stop dream, groupId=0
02-27 03:53:29.962  1905  1954 I DreamManagerService: Gently waking up from dream.
02-27 03:53:29.963  1905  1954 I DreamManagerService: stopDreamLocked. callers=com.android.server.dreams.DreamManagerService.stopDreamInternal:305 com.android.server.dreams.DreamManagerService.-$$Nest$mstopDreamInternal:0 com.android.server.dreams.DreamManagerService$LocalService.stopDream:915 com.android.server.power.PowerManagerService.handleSandman:4128 com.android.server.power.PowerManagerService.-$$Nest$mhandleSandman:0 
02-27 03:53:29.964  1905  1925 I DreamManagerService: Performing gentle wake from dream.
02-27 03:53:29.964  2277  2277 D VRI[NotificationShade]: update {(0,0)(fillxfill) gr=TOP CENTER_VERTICAL sim={adjust=resize} layoutInDisplayCutoutMode=always ty=2040 fmt=TRANSLUCENT or=SCREEN_ORIENTATION_NOSENSOR if=INPUT_FEATURE_DISABLE_USER_ACTIVITY userActivityTimeout=10000
02-27 03:53:29.964  2277  2277 D VRI[NotificationShade]:   fl=TOUCHABLE_WHEN_WAKING SECURE ALT_FOCUSABLE_IM WATCH_OUTSIDE_TOUCH SHOW_WALLPAPER SPLIT_TOUCH HARDWARE_ACCELERATED DRAWS_SYSTEM_BAR_BACKGROUNDS
02-27 03:53:29.964  2277  2277 D VRI[NotificationShade]:   pfl=HIDE_NON_SYSTEM_OVERLAY_WINDOWS STATUS_FORCE_SHOW_NAVIGATION BEHAVIOR_CONTROLLED FIT_INSETS_CONTROLLED
02-27 03:53:29.964  2277  2277 D VRI[NotificationShade]:   bhv=SHOW_TRANSIENT_BARS_BY_SWIPE} by setLayoutParams
02-27 03:53:29.966  1905  1905 I WindowManager: Started waking up... (why=ON_BECAUSE_OF_USER) pmWakeReason=WAKE_REASON_GESTURE
02-27 03:53:29.972  1905  1905 I WindowManager: Finished waking up... (why=ON_BECAUSE_OF_USER) pmWakeReason=WAKE_REASON_GESTURE
02-27 03:53:29.982  2277  2277 V DreamService[DozeService]: wakeUp(): fromSystem=true, mWaking=false, mFinished=false callers=android.service.dreams.DreamService.-$$Nest$mwakeUp:0 android.service.dreams.DreamService$DreamServiceWrapper.lambda$wakeUp$2$android-service-dreams-DreamService$DreamServiceWrapper:1497 android.service.dreams.DreamService$DreamServiceWrapper$$ExternalSyntheticLambda0.run:2 android.os.Handler.handleCallback:984 android.os.Handler.dispatchMessage:104 
02-27 03:53:29.983  2277  2277 V DreamService[DozeService]: finish(): mFinished=false activity=null callers=android.service.dreams.DreamService.onWakeUp:992 android.service.dreams.DreamService.wakeUp:1099 android.service.dreams.DreamService.-$$Nest$mwakeUp:0 android.service.dreams.DreamService$DreamServiceWrapper.lambda$wakeUp$2$android-service-dreams-DreamService$DreamServiceWrapper:1497 android.service.dreams.DreamService$DreamServiceWrapper$$ExternalSyntheticLambda0.run:2 
02-27 03:53:29.983  1905  7129 I DreamManagerService: finishSelf by com.android.systemui callingUid=10256 callingPid=2277
02-27 03:53:29.983  1905  7129 D DreamManagerService: Dream finished: android.os.Binder@73c2469, immediate=true
02-27 03:53:29.983  1905  7129 I DreamManagerService: Leaving dreamland.
02-27 03:53:29.984  1905  7129 I DreamManagerService: stopDreamLocked. callers=com.android.server.dreams.DreamManagerService.finishSelfInternal:278 com.android.server.dreams.DreamManagerService.-$$Nest$mfinishSelfInternal:0 com.android.server.dreams.DreamManagerService$BinderService.finishSelf:832 android.service.dreams.IDreamManager$Stub.onTransact:262 android.os.Binder.execTransactInternal:1299 
02-27 03:53:29.984  1905  1925 I DreamManagerService: Performing gentle wake from dream.
02-27 03:53:29.984  1905  1925 I DreamController: Stopping dream: name=ComponentInfo{com.android.systemui/com.android.systemui.doze.DozeService}, isPreviewMode=false, canDoze=true, userId=0, reason='finished self'(from 'requested stopDream')
02-27 03:53:30.002  2277  2277 V DreamService[DozeService]: finish(): mFinished=true activity=null callers=com.android.systemui.doze.DozeMachine$Service$Delegate.finish:2 com.android.systemui.doze.DozeMachine$Service$Delegate.finish:2 com.android.systemui.doze.DozeMachine.transitionTo:520 com.android.systemui.doze.DozeMachine.transitionTo:614 com.android.systemui.doze.DozeMachine.requestState:11 
02-27 03:53:30.008  2277  2277 D VRI[NotificationShade]: update {(0,0)(fillxfill) gr=TOP CENTER_VERTICAL sim={adjust=resize} layoutInDisplayCutoutMode=always ty=2040 fmt=TRANSLUCENT or=SCREEN_ORIENTATION_NOSENSOR if=INPUT_FEATURE_DISABLE_USER_ACTIVITY userActivityTimeout=10000
02-27 03:53:30.008  2277  2277 D VRI[NotificationShade]:   fl=TOUCHABLE_WHEN_WAKING SECURE ALT_FOCUSABLE_IM WATCH_OUTSIDE_TOUCH SHOW_WALLPAPER SPLIT_TOUCH HARDWARE_ACCELERATED DRAWS_SYSTEM_BAR_BACKGROUNDS
02-27 03:53:30.008  2277  2277 D VRI[NotificationShade]:   pfl=STATUS_FORCE_SHOW_NAVIGATION BEHAVIOR_CONTROLLED FIT_INSETS_CONTROLLED
02-27 03:53:30.008  2277  2277 D VRI[NotificationShade]:   bhv=SHOW_TRANSIENT_BARS_BY_SWIPE} by setLayoutParams
02-27 03:53:30.012  1905  1905 D DozeModeMonitor: release night boost
02-27 03:53:30.038  2277  2277 V DreamService[DozeService]: detach(): Calling onDreamingStopped()
02-27 03:53:30.038  2277  2277 V DreamService[DozeService]: onDreamingStopped()
02-27 03:53:30.038  2277  2277 V DreamService[DozeService]: detach(): mActivity=null mActivity.isFinishing()=false
02-27 03:53:30.038  2277  2277 V DreamService[DozeService]: finish(): mFinished=true activity=null callers=android.service.dreams.DreamService.detach:1248 android.service.dreams.DreamService.-$$Nest$mdetach:0 android.service.dreams.DreamService$DreamServiceWrapper.lambda$detach$1:1492 android.service.dreams.DreamService$DreamServiceWrapper$$ExternalSyntheticLambda2.run:2 android.os.Handler.handleCallback:984 
02-27 03:53:30.039  2277  2277 V DreamService[DozeService]: onDestroy()
02-27 03:53:30.039  2277  2277 V DreamService[DozeService]: detach(): mActivity=null mActivity.isFinishing()=false
02-27 03:53:30.039  2277  2277 V DreamService[DozeService]: finish(): mFinished=true activity=null callers=android.service.dreams.DreamService.detach:1248 android.service.dreams.DreamService.onDestroy:1124 com.android.systemui.doze.DozeService.onDestroy:7 android.app.ActivityThread.handleStopService:4831 android.app.ActivityThread.-$$Nest$mhandleStopService:0 
02-27 03:53:30.079  2751  5179 W Binder  : reply too large data on java level: InterfaceDescriptor = null, code = 1
02-27 03:53:30.244  1905  1954 I DisplayPowerController[0]: 2025-02-27 09:53:30 - BrightnessEvent: disp=0, physDisp=local:0, brt=0.011647744, initBrt=0.015289815, brtNits=7.5901923, preNits=9.543453, rcmdNits=7.5901923, brt(%)=1%, preBrt(%)=2%, brtInt=4, rcmdBrt=0.011647744, preBrt=0.015289815, lux=0.3045305, fastAmbientLux=0.3045305, slowAmbientLux=0.32187662, preLux=0.43212298, hbmMax=0.9999, hbmMode=off, rbcStrength=50, powerFactor=1.0, thrmMax=1.0, flags=, reason=automatic, autoBrightness=true
02-27 03:53:30.244  1905  1928 D DisplayManagerService: Ignore redundant display event 0/4 to 10184/7628
02-27 03:53:30.245  1905  1905 I BrightnessSynchronizer: New Update: {[546] 0.011647744(f), mUpdatedTypes=1, mConfirmedTypes=0, mTimeUpdated=0, mState=2}
02-27 03:53:30.245  1905  1905 I BrightnessSynchronizer: [546] New Update 0.011647744(f) set brightness values:  4(i)
02-27 03:53:30.245  1905  1928 D DisplayManagerService: Ignore redundant display event 0/4 to 10184/7628
02-27 03:53:30.246  1905  1954 I DisplayPowerController[0]: 2025-02-27 09:53:30 - BrightnessEvent: disp=0, physDisp=local:0, brt=0.011647744, initBrt=0.011647744, brtNits=7.5901923, preNits=9.543453, rcmdNits=7.5901923, brt(%)=1%, preBrt(%)=2%, brtInt=4, rcmdBrt=0.011647744, preBrt=0.015289815, lux=0.3045305, fastAmbientLux=0.3045305, slowAmbientLux=0.32187662, preLux=0.43212298, hbmMax=0.9999, hbmMode=off, rbcStrength=50, powerFactor=1.0, thrmMax=1.0, flags=, reason=automatic, autoBrightness=true
02-27 03:53:30.247  1905  1905 I BrightnessSynchronizer: New PendingUpdate: {[547] 0.011647744(f), mUpdatedTypes=0, mConfirmedTypes=0, mTimeUpdated=0, mState=1}, prev=null
02-27 03:53:30.247  1905  1905 I BrightnessSynchronizer: Swallowing update of 4(i) by update: {[546] 0.011647744(f), mUpdatedTypes=1, mConfirmedTypes=1, mTimeUpdated=14442895, mState=2}
02-27 03:53:30.247  1905  1905 I BrightnessSynchronizer: Completed Update: {[546] 0.011647744(f), mUpdatedTypes=1, mConfirmedTypes=1, mTimeUpdated=14442895, mState=3}
02-27 03:53:30.247  1905  1905 I BrightnessSynchronizer: New Update: {[547] 0.011647744(f), mUpdatedTypes=0, mConfirmedTypes=0, mTimeUpdated=0, mState=2}
02-27 03:53:30.994  1905  1954 I DisplayPowerController[0]: 2025-02-27 09:53:30 - BrightnessEvent: disp=0, physDisp=local:0, brt=0.0, initBrt=0.011647744, brtNits=2.9983952, preNits=7.5901923, rcmdNits=2.9983952, brt(%)=0%, preBrt(%)=1%, brtInt=1, rcmdBrt=0.0, preBrt=0.011647744, lux=0.0, fastAmbientLux=0.0, slowAmbientLux=0.22669132, preLux=0.3045305, hbmMax=0.9999, hbmMode=off, rbcStrength=50, powerFactor=1.0, thrmMax=1.0, flags=, reason=automatic, autoBrightness=true
02-27 03:53:30.995  1905  1928 D DisplayManagerService: Ignore redundant display event 0/4 to 10184/7628
02-27 03:53:30.995  1905  1928 D DisplayManagerService: Ignore redundant display event 0/4 to 10184/7628
02-27 03:53:30.996  1905  1905 I BrightnessSynchronizer: New Update: {[548] 0.0(f), mUpdatedTypes=1, mConfirmedTypes=0, mTimeUpdated=0, mState=2}
02-27 03:53:30.996  1905  1905 I BrightnessSynchronizer: [548] New Update 0.0(f) set brightness values:  1(i)
02-27 03:53:30.996  1905  1954 I DisplayPowerController[0]: 2025-02-27 09:53:30 - BrightnessEvent: disp=0, physDisp=local:0, brt=0.0, initBrt=0.0, brtNits=2.9983952, preNits=7.5901923, rcmdNits=2.9983952, brt(%)=0%, preBrt(%)=1%, brtInt=1, rcmdBrt=0.0, preBrt=0.011647744, lux=0.0, fastAmbientLux=0.0, slowAmbientLux=0.22669132, preLux=0.3045305, hbmMax=0.9999, hbmMode=off, rbcStrength=50, powerFactor=1.0, thrmMax=1.0, flags=, reason=automatic, autoBrightness=true
02-27 03:53:30.996  1905  1905 I BrightnessSynchronizer: New PendingUpdate: {[549] 0.0(f), mUpdatedTypes=0, mConfirmedTypes=0, mTimeUpdated=0, mState=1}, prev=null
02-27 03:53:30.997  1905  1905 I BrightnessSynchronizer: Swallowing update of 1(i) by update: {[548] 0.0(f), mUpdatedTypes=1, mConfirmedTypes=1, mTimeUpdated=14443646, mState=2}
02-27 03:53:30.998  1905  1905 I BrightnessSynchronizer: Completed Update: {[548] 0.0(f), mUpdatedTypes=1, mConfirmedTypes=1, mTimeUpdated=14443646, mState=3}
02-27 03:53:30.998  1905  1905 I BrightnessSynchronizer: New Update: {[549] 0.0(f), mUpdatedTypes=0, mConfirmedTypes=0, mTimeUpdated=0, mState=2}
02-27 03:53:32.028  2277  2277 V PowerManager: userActivity when=14444678 event=0 flags=0 by (com.android.systemui) callers=android.os.PowerManager.userActivity:1425 com.android.keyguard.PasswordTextView.userActivity:24 com.android.keyguard.PasswordTextView.append:403 
02-27 03:53:32.030  2277  2277 V PowerManager: userActivity when=14444680 event=0 flags=0 by (com.android.systemui) callers=android.os.PowerManager.userActivity:1425 com.android.systemui.keyguard.KeyguardViewMediator.userActivity:50 com.android.systemui.keyguard.KeyguardViewMediator$4.userActivity:2 
02-27 03:53:32.032  2277  2277 V PowerManager: userActivity when=14444682 event=0 flags=0 by (com.android.systemui) callers=android.os.PowerManager.userActivity:1425 com.android.keyguard.NumPadKey.userActivity:24 com.android.keyguard.NumPadKey$1.onClick:63 
02-27 03:53:32.186  1905  3763 W BatteryExternalStatsWorker: error reading Bluetooth stats: 11
02-27 03:53:32.207  2277  2277 V PowerManager: userActivity when=14444857 event=0 flags=0 by (com.android.systemui) callers=android.os.PowerManager.userActivity:1425 com.android.keyguard.PasswordTextView.userActivity:24 com.android.keyguard.PasswordTextView.append:403 
02-27 03:53:32.208  2277  2277 V PowerManager: userActivity when=14444858 event=0 flags=0 by (com.android.systemui) callers=android.os.PowerManager.userActivity:1425 com.android.systemui.keyguard.KeyguardViewMediator.userActivity:50 com.android.systemui.keyguard.KeyguardViewMediator$4.userActivity:2 
02-27 03:53:32.210  2277  2277 V PowerManager: userActivity when=14444859 event=0 flags=0 by (com.android.systemui) callers=android.os.PowerManager.userActivity:1425 com.android.keyguard.NumPadKey.userActivity:24 com.android.keyguard.NumPadKey$1.onClick:63 
02-27 03:53:32.386 24745 10523 E KernelCpuUidFreqTimeReader: Failed to read /proc/uid_time_in_state: java.nio.file.NoSuchFileException: /proc/uid_time_in_state
02-27 03:53:32.558  2277  2277 V PowerManager: userActivity when=14445208 event=0 flags=0 by (com.android.systemui) callers=android.os.PowerManager.userActivity:1425 com.android.keyguard.PasswordTextView.userActivity:24 com.android.keyguard.PasswordTextView.append:403 
02-27 03:53:32.560  2277  2277 V PowerManager: userActivity when=14445210 event=0 flags=0 by (com.android.systemui) callers=android.os.PowerManager.userActivity:1425 com.android.systemui.keyguard.KeyguardViewMediator.userActivity:50 com.android.systemui.keyguard.KeyguardViewMediator$4.userActivity:2 
02-27 03:53:32.563  2277  2277 V PowerManager: userActivity when=14445212 event=0 flags=0 by (com.android.systemui) callers=android.os.PowerManager.userActivity:1425 com.android.keyguard.NumPadKey.userActivity:24 com.android.keyguard.NumPadKey$1.onClick:63 
02-27 03:53:32.726  2277  2277 V PowerManager: userActivity when=14445376 event=0 flags=0 by (com.android.systemui) callers=android.os.PowerManager.userActivity:1425 com.android.keyguard.PasswordTextView.userActivity:24 com.android.keyguard.PasswordTextView.append:403 
02-27 03:53:32.728  2277  2277 V PowerManager: userActivity when=14445377 event=0 flags=0 by (com.android.systemui) callers=android.os.PowerManager.userActivity:1425 com.android.systemui.keyguard.KeyguardViewMediator.userActivity:50 com.android.systemui.keyguard.KeyguardViewMediator$4.userActivity:2 
02-27 03:53:32.730  2277  2277 V PowerManager: userActivity when=14445380 event=0 flags=0 by (com.android.systemui) callers=android.os.PowerManager.userActivity:1425 com.android.keyguard.NumPadKey.userActivity:24 com.android.keyguard.NumPadKey$1.onClick:63 
02-27 03:53:33.450  1905  6241 D LockSettingsService: spBasedDoVerifyCredential: user=0 hasEnrolledBiometrics=true
02-27 03:53:33.535  1905  2188 D BiometricDeferredQueue: Fingerprint addPendingLockoutResetForUser: 0
02-27 03:53:33.553   773   773 I keystore2: keystore2::authorization: on_lock_screen_event(LockScreenEvent(0), user_id=0, password.is_some()=true, unlocking_sids=None)
02-27 03:53:33.572   773   773 I keystore2: keystore2::super_key: In unlock_and_get_user_state. Trying to unlock when already unlocked.
02-27 03:53:33.573  1905  6241 I LockSettingsService: Unlocking user 0 with secret only, length 32
02-27 03:53:33.573  1905  6241 D LockSettingsService: unlockUser finished
02-27 03:53:33.573  1905  6241 D SystemServerTiming: finishUserUnlocking-0
02-27 03:53:33.573  1905  6241 W ActivityManager: UserLifecycleEvent 5 received without an active userJourneySession.
02-27 03:53:33.573  1905  6241 D LockSettingsService: unlockUser finished
02-27 03:53:33.573  1905  6241 I LockSettingsService: Disabling escrow token on user 0
02-27 03:53:33.574  1905  2188 D BiometricDeferredQueue: Processing pending resetLockout for fingerprint
02-27 03:53:33.574  1905  1905 D BiometricUtils: isUdfpsLocalHbmSupport defaultSupport=false debugSupport=false
02-27 03:53:33.574  1905  1905 D BiometricScheduler/Fingerprint21: [Added] {[53] com.android.server.biometrics.sensors.fingerprint.hidl.FingerprintResetLockoutClient, proto=12, owner=android, cookie=0, requestId=-1, userId=0}, new queue size: 1
02-27 03:53:33.574  1905  1905 D BiometricScheduler/Fingerprint21: [Cancelling Interruptable]: {[52] com.android.server.biometrics.sensors.fingerprint.hidl.FingerprintAuthenticationClient, proto=3, owner=com.android.systemui, cookie=0, requestId=19, userId=0}, State: 2
02-27 03:53:33.574  1905  1905 D BiometricSchedulerOperation: [Cancelling] Current client: {[52] com.android.server.biometrics.sensors.fingerprint.hidl.FingerprintAuthenticationClient, proto=3, owner=com.android.systemui, cookie=0, requestId=19, userId=0}
02-27 03:53:33.591  1905  1905 V Biometrics/AcquisitionClient: Acquired: 2000 0, shouldSend: true
02-27 03:53:33.591  1905  1905 D BiometricStateCallback: onClientStateChanged client={[52] com.android.server.biometrics.sensors.fingerprint.hidl.FingerprintAuthenticationClient, proto=3, owner=com.android.systemui, cookie=0, requestId=19, userId=0} newState=10
02-27 03:53:33.591  2277  2277 W FingerprintManager: Invalid acquired message: 2000, 0
02-27 03:53:33.592  1905  1905 D BiometricScheduler/Fingerprint21: [StateChanged] {[52] com.android.server.biometrics.sensors.fingerprint.hidl.FingerprintAuthenticationClient, proto=3, owner=com.android.systemui, cookie=0, requestId=19, userId=0}, state: 10
02-27 03:53:33.592  1905  1905 D BiometricUtils: notifyPerfHint durationMs=2000
02-27 03:53:33.594  1905  1905 D Fingerprint21: handleError, client: FingerprintAuthenticationClient, error: 5, vendorCode: 0
02-27 03:53:33.594  1905  1905 D Biometrics/AcquisitionClient: onErrorInternal code: 5, finish: true
02-27 03:53:33.594  1905  1905 V BiometricLogger: Error latency: -1
02-27 03:53:33.594  1905  1905 W BiometricFrameworkStatsLogger: found a negative latency : -1
02-27 03:53:33.594  1905  1905 D BiometricStateCallback: Client finished, state updated to 0, client {[52] com.android.server.biometrics.sensors.fingerprint.hidl.FingerprintAuthenticationClient, proto=3, owner=com.android.systemui, cookie=0, requestId=19, userId=0}
02-27 03:53:33.594  1905  1905 D BiometricSchedulerOperation: [Finished / destroy]: {[52] com.android.server.biometrics.sensors.fingerprint.hidl.FingerprintAuthenticationClient, proto=3, owner=com.android.systemui, cookie=0, requestId=19, userId=0}
02-27 03:53:33.594  1905  1905 D BiometricStateCallback: onClientStateChanged client={[52] com.android.server.biometrics.sensors.fingerprint.hidl.FingerprintAuthenticationClient, proto=3, owner=com.android.systemui, cookie=0, requestId=19, userId=0} newState=4
02-27 03:53:33.594  1905  1905 D BiometricScheduler/Fingerprint21: [StateChanged] {[52] com.android.server.biometrics.sensors.fingerprint.hidl.FingerprintAuthenticationClient, proto=3, owner=com.android.systemui, cookie=0, requestId=19, userId=0}, state: 4
02-27 03:53:33.594  1905  1905 V BiometricCoexCoordinator: no haptic shouldUsuallyVibrate: false, hapticSuppressedByCoex: false
02-27 03:53:33.594  1905  1905 D BiometricScheduler/Fingerprint21: [Finishing] {[52] com.android.server.biometrics.sensors.fingerprint.hidl.FingerprintAuthenticationClient, proto=3, owner=com.android.systemui, cookie=0, requestId=19, userId=0}, success: false
02-27 03:53:33.594  1905  1905 D BiometricCoexCoordinator: removeAuthenticationClient(OtherFp), client: {[52] com.android.server.biometrics.sensors.fingerprint.hidl.FingerprintAuthenticationClient, proto=3, owner=com.android.systemui, cookie=0, requestId=19, userId=0}
02-27 03:53:33.595  1905  1905 D GestureAvailabilityTracker: Notifying gesture availability, active=true
02-27 03:53:33.595  1905  1905 D BiometricScheduler/Fingerprint21: [Polled] {[53] com.android.server.biometrics.sensors.fingerprint.hidl.FingerprintResetLockoutClient, proto=12, owner=android, cookie=0, requestId=-1, userId=0}, State: 0
02-27 03:53:33.595  1905  1905 D BiometricScheduler/Fingerprint21: [Started] {[53] com.android.server.biometrics.sensors.fingerprint.hidl.FingerprintResetLockoutClient, proto=12, owner=android, cookie=0, requestId=-1, userId=0}
02-27 03:53:33.596  1905  1905 D BiometricSchedulerOperation: [Finished / destroy]: {[53] com.android.server.biometrics.sensors.fingerprint.hidl.FingerprintResetLockoutClient, proto=12, owner=android, cookie=0, requestId=-1, userId=0}
02-27 03:53:33.597  1905  1905 V BiometricSchedulerOperation: started: {[53] com.android.server.biometrics.sensors.fingerprint.hidl.FingerprintResetLockoutClient, proto=12, owner=android, cookie=0, requestId=-1, userId=0}, State: 5
02-27 03:53:33.597  1905  1905 D BiometricScheduler/Fingerprint21: [Finishing] {[53] com.android.server.biometrics.sensors.fingerprint.hidl.FingerprintResetLockoutClient, proto=12, owner=android, cookie=0, requestId=-1, userId=0}, success: true
02-27 03:53:33.597  1905  1905 D BiometricScheduler/Fingerprint21: No operations, returning to idle
02-27 03:53:33.601  1905  6241 D BiometricUtils: isEncrypted: false isLockdown: false
02-27 03:53:33.602  1905  1905 D BiometricUtils: isUdfpsLocalHbmSupport defaultSupport=false debugSupport=false
02-27 03:53:33.602  1905  1905 D BiometricScheduler/Fingerprint21: [Added] {[54] com.android.server.biometrics.sensors.fingerprint.hidl.FingerprintUpdateActiveUserClient, proto=1, owner=android, cookie=0, requestId=-1, userId=0}, new queue size: 1
02-27 03:53:33.602  1905  1905 D BiometricScheduler/Fingerprint21: [Polled] {[54] com.android.server.biometrics.sensors.fingerprint.hidl.FingerprintUpdateActiveUserClient, proto=1, owner=android, cookie=0, requestId=-1, userId=0}, State: 0
02-27 03:53:33.602  1905  1905 D BiometricScheduler/Fingerprint21: [Started] {[54] com.android.server.biometrics.sensors.fingerprint.hidl.FingerprintUpdateActiveUserClient, proto=1, owner=android, cookie=0, requestId=-1, userId=0}
02-27 03:53:33.602  1905  1905 D FingerprintUpdateActiveUserClient: Setting active user: 0
02-27 03:53:33.616  1905  1905 D FingerprintUpdateActiveUserClient: Setting active user: 0 done.
02-27 03:53:33.617  1905  1905 D BiometricSchedulerOperation: [Finished / destroy]: {[54] com.android.server.biometrics.sensors.fingerprint.hidl.FingerprintUpdateActiveUserClient, proto=1, owner=android, cookie=0, requestId=-1, userId=0}
02-27 03:53:33.617  1905  1905 V BiometricSchedulerOperation: started: {[54] com.android.server.biometrics.sensors.fingerprint.hidl.FingerprintUpdateActiveUserClient, proto=1, owner=android, cookie=0, requestId=-1, userId=0}, State: 5
02-27 03:53:33.618  1905  1905 D BiometricUtils: isUdfpsLocalHbmSupport defaultSupport=false debugSupport=false
02-27 03:53:33.618  1905  1905 D BiometricScheduler/Fingerprint21: [Added] {[55] com.android.server.biometrics.sensors.fingerprint.hidl.FingerprintAuthenticationClient, proto=3, owner=com.android.systemui, cookie=0, requestId=20, userId=0}, new queue size: 1
02-27 03:53:33.618  1905  1905 V BiometricScheduler/Fingerprint21: Not idle, current operation: {[54] com.android.server.biometrics.sensors.fingerprint.hidl.FingerprintUpdateActiveUserClient, proto=1, owner=android, cookie=0, requestId=-1, userId=0}, State: 5
02-27 03:53:33.618  1905  1905 D BiometricScheduler/Fingerprint21: [Finishing] {[54] com.android.server.biometrics.sensors.fingerprint.hidl.FingerprintUpdateActiveUserClient, proto=1, owner=android, cookie=0, requestId=-1, userId=0}, success: true
02-27 03:53:33.618  1905  1905 D BiometricScheduler/Fingerprint21: [Polled] {[55] com.android.server.biometrics.sensors.fingerprint.hidl.FingerprintAuthenticationClient, proto=3, owner=com.android.systemui, cookie=0, requestId=20, userId=0}, State: 0
02-27 03:53:33.618  1905  1905 D GestureAvailabilityTracker: Notifying gesture availability, active=false
02-27 03:53:33.618  1905  1905 D BiometricScheduler/Fingerprint21: [Started] {[55] com.android.server.biometrics.sensors.fingerprint.hidl.FingerprintAuthenticationClient, proto=3, owner=com.android.systemui, cookie=0, requestId=20, userId=0}
02-27 03:53:33.618  1905  1905 D BiometricCoexCoordinator: addAuthenticationClient(OtherFp), client: {[55] com.android.server.biometrics.sensors.fingerprint.hidl.FingerprintAuthenticationClient, proto=3, owner=com.android.systemui, cookie=0, requestId=20, userId=0}
02-27 03:53:33.619  1905  1905 D BiometricStateCallback: State updated from 0 to 2, client {[55] com.android.server.biometrics.sensors.fingerprint.hidl.FingerprintAuthenticationClient, proto=3, owner=com.android.systemui, cookie=0, requestId=20, userId=0}
02-27 03:53:33.619  1905  1905 D Biometrics/AuthenticationClient: Requesting auth for com.android.systemui
02-27 03:53:33.642  1905  1905 D BiometricStateCallback: onClientStateChanged client={[55] com.android.server.biometrics.sensors.fingerprint.hidl.FingerprintAuthenticationClient, proto=3, owner=com.android.systemui, cookie=0, requestId=20, userId=0} newState=1
02-27 03:53:33.642  1905  1905 D BiometricScheduler/Fingerprint21: [StateChanged] {[55] com.android.server.biometrics.sensors.fingerprint.hidl.FingerprintAuthenticationClient, proto=3, owner=com.android.systemui, cookie=0, requestId=20, userId=0}, state: 1
02-27 03:53:33.642  1905  1905 V BiometricSchedulerOperation: started: {[55] com.android.server.biometrics.sensors.fingerprint.hidl.FingerprintAuthenticationClient, proto=3, owner=com.android.systemui, cookie=0, requestId=20, userId=0}, State: 2
02-27 03:53:33.715  2277  2277 D FingerprintManager: Cancel fingerprint authentication requested for: 20
02-27 03:53:33.716  1905  3768 D Fingerprint21: cancelAuthentication, sensorId: 0
02-27 03:53:33.716  1905  1905 D BiometricScheduler/Fingerprint21: cancelAuthenticationOrDetection, requestId: 20
02-27 03:53:33.716  1905  1905 D BiometricScheduler/Fingerprint21: Cancelling auth/detect op: {[55] com.android.server.biometrics.sensors.fingerprint.hidl.FingerprintAuthenticationClient, proto=3, owner=com.android.systemui, cookie=0, requestId=20, userId=0}, State: 2
02-27 03:53:33.716  1905  1905 D BiometricSchedulerOperation: [Cancelling] Current client: {[55] com.android.server.biometrics.sensors.fingerprint.hidl.FingerprintAuthenticationClient, proto=3, owner=com.android.systemui, cookie=0, requestId=20, userId=0}
02-27 03:53:33.716  2277  2277 V TrustManager: clearAllBiometricRecognized unlockedUser=0 source=FINGERPRINT callers=com.android.keyguard.KeyguardUpdateMonitor.clearBiometricRecognized:20 com.android.systemui.keyguard.KeyguardViewMediator.handleKeyguardDone:69 com.android.systemui.keyguard.KeyguardViewMediator.tryKeyguardDone:50 com.android.systemui.ScreenDecorations$$ExternalSyntheticLambda6.run:324 com.android.systemui.qs.QSAnimator$$ExternalSyntheticLambda0.run:292 
02-27 03:53:33.717  2277  2277 V TrustManager: clearAllBiometricRecognized unlockedUser=0 source=FACE callers=com.android.keyguard.KeyguardUpdateMonitor.clearBiometricRecognized:27 com.android.systemui.keyguard.KeyguardViewMediator.handleKeyguardDone:69 com.android.systemui.keyguard.KeyguardViewMediator.tryKeyguardDone:50 com.android.systemui.ScreenDecorations$$ExternalSyntheticLambda6.run:324 com.android.systemui.qs.QSAnimator$$ExternalSyntheticLambda0.run:292 
02-27 03:53:33.718  1905  3768 D ActivityTaskManager: Top Process State changed to PROCESS_STATE_TOP
02-27 03:53:33.735  1905  1905 D TrustManagerService: refreshDeviceLockedForUser(userId=-1, unlockedUser=0), secure=true, showingKeyguard=true, trusted=false, biometricAuthenticated=false, currentUserIsUnlocked=true, deviceLocked=true
02-27 03:53:33.736  1905  1905 D TrustManagerService: Keyguard is finishing but may not have completed going away yet
02-27 03:53:33.736  1905  1905 V Biometrics/AcquisitionClient: Acquired: 2000 0, shouldSend: true
02-27 03:53:33.736  1905  1905 D BiometricStateCallback: onClientStateChanged client={[55] com.android.server.biometrics.sensors.fingerprint.hidl.FingerprintAuthenticationClient, proto=3, owner=com.android.systemui, cookie=0, requestId=20, userId=0} newState=10
02-27 03:53:33.736  1905  1905 D BiometricScheduler/Fingerprint21: [StateChanged] {[55] com.android.server.biometrics.sensors.fingerprint.hidl.FingerprintAuthenticationClient, proto=3, owner=com.android.systemui, cookie=0, requestId=20, userId=0}, state: 10
02-27 03:53:33.736  1905  1905 D BiometricUtils: notifyPerfHint durationMs=2000
02-27 03:53:33.737  2277  2277 W FingerprintManager: Invalid acquired message: 2000, 0
02-27 03:53:33.737  1905  1905 D TrustManagerService: refreshDeviceLockedForUser(userId=-1, unlockedUser=0), secure=true, showingKeyguard=true, trusted=false, biometricAuthenticated=false, currentUserIsUnlocked=true, deviceLocked=true
02-27 03:53:33.737  1905  1905 D TrustManagerService: Keyguard is finishing but may not have completed going away yet
02-27 03:53:33.738  1905  1905 D Fingerprint21: handleError, client: FingerprintAuthenticationClient, error: 5, vendorCode: 0
02-27 03:53:33.738  1905  1905 D Biometrics/AcquisitionClient: onErrorInternal code: 5, finish: true
02-27 03:53:33.738  1905  1905 V BiometricLogger: Error latency: -1
02-27 03:53:33.738  1905  1905 W BiometricFrameworkStatsLogger: found a negative latency : -1
02-27 03:53:33.738  1905  1905 D BiometricStateCallback: Client finished, state updated to 0, client {[55] com.android.server.biometrics.sensors.fingerprint.hidl.FingerprintAuthenticationClient, proto=3, owner=com.android.systemui, cookie=0, requestId=20, userId=0}
02-27 03:53:33.738  1905  1905 D BiometricSchedulerOperation: [Finished / destroy]: {[55] com.android.server.biometrics.sensors.fingerprint.hidl.FingerprintAuthenticationClient, proto=3, owner=com.android.systemui, cookie=0, requestId=20, userId=0}
02-27 03:53:33.739  1905  1905 D BiometricStateCallback: onClientStateChanged client={[55] com.android.server.biometrics.sensors.fingerprint.hidl.FingerprintAuthenticationClient, proto=3, owner=com.android.systemui, cookie=0, requestId=20, userId=0} newState=4
02-27 03:53:33.739  1905  1905 D BiometricScheduler/Fingerprint21: [StateChanged] {[55] com.android.server.biometrics.sensors.fingerprint.hidl.FingerprintAuthenticationClient, proto=3, owner=com.android.systemui, cookie=0, requestId=20, userId=0}, state: 4
02-27 03:53:33.739  1905  1905 V BiometricCoexCoordinator: no haptic shouldUsuallyVibrate: false, hapticSuppressedByCoex: false
02-27 03:53:33.741  1905  1905 D BiometricScheduler/Fingerprint21: [Finishing] {[55] com.android.server.biometrics.sensors.fingerprint.hidl.FingerprintAuthenticationClient, proto=3, owner=com.android.systemui, cookie=0, requestId=20, userId=0}, success: false
02-27 03:53:33.741  1905  1905 D BiometricCoexCoordinator: removeAuthenticationClient(OtherFp), client: {[55] com.android.server.biometrics.sensors.fingerprint.hidl.FingerprintAuthenticationClient, proto=3, owner=com.android.systemui, cookie=0, requestId=20, userId=0}
02-27 03:53:33.741  1905  1905 D GestureAvailabilityTracker: Notifying gesture availability, active=true
02-27 03:53:33.741  1905  1905 D BiometricScheduler/Fingerprint21: No operations, returning to idle
02-27 03:53:33.801 10098 10098 D VRI[MainActivity]: update {(0,0)(fillxfill) sim={adjust=resize forwardNavigation} ty=BASE_APPLICATION fmt=TRANSLUCENT wanim=0x1030001
02-27 03:53:33.801 10098 10098 D VRI[MainActivity]:   fl=LAYOUT_IN_SCREEN LAYOUT_INSET_DECOR SPLIT_TOUCH HARDWARE_ACCELERATED DRAWS_SYSTEM_BAR_BACKGROUNDS
02-27 03:53:33.801 10098 10098 D VRI[MainActivity]:   pfl=NO_MOVE_ANIMATION FORCE_DRAW_STATUS_BAR_BACKGROUND USE_BLAST APPEARANCE_CONTROLLED FIT_INSETS_CONTROLLED
