02-27 04:04:09.047  1905  1954 I DisplayPowerController[0]: 2025-02-27 10:04:09 - BrightnessEvent: disp=0, physDisp=local:0, brt=0.041440334, initBrt=0.041440334, brtNits=19.045322, preNits=15.542018, rcmdNits=19.045322, brt(%)=4%, preBrt(%)=3%, brtInt=12, rcmdBrt=0.041440334, preBrt=0.03151617, lux=2.3093922, fastAmbientLux=2.3093922, slowAmbientLux=2.370458, preLux=2.0, hbmMax=0.9999, hbmMode=off, rbcStrength=50, powerFactor=1.0, thrmMax=1.0, flags=, reason=automatic, autoBrightness=true
02-27 04:04:09.048  1905  1905 I BrightnessSynchronizer: New Update: {[608] 0.041440334(f), mUpdatedTypes=1, mConfirmedTypes=0, mTimeUpdated=0, mState=2}
02-27 04:04:09.048  1905  1905 I BrightnessSynchronizer: [608] New Update 0.041440334(f) set brightness values:  12(i)
02-27 04:04:09.049  1905  1905 I BrightnessSynchronizer: New PendingUpdate: {[609] 0.041440334(f), mUpdatedTypes=0, mConfirmedTypes=0, mTimeUpdated=0, mState=1}, prev=null
02-27 04:04:09.052  1905  1905 I BrightnessSynchronizer: Swallowing update of 12(i) by update: {[608] 0.041440334(f), mUpdatedTypes=1, mConfirmedTypes=1, mTimeUpdated=15081698, mState=2}
02-27 04:04:09.053  1905  1905 I BrightnessSynchronizer: Completed Update: {[608] 0.041440334(f), mUpdatedTypes=1, mConfirmedTypes=1, mTimeUpdated=15081698, mState=3}
02-27 04:04:09.053  1905  1905 I BrightnessSynchronizer: New Update: {[609] 0.041440334(f), mUpdatedTypes=0, mConfirmedTypes=0, mTimeUpdated=0, mState=2}
02-27 04:04:10.317  1905  1954 I DisplayPowerController[0]: 2025-02-27 10:04:10 - BrightnessEvent: disp=0, physDisp=local:0, brt=0.041440334, initBrt=0.041440334, brtNits=19.045322, preNits=15.542018, rcmdNits=19.045322, brt(%)=4%, preBrt(%)=3%, brtInt=12, rcmdBrt=0.041440334, preBrt=0.03151617, lux=2.3093922, fastAmbientLux=2.4744012, slowAmbientLux=2.3414743, preLux=2.0, hbmMax=0.9999, hbmMode=off, rbcStrength=50, powerFactor=1.0, thrmMax=1.0, flags=, reason=automatic, autoBrightness=true
02-27 04:04:10.320  1905  1928 D DisplayManagerService: Ignore redundant display event 0/4 to 10184/7628
02-27 04:04:10.320  1905  1905 I BrightnessSynchronizer: New Update: {[610] 0.041440334(f), mUpdatedTypes=0, mConfirmedTypes=0, mTimeUpdated=0, mState=2}
02-27 04:04:10.333  1905  1954 I DisplayPowerController[0]: 2025-02-27 10:04:10 - BrightnessEvent: disp=0, physDisp=local:0, brt=0.041440334, initBrt=0.041440334, brtNits=19.045322, preNits=15.542018, rcmdNits=19.045322, brt(%)=4%, preBrt(%)=3%, brtInt=12, rcmdBrt=0.041440334, preBrt=0.03151617, lux=2.3093922, fastAmbientLux=2.4744012, slowAmbientLux=2.3414743, preLux=2.0, hbmMax=0.9999, hbmMode=off, rbcStrength=50, powerFactor=1.0, thrmMax=1.0, flags=, reason=automatic, autoBrightness=true
02-27 04:04:19.810  1905  1984 D BatteryService: uevent={POWER_SUPPLY_VOLTAGE_NOW=4393000, POWER_SUPPLY_VBUS_PRESENT=true, POWER_SUPPLY_TYPE=Battery, POWER_SUPPLY_HEALTH=Good, POWER_SUPPLY_TECHNOLOGY=Li-ion, POWER_SUPPLY_CHARGE_FULL_DESIGN=4822000, POWER_SUPPLY_CONSTANT_CHARGE_VOLTAGE=4400000, SEQNUM=7689, POWER_SUPPLY_STATUS=Full, POWER_SUPPLY_CYCLE_COUNT=0, POWER_SUPPLY_CAPACITY=100, DEVPATH=/devices/platform/1000d000.pwrap/1000d000.pwrap:main_pmic/mt6357-gauge/power_supply/battery, POWER_SUPPLY_CHARGE_RATE=Normal, POWER_SUPPLY_CURRENT_AVG=-900, POWER_SUPPLY_CAPACITY_LEVEL=Full, POWER_SUPPLY_CURRENT_NOW=-900, POWER_SUPPLY_PRESENT=1, POWER_SUPPLY_POWER_WATT=2, POWER_SUPPLY_CHARGE_FULL=4827700, POWER_SUPPLY_TIME_TO_FULL_NOW=0, SUBSYSTEM=power_supply, POWER_SUPPLY_TEMP=250, ACTION=change, POWER_SUPPLY_AGE=100, POWER_SUPPLY_NAME=battery, POWER_SUPPLY_LPD_PRESENT=false, POWER_SUPPLY_CHARGE_COUNTER=4827700}
02-27 04:04:19.810  1905  1984 D BatteryService: uevent={POWER_SUPPLY_VOLTAGE_NOW=4393000, POWER_SUPPLY_VBUS_PRESENT=true, POWER_SUPPLY_TYPE=Battery, POWER_SUPPLY_HEALTH=Good, POWER_SUPPLY_TECHNOLOGY=Li-ion, POWER_SUPPLY_CHARGE_FULL_DESIGN=4822000, POWER_SUPPLY_CONSTANT_CHARGE_VOLTAGE=4400000, SEQNUM=7689, POWER_SUPPLY_STATUS=Full, POWER_SUPPLY_CYCLE_COUNT=0, POWER_SUPPLY_CAPACITY=100, DEVPATH=/devices/platform/1000d000.pwrap/1000d000.pwrap:main_pmic/mt6357-gauge/power_supply/battery, POWER_SUPPLY_CHARGE_RATE=Normal, POWER_SUPPLY_CURRENT_AVG=-900, POWER_SUPPLY_CAPACITY_LEVEL=Full, POWER_SUPPLY_CURRENT_NOW=-900, POWER_SUPPLY_PRESENT=1, POWER_SUPPLY_POWER_WATT=2, POWER_SUPPLY_CHARGE_FULL=4827700, POWER_SUPPLY_TIME_TO_FULL_NOW=0, SUBSYSTEM=power_supply, POWER_SUPPLY_TEMP=250, ACTION=change, POWER_SUPPLY_AGE=100, POWER_SUPPLY_NAME=battery, POWER_SUPPLY_LPD_PRESENT=false, POWER_SUPPLY_CHARGE_COUNTER=4827700}
02-27 04:04:19.826  1905  1905 V UiModeManager: updateLocked: null action, mDockState=0, category=null
02-27 04:04:19.827  1905  1905 D UiModeManager: updateConfigurationLocked: mDockState=0; mCarMode=false; mNightMode=1; mNightModeCustomType=-1; uiMode=81
02-27 04:04:19.835  2277  3377 D PowerUI : can't show warning due to - plugged: true status unknown: false
02-27 04:04:39.403  1905  1954 I DisplayPowerController[0]: 2025-02-27 10:04:39 - BrightnessEvent: disp=0, physDisp=local:0, brt=0.057014298, initBrt=0.041440334, brtNits=25.044472, preNits=19.045322, rcmdNits=25.044472, brt(%)=6%, preBrt(%)=4%, brtInt=15, rcmdBrt=0.057014298, preBrt=0.041440334, lux=3.0, fastAmbientLux=3.0, slowAmbientLux=2.5544107, preLux=2.3093922, hbmMax=0.9999, hbmMode=off, rbcStrength=50, powerFactor=1.0, thrmMax=1.0, flags=, reason=automatic, autoBrightness=true
02-27 04:04:39.405  1905  1928 D DisplayManagerService: Ignore redundant display event 0/4 to 10184/7628
02-27 04:04:39.406  1905  1928 D DisplayManagerService: Ignore redundant display event 0/4 to 10184/7628
02-27 04:04:39.407  1905  1905 I BrightnessSynchronizer: New Update: {[611] 0.057014298(f), mUpdatedTypes=1, mConfirmedTypes=0, mTimeUpdated=0, mState=2}
02-27 04:04:39.407  1905  1905 I BrightnessSynchronizer: [611] New Update 0.057014298(f) set brightness values:  15(i)
02-27 04:04:39.407  1905  1954 I DisplayPowerController[0]: 2025-02-27 10:04:39 - BrightnessEvent: disp=0, physDisp=local:0, brt=0.057014298, initBrt=0.057014298, brtNits=25.044472, preNits=19.045322, rcmdNits=25.044472, brt(%)=6%, preBrt(%)=4%, brtInt=15, rcmdBrt=0.057014298, preBrt=0.041440334, lux=3.0, fastAmbientLux=3.0, slowAmbientLux=2.5544107, preLux=2.3093922, hbmMax=0.9999, hbmMode=off, rbcStrength=50, powerFactor=1.0, thrmMax=1.0, flags=, reason=automatic, autoBrightness=true
02-27 04:04:39.408  1905  1905 I BrightnessSynchronizer: New PendingUpdate: {[612] 0.057014298(f), mUpdatedTypes=0, mConfirmedTypes=0, mTimeUpdated=0, mState=1}, prev=null
02-27 04:04:39.412  1905  1905 I BrightnessSynchronizer: Swallowing update of 15(i) by update: {[611] 0.057014298(f), mUpdatedTypes=1, mConfirmedTypes=1, mTimeUpdated=15112057, mState=2}
02-27 04:04:39.412  1905  1905 I BrightnessSynchronizer: Completed Update: {[611] 0.057014298(f), mUpdatedTypes=1, mConfirmedTypes=1, mTimeUpdated=15112057, mState=3}
02-27 04:04:39.412  1905  1905 I BrightnessSynchronizer: New Update: {[612] 0.057014298(f), mUpdatedTypes=0, mConfirmedTypes=0, mTimeUpdated=0, mState=2}
02-27 04:04:39.563  1905  1954 I DisplayPowerController[0]: 2025-02-27 10:04:39 - BrightnessEvent: disp=0, physDisp=local:0, brt=0.057014298, initBrt=0.057014298, brtNits=25.044472, preNits=19.045322, rcmdNits=25.044472, brt(%)=6%, preBrt(%)=4%, brtInt=15, rcmdBrt=0.057014298, preBrt=0.041440334, lux=3.0, fastAmbientLux=3.0, slowAmbientLux=2.5544107, preLux=2.3093922, hbmMax=0.9999, hbmMode=off, rbcStrength=50, powerFactor=1.0, thrmMax=1.0, flags=, reason=automatic, autoBrightness=true
02-27 04:04:39.566  1905  1928 D DisplayManagerService: Ignore redundant display event 0/4 to 10184/7628
02-27 04:04:39.566  1905  1905 I BrightnessSynchronizer: New Update: {[613] 0.057014298(f), mUpdatedTypes=0, mConfirmedTypes=0, mTimeUpdated=0, mState=2}
02-27 04:04:39.814  1905  1984 D BatteryService: uevent={POWER_SUPPLY_VOLTAGE_NOW=4387000, POWER_SUPPLY_VBUS_PRESENT=true, POWER_SUPPLY_TYPE=Battery, POWER_SUPPLY_HEALTH=Good, POWER_SUPPLY_TECHNOLOGY=Li-ion, POWER_SUPPLY_CHARGE_FULL_DESIGN=4822000, POWER_SUPPLY_CONSTANT_CHARGE_VOLTAGE=4400000, SEQNUM=7690, POWER_SUPPLY_STATUS=Full, POWER_SUPPLY_CYCLE_COUNT=0, POWER_SUPPLY_CAPACITY=100, DEVPATH=/devices/platform/1000d000.pwrap/1000d000.pwrap:main_pmic/mt6357-gauge/power_supply/battery, POWER_SUPPLY_CHARGE_RATE=Normal, POWER_SUPPLY_CURRENT_AVG=-600, POWER_SUPPLY_CAPACITY_LEVEL=Full, POWER_SUPPLY_CURRENT_NOW=-600, POWER_SUPPLY_PRESENT=1, POWER_SUPPLY_POWER_WATT=2, POWER_SUPPLY_CHARGE_FULL=4827700, POWER_SUPPLY_TIME_TO_FULL_NOW=0, SUBSYSTEM=power_supply, POWER_SUPPLY_TEMP=250, ACTION=change, POWER_SUPPLY_AGE=100, POWER_SUPPLY_NAME=battery, POWER_SUPPLY_LPD_PRESENT=false, POWER_SUPPLY_CHARGE_COUNTER=4827700}
02-27 04:04:39.814  1905  1984 D BatteryService: uevent={POWER_SUPPLY_VOLTAGE_NOW=4387000, POWER_SUPPLY_VBUS_PRESENT=true, POWER_SUPPLY_TYPE=Battery, POWER_SUPPLY_HEALTH=Good, POWER_SUPPLY_TECHNOLOGY=Li-ion, POWER_SUPPLY_CHARGE_FULL_DESIGN=4822000, POWER_SUPPLY_CONSTANT_CHARGE_VOLTAGE=4400000, SEQNUM=7690, POWER_SUPPLY_STATUS=Full, POWER_SUPPLY_CYCLE_COUNT=0, POWER_SUPPLY_CAPACITY=100, DEVPATH=/devices/platform/1000d000.pwrap/1000d000.pwrap:main_pmic/mt6357-gauge/power_supply/battery, POWER_SUPPLY_CHARGE_RATE=Normal, POWER_SUPPLY_CURRENT_AVG=-600, POWER_SUPPLY_CAPACITY_LEVEL=Full, POWER_SUPPLY_CURRENT_NOW=-600, POWER_SUPPLY_PRESENT=1, POWER_SUPPLY_POWER_WATT=2, POWER_SUPPLY_CHARGE_FULL=4827700, POWER_SUPPLY_TIME_TO_FULL_NOW=0, SUBSYSTEM=power_supply, POWER_SUPPLY_TEMP=250, ACTION=change, POWER_SUPPLY_AGE=100, POWER_SUPPLY_NAME=battery, POWER_SUPPLY_LPD_PRESENT=false, POWER_SUPPLY_CHARGE_COUNTER=4827700}
02-27 04:04:39.829  1905  1905 V UiModeManager: updateLocked: null action, mDockState=0, category=null
02-27 04:04:39.832  1905  1905 D UiModeManager: updateConfigurationLocked: mDockState=0; mCarMode=false; mNightMode=1; mNightModeCustomType=-1; uiMode=81
02-27 04:04:39.838  2277  2705 D PowerUI : can't show warning due to - plugged: true status unknown: false
02-27 04:04:40.508  1905  1905 V UiModeManager: updateLocked: null action, mDockState=0, category=null
02-27 04:04:40.509  1905  1905 D UiModeManager: updateConfigurationLocked: mDockState=0; mCarMode=false; mNightMode=1; mNightModeCustomType=-1; uiMode=81
02-27 04:04:40.515  2277  3385 D PowerUI : can't show warning due to - plugged: true status unknown: false
02-27 04:04:56.653  1905  1961 E PackageManager: ERROR: could not load root hash from incremental install
02-27 04:04:56.734  7628 11690 W PackageParser: Unknown element under <manifest>: queries at /data/app/vmdl1542116558.tmp/base.apk Binary XML file line #23
02-27 04:04:56.763  1905  1961 I PackageManager: Integrity check passed for file:///data/app/vmdl1542116558.tmp
02-27 04:04:57.818  1905  1936 I ActivityManager: Force stopping com.example.cod_squad_app appid=10014 user=-1: installPackageLI
02-27 04:04:57.821  1905  1926 D DisplayManagerService: Drop pending events for gone uid 10014
02-27 04:04:57.821  1905  1961 I PackageManager: Update package com.example.cod_squad_app code path from /data/app/~~-by0O5-a5ozTj76bL1vEgg==/com.example.cod_squad_app-y3204qs2JKauAzEPTRBi3Q== to /data/app/~~ongyuGps2JBjU3bDzmRghA==/com.example.cod_squad_app-DUZUgB6nO1XaiZuummwIoA==; Retain data and using new
02-27 04:04:57.822  1905  1936 I ActivityManager: Killing 11531:com.example.cod_squad_app/u0a14 (adj 0, setSvc -10000): stop com.example.cod_squad_app due to installPackageLI
02-27 04:04:57.826  1905  1936 W ActivityTaskManager: Force removing ActivityRecord{b5ba311 u0 com.example.cod_squad_app/.MainActivity} t267 f}}: app died, no saved state
02-27 04:04:57.838  1905  1961 I PackageManager: Permission ownership changed. Updating all permissions.
02-27 04:04:57.842  1905  1936 D ActivityTaskManager: handleAppDied: uid=10014,diedCount=1,lastDiedTime=14915124,forceStopUids=false
02-27 04:04:58.049  1905  1925 W Looper  : Slow dispatch took 209ms android.fg h=android.os.Handler c=<recycled PooledLambda@b8779a4> m=0
02-27 04:04:58.050  1905  1925 W Looper  : Slow delivery took 208ms android.fg h=android.os.Handler c=<recycled PooledLambda@5769c0> m=0
02-27 04:04:58.052  1905  2230 W TopAppMonitor: resend missed activity state ActivityState{com.example.cod_squad_app, userId=0, displayId=0, category=0, isTop=false}
02-27 04:04:58.056  1905  1925 W Looper  : Drained
02-27 04:04:58.056  1905  1936 W ActivityTaskManager: Failed to killAndRestart. No task found for id: 267
02-27 04:04:58.070  1905  1928 V WindowManager: Unknown focus tokens, dropping reportFocusChanged
02-27 04:04:58.074  1905  2952 V ActivityManager: Got obituary of 11531:com.example.cod_squad_app
02-27 04:04:58.105  1905  1928 W ActivityManager: setHasOverlayUi called on unknown pid: 11531
02-27 04:04:58.114  2549  2549 D VRI[CustomizationPanelLauncher]: update {(0,0)(fillxfill) sim={adjust=nothing forwardNavigation} layoutInDisplayCutoutMode=always ty=BASE_APPLICATION fmt=TRANSPARENT wanim=0x10302f1
02-27 04:04:58.114  2549  2549 D VRI[CustomizationPanelLauncher]:   fl=LAYOUT_IN_SCREEN LAYOUT_INSET_DECOR SHOW_WALLPAPER SPLIT_TOUCH HARDWARE_ACCELERATED DRAWS_SYSTEM_BAR_BACKGROUNDS
02-27 04:04:58.114  2549  2549 D VRI[CustomizationPanelLauncher]:   pfl=NO_MOVE_ANIMATION FORCE_DRAW_STATUS_BAR_BACKGROUND USE_BLAST FIT_INSETS_CONTROLLED
02-27 04:04:58.114  2549  2549 D VRI[CustomizationPanelLauncher]:   vsysui=LAYOUT_STABLE LAYOUT_HIDE_NAVIGATION LAYOUT_FULLSCREEN
02-27 04:04:58.114  2549  2549 D VRI[CustomizationPanelLauncher]:   bhv=DEFAULT
02-27 04:04:58.114  2549  2549 D VRI[CustomizationPanelLauncher]:   fitSides=} by setLayoutParams
02-27 04:04:58.158  1905  1961 I ActivityManager: Force stopping com.example.cod_squad_app appid=10014 user=0: pkg removed
02-27 04:04:58.224  1905  1936 W BroadcastQueue: Background execution not allowed: receiving Intent { act=android.intent.action.PACKAGE_REMOVED dat=package: flg=0x4000010 (has extras) } to com.android.vending/com.google.android.finsky.packagemonitor.impl.PackageMonitorReceiverImpl$RegisteredReceiver
02-27 04:04:58.225  1905  1936 W BroadcastQueue: Background execution not allowed: receiving Intent { act=android.intent.action.PACKAGE_REMOVED dat=package: flg=0x4000010 (has extras) } to com.android.vending/com.google.android.finsky.packagemonitor.backgroundimpl.BackgroundPackageMonitorReceiverImpl$RegisteredReceiver
02-27 04:04:58.225  1905  1936 W BroadcastQueue: Background execution not allowed: receiving Intent { act=android.intent.action.PACKAGE_REMOVED dat=package: flg=0x4000010 (has extras) } to com.android.vending/com.google.android.finsky.instantapps.appmanagement.InstantAppRemoveMonitor
02-27 04:04:58.267  1905  1936 W BroadcastQueue: Background execution not allowed: receiving Intent { act=android.intent.action.PACKAGE_REMOVED dat=package: flg=0x4000010 (has extras) } to com.dti.tracfone/com.LogiaGroup.LogiaDeck.Receivers.UninstallBroadCastReceiver
02-27 04:04:58.299  1905  1925 W Looper  : Slow delivery took 202ms android.fg h=android.os.Handler c=<recycled PooledLambda@280c817> m=0
02-27 04:04:58.330  1905  1936 W BroadcastQueue: Background execution not allowed: receiving Intent { act=android.intent.action.PACKAGE_REMOVED dat=package: flg=0x4000010 (has extras) } to com.google.android.gms/.chimera.GmsIntentOperationService$PersistentTrustedReceiver
02-27 04:04:58.336  1905  1905 W Looper  : Slow dispatch took 122ms main h=android.app.ActivityThread$H c=android.app.LoadedApk$ReceiverDispatcher$Args$$ExternalSyntheticLambda0@b142f9c m=0
02-27 04:04:58.342  1905  1961 D PackageInstallerSession: Marking session 1542116558 as applied
02-27 04:04:58.402  1905  1905 I Telecom : CarModeTracker: Package com.example.cod_squad_app is not tracked.: SSH.oR@A1c
02-27 04:04:58.402  1905  1905 I Telecom : InCallController: updateCarModeForConnections: car mode apps: : SSH.oR@A1c
02-27 04:04:58.419  1905  1936 W BroadcastQueue: Background execution not allowed: receiving Intent { act=android.intent.action.PACKAGE_REMOVED dat=package: flg=0x4000010 (has extras) } to com.google.android.gms/.games.chimera.GamesSystemBroadcastReceiverProxy
02-27 04:04:58.421  1905  3763 W ActivityManager: Unable to start service Intent { act=com.motorola.intent.action.EXPERIENCE cmp=com.motorola.help/com.motorola.feedback.logrequest.service.LogCollectionService } U=0: not found
02-27 04:04:58.452  1905  1936 W BroadcastQueue: Background execution not allowed: receiving Intent { act=android.intent.action.PACKAGE_REMOVED dat=package: flg=0x4000010 (has extras) } to com.google.android.videos/com.google.android.libraries.social.peoplekit.thirdparty.viewcontrollers.ThirdPartyReceiver
02-27 04:04:58.457  1905  1905 W Looper  : Slow delivery took 208ms main h=android.app.ActivityThread$H c=android.app.LoadedApk$ReceiverDispatcher$Args$$ExternalSyntheticLambda0@f1d867e m=0
02-27 04:04:58.475  1905  1936 W BroadcastQueue: Background execution not allowed: receiving Intent { act=android.intent.action.PACKAGE_REMOVED dat=package: flg=0x4000010 (has extras) } to com.motorola.spaces/.manager.monitor.AppChangeMonitor
02-27 04:04:58.476  1905  1936 W BroadcastQueue: Background execution not allowed: receiving Intent { act=android.intent.action.PACKAGE_REMOVED dat=package: flg=0x4000010 (has extras) } to com.verizon.loginengine.unbranded/com.verizon.vzwavs.AVSSystemReceiver
02-27 04:04:58.476  1905  1936 W BroadcastQueue: Background execution not allowed: receiving Intent { act=android.intent.action.PACKAGE_ADDED dat=package: flg=0x4000010 (has extras) } to com.google.android.packageinstaller/com.android.packageinstaller.PackageInstalledReceiver
02-27 04:04:58.476  1905  1936 W BroadcastQueue: Background execution not allowed: receiving Intent { act=android.intent.action.PACKAGE_ADDED dat=package: flg=0x4000010 (has extras) } to com.android.vending/com.google.android.finsky.packagemonitor.impl.PackageMonitorReceiverImpl$RegisteredReceiver
02-27 04:04:58.476  1905  1936 W BroadcastQueue: Background execution not allowed: receiving Intent { act=android.intent.action.PACKAGE_ADDED dat=package: flg=0x4000010 (has extras) } to com.android.vending/com.google.android.finsky.packagemonitor.backgroundimpl.BackgroundPackageMonitorReceiverImpl$RegisteredReceiver
02-27 04:04:58.476  1905  1936 W BroadcastQueue: Background execution not allowed: receiving Intent { act=android.intent.action.PACKAGE_ADDED dat=package: flg=0x4000010 (has extras) } to com.dti.tracfone/com.digitalturbine.igniteui.receiver.PackageAddedReceiver
02-27 04:04:58.476  1905  1936 W BroadcastQueue: Background execution not allowed: receiving Intent { act=android.intent.action.PACKAGE_ADDED dat=package: flg=0x4000010 (has extras) } to com.google.android.apps.nbu.files/.documentbrowser.browselanding.rootcontainerlist.receiver.PackageChangeReceiver_Receiver
02-27 04:04:58.476  1905  1936 W BroadcastQueue: Background execution not allowed: receiving Intent { act=android.intent.action.PACKAGE_ADDED dat=package: flg=0x4000010 (has extras) } to com.google.android.gms/.chimera.GmsIntentOperationService$PersistentTrustedReceiver
02-27 04:04:58.476  1905  1936 W BroadcastQueue: Background execution not allowed: receiving Intent { act=android.intent.action.PACKAGE_ADDED dat=package: flg=0x4000010 (has extras) } to com.google.android.gms/.games.chimera.GamesSystemBroadcastReceiverProxy
02-27 04:04:58.476  1905  1936 W BroadcastQueue: Background execution not allowed: receiving Intent { act=android.intent.action.PACKAGE_ADDED dat=package: flg=0x4000010 (has extras) } to com.google.android.gms/.gass.chimera.PackageChangeBroadcastReceiver
02-27 04:04:58.477  1905  1936 W BroadcastQueue: Background execution not allowed: receiving Intent { act=android.intent.action.PACKAGE_ADDED dat=package: flg=0x4000010 (has extras) } to com.verizon.loginengine.unbranded/com.verizon.vzwavs.AVSSystemReceiver
02-27 04:04:58.480  1905  1905 I Telecom : DefaultDialerCache: Refreshing default dialer for user 0: now com.google.android.dialer: DDC.oR@A1o
02-27 04:04:58.515  1905  1905 V BackupManagerConstants: getFullBackupIntervalMilliseconds(...) returns 86400000
02-27 04:04:58.515  1905  1905 V BackupManagerConstants: getFullBackupRequiredNetworkType(...) returns 2
02-27 04:04:58.515  1905  1905 V BackupManagerConstants: getFullBackupRequireCharging(...) returns true
02-27 04:04:58.532  1905  1905 W AlarmManager: Package com.example.cod_squad_app, uid 10014 lost permission to set exact alarms!
02-27 04:04:58.539  1905  1905 W Looper  : Drained
02-27 04:04:58.547  1905  5479 I ActivityTaskManager: START u0 {flg=0x10000000 cmp=com.example.cod_squad_app/.MainActivity} from uid 2000
02-27 04:04:58.556  1905  5479 D ActivityTaskManager: getPreferredLaunchDisplay userset_displayid false user set display id -1, current focus display 0
02-27 04:04:58.556  1905  5479 D ActivityTaskManager: getPreferredLaunchDisplay userset_displayid false user set display id -1, current focus display 0
02-27 04:04:58.556  1905  5479 D ActivityTaskManager: getPreferredLaunchDisplay userset_displayid false user set display id -1, current focus display 0
02-27 04:04:58.556  1905  5479 D ActivityTaskManager: getPreferredLaunchDisplay userset_displayid false user set display id -1, current focus display 0
02-27 04:04:58.676  1905  5479 D ActivityTaskManager: getPreferredLaunchDisplay userset_displayid false user set display id 0, current focus display 0
02-27 04:04:58.676  1905  5479 D ActivityTaskManager: getPreferredLaunchDisplay userset_displayid false user set display id 0, current focus display 0
02-27 04:04:58.702  1905  1958 E VerityUtils: Failed to measure fs-verity, errno 1: /data/app/~~ongyuGps2JBjU3bDzmRghA==/com.example.cod_squad_app-DUZUgB6nO1XaiZuummwIoA==/base.apk
02-27 04:04:58.776  1905  1925 W Looper  : Slow dispatch took 136ms android.fg h=android.os.Handler c=com.android.internal.infra.ServiceConnector$Impl$$ExternalSyntheticLambda2@e4e9407 m=0
02-27 04:04:58.777  2277  2296 D ViewRootImpl: update {(0,0)(fillxfill) ty=APPLICATION_STARTING fmt=TRANSLUCENT wanim=0x1030001
02-27 04:04:58.777  2277  2296 D ViewRootImpl:   fl=NOT_FOCUSABLE NOT_TOUCHABLE LAYOUT_IN_SCREEN LAYOUT_INSET_DECOR ALT_FOCUSABLE_IM HARDWARE_ACCELERATED DRAWS_SYSTEM_BAR_BACKGROUNDS
02-27 04:04:58.777  2277  2296 D ViewRootImpl:   pfl=SHOW_FOR_ALL_USERS FIT_INSETS_CONTROLLED
02-27 04:04:58.777  2277  2296 D ViewRootImpl:   bhv=DEFAULT
02-27 04:04:58.777  2277  2296 D ViewRootImpl:   fitSides=} by setView
02-27 04:04:58.796  1905  6241 D CoreBackPreview: Window{73f7764 u0 Splash Screen com.example.cod_squad_app}: Setting back callback OnBackInvokedCallbackInfo{mCallback=android.window.IOnBackInvokedCallback$Stub$Proxy@e650193, mPriority=0}
02-27 04:04:58.797  1905  1935 W WindowMagnificationMgr: requestConnection duplicated request: connect=false, mConnectionState=DISCONNECTED
02-27 04:04:58.817  1905  1935 W WindowMagnificationMgr: requestConnection duplicated request: connect=false, mConnectionState=DISCONNECTED
02-27 04:04:58.883  1905  1925 W Looper  : Drained
02-27 04:04:58.924  1905  1937 I ActivityManager: Start proc 11740:com.example.cod_squad_app/u0a14 for next-top-activity {com.example.cod_squad_app/com.example.cod_squad_app.MainActivity}
02-27 04:04:58.947  1905  2951 W BroadcastQueue: Background execution not allowed: receiving Intent { act=android.intent.action.PACKAGE_REPLACED dat=package: flg=0x4000010 (has extras) } to com.google.android.apps.nbu.files/.documentbrowser.browselanding.rootcontainerlist.receiver.PackageChangeReceiver_Receiver
02-27 04:04:58.953  1905  1936 W BroadcastQueue: Background execution not allowed: receiving Intent { act=android.intent.action.PACKAGE_REPLACED dat=package: flg=0x4000010 (has extras) } to com.google.android.gms/.chimera.GmsIntentOperationService$PersistentTrustedReceiver
02-27 04:04:58.953  1905  1936 W BroadcastQueue: Background execution not allowed: receiving Intent { act=android.intent.action.PACKAGE_REPLACED dat=package: flg=0x4000010 (has extras) } to com.google.android.gms/.gass.chimera.PackageChangeBroadcastReceiver
02-27 04:04:58.953  1905  1936 W BroadcastQueue: Background execution not allowed: receiving Intent { act=android.intent.action.PACKAGE_REPLACED dat=package: flg=0x4000010 (has extras) } to com.motorola.ccc.notification/.gcm.GCMAdminReceiver
02-27 04:04:58.954  1905  1936 W BroadcastQueue: Background execution not allowed: receiving Intent { act=android.intent.action.PACKAGE_REPLACED dat=package: flg=0x4000010 (has extras) } to com.verizon.loginengine.unbranded/com.verizon.vzwavs.AVSSystemReceiver
02-27 04:04:58.991  1905  3767 W ActivityTaskManager: Failed to killAndRestart. No task found for id: 226
02-27 04:04:59.574  1905  1958 E VerityUtils: Failed to measure fs-verity, errno 1: /data/app/~~ongyuGps2JBjU3bDzmRghA==/com.example.cod_squad_app-DUZUgB6nO1XaiZuummwIoA==/base.apk
02-27 04:04:59.830  1905  1984 D BatteryService: uevent={POWER_SUPPLY_VOLTAGE_NOW=4294000, POWER_SUPPLY_CURRENT_AVG=-159000, POWER_SUPPLY_CAPACITY_LEVEL=Full, POWER_SUPPLY_TYPE=Battery, POWER_SUPPLY_HEALTH=Good, POWER_SUPPLY_CURRENT_NOW=-130100, POWER_SUPPLY_PRESENT=1, POWER_SUPPLY_TECHNOLOGY=Li-ion, POWER_SUPPLY_CHARGE_FULL=4827700, POWER_SUPPLY_TIME_TO_FULL_NOW=0, POWER_SUPPLY_CHARGE_FULL_DESIGN=4822000, SUBSYSTEM=power_supply, POWER_SUPPLY_CONSTANT_CHARGE_VOLTAGE=4400000, POWER_SUPPLY_TEMP=250, SEQNUM=7692, ACTION=change, POWER_SUPPLY_NAME=battery, POWER_SUPPLY_STATUS=Charging, POWER_SUPPLY_CYCLE_COUNT=0, POWER_SUPPLY_CHARGE_COUNTER=4827700, POWER_SUPPLY_CAPACITY=100, DEVPATH=/devices/platform/1000d000.pwrap/1000d000.pwrap:main_pmic/mt6357-gauge/power_supply/battery}
02-27 04:04:59.833  1905  1984 D BatteryService: uevent={POWER_SUPPLY_VOLTAGE_NOW=4294000, POWER_SUPPLY_CURRENT_AVG=-159000, POWER_SUPPLY_CAPACITY_LEVEL=Full, POWER_SUPPLY_TYPE=Battery, POWER_SUPPLY_HEALTH=Good, POWER_SUPPLY_CURRENT_NOW=-130100, POWER_SUPPLY_PRESENT=1, POWER_SUPPLY_TECHNOLOGY=Li-ion, POWER_SUPPLY_CHARGE_FULL=4827700, POWER_SUPPLY_TIME_TO_FULL_NOW=0, POWER_SUPPLY_CHARGE_FULL_DESIGN=4822000, SUBSYSTEM=power_supply, POWER_SUPPLY_CONSTANT_CHARGE_VOLTAGE=4400000, POWER_SUPPLY_TEMP=250, SEQNUM=7692, ACTION=change, POWER_SUPPLY_NAME=battery, POWER_SUPPLY_STATUS=Charging, POWER_SUPPLY_CYCLE_COUNT=0, POWER_SUPPLY_CHARGE_COUNTER=4827700, POWER_SUPPLY_CAPACITY=100, DEVPATH=/devices/platform/1000d000.pwrap/1000d000.pwrap:main_pmic/mt6357-gauge/power_supply/battery}
02-27 04:04:59.838  1905  1984 D BatteryService: uevent={POWER_SUPPLY_VOLTAGE_NOW=4292000, POWER_SUPPLY_VBUS_PRESENT=true, POWER_SUPPLY_TYPE=Battery, POWER_SUPPLY_HEALTH=Good, POWER_SUPPLY_TECHNOLOGY=Li-ion, POWER_SUPPLY_CHARGE_FULL_DESIGN=4822000, POWER_SUPPLY_CONSTANT_CHARGE_VOLTAGE=4400000, SEQNUM=7694, POWER_SUPPLY_STATUS=Charging, POWER_SUPPLY_CYCLE_COUNT=0, POWER_SUPPLY_CAPACITY=100, DEVPATH=/devices/platform/1000d000.pwrap/1000d000.pwrap:main_pmic/mt6357-gauge/power_supply/battery, POWER_SUPPLY_CHARGE_RATE=Normal, POWER_SUPPLY_CURRENT_AVG=-136700, POWER_SUPPLY_CAPACITY_LEVEL=Full, POWER_SUPPLY_CURRENT_NOW=-136700, POWER_SUPPLY_PRESENT=1, POWER_SUPPLY_POWER_WATT=2, POWER_SUPPLY_CHARGE_FULL=4827700, POWER_SUPPLY_TIME_TO_FULL_NOW=0, SUBSYSTEM=power_supply, POWER_SUPPLY_TEMP=250, ACTION=change, POWER_SUPPLY_AGE=100, POWER_SUPPLY_NAME=battery, POWER_SUPPLY_LPD_PRESENT=false, POWER_SUPPLY_CHARGE_COUNTER=4827700}
02-27 04:04:59.838  1905  1984 D BatteryService: uevent={POWER_SUPPLY_VOLTAGE_NOW=4292000, POWER_SUPPLY_VBUS_PRESENT=true, POWER_SUPPLY_TYPE=Battery, POWER_SUPPLY_HEALTH=Good, POWER_SUPPLY_TECHNOLOGY=Li-ion, POWER_SUPPLY_CHARGE_FULL_DESIGN=4822000, POWER_SUPPLY_CONSTANT_CHARGE_VOLTAGE=4400000, SEQNUM=7694, POWER_SUPPLY_STATUS=Charging, POWER_SUPPLY_CYCLE_COUNT=0, POWER_SUPPLY_CAPACITY=100, DEVPATH=/devices/platform/1000d000.pwrap/1000d000.pwrap:main_pmic/mt6357-gauge/power_supply/battery, POWER_SUPPLY_CHARGE_RATE=Normal, POWER_SUPPLY_CURRENT_AVG=-136700, POWER_SUPPLY_CAPACITY_LEVEL=Full, POWER_SUPPLY_CURRENT_NOW=-136700, POWER_SUPPLY_PRESENT=1, POWER_SUPPLY_POWER_WATT=2, POWER_SUPPLY_CHARGE_FULL=4827700, POWER_SUPPLY_TIME_TO_FULL_NOW=0, SUBSYSTEM=power_supply, POWER_SUPPLY_TEMP=250, ACTION=change, POWER_SUPPLY_AGE=100, POWER_SUPPLY_NAME=battery, POWER_SUPPLY_LPD_PRESENT=false, POWER_SUPPLY_CHARGE_COUNTER=4827700}
02-27 04:04:59.850  1905  1984 D BatteryService: uevent={POWER_SUPPLY_VOLTAGE_NOW=4299000, POWER_SUPPLY_CURRENT_AVG=-165900, POWER_SUPPLY_CAPACITY_LEVEL=Full, POWER_SUPPLY_TYPE=Battery, POWER_SUPPLY_HEALTH=Good, POWER_SUPPLY_CURRENT_NOW=-165900, POWER_SUPPLY_PRESENT=1, POWER_SUPPLY_TECHNOLOGY=Li-ion, POWER_SUPPLY_CHARGE_FULL=4827700, POWER_SUPPLY_TIME_TO_FULL_NOW=0, POWER_SUPPLY_CHARGE_FULL_DESIGN=4822000, SUBSYSTEM=power_supply, POWER_SUPPLY_CONSTANT_CHARGE_VOLTAGE=4400000, POWER_SUPPLY_TEMP=250, SEQNUM=7695, ACTION=change, POWER_SUPPLY_NAME=battery, POWER_SUPPLY_STATUS=Charging, POWER_SUPPLY_CYCLE_COUNT=0, POWER_SUPPLY_CHARGE_COUNTER=4827700, POWER_SUPPLY_CAPACITY=100, DEVPATH=/devices/platform/1000d000.pwrap/1000d000.pwrap:main_pmic/mt6357-gauge/power_supply/battery}
02-27 04:04:59.850  1905  1984 D BatteryService: uevent={POWER_SUPPLY_VOLTAGE_NOW=4299000, POWER_SUPPLY_CURRENT_AVG=-165900, POWER_SUPPLY_CAPACITY_LEVEL=Full, POWER_SUPPLY_TYPE=Battery, POWER_SUPPLY_HEALTH=Good, POWER_SUPPLY_CURRENT_NOW=-165900, POWER_SUPPLY_PRESENT=1, POWER_SUPPLY_TECHNOLOGY=Li-ion, POWER_SUPPLY_CHARGE_FULL=4827700, POWER_SUPPLY_TIME_TO_FULL_NOW=0, POWER_SUPPLY_CHARGE_FULL_DESIGN=4822000, SUBSYSTEM=power_supply, POWER_SUPPLY_CONSTANT_CHARGE_VOLTAGE=4400000, POWER_SUPPLY_TEMP=250, SEQNUM=7695, ACTION=change, POWER_SUPPLY_NAME=battery, POWER_SUPPLY_STATUS=Charging, POWER_SUPPLY_CYCLE_COUNT=0, POWER_SUPPLY_CHARGE_COUNTER=4827700, POWER_SUPPLY_CAPACITY=100, DEVPATH=/devices/platform/1000d000.pwrap/1000d000.pwrap:main_pmic/mt6357-gauge/power_supply/battery}
02-27 04:04:59.857  1905  1905 V UiModeManager: updateLocked: null action, mDockState=0, category=null
02-27 04:04:59.857  1905  1905 D UiModeManager: updateConfigurationLocked: mDockState=0; mCarMode=false; mNightMode=1; mNightModeCustomType=-1; uiMode=81
02-27 04:04:59.857  2277  3382 D PowerUI : can't show warning due to - plugged: true status unknown: false
02-27 04:04:59.863  1905  1905 V UiModeManager: updateLocked: null action, mDockState=0, category=null
02-27 04:04:59.865  1905  1905 D UiModeManager: updateConfigurationLocked: mDockState=0; mCarMode=false; mNightMode=1; mNightModeCustomType=-1; uiMode=81
02-27 04:04:59.872  2277  2849 D PowerUI : can't show warning due to - plugged: true status unknown: false
02-27 04:04:59.886  1905  1905 V UiModeManager: updateLocked: null action, mDockState=0, category=null
02-27 04:04:59.887  1905  1905 D UiModeManager: updateConfigurationLocked: mDockState=0; mCarMode=false; mNightMode=1; mNightModeCustomType=-1; uiMode=81
02-27 04:04:59.887  2277  3011 D PowerUI : can't show warning due to - plugged: true status unknown: false
02-27 04:04:59.894  1905  1905 V UiModeManager: updateLocked: null action, mDockState=0, category=null
02-27 04:04:59.895  1905  1905 D UiModeManager: updateConfigurationLocked: mDockState=0; mCarMode=false; mNightMode=1; mNightModeCustomType=-1; uiMode=81
02-27 04:04:59.897  2277  3364 D PowerUI : can't show warning due to - plugged: true status unknown: false
02-27 04:05:02.746 11740 11740 D ViewRootImpl: update {(0,0)(fillxfill) sim={adjust=resize forwardNavigation} ty=BASE_APPLICATION wanim=0x1030001
02-27 04:05:02.746 11740 11740 D ViewRootImpl:   fl=LAYOUT_IN_SCREEN LAYOUT_INSET_DECOR SPLIT_TOUCH HARDWARE_ACCELERATED DRAWS_SYSTEM_BAR_BACKGROUNDS
02-27 04:05:02.746 11740 11740 D ViewRootImpl:   pfl=NO_MOVE_ANIMATION FORCE_DRAW_STATUS_BAR_BACKGROUND FIT_INSETS_CONTROLLED
02-27 04:05:02.746 11740 11740 D ViewRootImpl:   bhv=DEFAULT
02-27 04:05:02.746 11740 11740 D ViewRootImpl:   fitSides=} by setView
02-27 04:05:02.775  1905  5718 D CoreBackPreview: Window{8d50d9d u0 com.example.cod_squad_app/com.example.cod_squad_app.MainActivity}: Setting back callback OnBackInvokedCallbackInfo{mCallback=android.window.IOnBackInvokedCallback$Stub$Proxy@4c91de3, mPriority=0}
02-27 04:05:08.740  1905  1928 W ActivityTaskManager: Launch timeout has expired, giving up wake lock!
02-27 04:05:09.073  1905  1928 D BootWMPhase: WM boot activityIdleInternalLocked: fromTimeout=true isBooting=false allResumedActivitiesIdle=true
02-27 04:05:09.073  1905  1928 D BootWMPhase: ******* WM boot checkFinishBootingLocked: booting=false enableScreen=false
02-27 04:05:12.533  1905  1929 I LaunchCheckinHandler: MotoDisplayed com.example.cod_squad_app/.MainActivity,cp,ca,13777
02-27 04:05:12.905  1905  2951 D CoreBackPreview: Window{73f7764 u0 Splash Screen com.example.cod_squad_app EXITING}: Setting back callback null
02-27 04:05:13.024  1905  2263 E AppOps  : Bad call made by uid 10152. Package "com.google.android.gms" does not belong to uid 10014.
02-27 04:05:19.832  1905  1984 D BatteryService: uevent={POWER_SUPPLY_VOLTAGE_NOW=4396000, POWER_SUPPLY_VBUS_PRESENT=true, POWER_SUPPLY_TYPE=Battery, POWER_SUPPLY_HEALTH=Good, POWER_SUPPLY_TECHNOLOGY=Li-ion, POWER_SUPPLY_CHARGE_FULL_DESIGN=4822000, POWER_SUPPLY_CONSTANT_CHARGE_VOLTAGE=4400000, SEQNUM=7696, POWER_SUPPLY_STATUS=Charging, POWER_SUPPLY_CYCLE_COUNT=0, POWER_SUPPLY_CAPACITY=100, DEVPATH=/devices/platform/1000d000.pwrap/1000d000.pwrap:main_pmic/mt6357-gauge/power_supply/battery, POWER_SUPPLY_CHARGE_RATE=Normal, POWER_SUPPLY_CURRENT_AVG=214300, POWER_SUPPLY_CAPACITY_LEVEL=Full, POWER_SUPPLY_CURRENT_NOW=214300, POWER_SUPPLY_PRESENT=1, POWER_SUPPLY_POWER_WATT=2, POWER_SUPPLY_CHARGE_FULL=4827700, POWER_SUPPLY_TIME_TO_FULL_NOW=0, SUBSYSTEM=power_supply, POWER_SUPPLY_TEMP=250, ACTION=change, POWER_SUPPLY_AGE=100, POWER_SUPPLY_NAME=battery, POWER_SUPPLY_LPD_PRESENT=false, POWER_SUPPLY_CHARGE_COUNTER=4827700}
02-27 04:05:19.832  1905  1984 D BatteryService: uevent={POWER_SUPPLY_VOLTAGE_NOW=4396000, POWER_SUPPLY_VBUS_PRESENT=true, POWER_SUPPLY_TYPE=Battery, POWER_SUPPLY_HEALTH=Good, POWER_SUPPLY_TECHNOLOGY=Li-ion, POWER_SUPPLY_CHARGE_FULL_DESIGN=4822000, POWER_SUPPLY_CONSTANT_CHARGE_VOLTAGE=4400000, SEQNUM=7696, POWER_SUPPLY_STATUS=Charging, POWER_SUPPLY_CYCLE_COUNT=0, POWER_SUPPLY_CAPACITY=100, DEVPATH=/devices/platform/1000d000.pwrap/1000d000.pwrap:main_pmic/mt6357-gauge/power_supply/battery, POWER_SUPPLY_CHARGE_RATE=Normal, POWER_SUPPLY_CURRENT_AVG=214300, POWER_SUPPLY_CAPACITY_LEVEL=Full, POWER_SUPPLY_CURRENT_NOW=214300, POWER_SUPPLY_PRESENT=1, POWER_SUPPLY_POWER_WATT=2, POWER_SUPPLY_CHARGE_FULL=4827700, POWER_SUPPLY_TIME_TO_FULL_NOW=0, SUBSYSTEM=power_supply, POWER_SUPPLY_TEMP=250, ACTION=change, POWER_SUPPLY_AGE=100, POWER_SUPPLY_NAME=battery, POWER_SUPPLY_LPD_PRESENT=false, POWER_SUPPLY_CHARGE_COUNTER=4827700}
02-27 04:05:19.846  1905  1905 V UiModeManager: updateLocked: null action, mDockState=0, category=null
02-27 04:05:19.846  1905  1905 D UiModeManager: updateConfigurationLocked: mDockState=0; mCarMode=false; mNightMode=1; mNightModeCustomType=-1; uiMode=81
02-27 04:05:19.853  2277  3144 D PowerUI : can't show warning due to - plugged: true status unknown: false
02-27 04:05:23.071  1905  7129 E AppOps  : Bad call made by uid 10152. Package "com.google.android.gms" does not belong to uid 10014.
02-27 04:05:29.831  1905  1984 D BatteryService: uevent={POWER_SUPPLY_VOLTAGE_NOW=4395000, POWER_SUPPLY_VBUS_PRESENT=true, POWER_SUPPLY_TYPE=Battery, POWER_SUPPLY_HEALTH=Good, POWER_SUPPLY_TECHNOLOGY=Li-ion, POWER_SUPPLY_CHARGE_FULL_DESIGN=4822000, POWER_SUPPLY_CONSTANT_CHARGE_VOLTAGE=4400000, SEQNUM=7697, POWER_SUPPLY_STATUS=Charging, POWER_SUPPLY_CYCLE_COUNT=0, POWER_SUPPLY_CAPACITY=100, DEVPATH=/devices/platform/1000d000.pwrap/1000d000.pwrap:main_pmic/mt6357-gauge/power_supply/battery, POWER_SUPPLY_CHARGE_RATE=Normal, POWER_SUPPLY_CURRENT_AVG=251400, POWER_SUPPLY_CAPACITY_LEVEL=Full, POWER_SUPPLY_CURRENT_NOW=251400, POWER_SUPPLY_PRESENT=1, POWER_SUPPLY_POWER_WATT=2, POWER_SUPPLY_CHARGE_FULL=4827700, POWER_SUPPLY_TIME_TO_FULL_NOW=0, SUBSYSTEM=power_supply, POWER_SUPPLY_TEMP=250, ACTION=change, POWER_SUPPLY_AGE=100, POWER_SUPPLY_NAME=battery, POWER_SUPPLY_LPD_PRESENT=false, POWER_SUPPLY_CHARGE_COUNTER=4827700}
02-27 04:05:29.831  1905  1984 D BatteryService: uevent={POWER_SUPPLY_VOLTAGE_NOW=4395000, POWER_SUPPLY_VBUS_PRESENT=true, POWER_SUPPLY_TYPE=Battery, POWER_SUPPLY_HEALTH=Good, POWER_SUPPLY_TECHNOLOGY=Li-ion, POWER_SUPPLY_CHARGE_FULL_DESIGN=4822000, POWER_SUPPLY_CONSTANT_CHARGE_VOLTAGE=4400000, SEQNUM=7697, POWER_SUPPLY_STATUS=Charging, POWER_SUPPLY_CYCLE_COUNT=0, POWER_SUPPLY_CAPACITY=100, DEVPATH=/devices/platform/1000d000.pwrap/1000d000.pwrap:main_pmic/mt6357-gauge/power_supply/battery, POWER_SUPPLY_CHARGE_RATE=Normal, POWER_SUPPLY_CURRENT_AVG=251400, POWER_SUPPLY_CAPACITY_LEVEL=Full, POWER_SUPPLY_CURRENT_NOW=251400, POWER_SUPPLY_PRESENT=1, POWER_SUPPLY_POWER_WATT=2, POWER_SUPPLY_CHARGE_FULL=4827700, POWER_SUPPLY_TIME_TO_FULL_NOW=0, SUBSYSTEM=power_supply, POWER_SUPPLY_TEMP=250, ACTION=change, POWER_SUPPLY_AGE=100, POWER_SUPPLY_NAME=battery, POWER_SUPPLY_LPD_PRESENT=false, POWER_SUPPLY_CHARGE_COUNTER=4827700}
02-27 04:05:29.844  1905  1905 V UiModeManager: updateLocked: null action, mDockState=0, category=null
02-27 04:05:29.844  1905  1905 D UiModeManager: updateConfigurationLocked: mDockState=0; mCarMode=false; mNightMode=1; mNightModeCustomType=-1; uiMode=81
02-27 04:05:29.851  2277  3377 D PowerUI : can't show warning due to - plugged: true status unknown: false
02-27 04:05:37.760  1905  2352 W BatteryExternalStatsWorker: error reading Bluetooth stats: 11
02-27 04:05:39.830  1905  1984 D BatteryService: uevent={POWER_SUPPLY_VOLTAGE_NOW=4388000, POWER_SUPPLY_VBUS_PRESENT=true, POWER_SUPPLY_TYPE=Battery, POWER_SUPPLY_HEALTH=Good, POWER_SUPPLY_TECHNOLOGY=Li-ion, POWER_SUPPLY_CHARGE_FULL_DESIGN=4822000, POWER_SUPPLY_CONSTANT_CHARGE_VOLTAGE=4400000, SEQNUM=7698, POWER_SUPPLY_STATUS=Charging, POWER_SUPPLY_CYCLE_COUNT=0, POWER_SUPPLY_CAPACITY=100, DEVPATH=/devices/platform/1000d000.pwrap/1000d000.pwrap:main_pmic/mt6357-gauge/power_supply/battery, POWER_SUPPLY_CHARGE_RATE=Normal, POWER_SUPPLY_CURRENT_AVG=207700, POWER_SUPPLY_CAPACITY_LEVEL=Full, POWER_SUPPLY_CURRENT_NOW=207700, POWER_SUPPLY_PRESENT=1, POWER_SUPPLY_POWER_WATT=2, POWER_SUPPLY_CHARGE_FULL=4827700, POWER_SUPPLY_TIME_TO_FULL_NOW=0, SUBSYSTEM=power_supply, POWER_SUPPLY_TEMP=250, ACTION=change, POWER_SUPPLY_AGE=100, POWER_SUPPLY_NAME=battery, POWER_SUPPLY_LPD_PRESENT=false, POWER_SUPPLY_CHARGE_COUNTER=4827700}
02-27 04:05:39.830  1905  1984 D BatteryService: uevent={POWER_SUPPLY_VOLTAGE_NOW=4388000, POWER_SUPPLY_VBUS_PRESENT=true, POWER_SUPPLY_TYPE=Battery, POWER_SUPPLY_HEALTH=Good, POWER_SUPPLY_TECHNOLOGY=Li-ion, POWER_SUPPLY_CHARGE_FULL_DESIGN=4822000, POWER_SUPPLY_CONSTANT_CHARGE_VOLTAGE=4400000, SEQNUM=7698, POWER_SUPPLY_STATUS=Charging, POWER_SUPPLY_CYCLE_COUNT=0, POWER_SUPPLY_CAPACITY=100, DEVPATH=/devices/platform/1000d000.pwrap/1000d000.pwrap:main_pmic/mt6357-gauge/power_supply/battery, POWER_SUPPLY_CHARGE_RATE=Normal, POWER_SUPPLY_CURRENT_AVG=207700, POWER_SUPPLY_CAPACITY_LEVEL=Full, POWER_SUPPLY_CURRENT_NOW=207700, POWER_SUPPLY_PRESENT=1, POWER_SUPPLY_POWER_WATT=2, POWER_SUPPLY_CHARGE_FULL=4827700, POWER_SUPPLY_TIME_TO_FULL_NOW=0, SUBSYSTEM=power_supply, POWER_SUPPLY_TEMP=250, ACTION=change, POWER_SUPPLY_AGE=100, POWER_SUPPLY_NAME=battery, POWER_SUPPLY_LPD_PRESENT=false, POWER_SUPPLY_CHARGE_COUNTER=4827700}
02-27 04:05:39.844  1905  1905 V UiModeManager: updateLocked: null action, mDockState=0, category=null
02-27 04:05:39.844  1905  1905 D UiModeManager: updateConfigurationLocked: mDockState=0; mCarMode=false; mNightMode=1; mNightModeCustomType=-1; uiMode=81
02-27 04:05:39.848  2277  2705 D PowerUI : can't show warning due to - plugged: true status unknown: false
02-27 04:05:40.508  1905  1905 V UiModeManager: updateLocked: null action, mDockState=0, category=null
02-27 04:05:40.509  1905  1905 D UiModeManager: updateConfigurationLocked: mDockState=0; mCarMode=false; mNightMode=1; mNightModeCustomType=-1; uiMode=81
02-27 04:05:40.517  2277  3385 D PowerUI : can't show warning due to - plugged: true status unknown: false
02-27 04:05:49.837  1905  1984 D BatteryService: uevent={POWER_SUPPLY_VOLTAGE_NOW=4389000, POWER_SUPPLY_VBUS_PRESENT=true, POWER_SUPPLY_TYPE=Battery, POWER_SUPPLY_HEALTH=Good, POWER_SUPPLY_TECHNOLOGY=Li-ion, POWER_SUPPLY_CHARGE_FULL_DESIGN=4822000, POWER_SUPPLY_CONSTANT_CHARGE_VOLTAGE=4400000, SEQNUM=7699, POWER_SUPPLY_STATUS=Charging, POWER_SUPPLY_CYCLE_COUNT=0, POWER_SUPPLY_CAPACITY=100, DEVPATH=/devices/platform/1000d000.pwrap/1000d000.pwrap:main_pmic/mt6357-gauge/power_supply/battery, POWER_SUPPLY_CHARGE_RATE=Normal, POWER_SUPPLY_CURRENT_AVG=183800, POWER_SUPPLY_CAPACITY_LEVEL=Full, POWER_SUPPLY_CURRENT_NOW=183800, POWER_SUPPLY_PRESENT=1, POWER_SUPPLY_POWER_WATT=2, POWER_SUPPLY_CHARGE_FULL=4827700, POWER_SUPPLY_TIME_TO_FULL_NOW=0, SUBSYSTEM=power_supply, POWER_SUPPLY_TEMP=250, ACTION=change, POWER_SUPPLY_AGE=100, POWER_SUPPLY_NAME=battery, POWER_SUPPLY_LPD_PRESENT=false, POWER_SUPPLY_CHARGE_COUNTER=4827700}
02-27 04:05:49.838  1905  1984 D BatteryService: uevent={POWER_SUPPLY_VOLTAGE_NOW=4389000, POWER_SUPPLY_VBUS_PRESENT=true, POWER_SUPPLY_TYPE=Battery, POWER_SUPPLY_HEALTH=Good, POWER_SUPPLY_TECHNOLOGY=Li-ion, POWER_SUPPLY_CHARGE_FULL_DESIGN=4822000, POWER_SUPPLY_CONSTANT_CHARGE_VOLTAGE=4400000, SEQNUM=7699, POWER_SUPPLY_STATUS=Charging, POWER_SUPPLY_CYCLE_COUNT=0, POWER_SUPPLY_CAPACITY=100, DEVPATH=/devices/platform/1000d000.pwrap/1000d000.pwrap:main_pmic/mt6357-gauge/power_supply/battery, POWER_SUPPLY_CHARGE_RATE=Normal, POWER_SUPPLY_CURRENT_AVG=183800, POWER_SUPPLY_CAPACITY_LEVEL=Full, POWER_SUPPLY_CURRENT_NOW=183800, POWER_SUPPLY_PRESENT=1, POWER_SUPPLY_POWER_WATT=2, POWER_SUPPLY_CHARGE_FULL=4827700, POWER_SUPPLY_TIME_TO_FULL_NOW=0, SUBSYSTEM=power_supply, POWER_SUPPLY_TEMP=250, ACTION=change, POWER_SUPPLY_AGE=100, POWER_SUPPLY_NAME=battery, POWER_SUPPLY_LPD_PRESENT=false, POWER_SUPPLY_CHARGE_COUNTER=4827700}
02-27 04:05:49.851  1905  1905 V UiModeManager: updateLocked: null action, mDockState=0, category=null
02-27 04:05:49.852  1905  1905 D UiModeManager: updateConfigurationLocked: mDockState=0; mCarMode=false; mNightMode=1; mNightModeCustomType=-1; uiMode=81
02-27 04:05:49.855  2277  3382 D PowerUI : can't show warning due to - plugged: true status unknown: false
02-27 04:05:59.840  1905  1984 D BatteryService: uevent={POWER_SUPPLY_VOLTAGE_NOW=4366000, POWER_SUPPLY_VBUS_PRESENT=true, POWER_SUPPLY_TYPE=Battery, POWER_SUPPLY_HEALTH=Good, POWER_SUPPLY_TECHNOLOGY=Li-ion, POWER_SUPPLY_CHARGE_FULL_DESIGN=4822000, POWER_SUPPLY_CONSTANT_CHARGE_VOLTAGE=4400000, SEQNUM=7700, POWER_SUPPLY_STATUS=Charging, POWER_SUPPLY_CYCLE_COUNT=0, POWER_SUPPLY_CAPACITY=100, DEVPATH=/devices/platform/1000d000.pwrap/1000d000.pwrap:main_pmic/mt6357-gauge/power_supply/battery, POWER_SUPPLY_CHARGE_RATE=Normal, POWER_SUPPLY_CURRENT_AVG=38900, POWER_SUPPLY_CAPACITY_LEVEL=Full, POWER_SUPPLY_CURRENT_NOW=38900, POWER_SUPPLY_PRESENT=1, POWER_SUPPLY_POWER_WATT=2, POWER_SUPPLY_CHARGE_FULL=4827700, POWER_SUPPLY_TIME_TO_FULL_NOW=0, SUBSYSTEM=power_supply, POWER_SUPPLY_TEMP=250, ACTION=change, POWER_SUPPLY_AGE=100, POWER_SUPPLY_NAME=battery, POWER_SUPPLY_LPD_PRESENT=false, POWER_SUPPLY_CHARGE_COUNTER=4827700}
02-27 04:05:59.840  1905  1984 D BatteryService: uevent={POWER_SUPPLY_VOLTAGE_NOW=4366000, POWER_SUPPLY_VBUS_PRESENT=true, POWER_SUPPLY_TYPE=Battery, POWER_SUPPLY_HEALTH=Good, POWER_SUPPLY_TECHNOLOGY=Li-ion, POWER_SUPPLY_CHARGE_FULL_DESIGN=4822000, POWER_SUPPLY_CONSTANT_CHARGE_VOLTAGE=4400000, SEQNUM=7700, POWER_SUPPLY_STATUS=Charging, POWER_SUPPLY_CYCLE_COUNT=0, POWER_SUPPLY_CAPACITY=100, DEVPATH=/devices/platform/1000d000.pwrap/1000d000.pwrap:main_pmic/mt6357-gauge/power_supply/battery, POWER_SUPPLY_CHARGE_RATE=Normal, POWER_SUPPLY_CURRENT_AVG=38900, POWER_SUPPLY_CAPACITY_LEVEL=Full, POWER_SUPPLY_CURRENT_NOW=38900, POWER_SUPPLY_PRESENT=1, POWER_SUPPLY_POWER_WATT=2, POWER_SUPPLY_CHARGE_FULL=4827700, POWER_SUPPLY_TIME_TO_FULL_NOW=0, SUBSYSTEM=power_supply, POWER_SUPPLY_TEMP=250, ACTION=change, POWER_SUPPLY_AGE=100, POWER_SUPPLY_NAME=battery, POWER_SUPPLY_LPD_PRESENT=false, POWER_SUPPLY_CHARGE_COUNTER=4827700}
02-27 04:05:59.854  1905  1905 V UiModeManager: updateLocked: null action, mDockState=0, category=null
02-27 04:05:59.854  1905  1905 D UiModeManager: updateConfigurationLocked: mDockState=0; mCarMode=false; mNightMode=1; mNightModeCustomType=-1; uiMode=81
02-27 04:05:59.859  2277  2849 D PowerUI : can't show warning due to - plugged: true status unknown: false
02-27 04:06:09.848  1905  1984 D BatteryService: uevent={POWER_SUPPLY_VOLTAGE_NOW=4389000, POWER_SUPPLY_VBUS_PRESENT=true, POWER_SUPPLY_TYPE=Battery, POWER_SUPPLY_HEALTH=Good, POWER_SUPPLY_TECHNOLOGY=Li-ion, POWER_SUPPLY_CHARGE_FULL_DESIGN=4822000, POWER_SUPPLY_CONSTANT_CHARGE_VOLTAGE=4400000, SEQNUM=7701, POWER_SUPPLY_STATUS=Charging, POWER_SUPPLY_CYCLE_COUNT=0, POWER_SUPPLY_CAPACITY=100, DEVPATH=/devices/platform/1000d000.pwrap/1000d000.pwrap:main_pmic/mt6357-gauge/power_supply/battery, POWER_SUPPLY_CHARGE_RATE=Normal, POWER_SUPPLY_CURRENT_AVG=154000, POWER_SUPPLY_CAPACITY_LEVEL=Full, POWER_SUPPLY_CURRENT_NOW=162500, POWER_SUPPLY_PRESENT=1, POWER_SUPPLY_POWER_WATT=2, POWER_SUPPLY_CHARGE_FULL=4827700, POWER_SUPPLY_TIME_TO_FULL_NOW=0, SUBSYSTEM=power_supply, POWER_SUPPLY_TEMP=250, ACTION=change, POWER_SUPPLY_AGE=100, POWER_SUPPLY_NAME=battery, POWER_SUPPLY_LPD_PRESENT=false, POWER_SUPPLY_CHARGE_COUNTER=4827700}
02-27 04:06:09.848  1905  1984 D BatteryService: uevent={POWER_SUPPLY_VOLTAGE_NOW=4389000, POWER_SUPPLY_VBUS_PRESENT=true, POWER_SUPPLY_TYPE=Battery, POWER_SUPPLY_HEALTH=Good, POWER_SUPPLY_TECHNOLOGY=Li-ion, POWER_SUPPLY_CHARGE_FULL_DESIGN=4822000, POWER_SUPPLY_CONSTANT_CHARGE_VOLTAGE=4400000, SEQNUM=7701, POWER_SUPPLY_STATUS=Charging, POWER_SUPPLY_CYCLE_COUNT=0, POWER_SUPPLY_CAPACITY=100, DEVPATH=/devices/platform/1000d000.pwrap/1000d000.pwrap:main_pmic/mt6357-gauge/power_supply/battery, POWER_SUPPLY_CHARGE_RATE=Normal, POWER_SUPPLY_CURRENT_AVG=154000, POWER_SUPPLY_CAPACITY_LEVEL=Full, POWER_SUPPLY_CURRENT_NOW=162500, POWER_SUPPLY_PRESENT=1, POWER_SUPPLY_POWER_WATT=2, POWER_SUPPLY_CHARGE_FULL=4827700, POWER_SUPPLY_TIME_TO_FULL_NOW=0, SUBSYSTEM=power_supply, POWER_SUPPLY_TEMP=250, ACTION=change, POWER_SUPPLY_AGE=100, POWER_SUPPLY_NAME=battery, POWER_SUPPLY_LPD_PRESENT=false, POWER_SUPPLY_CHARGE_COUNTER=4827700}
02-27 04:06:09.869  1905  1905 V UiModeManager: updateLocked: null action, mDockState=0, category=null
02-27 04:06:09.870  1905  1905 D UiModeManager: updateConfigurationLocked: mDockState=0; mCarMode=false; mNightMode=1; mNightModeCustomType=-1; uiMode=81
02-27 04:06:09.874  2277  3011 D PowerUI : can't show warning due to - plugged: true status unknown: false
02-27 04:06:19.851  1905  1984 D BatteryService: uevent={POWER_SUPPLY_VOLTAGE_NOW=4387000, POWER_SUPPLY_VBUS_PRESENT=true, POWER_SUPPLY_TYPE=Battery, POWER_SUPPLY_HEALTH=Good, POWER_SUPPLY_TECHNOLOGY=Li-ion, POWER_SUPPLY_CHARGE_FULL_DESIGN=4822000, POWER_SUPPLY_CONSTANT_CHARGE_VOLTAGE=4400000, SEQNUM=7702, POWER_SUPPLY_STATUS=Charging, POWER_SUPPLY_CYCLE_COUNT=0, POWER_SUPPLY_CAPACITY=100, DEVPATH=/devices/platform/1000d000.pwrap/1000d000.pwrap:main_pmic/mt6357-gauge/power_supply/battery, POWER_SUPPLY_CHARGE_RATE=Normal, POWER_SUPPLY_CURRENT_AVG=161800, POWER_SUPPLY_CAPACITY_LEVEL=Full, POWER_SUPPLY_CURRENT_NOW=161800, POWER_SUPPLY_PRESENT=1, POWER_SUPPLY_POWER_WATT=2, POWER_SUPPLY_CHARGE_FULL=4827700, POWER_SUPPLY_TIME_TO_FULL_NOW=0, SUBSYSTEM=power_supply, POWER_SUPPLY_TEMP=250, ACTION=change, POWER_SUPPLY_AGE=100, POWER_SUPPLY_NAME=battery, POWER_SUPPLY_LPD_PRESENT=false, POWER_SUPPLY_CHARGE_COUNTER=4827700}
02-27 04:06:19.851  1905  1984 D BatteryService: uevent={POWER_SUPPLY_VOLTAGE_NOW=4387000, POWER_SUPPLY_VBUS_PRESENT=true, POWER_SUPPLY_TYPE=Battery, POWER_SUPPLY_HEALTH=Good, POWER_SUPPLY_TECHNOLOGY=Li-ion, POWER_SUPPLY_CHARGE_FULL_DESIGN=4822000, POWER_SUPPLY_CONSTANT_CHARGE_VOLTAGE=4400000, SEQNUM=7702, POWER_SUPPLY_STATUS=Charging, POWER_SUPPLY_CYCLE_COUNT=0, POWER_SUPPLY_CAPACITY=100, DEVPATH=/devices/platform/1000d000.pwrap/1000d000.pwrap:main_pmic/mt6357-gauge/power_supply/battery, POWER_SUPPLY_CHARGE_RATE=Normal, POWER_SUPPLY_CURRENT_AVG=161800, POWER_SUPPLY_CAPACITY_LEVEL=Full, POWER_SUPPLY_CURRENT_NOW=161800, POWER_SUPPLY_PRESENT=1, POWER_SUPPLY_POWER_WATT=2, POWER_SUPPLY_CHARGE_FULL=4827700, POWER_SUPPLY_TIME_TO_FULL_NOW=0, SUBSYSTEM=power_supply, POWER_SUPPLY_TEMP=250, ACTION=change, POWER_SUPPLY_AGE=100, POWER_SUPPLY_NAME=battery, POWER_SUPPLY_LPD_PRESENT=false, POWER_SUPPLY_CHARGE_COUNTER=4827700}
02-27 04:06:19.867  1905  1905 V UiModeManager: updateLocked: null action, mDockState=0, category=null
02-27 04:06:19.867  1905  1905 D UiModeManager: updateConfigurationLocked: mDockState=0; mCarMode=false; mNightMode=1; mNightModeCustomType=-1; uiMode=81
02-27 04:06:19.872  2277  3364 D PowerUI : can't show warning due to - plugged: true status unknown: false
02-27 04:06:29.856  1905  1984 D BatteryService: uevent={POWER_SUPPLY_VOLTAGE_NOW=4390000, POWER_SUPPLY_VBUS_PRESENT=true, POWER_SUPPLY_TYPE=Battery, POWER_SUPPLY_HEALTH=Good, POWER_SUPPLY_TECHNOLOGY=Li-ion, POWER_SUPPLY_CHARGE_FULL_DESIGN=4822000, POWER_SUPPLY_CONSTANT_CHARGE_VOLTAGE=4400000, SEQNUM=7703, POWER_SUPPLY_STATUS=Charging, POWER_SUPPLY_CYCLE_COUNT=0, POWER_SUPPLY_CAPACITY=100, DEVPATH=/devices/platform/1000d000.pwrap/1000d000.pwrap:main_pmic/mt6357-gauge/power_supply/battery, POWER_SUPPLY_CHARGE_RATE=Normal, POWER_SUPPLY_CURRENT_AVG=194800, POWER_SUPPLY_CAPACITY_LEVEL=Full, POWER_SUPPLY_CURRENT_NOW=194800, POWER_SUPPLY_PRESENT=1, POWER_SUPPLY_POWER_WATT=2, POWER_SUPPLY_CHARGE_FULL=4827700, POWER_SUPPLY_TIME_TO_FULL_NOW=0, SUBSYSTEM=power_supply, POWER_SUPPLY_TEMP=250, ACTION=change, POWER_SUPPLY_AGE=100, POWER_SUPPLY_NAME=battery, POWER_SUPPLY_LPD_PRESENT=false, POWER_SUPPLY_CHARGE_COUNTER=4827700}
