02-26 23:54:51.756  1905  1905 D PackageManager: Directories scanned as system partitions: [/system:0, /vendor:524288, /odm:4194304, /oem:262144, /product:1048576, /system_ext:2097152, /apex/com.android.uwb:25165824, /apex/com.android.mediaprovider:8388608, /apex/com.android.ipsec:8388608, /apex/com.android.art:8388608, /apex/com.android.tethering:8388608, /apex/com.android.sdkext:8388608, /apex/com.android.runtime:8388608, /apex/com.android.cellbroadcast:8388608, /apex/com.android.btservices:8388608, /apex/com.android.ondevicepersonalization:8388608, /apex/com.android.extservices:8388608, /apex/com.android.apex.cts.shim:8388608, /apex/com.android.os.statsd:8388608, /apex/com.android.scheduling:8388608, /apex/com.android.tzdata:8388608, /apex/com.android.adbd:8388608, /apex/com.android.conscrypt:8388608, /apex/com.android.wifi:8388608, /apex/com.android.adservices:8388608, /apex/com.android.appsearch:8388608, /apex/com.motorola.enterprise:8388608, /apex/com.android.resolv:8388608, /apex/com.android.permission:8388608, /apex/com.android.i18n:8388608, /apex/com.android.media:8388608, /apex/com.android.vndk.v31:10485760, /apex/com.android.vndk.v33:8388608, /apex/com.google.mainline.primary.libs:8388608, /apex/com.android.vndk.v30:10485760, /apex/com.android.neuralnetworks:8388608, /apex/com.android.media.swcodec:8388608]
02-26 23:54:51.757  1905  1905 D PackageManager: Destroying unknown cache 332edbceedfe416d33fc11d5645ec5d3c3cdfacb
02-26 23:54:55.511  1905  1905 I PackageManager: /system_ext/overlay/MSimSettingsOverlay.apk changed; collecting certs (forced)
02-26 23:54:55.528  1905  1905 I PackageManager: /product/overlay/MotoCoreSettingsDisableTappingTheDisplayOverlay.apk changed; collecting certs (forced)
02-26 23:54:55.537  1905  1905 I PackageManager: /product/overlay/TelephonyProviderCarrierSettingsRRO.apk changed; collecting certs (forced)
02-26 23:54:55.544  1905  1905 I PackageManager: /product/overlay/framework-rro-irservice.apk changed; collecting certs (forced)
02-26 23:54:55.551  1905  1905 I PackageManager: /product/overlay/DisplayCutoutEmulationCorner changed; collecting certs (forced)
02-26 23:54:55.558  1905  1905 I PackageManager: /product/overlay/GoogleExtServicesConfigOverlay.apk changed; collecting certs (forced)
02-26 23:54:55.558  1905  1963 I ApkLiteParseUtils: Skipping target and overlay pair android and /product/overlay/MotoFrameworkResOverlayMidRam.apk: overlay ignored due to required system property: ro.config.moto_mid_ram with value: true
02-26 23:54:55.564  1905  1905 I PackageManager: /product/overlay/DisplayCutoutEmulationHole changed; collecting certs (forced)
02-26 23:54:55.570  1905  1905 I PackageManager: /product/overlay/GmsConfigOverlayCommon.apk changed; collecting certs (forced)
02-26 23:54:55.577  1905  1905 I PackageManager: /product/overlay/IconShapeRound changed; collecting certs (forced)
02-26 23:54:55.583  1905  1905 I PackageManager: /product/overlay/MotoSettingsProviderOverlayTracMaui.apk changed; collecting certs (forced)
02-26 23:54:55.591  1905  1905 I PackageManager: /product/overlay/MotoCellBroadcastServiceOverlay.apk changed; collecting certs (forced)
02-26 23:54:55.599  1905  1905 I PackageManager: /product/overlay/MotoSafetyCenterResourceOverlay.apk changed; collecting certs (forced)
02-26 23:54:55.606  1905  1905 I PackageManager: /product/overlay/MotoWiFiResourcesOverlayTracMaui.apk changed; collecting certs (forced)
02-26 23:54:55.612  1905  1905 I PackageManager: /product/overlay/IconShapePebble changed; collecting certs (forced)
02-26 23:54:55.617  1905  1905 I PackageManager: /product/overlay/GmsConfigOverlayGeotz.apk changed; collecting certs (forced)
02-26 23:54:55.623  1905  1905 I PackageManager: /product/overlay/MotorolaSettingsProvider__auto_generated_rro_product.apk changed; collecting certs (forced)
02-26 23:54:55.629  1905  1905 I PackageManager: /product/overlay/SettingsProvider__auto_generated_rro_product.apk changed; collecting certs (forced)
02-26 23:54:55.635  1905  1905 I PackageManager: /product/overlay/MotoSetupWizardExtOverlayTracfoneOld.apk changed; collecting certs (forced)
02-26 23:54:55.640  1905  1905 I PackageManager: /product/overlay/TelephonyResMotCommon.apk changed; collecting certs (forced)
02-26 23:54:55.646  1905  1905 W PackageManager: Failed to parse /product/overlay/MotoFrameworkResOverlayMidRam.apk: Skipping target and overlay pair android and /product/overlay/MotoFrameworkResOverlayMidRam.apk: overlay ignored due to required system property: ro.config.moto_mid_ram with value: true
02-26 23:54:55.646  1905  1905 I PackageManager: /product/overlay/NavigationBarModeGesturalWideBack changed; collecting certs (forced)
02-26 23:54:55.653  1905  1905 I PackageManager: /product/overlay/TelephonyResCommonMtk.apk changed; collecting certs (forced)
02-26 23:54:55.659  1905  1905 I PackageManager: /product/overlay/NavigationBarMode3Button changed; collecting certs (forced)
02-26 23:54:55.665  1905  1905 I PackageManager: /product/overlay/MotoCellBroadcastReceiverOverlay.apk changed; collecting certs (forced)
02-26 23:54:55.671  1905  1905 I PackageManager: /product/overlay/MotoSystemUIOverlayTMO changed; collecting certs (forced)
02-26 23:54:55.678  1905  1905 I PackageManager: /product/overlay/framework-res__auto_generated_rro_product.apk changed; collecting certs (forced)
02-26 23:54:55.679  1905  1964 I ApkLiteParseUtils: Skipping target and overlay pair com.motorola.paks and /product/overlay/PAKSOverlayUSC.apk: overlay ignored due to required system property: ro.carrier with value: usc
02-26 23:54:55.684  1905  1905 I PackageManager: /product/overlay/MotoLauncherOverlayMvnos.apk changed; collecting certs (forced)
02-26 23:54:55.690  1905  1905 I PackageManager: /product/overlay/SystemUI__auto_generated_rro_product.apk changed; collecting certs (forced)
02-26 23:54:55.696  1905  1905 I PackageManager: /product/overlay/FontRookeryRegular changed; collecting certs (forced)
02-26 23:54:55.697  1905  1963 I ApkLiteParseUtils: Skipping target and overlay pair android and /product/overlay/MotoFrameworkResOverlayCC.apk: overlay ignored due to required system property: ro.carrier with value: cc
02-26 23:54:55.702  1905  1905 I PackageManager: /product/overlay/MotoSystemUIOverlayVZW changed; collecting certs (forced)
02-26 23:54:55.708  1905  1905 I PackageManager: /product/overlay/GmsConfigOverlayComms.apk changed; collecting certs (forced)
02-26 23:54:55.714  1905  1905 I PackageManager: /product/overlay/GooglePermissionControllerFrameworkOverlay.apk changed; collecting certs (forced)
02-26 23:54:55.720  1905  1905 I PackageManager: /product/overlay/GmsConfigOverlayPersonalSafety.apk changed; collecting certs (forced)
02-26 23:54:55.726  1905  1905 I PackageManager: /product/overlay/MotoServiceConnectivityResOverlay.apk changed; collecting certs (forced)
02-26 23:54:55.732  1905  1905 I PackageManager: /product/overlay/MotoLauncherOverlayRetailRow.apk changed; collecting certs (forced)
02-26 23:54:55.738  1905  1905 I PackageManager: /product/overlay/MotoLauncherOverlayTelus.apk changed; collecting certs (forced)
02-26 23:54:55.744  1905  1905 I PackageManager: /product/overlay/DisplayCutoutEmulationWaterfall changed; collecting certs (forced)
02-26 23:54:55.750  1905  1905 I PackageManager: /product/overlay/MotoSetupWizardExtOverlayTracfone.apk changed; collecting certs (forced)
02-26 23:54:55.756  1905  1905 I PackageManager: /product/overlay/MotoSettingsGlobalOverlay.apk changed; collecting certs (forced)
02-26 23:54:55.762  1905  1905 I PackageManager: /product/overlay/FilesGoogleSettingsOverlay.apk changed; collecting certs (forced)
02-26 23:54:55.768  1905  1905 I PackageManager: /product/overlay/GooglePermissionControllerOverlay.apk changed; collecting certs (forced)
02-26 23:54:55.774  1905  1905 I PackageManager: /product/overlay/NavigationBarModeGesturalExtraWideBack changed; collecting certs (forced)
02-26 23:54:55.780  1905  1905 I PackageManager: /product/overlay/MotoSystemUIOverlaySPRINT changed; collecting certs (forced)
02-26 23:54:55.787  1905  1905 I PackageManager: /product/overlay/NavigationBarModeGestural changed; collecting certs (forced)
02-26 23:54:55.793  1905  1905 I PackageManager: /product/overlay/GmsConfigOverlayASI.apk changed; collecting certs (forced)
02-26 23:54:55.800  1905  1905 I PackageManager: /product/overlay/MotoSetupWizardExtOverlayPai.apk changed; collecting certs (forced)
02-26 23:54:55.806  1905  1905 I PackageManager: /product/overlay/MotoFrameworkResOverlayCommon.apk changed; collecting certs (forced)
02-26 23:54:55.811  1905  1905 I PackageManager: /product/overlay/FontRobotoSlabRegular changed; collecting certs (forced)
02-26 23:54:55.817  1905  1905 I PackageManager: /product/overlay/MotoLauncherOverlayRetail.apk changed; collecting certs (forced)
02-26 23:54:55.823  1905  1905 I PackageManager: /product/overlay/MotoSystemUIOverlayUSC changed; collecting certs (forced)
02-26 23:54:55.829  1905  1905 I PackageManager: /product/overlay/MotoSystemUIOverlayATT changed; collecting certs (forced)
02-26 23:54:55.835  1905  1905 I PackageManager: /product/overlay/GmsConfigOverlayPhotos.apk changed; collecting certs (forced)
02-26 23:54:55.841  1905  1905 I PackageManager: /product/overlay/framework-rro-launcher3.apk changed; collecting certs (forced)
02-26 23:54:55.846  1905  1905 I PackageManager: /product/overlay/GoogleDocumentsUIOverlay.apk changed; collecting certs (forced)
02-26 23:54:55.852  1905  1905 I PackageManager: /product/overlay/CaptivePortalLoginFrameworkOverlay.apk changed; collecting certs (forced)
02-26 23:54:55.858  1905  1905 I PackageManager: /product/overlay/Settings__auto_generated_rro_product.apk changed; collecting certs (forced)
02-26 23:54:55.864  1905  1905 I PackageManager: /product/overlay/IconShapeRoundedRect changed; collecting certs (forced)
02-26 23:54:55.869  1905  1905 I PackageManager: /product/overlay/LauncherConfig-rro-tracfone.apk changed; collecting certs (forced)
02-26 23:54:55.875  1905  1905 I PackageManager: /product/overlay/DisplayCutoutEmulationTall changed; collecting certs (forced)
02-26 23:54:55.880  1905  1905 W PackageManager: Failed to parse /product/overlay/PAKSOverlayUSC.apk: Skipping target and overlay pair com.motorola.paks and /product/overlay/PAKSOverlayUSC.apk: overlay ignored due to required system property: ro.carrier with value: usc
02-26 23:54:55.881  1905  1905 I PackageManager: /product/overlay/DisplayCutoutEmulationNoCutout changed; collecting certs (forced)
02-26 23:54:55.886  1905  1905 I PackageManager: /product/overlay/MotoPreloadContactsOverlayVzw.apk changed; collecting certs (forced)
02-26 23:54:55.891  1905  1905 W PackageManager: Failed to parse /product/overlay/MotoFrameworkResOverlayCC.apk: Skipping target and overlay pair android and /product/overlay/MotoFrameworkResOverlayCC.apk: overlay ignored due to required system property: ro.carrier with value: cc
02-26 23:54:55.891  1905  1905 I PackageManager: /product/overlay/MotoFrameworkResOverlayMTKCommon.apk changed; collecting certs (forced)
02-26 23:54:55.897  1905  1905 I PackageManager: /product/overlay/NavigationBarModeHideGestural changed; collecting certs (forced)
02-26 23:54:55.903  1905  1905 I PackageManager: /product/overlay/NavigationBarModeGesturalNarrowBack changed; collecting certs (forced)
02-26 23:54:55.909  1905  1905 I PackageManager: /product/overlay/DisplayCutoutEmulationDouble changed; collecting certs (forced)
02-26 23:54:55.914  1905  1905 I PackageManager: /product/overlay/MotoLauncherOverlayLowTier.apk changed; collecting certs (forced)
02-26 23:54:55.919  1905  1905 I PackageManager: /product/overlay/MotoSettingsFPSRearOverlay.apk changed; collecting certs (forced)
02-26 23:54:55.924  1905  1905 I PackageManager: /product/overlay/FontExo2RegularSource changed; collecting certs (forced)
02-26 23:54:55.930  1905  1905 I PackageManager: /product/overlay/MotoLauncherOverlayAppLabelTwoLines.apk changed; collecting certs (forced)
02-26 23:54:55.935  1905  1905 I PackageManager: /product/overlay/TetheringOverlay.apk changed; collecting certs (forced)
02-26 23:54:55.941  1905  1905 I PackageManager: /product/overlay/ModuleMetadataGoogleOverlay.apk changed; collecting certs (forced)
02-26 23:54:55.947  1905  1905 I PackageManager: /product/overlay/MotoCoreSettingsDoubleTapOverlay.apk changed; collecting certs (forced)
02-26 23:54:55.952  1905  1905 I PackageManager: /product/overlay/GmsConfigOverlayGSA.apk changed; collecting certs (forced)
02-26 23:54:55.958  1905  1905 I PackageManager: /product/overlay/IconShapeTeardrop changed; collecting certs (forced)
02-26 23:54:55.964  1905  1905 I PackageManager: /product/overlay/WifiResCommonOverlay.apk changed; collecting certs (forced)
02-26 23:54:55.970  1905  1905 I PackageManager: /product/overlay/MotoCoreSettingsExtMauiOverlay.apk changed; collecting certs (forced)
02-26 23:54:55.975  1905  1905 I PackageManager: /product/overlay/MotoLauncherOverlayKoodo.apk changed; collecting certs (forced)
02-26 23:54:55.985  1905  1905 I PackageManager: /product/overlay/NetworkStackMcc460Overlay.apk changed; collecting certs (forced)
02-26 23:54:55.990  1905  1905 I PackageManager: /product/overlay/TeleServiceCarrierSettingsRRO.apk changed; collecting certs (forced)
02-26 23:54:56.006  1905  1905 I PackageManager: /vendor/overlay/FrameworkResOverlay changed; collecting certs (forced)
02-26 23:54:56.014  1905  1905 I PackageManager: /vendor/overlay/WifiIPREnableOverlayAOSP.apk changed; collecting certs (forced)
02-26 23:54:56.024  1905  1905 I PackageManager: /vendor/overlay/framework-res__auto_generated_rro_vendor.apk changed; collecting certs (forced)
02-26 23:54:56.033  1905  1905 I PackageManager: /vendor/overlay/SettingsProviderResOverlay changed; collecting certs (forced)
02-26 23:54:56.040  1905  1905 I PackageManager: /vendor/overlay/WifiResMainlineOverlay changed; collecting certs (forced)
02-26 23:54:56.046  1905  1905 I PackageManager: /vendor/overlay/FrameworkResOverlayExt changed; collecting certs (forced)
02-26 23:54:56.051  1905  1905 I PackageManager: /vendor/overlay/Settings__auto_generated_rro_vendor.apk changed; collecting certs (forced)
02-26 23:54:56.057  1905  1905 I PackageManager: /vendor/overlay/SystemUI__auto_generated_rro_vendor.apk changed; collecting certs (forced)
02-26 23:54:56.063  1905  1905 I PackageManager: /vendor/overlay/MotoFrameworkResOverlayDeviceConfigMaui.apk changed; collecting certs (forced)
02-26 23:54:56.069  1905  1905 I PackageManager: /vendor/overlay/MtkSettingsResOverlay changed; collecting certs (forced)
02-26 23:54:56.074  1905  1905 I PackageManager: /vendor/overlay/SetupWizardExt__auto_generated_rro_vendor.apk changed; collecting certs (forced)
02-26 23:54:56.080  1905  1905 I PackageManager: /vendor/overlay/WifiResOverlay changed; collecting certs (forced)
02-26 23:54:56.089  1905  1905 W PackageManager: Failed to parse /system/framework/oat: Missing base APK in /system/framework/oat/arm
02-26 23:54:56.091  1905  1905 W PackageManager: Failed to parse /system/framework/arm: Missing base APK in /system/framework/arm
02-26 23:54:56.183  1905  1963 W PackageParsing: android defines a knownSigner permission but the provided knownCerts resource is null
02-26 23:54:56.183  1905  1963 W PackageParsing: android defines a knownSigner permission but the provided knownCerts resource is null
02-26 23:54:56.184  1905  1963 W PackageParsing: android defines a knownSigner permission but the provided knownCerts resource is null
02-26 23:54:56.218  1905  1905 I PackageManager: /system/framework/framework-res.apk changed; collecting certs (forced)
02-26 23:54:56.247  1905  1905 I PackageManager: /system/priv-app/MotoSystemServer changed; collecting certs (forced)
02-26 23:54:56.258  1905  1905 I PackageManager: /system/priv-app/MtkSarControlService changed; collecting certs (forced)
02-26 23:54:56.270  1905  1905 I PackageManager: /system/priv-app/MediaProviderLegacy changed; collecting certs (forced)
02-26 23:54:56.276  1905  1905 I PackageManager: /system/priv-app/MtpService changed; collecting certs (forced)
02-26 23:54:56.288  1905  1905 I PackageManager: /system/priv-app/TelephonyProvider changed; collecting certs (forced)
02-26 23:54:56.302  1905  1905 I PackageManager: /system/priv-app/MmsService changed; collecting certs (forced)
02-26 23:54:56.314  1905  1905 I PackageManager: /system/priv-app/UserDictionaryProvider changed; collecting certs (forced)
02-26 23:54:56.322  1905  1905 I PackageManager: /system/priv-app/AppCloudOobeMotorola changed; collecting certs (forced)
02-26 23:54:56.338  1905  1905 I PackageManager: /system/priv-app/MtkGbaService changed; collecting certs (forced)
02-26 23:54:56.344  1905  1905 I PackageManager: /system/priv-app/ProxyHandler changed; collecting certs (forced)
02-26 23:54:56.350  1905  1905 I PackageManager: /system/priv-app/SharedStorageBackup changed; collecting certs (forced)
02-26 23:54:56.356  1905  1905 I PackageManager: /system/priv-app/ManagedProvisioning changed; collecting certs (forced)
02-26 23:54:56.364  1905  1905 I PackageManager: /system/priv-app/LocalTransport changed; collecting certs (forced)
02-26 23:54:56.371  1905  1905 I PackageManager: /system/priv-app/VpnDialogs changed; collecting certs (forced)
02-26 23:54:56.377  1905  1905 I PackageManager: /system/priv-app/ExternalStorageProvider changed; collecting certs (forced)
02-26 23:54:56.383  1905  1905 I PackageManager: /system/priv-app/ContactsProvider changed; collecting certs (forced)
02-26 23:54:56.389  1905  1905 I PackageManager: /system/priv-app/FusedLocation changed; collecting certs (forced)
02-26 23:54:56.396  1905  1905 I PackageManager: /system/priv-app/DownloadProviderUi changed; collecting certs (forced)
02-26 23:54:56.402  1905  1905 I PackageManager: /system/priv-app/TagGoogle changed; collecting certs (forced)
02-26 23:54:56.408  1905  1905 I PackageManager: /system/priv-app/MtkTelephonyAssist changed; collecting certs (forced)
02-26 23:54:56.414  1905  1905 I PackageManager: /system/priv-app/DynamicSystemInstallationService changed; collecting certs (forced)
02-26 23:54:56.421  1905  1905 I PackageManager: /system/priv-app/SoundPicker changed; collecting certs (forced)
02-26 23:54:56.427  1905  1905 I PackageManager: /system/priv-app/BlockedNumberProvider changed; collecting certs (forced)
02-26 23:54:56.433  1905  1964 W PackageParsing: Ignoring duplicate uses-permissions/uses-permissions-sdk-m: com.verizon.vzwavs.permission.READ in package: com.motorola.appdirectedsmsproxy at: Binary XML file line #18
02-26 23:54:56.433  1905  1905 I PackageManager: /system/priv-app/CellBroadcastLegacyApp changed; collecting certs (forced)
02-26 23:54:56.440  1905  1905 I PackageManager: /system/priv-app/ONS changed; collecting certs (forced)
02-26 23:54:56.446  1905  1905 I PackageManager: /system/priv-app/BackupRestoreConfirmation changed; collecting certs (forced)
02-26 23:54:56.453  1905  1905 I PackageManager: /system/priv-app/PartnerBookmarksProvider changed; collecting certs (forced)
02-26 23:54:56.460  1905  1905 I PackageManager: /system/priv-app/CarrierExpress changed; collecting certs (forced)
02-26 23:54:56.466  1905  1905 I PackageManager: /system/priv-app/AppDirectedSmsProxy changed; collecting certs (forced)
02-26 23:54:56.472  1905  1905 I PackageManager: /system/priv-app/DownloadProvider changed; collecting certs (forced)
02-26 23:54:56.495  1905  1905 I PackageManager: /system/priv-app/GooglePackageInstaller changed; collecting certs (forced)
02-26 23:54:56.504  1905  1905 I PackageManager: /system/priv-app/Telecom changed; collecting certs (forced)
02-26 23:54:56.516  1905  1905 I PackageManager: /system/priv-app/SettingsProvider changed; collecting certs (forced)
02-26 23:54:56.525  1905  1905 W PackageManager: Failed to scan /system/priv-app/NetworkStackGoogle: Package com.google.android.networkstack at /system/priv-app/NetworkStackGoogle ignored: updated version 341911000 better than this 341014000
02-26 23:54:56.525  1905  1905 I PackageManager: /system/priv-app/ImsService changed; collecting certs (forced)
02-26 23:54:56.531  1905  1905 I PackageManager: /system/priv-app/CallLogBackup changed; collecting certs (forced)
02-26 23:54:56.537  1905  1905 I PackageManager: /system/priv-app/IntentResolver changed; collecting certs (forced)
02-26 23:54:56.549  1905  1905 I PackageManager: /system/priv-app/LPPeService changed; collecting certs (forced)
02-26 23:54:56.556  1905  1905 I PackageManager: /system/priv-app/InputDevices changed; collecting certs (forced)
02-26 23:54:56.572  1905  1905 I PackageManager: /system/priv-app/CalendarProvider changed; collecting certs (forced)
02-26 23:54:56.588  1905  1905 I PackageManager: /system/priv-app/Shell changed; collecting certs (forced)
02-26 23:54:56.621  1905  1905 I PackageManager: /system/priv-app/BuiltInPrintService changed; collecting certs (forced)
02-26 23:54:56.630  1905  1905 I PackageManager: /system/priv-app/LiveWallpapersPicker changed; collecting certs (forced)
02-26 23:54:56.645  1905  1905 W PackageManager: Failed to scan /system/priv-app/DocumentsUIGoogle: Package com.google.android.documentsui at /system/priv-app/DocumentsUIGoogle ignored: updated version 341813030 better than this 341012000
02-26 23:54:56.704  1905  1963 W PackageParsing: Ignoring duplicate uses-permissions/uses-permissions-sdk-m: android.permission.POST_NOTIFICATIONS in package: com.android.phone at: Binary XML file line #233
02-26 23:54:56.705  1905  1963 W PackageParsing: Ignoring duplicate uses-permissions/uses-permissions-sdk-m: com.motorola.permission.WRITE_SECURE_SETTINGS in package: com.android.phone at: Binary XML file line #269
02-26 23:54:56.705  1905  1963 W PackageParsing: Ignoring duplicate uses-permissions/uses-permissions-sdk-m: com.qti.permission.BIND_QTI_IMS_SERVICE in package: com.android.phone at: Binary XML file line #291
02-26 23:54:56.732  1905  1905 I PackageManager: /system/priv-app/TeleService changed; collecting certs (forced)
02-26 23:54:56.751  1905  1905 I PackageManager: /system/app/MotoSignature2App changed; collecting certs (forced)
02-26 23:54:56.757  1905  1905 I PackageManager: /system/app/WallpaperBackup changed; collecting certs (forced)
02-26 23:54:56.765  1905  1905 I PackageManager: /system/app/CameraExtensionsProxy changed; collecting certs (forced)
02-26 23:54:56.771  1905  1905 I PackageManager: /system/app/PacProcessor changed; collecting certs (forced)
02-26 23:54:56.777  1905  1905 I PackageManager: /system/app/BookmarkProvider changed; collecting certs (forced)
02-26 23:54:56.783  1905  1905 I PackageManager: /system/app/MotoSignatureApp changed; collecting certs (forced)
02-26 23:54:56.791  1905  1905 I PackageManager: /system/app/PrintSpooler changed; collecting certs (forced)
02-26 23:54:56.800  1905  1905 I PackageManager: /system/app/TfnRemoteSimlockService changed; collecting certs (forced)
02-26 23:54:56.806  1905  1905 I PackageManager: /system/app/EasterEgg changed; collecting certs (forced)
02-26 23:54:56.813  1905  1905 I PackageManager: /system/app/GoogleExtShared changed; collecting certs (forced)
02-26 23:54:56.819  1905  1905 I PackageManager: /system/app/BluetoothMidiService changed; collecting certs (forced)
02-26 23:54:56.825  1905  1905 I PackageManager: /system/app/CertInstaller changed; collecting certs (forced)
02-26 23:54:56.832  1905  1905 I PackageManager: /system/app/BasicDreams changed; collecting certs (forced)
02-26 23:54:56.843  1905  1905 I PackageManager: /system/app/SimAppDialog changed; collecting certs (forced)
02-26 23:54:56.849  1905  1905 I PackageManager: /system/app/KeyChain changed; collecting certs (forced)
02-26 23:54:56.858  1905  1905 W PackageManager: Failed to scan /system/app/CaptivePortalLoginGoogle: Package com.google.android.captiveportallogin at /system/app/CaptivePortalLoginGoogle ignored: updated version 341510000 better than this 340818110
02-26 23:54:56.858  1905  1905 I PackageManager: /system/app/GooglePrintRecommendationService changed; collecting certs (forced)
02-26 23:54:56.862  1905  1962 W PackageParsing: No actions in intent-filter at /system/app/CarrierDefaultApp/CarrierDefaultApp.apk Binary XML file line #44
02-26 23:54:56.864  1905  1905 I PackageManager: /system/app/CarrierDefaultApp changed; collecting certs (forced)
02-26 23:54:56.871  1905  1905 I PackageManager: /system/app/SecureElement changed; collecting certs (forced)
02-26 23:54:56.887  1905  1905 I PackageManager: /system/app/CompanionDeviceManager changed; collecting certs (forced)
02-26 23:54:56.900  1905  1905 I PackageManager: /system/app/HTMLViewer changed; collecting certs (forced)
02-26 23:54:56.909  1905  1905 I PackageManager: /system/app/OP12Ims changed; collecting certs (forced)
02-26 23:54:56.920  1905  1905 I PackageManager: /system/app/Stk changed; collecting certs (forced)
02-26 23:54:56.938  1905  1962 W PackageParsing: No actions in intent-filter at /system/app/MotoDolbyDax3/MotoDolbyDax3.apk Binary XML file line #248
02-26 23:54:56.942  1905  1905 I PackageManager: /system/app/MotoDolbyDax3 changed; collecting certs (forced)
02-26 23:54:56.983  1905  1905 I PackageManager: /system/app/Traceur changed; collecting certs (forced)
02-26 23:54:56.992  1905  1905 W PackageManager: Failed to parse /vendor/app/mcRegistry: Missing base APK in /vendor/app/mcRegistry
02-26 23:54:57.000  1905  1905 I PackageManager: /vendor/app/NetworkStackInProcessResOverlay changed; collecting certs (forced)
02-26 23:54:57.006  1905  1905 I PackageManager: /vendor/app/InProcessTetheringResOverlay changed; collecting certs (forced)
02-26 23:54:57.012  1905  1905 I PackageManager: /vendor/app/GoogleNetworkStackResOverlay changed; collecting certs (forced)
02-26 23:54:57.016  1905  1905 I PackageManager: /vendor/app/GoogleTetheringResOverlay changed; collecting certs (forced)
02-26 23:54:57.021  1905  1905 I PackageManager: /vendor/app/TetheringResOverlay changed; collecting certs (forced)
02-26 23:54:57.027  1905  1905 I PackageManager: /vendor/app/NetworkStackResOverlay changed; collecting certs (forced)
02-26 23:54:57.053  1905  1905 I PackageManager: /product/priv-app/GoogleOneTimeInitializer changed; collecting certs (forced)
02-26 23:54:57.063  1905  1965 W PackageParsing: Ignoring duplicate uses-permissions/uses-permissions-sdk-m: com.google.android.providers.gsf.permission.READ_GSERVICES in package: com.google.android.apps.googleassistant at: Binary XML file line #14
02-26 23:54:57.069  1905  1905 W PackageManager: Failed to scan /product/priv-app/PrivateComputeServices: Package com.google.android.as.oss at /product/priv-app/PrivateComputeServices ignored: updated version 70138 better than this 18410
02-26 23:54:57.071  1905  1905 W PackageManager: Failed to scan /product/priv-app/GoogleAssistant: Package com.google.android.apps.googleassistant at /product/priv-app/GoogleAssistant ignored: updated version 60 better than this 52
02-26 23:54:57.071  1905  1905 I PackageManager: /product/priv-app/OMAProvisioning changed; collecting certs (forced)
02-26 23:54:57.079  1905  1905 W PackageManager: Failed to scan /product/priv-app/facebook-installer: Package com.facebook.system at /product/priv-app/facebook-installer ignored: updated version 607647743 better than this 508834001
02-26 23:54:57.081  1905  1905 I PackageManager: /product/priv-app/SESProvisioning changed; collecting certs (forced)
02-26 23:54:57.109  1905  1905 I PackageManager: /product/priv-app/AttPhoneExt changed; collecting certs (forced)
02-26 23:54:57.116  1905  1905 W Permission: New decl Package{ef50cd7 com.motorola.att.phone.extensions} of permission  androidx.appcompat.DYNAMIC_RECEIVER_NOT_EXPORTED_PERMISSION is system; overriding com.motorola.comcast.settings.extensions
02-26 23:54:57.120  1905  1905 I PackageManager: /product/priv-app/InmobiInstaller changed; collecting certs (forced)
02-26 23:54:57.126  1905  1905 I PackageManager: /product/priv-app/ConfigUpdater changed; collecting certs (forced)
02-26 23:54:57.135  1905  1905 W PackageManager: Failed to scan /product/priv-app/TFIgnite: Package com.dti.tracfone at /product/priv-app/TFIgnite ignored: updated version 110010220 better than this 90060020
02-26 23:54:57.142  1905  1905 I PackageManager: /product/priv-app/BRApps2 changed; collecting certs (forced)
02-26 23:54:57.156  1905  1905 W PackageManager: Failed to scan /product/priv-app/GoogleCarrierWifi: Package com.google.android.apps.carrier.carrierwifi at /product/priv-app/GoogleCarrierWifi ignored: updated version 86 better than this 74
02-26 23:54:57.198  1905  1905 W PackageManager: Failed to scan /product/priv-app/AndroidAutoStub: Package com.google.android.projection.gearhead at /product/priv-app/AndroidAutoStub ignored: updated version 126643243 better than this 12526000
02-26 23:54:57.210  1905  1905 W PackageManager: Failed to scan /product/priv-app/GameMode: Package com.motorola.gamemode at /product/priv-app/GameMode ignored: updated version 34011080 better than this 33010420
02-26 23:54:57.219  1905  1905 W PackageManager: Failed to scan /product/priv-app/MotoHelp: Package com.motorola.help at /product/priv-app/MotoHelp ignored: updated version 1915000134 better than this 1914020084
02-26 23:54:57.227  1905  1905 I PackageManager: /product/priv-app/MotoFeedbackAssistant changed; collecting certs (forced)
02-26 23:54:57.234  1905  1905 I PackageManager: /product/priv-app/PreloadContacts changed; collecting certs (forced)
02-26 23:54:57.248  1905  1905 I PackageManager: /product/priv-app/VzwDM changed; collecting certs (forced)
02-26 23:54:57.270  1905  1905 I PackageManager: /product/priv-app/VzwAPNServiceWs changed; collecting certs (forced)
02-26 23:54:57.289  1905  1905 I PackageManager: /product/priv-app/TFUnlock changed; collecting certs (forced)
02-26 23:54:57.297  1905  1905 I PackageManager: /product/priv-app/CarrierSettingsExt changed; collecting certs (forced)
02-26 23:54:57.306  1905  1905 I PackageManager: /product/priv-app/EasyPrefix changed; collecting certs (forced)
02-26 23:54:57.324  1905  1905 I PackageManager: /product/priv-app/ComcastSettingsExt changed; collecting certs (forced)
02-26 23:54:57.329  1905  1905 W PackageManager: Skipping provider name androidx.appcompat.androidx-startup (in package com.motorola.comcast.settings.extensions): name already used by com.motorola.att.phone.extensions
02-26 23:54:57.354  1905  1963 W PackageParsing: No actions in intent-filter at /product/priv-app/TMOConfig/TMOConfig.apk Binary XML file line #100
02-26 23:54:57.355  1905  1963 W PackageParsing: No actions in intent-filter at /product/priv-app/TMOConfig/TMOConfig.apk Binary XML file line #109
02-26 23:54:57.355  1905  1963 W PackageParsing: No actions in intent-filter at /product/priv-app/TMOConfig/TMOConfig.apk Binary XML file line #118
02-26 23:54:57.359  1905  1905 I PackageManager: /product/priv-app/TMOConfig changed; collecting certs (forced)
02-26 23:54:57.368  1905  1905 W PackageManager: Failed to scan /product/priv-app/CarrierServices: Package com.google.android.ims at /product/priv-app/CarrierServices ignored: updated version 31144015 better than this 31104955
02-26 23:54:57.376  1905  1905 W PackageManager: Failed to scan /product/priv-app/facebook-services: Package com.facebook.services at /product/priv-app/facebook-services ignored: updated version 607647755 better than this 508834014
02-26 23:54:57.423  1905  1905 I PackageManager: /product/priv-app/LenovoId changed; collecting certs (forced)
02-26 23:54:57.455  1905  1905 I PackageManager: /product/priv-app/Vowifi changed; collecting certs (forced)
02-26 23:54:57.494  1905  1905 I PackageManager: /product/priv-app/VzwCarrierLoginEngine changed; collecting certs (forced)
02-26 23:54:57.505  1905  1905 I PackageManager: /product/priv-app/CallRedirectionService changed; collecting certs (forced)
02-26 23:54:57.518  1905  1905 W PackageManager: Failed to scan /product/priv-app/GuideMe: Package com.motorola.genie at /product/priv-app/GuideMe ignored: updated version 1200601 better than this 1200200
02-26 23:54:57.535  1905  1905 W PackageManager: Failed to scan /product/priv-app/PersonalSafety: Package com.google.android.apps.safetyhub at /product/priv-app/PersonalSafety ignored: updated version 100492322 better than this 10145319
02-26 23:54:57.632  1905  1905 W PackageManager: Failed to scan /product/priv-app/AndroidSystemIntelligence_Features: Package com.google.android.as at /product/priv-app/AndroidSystemIntelligence_Features ignored: updated version 8997576 better than this 8866936
02-26 23:54:57.650  1905  1905 I PackageManager: /product/priv-app/MotoTour changed; collecting certs (forced)
02-26 23:54:57.665  1905  1962 W PackageParsing: Ignoring duplicate uses-permissions/uses-permissions-sdk-m: com.motorola.motoaudio.permission.ACCESS_AUDIO_SETTINGS in package: com.motorola.moto at: Binary XML file line #115
02-26 23:54:57.686  1905  1905 I PackageManager: /product/priv-app/MotoAppUIRefresh changed; collecting certs (forced)
02-26 23:54:57.726  1905  1905 I PackageManager: /product/priv-app/ImsServiceEntitlement changed; collecting certs (forced)
02-26 23:54:57.783  1905  1905 W PackageManager: Failed to scan /product/priv-app/GmsCore: Package com.google.android.gms at /product/priv-app/GmsCore ignored: updated version 250733027 better than this 233717042
02-26 23:54:57.785  1905  1905 W PackageManager: Failed to scan /product/priv-app/TFDevicePulse: Package com.tracfone.preload.accountservices at /product/priv-app/TFDevicePulse ignored: updated version 560102 better than this 550007
02-26 23:54:57.812  1905  1962 W PackageParsing: Unknown element under <manifest>: meta-data at /product/priv-app/Turbo/Turbo.apk Binary XML file line #19
02-26 23:54:57.825  1905  1905 I PackageManager: /product/priv-app/Turbo changed; collecting certs (forced)
02-26 23:54:57.862  1905  1905 I PackageManager: /product/priv-app/WfcActivation changed; collecting certs (forced)
02-26 23:54:57.887  1905  1905 I PackageManager: /product/priv-app/Entitlement changed; collecting certs (forced)
02-26 23:54:57.902  1905  1905 I PackageManager: /product/priv-app/AmazonAppManager changed; collecting certs (forced)
02-26 23:54:57.910  1905  1905 W PackageManager: Failed to scan /product/priv-app/AmazonAppManager: Error unpackaging native libs for app, errorCode=-113
02-26 23:54:58.044  1905  1905 W PackageManager: Failed to scan /product/priv-app/FilesGoogle: Package com.google.android.apps.nbu.files at /product/priv-app/FilesGoogle ignored: updated version 992978 better than this 727506
02-26 23:54:58.054  1905  1905 I PackageManager: /product/priv-app/vzwPcoExt changed; collecting certs (forced)
02-26 23:54:58.197  1905  1962 W PackageParsing: Unknown element under <manifest>: meta-data at /product/priv-app/GoogleDialer/GoogleDialer.apk Binary XML file line #145
02-26 23:54:58.197  1905  1962 W PackageParsing: Unknown element under <manifest>: meta-data at /product/priv-app/GoogleDialer/GoogleDialer.apk Binary XML file line #152
02-26 23:54:58.224  1905  1905 W PackageManager: Failed to scan /product/priv-app/Phonesky: Package com.android.vending at /product/priv-app/Phonesky ignored: updated version 84271930 better than this 83771920
02-26 23:54:58.238  1905  1905 W PackageManager: Failed to scan /product/priv-app/GoogleDialer: Package com.google.android.dialer at /product/priv-app/GoogleDialer ignored: updated version 17520067 better than this 15038687
02-26 23:54:58.238  1905  1905 I PackageManager: /product/priv-app/TrafficStatsProvider changed; collecting certs (forced)
02-26 23:54:58.245  1905  1905 I PackageManager: /product/priv-app/SettingsIntelligence changed; collecting certs (forced)
02-26 23:54:58.252  1905  1905 I PackageManager: /product/priv-app/FamilyLinkParentalControls changed; collecting certs (forced)
02-26 23:54:58.262  1905  1905 W PackageManager: Failed to scan /product/priv-app/Wellbeing: Package com.google.android.apps.wellbeing at /product/priv-app/Wellbeing ignored: updated version 643127 better than this 529557
02-26 23:54:58.275  1905  1905 I PackageManager: /product/priv-app/TFRsu changed; collecting certs (forced)
02-26 23:54:58.283  1905  1905 I PackageManager: /product/priv-app/DMService changed; collecting certs (forced)
02-26 23:54:58.317  1905  1905 I PackageManager: /product/priv-app/MotoScreenshotEditor changed; collecting certs (forced)
02-26 23:54:58.371  1905  1905 I PackageManager: /product/priv-app/MotoAppForecast changed; collecting certs (forced)
02-26 23:54:58.403  1905  1905 I PackageManager: /product/priv-app/MotoActions changed; collecting certs (forced)
02-26 23:54:58.412  1905  1905 I PackageManager: /product/priv-app/MotoMultiVolume changed; collecting certs (forced)
02-26 23:54:58.434  1905  1905 I PackageManager: /product/priv-app/CarrierSettings changed; collecting certs (forced)
02-26 23:54:58.473  1905  1905 I PackageManager: /product/priv-app/MotCamera4 changed; collecting certs (forced)
02-26 23:54:58.566  1905  1962 W PackageParsing: No actions in intent-filter at /product/priv-app/GoogleRestore/GoogleRestore.apk Binary XML file line #475
02-26 23:54:58.567  1905  1962 W PackageParsing: No actions in intent-filter at /product/priv-app/GoogleRestore/GoogleRestore.apk Binary XML file line #483
02-26 23:54:58.567  1905  1962 W PackageParsing: No actions in intent-filter at /product/priv-app/GoogleRestore/GoogleRestore.apk Binary XML file line #491
02-26 23:54:58.570  1905  1965 W PackageParsing: No actions in intent-filter at /product/priv-app/MotoSpaces/MotoSpaces.apk Binary XML file line #148
02-26 23:54:58.573  1905  1905 W PackageManager: Failed to scan /product/priv-app/GoogleRestore: Package com.google.android.apps.restore at /product/priv-app/GoogleRestore ignored: updated version 603273 better than this 414272
02-26 23:54:58.577  1905  1964 W PackageParsing: Ignoring duplicate uses-permissions/uses-permissions-sdk-m: android.permission.READ_PRIVILEGED_PHONE_STATE in package: com.glance.lockscreenM at: Binary XML file line #49
02-26 23:54:58.588  1905  1905 W PackageManager: Failed to scan /product/priv-app/MotoSpaces: Package com.motorola.spaces at /product/priv-app/MotoSpaces ignored: updated version 310302617 better than this 310108010
02-26 23:54:58.591  1905  1905 W PackageManager: Failed to parse /product/priv-app/InvisibleNet: /product/priv-app/InvisibleNet/InvisibleNet.apk (at Binary XML file line #59): com.motorola.invisiblenet.Alias1: Targeting S+ (version 31 and above) requires that an explicit value for android:exported be defined when intent filters are present
02-26 23:54:58.597  1905  1964 W PackageParsing: No actions in intent-filter at /product/priv-app/GlanceMotorola/GlanceMotorola.apk Binary XML file line #510
02-26 23:54:58.600  1905  1964 W PackageParsing: No actions in intent-filter at /product/priv-app/GlanceMotorola/GlanceMotorola.apk Binary XML file line #931
02-26 23:54:58.600  1905  1964 W PackageParsing: No actions in intent-filter at /product/priv-app/GlanceMotorola/GlanceMotorola.apk Binary XML file line #939
02-26 23:54:58.600  1905  1964 W PackageParsing: No actions in intent-filter at /product/priv-app/GlanceMotorola/GlanceMotorola.apk Binary XML file line #947
02-26 23:54:58.600  1905  1963 W PackageParsing: No actions in intent-filter at /product/priv-app/Velvet/Velvet.apk Binary XML file line #2502
02-26 23:54:58.607  1905  1905 W PackageManager: Failed to scan /product/priv-app/GlanceMotorola: Package com.glance.lockscreenM at /product/priv-app/GlanceMotorola ignored: updated version 20240830 better than this 20231110
02-26 23:54:58.630  1905  1905 W PackageManager: Failed to scan /product/priv-app/GooglePartnerSetup: Package com.google.android.partnersetup at /product/priv-app/GooglePartnerSetup ignored: updated version 1981 better than this 1450
02-26 23:54:58.648  1905  1905 I PackageManager: /product/priv-app/FMPlayer changed; collecting certs (forced)
02-26 23:54:58.711  1905  1905 W PackageManager: Failed to scan /product/priv-app/Velvet: Package com.google.android.googlequicksearchbox at /product/priv-app/Velvet ignored: updated version 301388054 better than this 301269883
02-26 23:54:58.837  1905  1962 W PackageParsing: No actions in intent-filter at /product/priv-app/Messages/Messages.apk Binary XML file line #1324
02-26 23:54:58.867  1905  1905 W PackageManager: Failed to scan /product/priv-app/Messages: Package com.google.android.apps.messaging at /product/priv-app/Messages ignored: updated version 243634063 better than this 199629063
02-26 23:54:58.937  1905  1905 I PackageManager: /product/app/AudioRecorder changed; collecting certs (forced)
02-26 23:54:58.959  1905  1905 W PackageManager: Failed to scan /product/app/PlayAutoInstallConfig: Package android.autoinstalls.config.motorola.layout at /product/app/PlayAutoInstallConfig ignored: updated version 6002 better than this 1
02-26 23:54:59.178  1905  1905 W PackageManager: Failed to scan /product/app/YTMusic: Package com.google.android.apps.youtube.music at /product/app/YTMusic ignored: updated version 71751230 better than this 62151230
02-26 23:54:59.183  1905  1905 I PackageManager: /product/app/TFMySites changed; collecting certs (forced)
02-26 23:54:59.244  1905  1905 W PackageManager: Failed to scan /product/app/CalculatorGoogle: Package com.google.android.calculator at /product/app/CalculatorGoogle ignored: updated version 85005519 better than this 84100198
02-26 23:54:59.278  1905  1905 W PackageManager: Failed to scan /product/app/Drive: Package com.google.android.apps.docs at /product/app/Drive ignored: updated version 213715016 better than this 213297844
02-26 23:54:59.475  1905  1964 W PackageParsing: Ignoring duplicate uses-permissions/uses-permissions-sdk-m: android.permission.ACCESS_NETWORK_STATE in package: com.google.android.gm at: Binary XML file line #310
02-26 23:54:59.475  1905  1964 W PackageParsing: Ignoring duplicate uses-permissions/uses-permissions-sdk-m: android.permission.FOREGROUND_SERVICE in package: com.google.android.gm at: Binary XML file line #313
02-26 23:54:59.475  1905  1964 W PackageParsing: Ignoring duplicate uses-permissions/uses-permissions-sdk-m: android.permission.FOREGROUND_SERVICE_DATA_SYNC in package: com.google.android.gm at: Binary XML file line #314
02-26 23:54:59.475  1905  1964 W PackageParsing: Ignoring duplicate uses-permissions/uses-permissions-sdk-m: android.permission.INTERNET in package: com.google.android.gm at: Binary XML file line #318
02-26 23:54:59.475  1905  1964 W PackageParsing: Ignoring duplicate uses-permissions/uses-permissions-sdk-m: android.permission.RECEIVE_BOOT_COMPLETED in package: com.google.android.gm at: Binary XML file line #319
02-26 23:54:59.475  1905  1964 W PackageParsing: Ignoring duplicate uses-permissions/uses-permissions-sdk-m: android.permission.VIBRATE in package: com.google.android.gm at: Binary XML file line #320
02-26 23:54:59.475  1905  1964 W PackageParsing: Ignoring duplicate uses-permissions/uses-permissions-sdk-m: android.permission.WAKE_LOCK in package: com.google.android.gm at: Binary XML file line #321
02-26 23:54:59.475  1905  1964 W PackageParsing: Ignoring duplicate uses-permissions/uses-permissions-sdk-m: android.permission.WRITE_EXTERNAL_STORAGE in package: com.google.android.gm at: Binary XML file line #323
02-26 23:54:59.475  1905  1964 W PackageParsing: Ignoring duplicate uses-permissions/uses-permissions-sdk-m: android.permission.READ_MEDIA_IMAGES in package: com.google.android.gm at: Binary XML file line #324
02-26 23:54:59.475  1905  1964 W PackageParsing: Ignoring duplicate uses-permissions/uses-permissions-sdk-m: android.permission.READ_MEDIA_VIDEO in package: com.google.android.gm at: Binary XML file line #325
02-26 23:54:59.475  1905  1964 W PackageParsing: Ignoring duplicate uses-permissions/uses-permissions-sdk-m: android.permission.POST_NOTIFICATIONS in package: com.google.android.gm at: Binary XML file line #326
02-26 23:54:59.476  1905  1964 W PackageParsing: Ignoring duplicate uses-permissions/uses-permissions-sdk-m: com.google.android.c2dm.permission.RECEIVE in package: com.google.android.gm at: Binary XML file line #328
02-26 23:54:59.476  1905  1964 W PackageParsing: Ignoring duplicate uses-permissions/uses-permissions-sdk-m: android.permission.GET_PACKAGE_SIZE in package: com.google.android.gm at: Binary XML file line #329
02-26 23:54:59.476  1905  1964 W PackageParsing: Ignoring duplicate uses-permissions/uses-permissions-sdk-m: com.google.android.providers.gsf.permission.READ_GSERVICES in package: com.google.android.gm at: Binary XML file line #330
02-26 23:54:59.476  1905  1964 W PackageParsing: Ignoring duplicate uses-permissions/uses-permissions-sdk-m: com.google.android.providers.gsf.permission.READ_GSERVICES in package: com.google.android.gm at: Binary XML file line #335
02-26 23:54:59.476  1905  1964 W PackageParsing: Ignoring duplicate uses-permissions/uses-permissions-sdk-m: android.permission.GET_PACKAGE_SIZE in package: com.google.android.gm at: Binary XML file line #336
02-26 23:54:59.476  1905  1964 W PackageParsing: Ignoring duplicate uses-permissions/uses-permissions-sdk-m: android.permission.ACCESS_NETWORK_STATE in package: com.google.android.gm at: Binary XML file line #338
02-26 23:54:59.476  1905  1964 W PackageParsing: Ignoring duplicate uses-permissions/uses-permissions-sdk-m: android.permission.CAMERA in package: com.google.android.gm at: Binary XML file line #349
02-26 23:54:59.476  1905  1964 W PackageParsing: Ignoring duplicate uses-permissions/uses-permissions-sdk-m: android.permission.FOREGROUND_SERVICE in package: com.google.android.gm at: Binary XML file line #364
02-26 23:54:59.476  1905  1964 W PackageParsing: Ignoring duplicate uses-permissions/uses-permissions-sdk-m: android.permission.INTERNET in package: com.google.android.gm at: Binary XML file line #365
02-26 23:54:59.476  1905  1964 W PackageParsing: Ignoring duplicate uses-permissions/uses-permissions-sdk-m: android.permission.WAKE_LOCK in package: com.google.android.gm at: Binary XML file line #368
02-26 23:54:59.476  1905  1964 W PackageParsing: Ignoring duplicate uses-permissions/uses-permissions-sdk-m: android.permission.POST_NOTIFICATIONS in package: com.google.android.gm at: Binary XML file line #377
02-26 23:54:59.476  1905  1964 W PackageParsing: Ignoring duplicate uses-permissions/uses-permissions-sdk-m: com.google.android.gm.DYNAMIC_RECEIVER_NOT_EXPORTED_PERMISSION in package: com.google.android.gm at: Binary XML file line #388
02-26 23:54:59.476  1905  1964 W PackageParsing: Ignoring duplicate uses-permissions/uses-permissions-sdk-m: android.permission.READ_CONTACTS in package: com.google.android.gm at: Binary XML file line #389
02-26 23:54:59.476  1905  1964 W PackageParsing: Ignoring duplicate uses-permissions/uses-permissions-sdk-m: com.google.android.hangouts.START_HANGOUT in package: com.google.android.gm at: Binary XML file line #390
02-26 23:54:59.503  1905  1964 W PackageParsing: No actions in intent-filter at /product/app/Gmail2/Gmail2.apk Binary XML file line #1066
02-26 23:54:59.504  1905  1964 W PackageParsing: No actions in intent-filter at /product/app/Gmail2/Gmail2.apk Binary XML file line #1137
02-26 23:54:59.554  1905  1905 W PackageManager: Failed to scan /product/app/Gmail2: Package com.google.android.gm at /product/app/Gmail2 ignored: updated version 64617366 better than this 64148611
02-26 23:54:59.625  1905  1905 W PackageManager: Failed to scan /product/app/SpeechServicesByGoogle: Package com.google.android.tts at /product/app/SpeechServicesByGoogle ignored: updated version 210503773 better than this 210446372
02-26 23:54:59.648  1905  1905 W PackageManager: Failed to scan /product/app/GoogleHome: Package com.google.android.apps.chromecast.app at /product/app/GoogleHome ignored: updated version 30457364 better than this 25001080
02-26 23:54:59.648  1905  1905 I PackageManager: /product/app/GoogleLocationHistory changed; collecting certs (forced)
02-26 23:54:59.694  1905  1905 W PackageManager: Failed to scan /product/app/facebook-appmanager: Package com.facebook.appmanager at /product/app/facebook-appmanager ignored: updated version 607647880 better than this 508834257
02-26 23:54:59.712  1905  1905 W PackageManager: Failed to scan /product/app/talkback: Package com.google.android.marvin.talkback at /product/app/talkback ignored: updated version 60137263 better than this 60132679
02-26 23:54:59.718  1905  1905 W PackageManager: Failed to scan /product/app/com.google.mainline.adservices: Package com.google.mainline.adservices at /product/app/com.google.mainline.adservices ignored: updated version 350815000 better than this 341007000
02-26 23:54:59.758  1905  1905 I PackageManager: /product/app/YTMusicSetupWizard changed; collecting certs (forced)
02-26 23:54:59.885  1905  1905 W PackageManager: Failed to scan /product/app/Maps: Package com.google.android.apps.maps at /product/app/Maps ignored: updated version 1067678748 better than this 1067200825
02-26 23:55:00.002  1905  1905 W PackageManager: Failed to scan /product/app/TFWeather: Package com.handmark.expressweather at /product/app/TFWeather ignored: updated version 80025 better than this 60301
02-26 23:55:00.003  1905  1905 I PackageManager: /product/app/VzwAPNLibWs changed; collecting certs (forced)
02-26 23:55:00.053  1905  1905 W PackageManager: Failed to scan /product/app/Chrome: Package com.android.chrome at /product/app/Chrome ignored: updated version 661310030 better than this 573506030
02-26 23:55:00.059  1905  1905 W PackageManager: Failed to scan /product/app/WebViewGoogle: Package com.google.android.webview at /product/app/WebViewGoogle ignored: updated version 694312130 better than this 573506030
