02-26 23:55:05.753  1905  1962 W PackageParsing: Unknown element under <manifest>: uses-split at /data/app/~~exYIB5qPcVK6nXEwA7wwpA==/com.android.chrome-ABiZi7sMN0n7yZJw7XAwbA==/base.apk Binary XML file line #11
02-26 23:55:05.758  1905  1962 W PackageParsing: Unknown element under <manifest>: uses-sdk at /data/app/~~exYIB5qPcVK6nXEwA7wwpA==/com.android.chrome-ABiZi7sMN0n7yZJw7XAwbA==/base.apk Binary XML file line #3
02-26 23:55:05.758  1905  1962 W PackageParsing: Unknown element under <manifest>: module at /data/app/~~exYIB5qPcVK6nXEwA7wwpA==/com.android.chrome-ABiZi7sMN0n7yZJw7XAwbA==/base.apk Binary XML file line #5
02-26 23:55:05.763  1905  1962 W PackageParsing: Unknown element under <manifest>: uses-sdk at /data/app/~~exYIB5qPcVK6nXEwA7wwpA==/com.android.chrome-ABiZi7sMN0n7yZJw7XAwbA==/base.apk Binary XML file line #3
02-26 23:55:05.763  1905  1962 W PackageParsing: Unknown element under <manifest>: module at /data/app/~~exYIB5qPcVK6nXEwA7wwpA==/com.android.chrome-ABiZi7sMN0n7yZJw7XAwbA==/base.apk Binary XML file line #5
02-26 23:55:05.764  1905  1962 W PackageParsing: Unknown element under <manifest>: uses-split at /data/app/~~exYIB5qPcVK6nXEwA7wwpA==/com.android.chrome-ABiZi7sMN0n7yZJw7XAwbA==/base.apk Binary XML file line #27
02-26 23:55:05.769  1905  1962 W PackageParsing: Unknown element under <manifest>: uses-sdk at /data/app/~~exYIB5qPcVK6nXEwA7wwpA==/com.android.chrome-ABiZi7sMN0n7yZJw7XAwbA==/base.apk Binary XML file line #3
02-26 23:55:05.769  1905  1962 W PackageParsing: Unknown element under <manifest>: module at /data/app/~~exYIB5qPcVK6nXEwA7wwpA==/com.android.chrome-ABiZi7sMN0n7yZJw7XAwbA==/base.apk Binary XML file line #5
02-26 23:55:06.790  1905  1905 W PackageManager: Relax SCAN_REQUIRE_KNOWN requirement for package com.google.android.dialer
02-26 23:55:06.800  1905  1905 W PackageManager: Relax SCAN_REQUIRE_KNOWN requirement for package com.google.android.apps.maps
02-26 23:55:06.821  1905  1905 W PackageManager: Relax SCAN_REQUIRE_KNOWN requirement for package com.handmark.expressweather
02-26 23:55:06.830  1905  1905 W PackageManager: Relax SCAN_REQUIRE_KNOWN requirement for package com.google.android.apps.carrier.carrierwifi
02-26 23:55:06.833  1905  1905 W PackageManager: Relax SCAN_REQUIRE_KNOWN requirement for package com.google.android.webview
02-26 23:55:06.838  1905  1905 W PackageManager: Relax SCAN_REQUIRE_KNOWN requirement for package com.google.android.apps.restore
02-26 23:55:06.843  1905  1905 W PackageManager: Relax SCAN_REQUIRE_KNOWN requirement for package com.google.android.calculator
02-26 23:55:06.847  1905  1905 W PackageManager: Relax SCAN_REQUIRE_KNOWN requirement for package com.google.android.calendar
02-26 23:55:06.853  1905  1905 W PackageManager: Relax SCAN_REQUIRE_KNOWN requirement for package com.facebook.appmanager
02-26 23:55:06.862  1905  1905 W PackageManager: Relax SCAN_REQUIRE_KNOWN requirement for package com.google.android.apps.nbu.files
02-26 23:55:07.338  1905  1905 W PackageManager: Relax SCAN_REQUIRE_KNOWN requirement for package com.google.android.gm
02-26 23:55:07.352  1905  1905 W PackageManager: Relax SCAN_REQUIRE_KNOWN requirement for package com.motorola.securityhub
02-26 23:55:07.356  1905  1905 W PackageManager: Relax SCAN_REQUIRE_KNOWN requirement for package com.google.android.projection.gearhead
02-26 23:55:07.507  1905  1905 W PackageManager: Skipping provider name sudoku.puzzle.free.game.brain.flutter.share_provider (in package sudoku.puzzle.free.game.brain): name already used by sudoku.puzzle.free.game.brain
02-26 23:55:07.509  1905  1905 W PackageManager: Relax SCAN_REQUIRE_KNOWN requirement for package com.google.android.apps.safetyhub
02-26 23:55:07.516  1905  1905 W PackageManager: Relax SCAN_REQUIRE_KNOWN requirement for package com.google.android.apps.docs
02-26 23:55:07.527  1905  1905 W PackageManager: Relax SCAN_REQUIRE_KNOWN requirement for package com.google.android.as.oss
02-26 23:55:07.938  1905  1905 W PackageManager: Relax SCAN_REQUIRE_KNOWN requirement for package com.android.chrome
02-26 23:55:07.948  1905  1905 I PackageManager: Finished scanning non-system apps. Time: 4529 ms, packageCount: 67 , timePerPackage: 67 , cached: 0
02-26 23:55:07.959  1905  1905 W PackageManager: There should probably be exactly one storage manager; found 2: matches=[ResolveInfo{7c06960 com.google.android.apps.nbu.files/.home.HomeActivity p=100 m=0x108000}, ResolveInfo{d484e19 com.android.storagemanager/.deletionhelper.DeletionHelperActivity m=0x108000}]
02-26 23:55:07.969  1905  1905 E PackageManager: updateAllSharedLibrariesLPw failed: Package com.motorola.android.fmradio requires unavailable shared library qcom.fmradio; failing!
02-26 23:55:07.997  1905  1905 I PackageManager: Time to scan packages: 16.247 seconds
02-26 23:55:07.997  1905  1905 I PackageManager: Partitions fingerprint changed from 332edbceedfe416d33fc11d5645ec5d3c3cdfacb to 4e4dfc293cacce8a44ead8e11f61eec1c2aff84a; regranting permissions for internal storage
02-26 23:55:07.999  1905  1905 I PackageManager: Permission ownership changed. Updating all permissions.
02-26 23:55:08.149  1905  1905 I PackageManager: Build fingerprint changed; clearing code caches
02-26 23:55:08.892  1905  1905 V PackageManager: reconcileAppsData for null u0 0x1 migrateAppData=true
02-26 23:55:09.060  1905  1905 V PackageManager: reconcileAppsData finished 32 packages
02-26 23:55:09.060  1905  1905 D PackageManagerTiming: write settings
02-26 23:55:09.060  1905  1973 D SystemServerTimingAsync: InitThreadPoolExec:prepareAppData
02-26 23:55:09.193  1905  1905 D PackageManagerTiming: GC
02-26 23:55:09.193  1905  1905 I PackageManager: Fix for b/169414761 is applied
02-26 23:55:09.196  1905  1905 V UserSystemPackageInstaller: Checking that all system packages are whitelisted.
02-26 23:55:09.297  1905  1905 W UserSystemPackageInstaller: checkWhitelistedSystemPackages(mode=5) has 49 warnings:
02-26 23:55:09.297  1905  1905 W UserSystemPackageInstaller: com.android.theme.color.amethyst is allowlisted but not present.
02-26 23:55:09.297  1905  1905 W UserSystemPackageInstaller: com.android.theme.color.sand is allowlisted but not present.
02-26 23:55:09.297  1905  1905 W UserSystemPackageInstaller: com.android.theme.icon.vessel is allowlisted but not present.
02-26 23:55:09.297  1905  1905 W UserSystemPackageInstaller: com.android.theme.color.cinnamon is allowlisted but not present.
02-26 23:55:09.297  1905  1905 W UserSystemPackageInstaller: com.android.theme.icon_pack.victor.settings is allowlisted but not present.
02-26 23:55:09.297  1905  1905 W UserSystemPackageInstaller: com.android.theme.icon_pack.rounded.systemui is allowlisted but not present.
02-26 23:55:09.297  1905  1905 W UserSystemPackageInstaller: com.android.theme.icon.taperedrect is allowlisted but not present.
02-26 23:55:09.297  1905  1905 W UserSystemPackageInstaller: com.android.theme.icon_pack.rounded.android is allowlisted but not present.
02-26 23:55:09.297  1905  1905 W UserSystemPackageInstaller: com.android.internal.systemui.onehanded.gestural is allowlisted but not present.
02-26 23:55:09.297  1905  1905 W UserSystemPackageInstaller: com.android.theme.icon_pack.victor.systemui is allowlisted but not present.
02-26 23:55:09.297  1905  1905 W UserSystemPackageInstaller: com.android.theme.icon_pack.circular.themepicker is allowlisted but not present.
02-26 23:55:09.297  1905  1905 W UserSystemPackageInstaller: com.android.theme.color.tangerine is allowlisted but not present.
02-26 23:55:09.297  1905  1905 W UserSystemPackageInstaller: com.android.theme.color.aquamarine is allowlisted but not present.
02-26 23:55:09.297  1905  1905 W UserSystemPackageInstaller: com.android.theme.color.black is allowlisted but not present.
02-26 23:55:09.297  1905  1905 W UserSystemPackageInstaller: com.android.theme.color.green is allowlisted but not present.
02-26 23:55:09.297  1905  1905 W UserSystemPackageInstaller: com.android.theme.color.ocean is allowlisted but not present.
02-26 23:55:09.297  1905  1905 W UserSystemPackageInstaller: com.android.theme.color.space is allowlisted but not present.
02-26 23:55:09.297  1905  1905 W UserSystemPackageInstaller: com.android.theme.icon_pack.rounded.launcher is allowlisted but not present.
02-26 23:55:09.297  1905  1905 W UserSystemPackageInstaller: com.android.theme.icon_pack.kai.settings is allowlisted but not present.
02-26 23:55:09.297  1905  1905 W UserSystemPackageInstaller: com.android.internal.systemui.navbar.twobutton is allowlisted but not present.
02-26 23:55:09.297  1905  1905 W UserSystemPackageInstaller: com.android.theme.icon_pack.sam.settings is allowlisted but not present.
02-26 23:55:09.297  1905  1905 W UserSystemPackageInstaller: com.android.theme.icon_pack.kai.themepicker is allowlisted but not present.
02-26 23:55:09.297  1905  1905 W UserSystemPackageInstaller: com.android.theme.icon_pack.victor.launcher is allowlisted but not present.
02-26 23:55:09.297  1905  1905 W UserSystemPackageInstaller: com.android.theme.icon_pack.filled.settings is allowlisted but not present.
02-26 23:55:09.297  1905  1905 W UserSystemPackageInstaller: com.android.theme.icon_pack.kai.systemui is allowlisted but not present.
02-26 23:55:09.297  1905  1905 W UserSystemPackageInstaller: com.android.theme.icon_pack.circular.settings is allowlisted but not present.
02-26 23:55:09.297  1905  1905 W UserSystemPackageInstaller: com.android.theme.icon_pack.sam.systemui is allowlisted but not present.
02-26 23:55:09.297  1905  1905 W UserSystemPackageInstaller: com.android.theme.icon_pack.rounded.themepicker is allowlisted but not present.
02-26 23:55:09.297  1905  1905 W UserSystemPackageInstaller: com.android.theme.icon_pack.filled.systemui is allowlisted but not present.
02-26 23:55:09.297  1905  1905 W UserSystemPackageInstaller: com.android.theme.icon_pack.sam.android is allowlisted but not present.
02-26 23:55:09.297  1905  1905 W UserSystemPackageInstaller: com.android.theme.font.notoserifsource is allowlisted but not present.
02-26 23:55:09.297  1905  1905 W UserSystemPackageInstaller: com.android.theme.icon_pack.filled.android is allowlisted but not present.
02-26 23:55:09.297  1905  1905 W UserSystemPackageInstaller: com.android.theme.icon_pack.circular.systemui is allowlisted but not present.
02-26 23:55:09.297  1905  1905 W UserSystemPackageInstaller: com.android.theme.icon_pack.kai.android is allowlisted but not present.
02-26 23:55:09.297  1905  1905 W UserSystemPackageInstaller: com.android.theme.icon_pack.kai.launcher is allowlisted but not present.
02-26 23:55:09.297  1905  1905 W UserSystemPackageInstaller: com.android.theme.icon_pack.sam.launcher is allowlisted but not present.
02-26 23:55:09.297  1905  1905 W UserSystemPackageInstaller: com.android.theme.icon.squircle is allowlisted but not present.
02-26 23:55:09.297  1905  1905 W UserSystemPackageInstaller: com.android.theme.icon_pack.victor.android is allowlisted but not present.
02-26 23:55:09.297  1905  1905 W UserSystemPackageInstaller: com.android.theme.color.palette is allowlisted but not present.
02-26 23:55:09.297  1905  1905 W UserSystemPackageInstaller: com.android.theme.icon_pack.filled.launcher is allowlisted but not present.
02-26 23:55:09.297  1905  1905 W UserSystemPackageInstaller: com.android.theme.color.carbon is allowlisted but not present.
02-26 23:55:09.297  1905  1905 W UserSystemPackageInstaller: com.android.theme.icon_pack.circular.launcher is allowlisted but not present.
02-26 23:55:09.297  1905  1905 W UserSystemPackageInstaller: com.android.theme.icon_pack.filled.themepicker is allowlisted but not present.
02-26 23:55:09.297  1905  1905 W UserSystemPackageInstaller: com.android.theme.icon_pack.victor.themepicker is allowlisted but not present.
02-26 23:55:09.297  1905  1905 W UserSystemPackageInstaller: com.android.theme.color.orchid is allowlisted but not present.
02-26 23:55:09.297  1905  1905 W UserSystemPackageInstaller: com.android.theme.color.purple is allowlisted but not present.
02-26 23:55:09.297  1905  1905 W UserSystemPackageInstaller: com.android.theme.icon_pack.sam.themepicker is allowlisted but not present.
02-26 23:55:09.297  1905  1905 W UserSystemPackageInstaller: com.android.theme.icon_pack.rounded.settings is allowlisted but not present.
02-26 23:55:09.297  1905  1905 W UserSystemPackageInstaller: com.android.theme.icon_pack.circular.android is allowlisted but not present.
02-26 23:55:09.297  1905  1905 I UserSystemPackageInstaller: Reviewing whitelisted packages due to [upgrade]
02-26 23:55:09.309  1905  1905 I Watchdog: Resuming HandlerChecker: main thread for reason: packagemanagermain. Pause count: 0
02-26 23:55:09.310  1905  1905 I SystemServerDexLoadReporter: Configuring system server dex reporter
02-26 23:55:09.330  1905  1905 D SystemServerTiming: StartOtaDexOptService
02-26 23:55:09.330  1905  1905 I Watchdog: Pausing HandlerChecker: main thread for reason: moveab. Pause count: 1
02-26 23:55:09.417  1905  1973 W PackageManager: Skipping preparing app data for com.google.android.sdksandbox
02-26 23:55:09.439  1905  1905 I OTADexopt: Moved 0/94
02-26 23:55:09.439  1905  1905 I Watchdog: Resuming HandlerChecker: main thread for reason: moveab. Pause count: 0
02-26 23:55:09.440  1905  1905 D SystemServerTiming: StartUserManagerService
02-26 23:55:09.440  1905  1905 I SystemServiceManager: Starting com.android.server.pm.UserManagerService$LifeCycle
02-26 23:55:09.441  1905  1905 D SystemServerTiming: InitAttributerCache
02-26 23:55:09.460  1905  1905 D SystemServerTiming: SetSystemProcess
02-26 23:55:09.476  1905  1921 V HistoricalRegistry: Interaction before persistence initialized
02-26 23:55:09.486  1905  1920 V HistoricalRegistry: Interaction before persistence initialized
02-26 23:55:09.504  1905  1905 D OomAdjuster: Not killing cached processes
02-26 23:55:09.504  1905  1938 I ActivityManager: Connection with lmkd established
02-26 23:55:09.519  1905  1905 D SystemServerTiming: InitWatchdog
02-26 23:55:09.520  1905  1905 D SystemServerTiming: StartOverlayManagerService
02-26 23:55:10.094  1905  1905 D SystemServerTiming: StartResourcesManagerService
02-26 23:55:10.097  1905  1905 D SystemServerTiming: StartSensorPrivacyService
02-26 23:55:10.102  1905  1925 W ActivityTaskManager: Skip updateConfiguration because mWindowManager isn't set
02-26 23:55:10.114  1905  1905 D SystemServerTiming: StartSensorService
02-26 23:55:10.114  1905  1905 I SystemServiceManager: Starting com.android.server.sensors.SensorService
02-26 23:55:10.115  1905  1981 D SystemServerTimingAsync: InitThreadPoolExec:StartNativeSensorService
02-26 23:55:10.115  1905  1905 D SystemServerTiming: startCoreServices
02-26 23:55:10.115  1905  1905 D SystemServerTiming: StartSystemConfigService
02-26 23:55:10.115  1905  1905 I SystemServiceManager: Starting com.android.server.SystemConfigService
02-26 23:55:10.115  1905  1981 D SystemServerTimingAsync: StartNativeSensorService
02-26 23:55:10.120  1905  1905 D SystemServerTiming: StartBatteryService
02-26 23:55:10.120  1905  1905 I SystemServiceManager: Starting com.android.server.BatteryService
02-26 23:55:10.132  1905  1905 E BatteryService: mothealth: cannot get service. (no supported health HAL service)
02-26 23:55:10.134  1905  1905 E BatteryService: mothealth: cannot get service. (no supported health HAL service)
02-26 23:55:10.148  1905  1981 E SystemServiceRegistry: Manager wrapper not available: mot_security
02-26 23:55:10.151  1905  1981 V HistoricalRegistry: Interaction before persistence initialized
02-26 23:55:10.176  1905  1943 W KernelCpuProcStringReader: File not found. It's normal if not implemented: /proc/uid_concurrent_policy_time
02-26 23:55:10.181  1905  1905 I HealthServiceWrapperHidl: health: HealthServiceWrapper listening to instance default
02-26 23:55:10.181  1905  1905 I BatteryService: health: Waited 0ms and received the update.
02-26 23:55:10.184  1905  1905 D SystemServerTiming: StartUsageService
02-26 23:55:10.184  1905  1905 I SystemServiceManager: Starting com.android.server.usage.UsageStatsService
02-26 23:55:10.206  1905  1905 E SystemServiceRegistry: Manager wrapper not available: mot_security
02-26 23:55:10.207  1905  1905 D SystemServerTiming: StartWebViewUpdateService
02-26 23:55:10.207  1905  1905 I SystemServiceManager: Starting com.android.server.webkit.WebViewUpdateService
02-26 23:55:10.212  1905  1905 D SystemServerTiming: StartCachedDeviceStateService
02-26 23:55:10.212  1905  1905 I SystemServiceManager: Starting com.android.server.CachedDeviceStateService
02-26 23:55:10.214  1905  1905 D SystemServerTiming: StartBinderCallsStatsService
02-26 23:55:10.214  1905  1905 I SystemServiceManager: Starting com.android.server.BinderCallsStatsService$LifeCycle
02-26 23:55:10.218  1905  1905 D SystemServerTiming: StartLooperStatsService
02-26 23:55:10.219  1905  1905 I SystemServiceManager: Starting com.android.server.LooperStatsService$Lifecycle
02-26 23:55:10.220  1905  1905 D SystemServerTiming: StartRollbackManagerService
02-26 23:55:10.221  1905  1905 I SystemServiceManager: Starting com.android.server.rollback.RollbackManagerService
02-26 23:55:10.235  1905  1905 D SystemServerTiming: StartNativeTombstoneManagerService
02-26 23:55:10.236  1905  1905 I SystemServiceManager: Starting com.android.server.os.NativeTombstoneManagerService
02-26 23:55:10.238  1905  1905 D SystemServerTiming: StartBugreportManagerService
02-26 23:55:10.238  1905  1905 I SystemServiceManager: Starting com.android.server.os.BugreportManagerService
02-26 23:55:10.240  1905  1905 D SystemServerTiming: GpuService
02-26 23:55:10.240  1905  1905 I SystemServiceManager: Starting com.android.server.gpu.GpuService
02-26 23:55:10.240  1905  1905 D SystemServerTiming: startOtherServices
02-26 23:55:10.242  1905  1905 E SystemServiceRegistry: Manager wrapper not available: mot_security
02-26 23:55:10.244  1905  1905 E SystemServiceRegistry: Manager wrapper not available: mot_security
02-26 23:55:10.246  1905  1905 E SystemServiceRegistry: Manager wrapper not available: mot_security
02-26 23:55:10.247  1905  1905 D SystemServerTiming: StartKeyAttestationApplicationIdProviderService
02-26 23:55:10.247  1905  2003 D SystemServerTimingAsync: InitThreadPoolExec:SecondaryZygotePreload
02-26 23:55:10.247  1905  2003 I SystemServer: SecondaryZygotePreload
02-26 23:55:10.247  1905  2003 D SystemServerTimingAsync: SecondaryZygotePreload
02-26 23:55:10.248  1905  1905 D SystemServerTiming: StartKeyChainSystemService
02-26 23:55:10.248  1905  1905 I SystemServiceManager: Starting com.android.server.security.KeyChainSystemService
02-26 23:55:10.250  1905  1905 D SystemServerTiming: StartBinaryTransparencyService
02-26 23:55:10.251  1905  1905 I SystemServiceManager: Starting com.android.server.BinaryTransparencyService
02-26 23:55:10.252  1905  2003 E SystemServer: Unable to preload default resources for secondary
02-26 23:55:10.254  1905  1905 I TransparencyService: Started BinaryTransparencyService
02-26 23:55:10.254  1905  1905 D SystemServerTiming: StartSchedulingPolicyService
02-26 23:55:10.255  1905  2009 D SystemServerTimingAsync: InitThreadPoolExec:SchedulingPolicyService.<init>
02-26 23:55:10.258  1905  1905 E SystemServiceRegistry: Manager wrapper not available: mot_security
02-26 23:55:10.258  1905  1905 D SystemServerTiming: StartTelecomLoaderService
02-26 23:55:10.258  1905  1905 I SystemServiceManager: Starting com.android.server.telecom.TelecomLoaderService
02-26 23:55:10.260  1905  1905 D SystemServerTiming: StartTelephonyRegistry
02-26 23:55:10.264  1905  1905 D SystemServerTiming: StartMotoExtTelephonyRegistry
02-26 23:55:10.268  1905  1905 D SystemServerTiming: StartEntropyMixer
02-26 23:55:10.271  1905  1905 I EntropyMixer: Loaded existing seed file
02-26 23:55:10.276  1905  1905 I EntropyMixer: Updated seed file
02-26 23:55:10.277  1905  1905 D SystemServerTiming: StartAccountManagerService
02-26 23:55:10.277  1905  1905 I SystemServiceManager: Starting com.android.server.accounts.AccountManagerService$Lifecycle
02-26 23:55:10.287  1905  1905 D SystemServerTiming: StartContentService
02-26 23:55:10.287  1905  1905 I SystemServiceManager: Starting com.android.server.content.ContentService$Lifecycle
02-26 23:55:10.292  1905  1905 D SystemServerTiming: InstallSystemProviders
02-26 23:55:10.411  1412  1588 D MtkOmxGsmDec: MtkOmxComponentCreate +++ !!!
02-26 23:55:10.411  1412  1588 D MtkOmxGsmDec: MtkOmxGsmDec Construct !!!
02-26 23:55:10.411  1412  1588 D MtkOmxGsmDec: Init Audio(GSM) Params!!!
02-26 23:55:10.648  1905  1936 D ActivityManager: Freezer enabled
02-26 23:55:10.648  1905  1936 D ActivityManager: freezer override set to false
02-26 23:55:10.649  1905  1905 D SystemServerTiming: UpdateWatchdogTimeout
02-26 23:55:10.649  1905  1905 I Watchdog: Watchdog timeout updated to 60000 millis
02-26 23:55:10.650  1905  1905 D SystemServerTiming: StartDropBoxManager
02-26 23:55:10.650  1905  1905 I SystemServiceManager: Starting com.android.server.DropBoxManagerService
02-26 23:55:10.652  1905  1905 D SystemServerTiming: StartRoleManagerService
02-26 23:55:10.653  1905  1905 I SystemServiceManager: Starting com.android.role.RoleService
02-26 23:55:10.660  1905  1905 D SystemServerTiming: StartVibratorManagerService
02-26 23:55:10.660  1905  1905 I SystemServiceManager: Starting com.android.server.vibrator.VibratorManagerService$Lifecycle
02-26 23:55:10.687  1905  1905 D SystemServerTiming: StartDynamicSystemService
02-26 23:55:10.688  1905  1905 D SystemServerTiming: StartConsumerIrService
02-26 23:55:10.693  1905  1905 E SystemServiceRegistry: Manager wrapper not available: mot_security
02-26 23:55:10.694  1905  1905 D SystemServerTiming: StartResourceEconomy
02-26 23:55:10.695  1905  1905 I SystemServiceManager: Starting com.android.server.tare.InternalResourceService
02-26 23:55:10.704  1905  1905 D SystemServerTiming: StartAlarmManagerService
02-26 23:55:10.705  1905  1905 I SystemServiceManager: Starting com.android.server.alarm.AlarmManagerService
02-26 23:55:10.723  1905  1905 D SystemServerTiming: StartInputManagerService
02-26 23:55:10.755  1905  1905 I InputManager: Initializing input manager, mUseDevInputEventForAudioJack=true
02-26 23:55:10.758  1905  1905 D SystemServerTiming: DeviceStateManagerService
02-26 23:55:10.759  1905  1905 I SystemServiceManager: Starting com.android.server.devicestate.DeviceStateManagerService
02-26 23:55:10.779  1905  1905 D SystemServerTiming: StartCameraServiceProxy
02-26 23:55:10.780  1905  1905 I SystemServiceManager: Starting com.android.server.camera.CameraServiceProxy
02-26 23:55:10.787  1905  1905 D SystemServerTiming: StartWindowManagerService
02-26 23:55:10.787  1905  1905 I SystemServiceManager: Starting phase 200
02-26 23:55:10.787  1905  1905 D SystemServerTiming: OnBootPhase_200
02-26 23:55:10.787  1905  1905 D SystemServerTiming: OnBootPhase_200_com.android.server.security.FileIntegrityService
02-26 23:55:10.787  1905  1905 D SystemServerTiming: OnBootPhase_200_com.android.server.pm.Installer
02-26 23:55:10.787  1905  1905 D SystemServerTiming: OnBootPhase_200_com.android.server.os.DeviceIdentifiersPolicyService
02-26 23:55:10.787  1905  1905 D SystemServerTiming: OnBootPhase_200_com.android.server.uri.UriGrantsManagerService$Lifecycle
02-26 23:55:10.787  1905  1905 D SystemServerTiming: OnBootPhase_200_com.android.server.powerstats.PowerStatsService
02-26 23:55:10.787  1905  1905 D SystemServerTiming: OnBootPhase_200_com.android.server.wm.ActivityTaskManagerService$Lifecycle
02-26 23:55:10.787  1905  1905 D SystemServerTiming: OnBootPhase_200_com.android.server.am.ActivityManagerService$Lifecycle
02-26 23:55:10.787  1905  1905 D SystemServerTiming: OnBootPhase_200_com.android.server.pm.DataLoaderManagerService
02-26 23:55:10.787  1905  1905 D SystemServerTiming: OnBootPhase_200_com.android.server.power.PowerManagerService
02-26 23:55:10.787  1905  1905 D SystemServerTiming: OnBootPhase_200_com.android.server.power.ThermalManagerService
02-26 23:55:10.787  1905  1905 D SystemServerTiming: OnBootPhase_200_com.android.server.power.hint.HintManagerService
02-26 23:55:10.787  1905  1905 D SystemServerTiming: OnBootPhase_200_com.android.server.recoverysystem.RecoverySystemService$Lifecycle
02-26 23:55:10.787  1905  1905 D SystemServerTiming: OnBootPhase_200_com.android.server.lights.LightsService
02-26 23:55:10.787  1905  1905 D SystemServerTiming: OnBootPhase_200_com.motorola.server.display.PanelsService
02-26 23:55:10.787  1905  1905 D SystemServerTiming: OnBootPhase_200_com.motorola.server.wifidatastall.WifiDataStallService
02-26 23:55:10.787  1905  1905 D SystemServerTiming: OnBootPhase_200_com.motorola.server.enhancedconnectivity.EnhancedConnectivityService
02-26 23:55:10.787  1905  1905 D SystemServerTiming: OnBootPhase_200_com.android.server.display.DisplayManagerService
02-26 23:55:10.787  1905  1905 D SystemServerTiming: OnBootPhase_200_com.android.server.pm.verify.domain.DomainVerificationService
02-26 23:55:10.787  1905  1905 D SystemServerTiming: OnBootPhase_200_com.android.server.pm.PackageInstallerService$Lifecycle
02-26 23:55:10.787  1905  1905 D SystemServerTiming: OnBootPhase_200_com.android.server.pm.UserManagerService$LifeCycle
02-26 23:55:10.787  1905  1905 D SystemServerTiming: OnBootPhase_200_com.android.server.om.OverlayManagerService
02-26 23:55:10.787  1905  1905 D SystemServerTiming: OnBootPhase_200_com.android.server.resources.ResourcesManagerService
02-26 23:55:10.787  1905  1905 D SystemServerTiming: OnBootPhase_200_com.android.server.sensorprivacy.SensorPrivacyService
02-26 23:55:10.787  1905  1905 D SystemServerTiming: OnBootPhase_200_com.android.server.sensors.SensorService
02-26 23:55:10.787  1905  1905 D SystemServerTiming: OnBootPhase_200_com.android.server.SystemConfigService
02-26 23:55:10.787  1905  1905 D SystemServerTiming: OnBootPhase_200_com.android.server.BatteryService
02-26 23:55:10.787  1905  1905 D SystemServerTiming: OnBootPhase_200_com.android.server.usage.UsageStatsService
02-26 23:55:10.787  1905  1905 D SystemServerTiming: OnBootPhase_200_com.android.server.webkit.WebViewUpdateService
02-26 23:55:10.787  1905  1905 D SystemServerTiming: OnBootPhase_200_com.android.server.CachedDeviceStateService
02-26 23:55:10.787  1905  1905 D SystemServerTiming: OnBootPhase_200_com.android.server.BinderCallsStatsService$LifeCycle
02-26 23:55:10.787  1905  1905 D SystemServerTiming: OnBootPhase_200_com.android.server.LooperStatsService$Lifecycle
02-26 23:55:10.787  1905  1905 D SystemServerTiming: OnBootPhase_200_com.android.server.rollback.RollbackManagerService
02-26 23:55:10.787  1905  1905 D SystemServerTiming: OnBootPhase_200_com.android.server.os.NativeTombstoneManagerService
02-26 23:55:10.787  1905  1905 D SystemServerTiming: OnBootPhase_200_com.android.server.os.BugreportManagerService
02-26 23:55:10.787  1905  1905 D SystemServerTiming: OnBootPhase_200_com.android.server.gpu.GpuService
02-26 23:55:10.788  1905  1905 D SystemServerTiming: OnBootPhase_200_com.android.server.security.KeyChainSystemService
02-26 23:55:10.788  1905  1905 D SystemServerTiming: OnBootPhase_200_com.android.server.BinaryTransparencyService
02-26 23:55:10.788  1905  1905 D SystemServerTiming: OnBootPhase_200_com.android.server.telecom.TelecomLoaderService
02-26 23:55:10.788  1905  1905 D SystemServerTiming: OnBootPhase_200_com.android.server.accounts.AccountManagerService$Lifecycle
02-26 23:55:10.788  1905  1905 D SystemServerTiming: OnBootPhase_200_com.android.server.content.ContentService$Lifecycle
02-26 23:55:10.788  1905  1905 D SystemServerTiming: OnBootPhase_200_com.android.server.DropBoxManagerService
02-26 23:55:10.788  1905  1905 D SystemServerTiming: OnBootPhase_200_com.android.role.RoleService
02-26 23:55:10.788  1905  1905 D SystemServerTiming: OnBootPhase_200_com.android.server.vibrator.VibratorManagerService$Lifecycle
02-26 23:55:10.788  1905  1905 D SystemServerTiming: OnBootPhase_200_com.android.server.tare.InternalResourceService
02-26 23:55:10.788  1905  1905 D SystemServerTiming: OnBootPhase_200_com.android.server.alarm.AlarmManagerService
02-26 23:55:10.788  1905  1905 D SystemServerTiming: OnBootPhase_200_com.android.server.devicestate.DeviceStateManagerService
02-26 23:55:10.788  1905  1905 D SystemServerTiming: OnBootPhase_200_com.android.server.camera.CameraServiceProxy
02-26 23:55:10.793  1905  1905 I WindowManager: No existing display settings, starting empty
02-26 23:55:10.793  1905  1905 I WindowManager: No existing display settings, starting empty
02-26 23:55:10.798  1905  1928 E SystemServiceRegistry: Manager wrapper not available: mot_security
02-26 23:55:10.819  1905  1928 E SystemServiceRegistry: Manager wrapper not available: mot_security
02-26 23:55:10.822  1905  1928 E SystemServiceRegistry: Manager wrapper not available: mot_security
02-26 23:55:10.860  1905  1928 W GameModeStateController: IMotTouch service is not available
02-26 23:55:10.862  1905  1905 D SystemServerTiming: SetWindowManagerService
02-26 23:55:10.864  1905  1928 E SystemServiceRegistry: Manager wrapper not available: mot_security
02-26 23:55:10.954  1905  1905 E SystemServiceRegistry: Manager wrapper not available: mot_security
02-26 23:55:10.960  1905  1905 I ActivityTaskManager: Loaded persisted task ids for user 0
02-26 23:55:10.966  1905  1905 D SystemServerTiming: WindowManagerServiceOnInitReady
02-26 23:55:10.971  1905  1926 E SystemServiceRegistry: Manager wrapper not available: mot_security
02-26 23:55:10.973  1905  1926 E SystemServiceRegistry: Manager wrapper not available: mot_security
02-26 23:55:10.979  1905  1973 I PackageManager: Deferred reconcileAppsData finished 318 packages
02-26 23:55:11.037  1905  1926 E SystemServiceRegistry: Manager wrapper not available: mot_security
02-26 23:55:11.046  1905  1926 V WindowManager: Not observing HDMI plug state because HDMI was not found.
02-26 23:55:11.054  1905  1905 D SystemServerTiming: StartInputManager
02-26 23:55:11.054  1905  2078 D SystemServerTimingAsync: InitThreadPoolExec:StartHidlServices
02-26 23:55:11.054  1905  2078 D SystemServerTimingAsync: StartHidlServices
02-26 23:55:11.054  1905  1905 I InputManager: Starting input manager
02-26 23:55:11.069  1905  1905 D SystemServerTiming: DisplayManagerWindowManagerAndInputReady
02-26 23:55:11.069  1905  1905 V HistoricalRegistry: Interaction before persistence initialized
02-26 23:55:11.070  1905  1928 I LogicalDisplayMapper: Requesting Transition to state: 0, from state=-1, interactive=true
02-26 23:55:11.070  1905  1928 I LogicalDisplayMapper: Applying layout: [{addr: {port=0}, dispId: 0(ON)}], Previous layout: [{addr: {port=0}, dispId: 0(ON)}]
02-26 23:55:11.071  1905  1905 E SystemServiceRegistry: Manager wrapper not available: mot_security
02-26 23:55:11.072  1905  1905 D SystemServerTiming: StartBluetoothService
02-26 23:55:11.073  1905  1905 I SystemServiceManager: Starting com.android.server.bluetooth.BluetoothService
02-26 23:55:11.080  1905  1905 D MotoPermissionManagerWrap: ctor done: motorola.core_services.app.MotoPermissionManagerWrap@b7eff57
02-26 23:55:11.081  1905  1905 D SystemServerTiming: IpConnectivityMetrics
02-26 23:55:11.081  1905  1905 I SystemServiceManager: Starting com.android.server.connectivity.IpConnectivityMetrics
02-26 23:55:11.083  1905  1905 D SystemServerTiming: NetworkWatchlistService
02-26 23:55:11.083  1905  1905 I SystemServiceManager: Starting com.android.server.net.watchlist.NetworkWatchlistService$Lifecycle
02-26 23:55:11.093  1905  1905 I WatchlistSettings: Reload watchlist settings done
02-26 23:55:11.094  1905  2083 I WatchlistLoggingHandler: No need to aggregate record yet.
02-26 23:55:11.094  1905  2083 I WatchlistLoggingHandler: Milliseconds spent on tryAggregateRecords(): 0
02-26 23:55:11.094  1905  1905 D SystemServerTiming: PinnerService
02-26 23:55:11.095  1905  1905 I SystemServiceManager: Starting com.android.server.PinnerService
02-26 23:55:11.098  1905  1905 V HistoricalRegistry: Interaction before persistence initialized
02-26 23:55:11.102  1905  1905 D SystemServerTiming: SignedConfigService
02-26 23:55:11.102  1905  1935 D PinnerService: isUseCustomPinFiles=false, ramSize=3GB
02-26 23:55:11.102  1905  1905 D SystemServerTiming: AppIntegrityService
02-26 23:55:11.103  1905  1905 I SystemServiceManager: Starting com.android.server.integrity.AppIntegrityManagerService
02-26 23:55:11.111  1905  1905 E IntegrityFileManager: Error creating staging and rules directory
02-26 23:55:11.120  1905  1905 D SystemServerTiming: StartLogcatManager
02-26 23:55:11.120  1905  1905 I SystemServiceManager: Starting com.android.server.logcat.LogcatManagerService
02-26 23:55:11.129  1905  1905 I WindowManager: SAFE MODE not enabled
02-26 23:55:11.129  1905  1905 D SystemServerTiming: StartInputMethodManagerLifecycle
02-26 23:55:11.129  1905  1905 I SystemServiceManager: Starting com.android.server.inputmethod.InputMethodManagerService$Lifecycle
02-26 23:55:11.138  1905  1905 E SystemServiceRegistry: Manager wrapper not available: mot_security
02-26 23:55:11.150  1905  1905 D SystemServerTiming: StartAccessibilityManagerService
02-26 23:55:11.151  1905  1905 I SystemServiceManager: Starting com.android.server.accessibility.AccessibilityManagerService$Lifecycle
02-26 23:55:11.161  1905  1905 E SystemServiceRegistry: Manager wrapper not available: mot_security
02-26 23:55:11.168  1905  1905 D SystemServerTiming: MakeDisplayReady
02-26 23:55:11.176  1905  1905 I ActivityTaskManager: Config changes=20005df8 {1.0 ?mcc?mnc [en_US] ldltr sw411dp w411dp h870dp 280dpi nrml long layoutCompatNeeded port ?uimode ?night ?mot-uimode -touch -keyb/v/h -nav/h winConfig={ mBounds=Rect(0, 0 - 720, 1600) mAppBounds=Rect(0, 77 - 720, 1600) mMaxBounds=Rect(0, 0 - 720, 1600) mDisplayRotation=ROTATION_0 mWindowingMode=fullscreen mDisplayWindowingMode=fullscreen mActivityType=undefined mAlwaysOnTop=undefined mRotation=ROTATION_0} s.2 ?fontWeightAdjustment ?spn ?gid}
02-26 23:55:11.182  1905  1905 I WindowManager: Override config changes=60007dfc {1.0 ?mcc?mnc [en_US] ldltr sw411dp w411dp h870dp 280dpi nrml long layoutCompatNeeded port ?uimode ?night ?mot-uimode -touch -keyb/v/h -nav/h winConfig={ mBounds=Rect(0, 0 - 720, 1600) mAppBounds=Rect(0, 77 - 720, 1600) mMaxBounds=Rect(0, 0 - 720, 1600) mDisplayRotation=ROTATION_0 mWindowingMode=fullscreen mDisplayWindowingMode=fullscreen mActivityType=undefined mAlwaysOnTop=undefined mRotation=ROTATION_0} s.2 ?fontWeightAdjustment ?spn ?gid} for displayId=0
02-26 23:55:11.189  1905  1905 D DisplayManagerService: checkReadyforBootAnimationCompleteLocked: Animation complete!
02-26 23:55:11.193  1905  1905 E SystemServiceRegistry: Manager wrapper not available: mot_security
02-26 23:55:11.196  1905  1905 E SystemServiceRegistry: Manager wrapper not available: mot_security
02-26 23:55:11.201  1905  1905 I ActivityTaskManager: Config changes=8 {1.0 ?mcc?mnc [en_US] ldltr sw411dp w411dp h870dp 280dpi nrml long layoutCompatNeeded port ?uimode ?night ?mot-uimode finger -keyb/v/h -nav/h winConfig={ mBounds=Rect(0, 0 - 720, 1600) mAppBounds=Rect(0, 77 - 720, 1600) mMaxBounds=Rect(0, 0 - 720, 1600) mDisplayRotation=ROTATION_0 mWindowingMode=fullscreen mDisplayWindowingMode=fullscreen mActivityType=undefined mAlwaysOnTop=undefined mRotation=ROTATION_0} s.4 ?fontWeightAdjustment ?spn ?gid}
02-26 23:55:11.207  1905  1905 I WindowManager: Override config changes=8 {1.0 ?mcc?mnc [en_US] ldltr sw411dp w411dp h870dp 280dpi nrml long layoutCompatNeeded port ?uimode ?night ?mot-uimode finger -keyb/v/h -nav/h winConfig={ mBounds=Rect(0, 0 - 720, 1600) mAppBounds=Rect(0, 77 - 720, 1600) mMaxBounds=Rect(0, 0 - 720, 1600) mDisplayRotation=ROTATION_0 mWindowingMode=fullscreen mDisplayWindowingMode=fullscreen mActivityType=undefined mAlwaysOnTop=undefined mRotation=ROTATION_0} s.4 ?fontWeightAdjustment ?spn ?gid} for displayId=0
02-26 23:55:11.210  1905  1905 D SystemServerTiming: StartStorageManagerService
02-26 23:55:11.210  1905  1905 I SystemServiceManager: Starting com.android.server.StorageManagerService$Lifecycle
02-26 23:55:11.230  1905  2100 D StorageManagerService: Thinking about init, mBootCompleted=false, mDaemonConnected=true
02-26 23:55:11.230  1905  2100 D StorageManagerService: Thinking about reset, mBootCompleted=false, mDaemonConnected=true
02-26 23:55:11.231  1905  2100 D StorageManagerService: Thinking about init, mBootCompleted=false, mDaemonConnected=true
02-26 23:55:11.231  1905  2100 D StorageManagerService: Thinking about reset, mBootCompleted=false, mDaemonConnected=true
02-26 23:55:11.232  1905  1905 D SystemServerTiming: StartStorageStatsService
02-26 23:55:11.232  1905  1905 I SystemServiceManager: Starting com.android.server.usage.StorageStatsService$Lifecycle
02-26 23:55:11.242  1905  1905 D SystemServerTiming: StartUiModeManager
02-26 23:55:11.244  1905  1905 I SystemServiceManager: Starting com.android.server.UiModeManagerService
02-26 23:55:11.248  1905  1905 E SystemServiceRegistry: Manager wrapper not available: mot_security
02-26 23:55:11.249  1905  2101 D SystemServerTimingAsync: InitThreadPoolExec:UiModeManager.onStart
02-26 23:55:11.250  1905  1905 D SystemServerTiming: StartLocaleManagerService
02-26 23:55:11.251  1905  1905 I SystemServiceManager: Starting com.android.server.locales.LocaleManagerService
02-26 23:55:11.255  1905  1905 D SystemServerTiming: UpdatePackagesIfNeeded
02-26 23:55:11.255  1905  1905 I Watchdog: Pausing HandlerChecker: main thread for reason: dexopt. Pause count: 1
02-26 23:55:11.262  1905  1905 I PackageDexOptimizer: Running dexopt speed for com.android.systemui
02-26 23:55:13.840  1905  1984 D BatteryService: uevent={POWER_SUPPLY_VOLTAGE_NOW=4171000, POWER_SUPPLY_VBUS_PRESENT=true, POWER_SUPPLY_TYPE=Battery, POWER_SUPPLY_HEALTH=Good, POWER_SUPPLY_TECHNOLOGY=Li-ion, POWER_SUPPLY_CHARGE_FULL_DESIGN=4822000, POWER_SUPPLY_CONSTANT_CHARGE_VOLTAGE=4400000, SEQNUM=6090, POWER_SUPPLY_STATUS=Charging, POWER_SUPPLY_CYCLE_COUNT=0, POWER_SUPPLY_CAPACITY=95, DEVPATH=/devices/platform/1000d000.pwrap/1000d000.pwrap:main_pmic/mt6357-gauge/power_supply/battery, POWER_SUPPLY_CHARGE_RATE=Normal, POWER_SUPPLY_CURRENT_AVG=-293200, POWER_SUPPLY_CAPACITY_LEVEL=High, POWER_SUPPLY_CURRENT_NOW=-293200, POWER_SUPPLY_PRESENT=1, POWER_SUPPLY_POWER_WATT=2, POWER_SUPPLY_CHARGE_FULL=4822900, POWER_SUPPLY_TIME_TO_FULL_NOW=2665, SUBSYSTEM=power_supply, POWER_SUPPLY_TEMP=310, ACTION=change, POWER_SUPPLY_AGE=100, POWER_SUPPLY_NAME=battery, POWER_SUPPLY_LPD_PRESENT=false, POWER_SUPPLY_CHARGE_COUNTER=4581755}
02-26 23:55:13.862  1905  1984 D BatteryService: uevent={POWER_SUPPLY_VOLTAGE_NOW=4171000, POWER_SUPPLY_VBUS_PRESENT=true, POWER_SUPPLY_TYPE=Battery, POWER_SUPPLY_HEALTH=Good, POWER_SUPPLY_TECHNOLOGY=Li-ion, POWER_SUPPLY_CHARGE_FULL_DESIGN=4822000, POWER_SUPPLY_CONSTANT_CHARGE_VOLTAGE=4400000, SEQNUM=6090, POWER_SUPPLY_STATUS=Charging, POWER_SUPPLY_CYCLE_COUNT=0, POWER_SUPPLY_CAPACITY=95, DEVPATH=/devices/platform/1000d000.pwrap/1000d000.pwrap:main_pmic/mt6357-gauge/power_supply/battery, POWER_SUPPLY_CHARGE_RATE=Normal, POWER_SUPPLY_CURRENT_AVG=-293200, POWER_SUPPLY_CAPACITY_LEVEL=High, POWER_SUPPLY_CURRENT_NOW=-293200, POWER_SUPPLY_PRESENT=1, POWER_SUPPLY_POWER_WATT=2, POWER_SUPPLY_CHARGE_FULL=4822900, POWER_SUPPLY_TIME_TO_FULL_NOW=2665, SUBSYSTEM=power_supply, POWER_SUPPLY_TEMP=310, ACTION=change, POWER_SUPPLY_AGE=100, POWER_SUPPLY_NAME=battery, POWER_SUPPLY_LPD_PRESENT=false, POWER_SUPPLY_CHARGE_COUNTER=4581755}
02-26 23:55:19.914  1905  1920 W OverlayManager: service 'idmap' died
02-26 23:55:23.839  1905  1984 D BatteryService: uevent={POWER_SUPPLY_VOLTAGE_NOW=4222000, POWER_SUPPLY_VBUS_PRESENT=true, POWER_SUPPLY_TYPE=Battery, POWER_SUPPLY_HEALTH=Good, POWER_SUPPLY_TECHNOLOGY=Li-ion, POWER_SUPPLY_CHARGE_FULL_DESIGN=4822000, POWER_SUPPLY_CONSTANT_CHARGE_VOLTAGE=4400000, SEQNUM=6091, POWER_SUPPLY_STATUS=Charging, POWER_SUPPLY_CYCLE_COUNT=0, POWER_SUPPLY_CAPACITY=95, DEVPATH=/devices/platform/1000d000.pwrap/1000d000.pwrap:main_pmic/mt6357-gauge/power_supply/battery, POWER_SUPPLY_CHARGE_RATE=Normal, POWER_SUPPLY_CURRENT_AVG=22300, POWER_SUPPLY_CAPACITY_LEVEL=High, POWER_SUPPLY_CURRENT_NOW=22300, POWER_SUPPLY_PRESENT=1, POWER_SUPPLY_POWER_WATT=2, POWER_SUPPLY_CHARGE_FULL=4822900, POWER_SUPPLY_TIME_TO_FULL_NOW=147111, SUBSYSTEM=power_supply, POWER_SUPPLY_TEMP=310, ACTION=change, POWER_SUPPLY_AGE=100, POWER_SUPPLY_NAME=battery, POWER_SUPPLY_LPD_PRESENT=false, POWER_SUPPLY_CHARGE_COUNTER=4581755}
02-26 23:55:23.839  1905  1984 D BatteryService: uevent={POWER_SUPPLY_VOLTAGE_NOW=4222000, POWER_SUPPLY_VBUS_PRESENT=true, POWER_SUPPLY_TYPE=Battery, POWER_SUPPLY_HEALTH=Good, POWER_SUPPLY_TECHNOLOGY=Li-ion, POWER_SUPPLY_CHARGE_FULL_DESIGN=4822000, POWER_SUPPLY_CONSTANT_CHARGE_VOLTAGE=4400000, SEQNUM=6091, POWER_SUPPLY_STATUS=Charging, POWER_SUPPLY_CYCLE_COUNT=0, POWER_SUPPLY_CAPACITY=95, DEVPATH=/devices/platform/1000d000.pwrap/1000d000.pwrap:main_pmic/mt6357-gauge/power_supply/battery, POWER_SUPPLY_CHARGE_RATE=Normal, POWER_SUPPLY_CURRENT_AVG=22300, POWER_SUPPLY_CAPACITY_LEVEL=High, POWER_SUPPLY_CURRENT_NOW=22300, POWER_SUPPLY_PRESENT=1, POWER_SUPPLY_POWER_WATT=2, POWER_SUPPLY_CHARGE_FULL=4822900, POWER_SUPPLY_TIME_TO_FULL_NOW=147111, SUBSYSTEM=power_supply, POWER_SUPPLY_TEMP=310, ACTION=change, POWER_SUPPLY_AGE=100, POWER_SUPPLY_NAME=battery, POWER_SUPPLY_LPD_PRESENT=false, POWER_SUPPLY_CHARGE_COUNTER=4581755}
02-26 23:55:24.308  1905  1905 I PackageDexOptimizer: Running dexopt speed for com.android.systemui
02-26 23:55:29.539  1905  1905 I Watchdog: Resuming HandlerChecker: main thread for reason: dexopt. Pause count: 0
02-26 23:55:29.539  1905  1905 D SystemServerTiming: PerformFstrimIfNeeded
02-26 23:55:29.541  1905  1905 W SystemServer: no payjoy access apk found
02-26 23:55:29.541  1905  1905 D SystemServerTiming: StartLockSettingsService
02-26 23:55:29.544  1905  1905 I SystemServiceManager: Starting com.android.server.locksettings.LockSettingsService$Lifecycle
02-26 23:55:29.576  1905  1905 D SystemServerTiming: StartPersistentDataBlock
02-26 23:55:29.576  1905  1905 I SystemServiceManager: Starting com.android.server.PersistentDataBlockService
02-26 23:55:29.577  1905  1905 D SystemServerTiming: StartTestHarnessMode
02-26 23:55:29.577  1905  2189 D SystemServerTimingAsync: InitThreadPoolExec:PersistentDataBlockService.onStart
02-26 23:55:29.577  1905  1905 I SystemServiceManager: Starting com.android.server.testharness.TestHarnessModeService
02-26 23:55:29.579  1905  1905 D SystemServerTiming: StartOemLockService
02-26 23:55:29.579  1905  1905 I SystemServiceManager: Starting com.android.server.oemlock.OemLockService
02-26 23:55:29.581  1905  1905 I OemLock : OemLock HAL not present on device
02-26 23:55:29.581  1905  1905 I OemLock : Using persistent data block based lock
02-26 23:55:29.582  1905  1905 D SystemServerTiming: StartDeviceIdleController
02-26 23:55:29.583  1905  1905 I SystemServiceManager: Starting com.android.server.DeviceIdleController
02-26 23:55:29.595  1905  1905 D SystemServerTiming: StartDevicePolicyManager
02-26 23:55:29.595  1905  1905 I SystemServiceManager: Starting com.android.server.devicepolicy.DevicePolicyManagerService$Lifecycle
02-26 23:55:29.595  1905  2189 E SystemServiceRegistry: Manager wrapper not available: payjoy_access_service
02-26 23:55:29.622  1905  1905 E SystemServiceRegistry: Manager wrapper not available: mot_security
02-26 23:55:29.624  1905  1905 E SystemServiceRegistry: Manager wrapper not available: mot_security
02-26 23:55:29.634  1905  1905 I DevicePolicyManager: Current version 3, latest version 3, not upgrading.
02-26 23:55:29.643  1905  1905 I DevicePolicyManager: Set ro.organization_owned property to false
02-26 23:55:29.658  1905  1905 D ImplementationsLoader: One implementation found!
02-26 23:55:29.661  1905  1905 D ImplementationsLoader: One implementation found!
02-26 23:55:29.663  1905  1905 D ImplementationsLoader: One implementation found!
02-26 23:55:29.664  1905  1905 D ImplementationsLoader: One implementation found!
02-26 23:55:29.665  1905  1905 D ImplementationsLoader: One implementation found!
02-26 23:55:29.666  1905  1905 D ImplementationsLoader: One implementation found!
02-26 23:55:29.667  1905  1905 D SystemServerTiming: StartStatusBarManagerService
02-26 23:55:29.672  1905  1905 V HistoricalRegistry: Interaction before persistence initialized
02-26 23:55:29.673  1905  1905 D SystemServer: MusicRecognitionManagerService not defined by OEM or disabled by flag
02-26 23:55:29.675  1905  1905 D SystemServerTiming: StartContentCaptureService
02-26 23:55:29.676  1905  1905 I SystemServiceManager: Starting com.android.server.contentcapture.ContentCaptureManagerService
02-26 23:55:29.684  1905  1905 I ContentCaptureManagerService: user 0 disabled by settings
02-26 23:55:29.691  1905  1905 D SystemServerTiming: StartAttentionManagerService
02-26 23:55:29.691  1905  1905 I SystemServiceManager: Starting com.android.server.attention.AttentionManagerService
02-26 23:55:29.696  1905  1905 D SystemServer: RotationResolverService is not configured on this device
02-26 23:55:29.696  1905  1905 D SystemServerTiming: StartSystemCaptionsManagerService
02-26 23:55:29.696  1905  1905 I SystemServiceManager: Starting com.android.server.systemcaptions.SystemCaptionsManagerService
02-26 23:55:29.697  1905  1905 D SystemServerTiming: StartTextToSpeechManagerService
02-26 23:55:29.698  1905  1905 I SystemServiceManager: Starting com.android.server.texttospeech.TextToSpeechManagerService
02-26 23:55:29.700  1905  1905 D SystemServerTiming: StartAmbientContextService
02-26 23:55:29.701  1905  1905 I SystemServiceManager: Starting com.android.server.ambientcontext.AmbientContextManagerService
02-26 23:55:29.706  1905  1905 D SystemServerTiming: StartSpeechRecognitionManagerService
02-26 23:55:29.707  1905  1905 I SystemServiceManager: Starting com.android.server.speech.SpeechRecognitionManagerService
02-26 23:55:29.709  1905  1905 D SystemServerTiming: StartAppPredictionService
02-26 23:55:29.709  1905  1905 I SystemServiceManager: Starting com.android.server.appprediction.AppPredictionManagerService
02-26 23:55:29.711  1905  1905 D SystemServer: ContentSuggestionsService not defined by OEM
02-26 23:55:29.711  1905  1905 D SystemServerTiming: StartSearchUiService
02-26 23:55:29.712  1905  1905 I SystemServiceManager: Starting com.android.server.searchui.SearchUiManagerService
02-26 23:55:29.714  1905  1905 D SystemServerTiming: StartSmartspaceService
02-26 23:55:29.715  1905  1905 I SystemServiceManager: Starting com.android.server.smartspace.SmartspaceManagerService
02-26 23:55:29.717  1905  1905 D SystemServerTiming: InitConnectivityModuleConnector
02-26 23:55:29.717  1905  1905 D ConnectivityModuleConnector: Network stack init
02-26 23:55:29.724  1905  1905 D SystemServerTiming: InitNetworkStackClient
02-26 23:55:29.727  1905  1905 D SystemServerTiming: StartNetworkManagementService
02-26 23:55:29.743  1905  1905 D SystemServerTiming: StartFontManagerService
02-26 23:55:29.794  1905  1905 E UpdatableFontDir: Failed to lookup font file that has GoogleSans-Bold
02-26 23:55:29.794  1905  1905 E UpdatableFontDir: Failed to lookup font file that has GoogleSansText-Regular
02-26 23:55:29.794  1905  1905 E UpdatableFontDir: Failed to lookup font file that has GoogleSans-Medium
02-26 23:55:29.794  1905  1905 E UpdatableFontDir: Failed to lookup font file that has GoogleSansText-Medium
02-26 23:55:29.794  1905  1905 E UpdatableFontDir: Failed to lookup font file that has GoogleSans-Regular
02-26 23:55:29.794  1905  1905 E UpdatableFontDir: Failed to lookup font file that has GoogleSansText-Bold
02-26 23:55:30.076  1905  1905 D SystemServerTiming: StartTextServicesManager
02-26 23:55:30.077  1905  1905 I SystemServiceManager: Starting com.android.server.textservices.TextServicesManagerService$Lifecycle
02-26 23:55:30.083  1905  1905 D SystemServerTiming: StartTextClassificationManagerService
02-26 23:55:30.083  1905  1905 I SystemServiceManager: Starting com.android.server.textclassifier.TextClassificationManagerService$Lifecycle
02-26 23:55:30.089  1905  1905 D SystemServerTiming: StartNetworkScoreService
02-26 23:55:30.089  1905  1905 I SystemServiceManager: Starting com.android.server.NetworkScoreService$Lifecycle
02-26 23:55:30.092  1905  1905 D SystemServerTiming: StartNetworkStatsService
02-26 23:55:30.103  1905  1905 I SystemServiceManager: Starting com.android.server.NetworkStatsServiceInitializer
02-26 23:55:30.151  1905  1905 D SystemServerTiming: StartNetworkPolicyManagerService
02-26 23:55:30.164  1905  1905 E SystemServiceRegistry: Manager wrapper not available: mot_security
02-26 23:55:30.165  1905  1905 D SystemServerTiming: StartWifi
02-26 23:55:30.180  1905  1905 I SystemServiceManager: Starting com.android.server.wifi.WifiService
02-26 23:55:30.345  1401  1401 I wificond: New wificond event callback registered
02-26 23:55:30.353  1905  1905 V HistoricalRegistry: Interaction before persistence initialized
02-26 23:55:30.354  1905  1905 V HistoricalRegistry: Interaction before persistence initialized
02-26 23:55:30.360  1905  1905 D SystemServerTiming: StartWifiScanning
02-26 23:55:30.361  1905  1905 I SystemServiceManager: Starting com.android.server.wifi.scanner.WifiScanningService
02-26 23:55:30.366  1905  1905 E SystemServiceRegistry: Manager wrapper not available: mot_security
02-26 23:55:30.367  1905  1905 E SystemServiceRegistry: Manager wrapper not available: mot_security
02-26 23:55:30.369  1905  1905 E SystemServiceRegistry: Manager wrapper not available: mot_security
02-26 23:55:30.369  1905  1905 D SystemServerTiming: StartWifiP2P
02-26 23:55:30.370  1905  1905 I SystemServiceManager: Starting com.android.server.wifi.p2p.WifiP2pService
02-26 23:55:30.379  1905  1905 E SystemServiceRegistry: Manager wrapper not available: mot_security
02-26 23:55:30.379  1905  1905 D SystemServerTiming: StartPacProxyService
