02-26 23:55:00.094  1905  1905 W PackageManager: Failed to scan /product/app/Meet: Package com.google.android.apps.tachyon at /product/app/Meet ignored: updated version 5533739 better than this 4572148
02-26 23:55:00.095  1905  1905 I PackageManager: /product/app/LauncherConfig changed; collecting certs (forced)
02-26 23:55:00.109  1905  1905 I PackageManager: /product/app/ThermalService changed; collecting certs (forced)
02-26 23:55:00.134  1905  1905 W PackageManager: Failed to scan /product/app/DeskClockGoogle: Package com.google.android.deskclock at /product/app/DeskClockGoogle ignored: updated version 76005460 better than this 75202398
02-26 23:55:00.163  1905  1905 W PackageManager: Failed to scan /product/app/com.google.mainline.telemetry: Package com.google.mainline.telemetry at /product/app/com.google.mainline.telemetry ignored: updated version 350815004 better than this 341003004
02-26 23:55:00.419  1905  1964 W PackageParsing: No actions in intent-filter at /product/app/CalendarGoogle/CalendarGoogle.apk Binary XML file line #1030
02-26 23:55:00.426  1905  1905 W PackageManager: Failed to scan /product/app/Videos: Package com.google.android.videos at /product/app/Videos ignored: updated version 439226194 better than this 439099634
02-26 23:55:00.429  1905  1905 W PackageManager: Failed to scan /product/app/CalendarGoogle: Package com.google.android.calendar at /product/app/CalendarGoogle ignored: updated version 2017445160 better than this 2017225930
02-26 23:55:00.430  1905  1905 I PackageManager: /product/app/SlpcSystem changed; collecting certs (forced)
02-26 23:55:00.440  1905  1905 W PackageManager: Failed to scan /product/app/com.google.android.modulemetadata: Package com.google.android.modulemetadata at /product/app/com.google.android.modulemetadata ignored: updated version 341919004 better than this 341050004
02-26 23:55:00.466  1905  1905 W PackageManager: Failed to scan /product/app/GoogleContacts: Package com.google.android.contacts at /product/app/GoogleContacts ignored: updated version 3178875 better than this 3095565
02-26 23:55:00.646  1905  1905 W PackageManager: Failed to scan /product/app/YouTube: Package com.google.android.youtube at /product/app/YouTube ignored: updated version 1546646976 better than this 1540222400
02-26 23:55:00.646  1905  1905 I PackageManager: /product/app/TrichromeLibrary changed; collecting certs (forced)
02-26 23:55:00.703  1905  1905 I PackageManager: /product/app/TimeWeather changed; collecting certs (forced)
02-26 23:55:00.821  1905  1905 W PackageManager: Failed to scan /product/app/TFDashboard: Package com.swishme.tracfone at /product/app/TFDashboard ignored: updated version 73 better than this 46
02-26 23:55:00.832  1905  1905 W PackageManager: Failed to scan /product/app/LatinImeGoogle: Package com.google.android.inputmethod.latin at /product/app/LatinImeGoogle ignored: updated version 149760069 better than this 121682493
02-26 23:55:00.873  1905  1905 W PackageManager: Failed to scan /product/app/Photos: Package com.google.android.apps.photos at /product/app/Photos ignored: updated version 48992479 better than this 48568135
02-26 23:55:00.904  1905  1905 I PackageManager: /system_ext/priv-app/Fota changed; collecting certs (forced)
02-26 23:55:00.947  1905  1905 I PackageManager: /system_ext/priv-app/CarrierConfig changed; collecting certs (forced)
02-26 23:55:00.972  1905  1963 W PackageParsing: Ignoring duplicate uses-permissions/uses-permissions-sdk-m: android.permission.INTERACT_ACROSS_USERS in package: com.motorola.systemui.desk at: Binary XML file line #33
02-26 23:55:00.972  1905  1963 W PackageParsing: Ignoring duplicate uses-permissions/uses-permissions-sdk-m: android.permission.INTERACT_ACROSS_USERS_FULL in package: com.motorola.systemui.desk at: Binary XML file line #34
02-26 23:55:00.979  1905  1905 W PackageManager: Failed to scan /system_ext/priv-app/MotoSecurityHub: Package com.motorola.securityhub at /system_ext/priv-app/MotoSecurityHub ignored: updated version 330106 better than this 200038
02-26 23:55:00.980  1905  1905 I PackageManager: /system_ext/priv-app/QuickAccessWallet changed; collecting certs (forced)
02-26 23:55:00.986  1905  1905 I PackageManager: /system_ext/priv-app/MotoTaskBar changed; collecting certs (forced)
02-26 23:55:00.993  1905  1905 I PackageManager: /system_ext/priv-app/RemoteProvisioner changed; collecting certs (forced)
02-26 23:55:01.000  1905  1905 I PackageManager: /system_ext/priv-app/Bug2GoStub changed; collecting certs (forced)
02-26 23:55:01.009  1905  1905 I PackageManager: /system_ext/priv-app/Launcher3QuickStep changed; collecting certs (forced)
02-26 23:55:01.019  1905  1905 I PackageManager: /system_ext/priv-app/rcsConfigService changed; collecting certs (forced)
02-26 23:55:01.046  1905  1905 I PackageManager: /system_ext/priv-app/PAKS changed; collecting certs (forced)
02-26 23:55:01.073  1905  1965 W PackageParsing: Ignoring duplicate uses-permissions/uses-permissions-sdk-m: android.permission.MANAGE_NETWORK_POLICY in package: com.motorola.bach.modemstats at: Binary XML file line #48
02-26 23:55:01.076  1905  1905 I PackageManager: /system_ext/priv-app/ModemStatsService changed; collecting certs (forced)
02-26 23:55:01.089  1905  1905 I PackageManager: /system_ext/priv-app/HiddenMenu changed; collecting certs (forced)
02-26 23:55:01.107  1905  1905 I PackageManager: /system_ext/priv-app/3c_devicemanagement-binary changed; collecting certs (forced)
02-26 23:55:01.114  1905  1905 I PackageManager: /system_ext/priv-app/MotoBtAptxMode changed; collecting certs (forced)
02-26 23:55:01.137  1905  1905 I PackageManager: /system_ext/priv-app/MotCameraDesktop changed; collecting certs (forced)
02-26 23:55:01.157  1905  1905 W PackageManager: Failed to scan /system_ext/priv-app/MotCameraDesktop: Error unpackaging native libs for app, errorCode=-113
02-26 23:55:01.166  1905  1905 I PackageManager: /system_ext/priv-app/GoogleFeedback changed; collecting certs (forced)
02-26 23:55:01.180  1905  1905 I PackageManager: /system_ext/priv-app/ChromeHomePageProvider changed; collecting certs (forced)
02-26 23:55:01.181  1905  1962 W PackageParsing: No actions in intent-filter at /system_ext/priv-app/SetupWizardExt/SetupWizardExt.apk Binary XML file line #234
02-26 23:55:01.203  1905  1905 I PackageManager: /system_ext/priv-app/SetupWizardExt changed; collecting certs (forced)
02-26 23:55:01.230  1905  1905 W PackageManager: Failed to scan /system_ext/priv-app/MotoSecureVault: Package com.motorola.securevault at /system_ext/priv-app/MotoSecureVault ignored: updated version 300038 better than this 200107
02-26 23:55:01.236  1905  1905 I PackageManager: /system_ext/priv-app/ImagerTuning-V5 changed; collecting certs (forced)
02-26 23:55:01.276  1905  1905 I PackageManager: /system_ext/priv-app/EmergencyInfoGms changed; collecting certs (forced)
02-26 23:55:01.322  1905  1905 I PackageManager: /system_ext/priv-app/MotoDesktopCore changed; collecting certs (forced)
02-26 23:55:01.332  1905  1905 I PackageManager: /system_ext/priv-app/MSimSettings changed; collecting certs (forced)
02-26 23:55:01.341  1905  1905 I PackageManager: /system_ext/priv-app/MotoCare changed; collecting certs (forced)
02-26 23:55:01.378  1905  1905 I PackageManager: /system_ext/priv-app/RevokerServices changed; collecting certs (forced)
02-26 23:55:01.392  1905  1905 I PackageManager: /system_ext/priv-app/MotorolaSettingsProvider changed; collecting certs (forced)
02-26 23:55:01.410  1905  1905 I PackageManager: /system_ext/priv-app/WallpaperCropper changed; collecting certs (forced)
02-26 23:55:01.472  1905  1905 I PackageManager: /system_ext/priv-app/Personalize changed; collecting certs (forced)
02-26 23:55:01.513  1905  1905 I PackageManager: /system_ext/priv-app/GoogleWallpapers changed; collecting certs (forced)
02-26 23:55:01.520  1905  1905 I PackageManager: /system_ext/priv-app/CoreSettingsExt changed; collecting certs (forced)
02-26 23:55:01.540  1905  1905 I PackageManager: /system_ext/priv-app/CQATest changed; collecting certs (forced)
02-26 23:55:01.565  1905  1905 I PackageManager: /system_ext/priv-app/PaksNotification changed; collecting certs (forced)
02-26 23:55:01.582  1905  1905 I PackageManager: /system_ext/priv-app/MotoFeatureDiscovery changed; collecting certs (forced)
02-26 23:55:01.600  1905  1905 I PackageManager: /system_ext/priv-app/LifetimeData changed; collecting certs (forced)
02-26 23:55:01.632  1905  1905 W PackageManager: Failed to scan /system_ext/priv-app/3c_notification: Package com.motorola.ccc.notification at /system_ext/priv-app/3c_notification ignored: updated version 179809 better than this 179712
02-26 23:55:01.638  1905  1905 I PackageManager: /system_ext/priv-app/MotoFreeForm changed; collecting certs (forced)
02-26 23:55:01.652  1905  1905 I PackageManager: /system_ext/priv-app/MotoWifiMetrics changed; collecting certs (forced)
02-26 23:55:01.768  1905  1905 I PackageManager: /system_ext/priv-app/SetupWizard changed; collecting certs (forced)
02-26 23:55:01.781  1905  1905 I PackageManager: /system_ext/priv-app/StorageManager changed; collecting certs (forced)
02-26 23:55:01.814  1905  1905 I PackageManager: /system_ext/priv-app/daxService changed; collecting certs (forced)
02-26 23:55:01.824  1905  1905 I PackageManager: /system_ext/priv-app/MotoSecurityHubExt changed; collecting certs (forced)
02-26 23:55:01.854  1905  1905 I PackageManager: /system_ext/priv-app/com.motorola.android.nativedropboxagent changed; collecting certs (forced)
02-26 23:55:01.864  1905  1905 I PackageManager: /system_ext/priv-app/motoDigitalAccount changed; collecting certs (forced)
02-26 23:55:01.878  1905  1905 W PackageManager: Failed to scan /system_ext/priv-app/MotoLiveWallpaper3: Package com.motorola.livewallpaper3 at /system_ext/priv-app/MotoLiveWallpaper3 ignored: updated version 301147816 better than this 1
02-26 23:55:01.939  1905  1905 I PackageManager: /system_ext/priv-app/DemoMode changed; collecting certs (forced)
02-26 23:55:01.946  1905  1905 I PackageManager: /system_ext/priv-app/3c_ota changed; collecting certs (forced)
02-26 23:55:01.988  1905  1905 I PackageManager: /system_ext/priv-app/GestureNavigationTutorial changed; collecting certs (forced)
02-26 23:55:01.995  1905  1905 I PackageManager: /system_ext/priv-app/SpectrumSetupExt changed; collecting certs (forced)
02-26 23:55:02.042  1905  1962 W PackageParsing: Ignoring duplicate uses-permissions/uses-permissions-sdk-m: android.permission.DEVICE_POWER in package: com.android.systemui at: Binary XML file line #140
02-26 23:55:02.043  1905  1962 W PackageParsing: Ignoring duplicate uses-permissions/uses-permissions-sdk-m: android.permission.CONFIGURE_WIFI_DISPLAY in package: com.android.systemui at: Binary XML file line #214
02-26 23:55:02.043  1905  1962 W PackageParsing: Ignoring duplicate uses-permissions/uses-permissions-sdk-m: android.permission.GET_RUNTIME_PERMISSIONS in package: com.android.systemui at: Binary XML file line #304
02-26 23:55:02.045  1905  1962 W PackageParsing: Ignoring duplicate uses-permissions/uses-permissions-sdk-m: android.permission.READ_DEVICE_CONFIG in package: com.android.systemui at: Binary XML file line #396
02-26 23:55:02.045  1905  1962 W PackageParsing: Ignoring duplicate uses-permissions/uses-permissions-sdk-m: android.permission.CHANGE_CONFIGURATION in package: com.android.systemui at: Binary XML file line #416
02-26 23:55:02.046  1905  1962 W PackageParsing: Ignoring duplicate uses-permissions/uses-permissions-sdk-m: com.motorola.commandcenter.permission.READ_DATA in package: com.android.systemui at: Binary XML file line #557
02-26 23:55:02.053  1905  1905 I PackageManager: /system_ext/priv-app/GoogleServicesFramework changed; collecting certs (forced)
02-26 23:55:02.070  1905  1905 I PackageManager: /system_ext/priv-app/SystemUI changed; collecting certs (forced)
02-26 23:55:02.528  1905  1905 I PackageManager: /system_ext/priv-app/Settings changed; collecting certs (forced)
02-26 23:55:02.558  1905  1905 I PackageManager: /system_ext/app/FMRadioService changed; collecting certs (forced)
02-26 23:55:02.565  1905  1905 I PackageManager: /system_ext/app/3c_main changed; collecting certs (forced)
02-26 23:55:02.575  1905  1905 I PackageManager: /system_ext/app/NFWLocationAttribution changed; collecting certs (forced)
02-26 23:55:02.602  1905  1905 I PackageManager: /apex/com.android.uwb/priv-app/ServiceUwbResources@T3SGS33M.165-46-3-2-10 changed; collecting certs (forced)
02-26 23:55:02.605  1905  1905 I PackageManager: Update system package com.android.uwb.resources code path from /apex/com.android.uwb/priv-app/ServiceUwbResources@T3SGS33M.165-46-3-2-4 to /apex/com.android.uwb/priv-app/ServiceUwbResources@T3SGS33M.165-46-3-2-10; Retain data and using new
02-26 23:55:02.606  1905  1905 I ApexManager: Registering com.android.uwb.resources as apk-in-apex of com.android.uwb
02-26 23:55:02.629  1905  1964 W PackageParsing: Unknown element under <manifest>: meta-data at /apex/com.android.mediaprovider/priv-app/MediaProviderGoogle@341914020/MediaProviderGoogle.apk Binary XML file line #9
02-26 23:55:02.636  1905  1905 I PackageManager: /apex/com.android.mediaprovider/priv-app/MediaProviderGoogle@341914020 changed; collecting certs (forced)
02-26 23:55:02.644  1905  1905 I ApexManager: Registering com.google.android.providers.media.module as apk-in-apex of com.android.mediaprovider
02-26 23:55:02.666  1905  1905 I PackageManager: /apex/com.android.tethering/priv-app/TetheringGoogle@341810050 changed; collecting certs (forced)
02-26 23:55:02.673  1905  1905 I ApexManager: Registering com.google.android.networkstack.tethering as apk-in-apex of com.android.tethering
02-26 23:55:02.675  1905  1905 I PackageManager: /apex/com.android.tethering/priv-app/ServiceConnectivityResourcesGoogle@341810050 changed; collecting certs (forced)
02-26 23:55:02.680  1905  1905 I ApexManager: Registering com.google.android.connectivity.resources as apk-in-apex of com.android.tethering
02-26 23:55:02.698  1905  1905 I PackageManager: /apex/com.android.cellbroadcast/priv-app/GoogleCellBroadcastServiceModule@341810000 changed; collecting certs (forced)
02-26 23:55:02.703  1905  1905 I ApexManager: Registering com.google.android.cellbroadcastservice as apk-in-apex of com.android.cellbroadcast
02-26 23:55:02.805  1905  1905 I PackageManager: /apex/com.android.cellbroadcast/priv-app/GoogleCellBroadcastApp@341810000 changed; collecting certs (forced)
02-26 23:55:02.812  1905  1905 I ApexManager: Registering com.google.android.cellbroadcastreceiver as apk-in-apex of com.android.cellbroadcast
02-26 23:55:02.852  1905  1905 I PackageManager: /apex/com.android.btservices/app/Bluetooth@T3SGS33M.165-46-3-2-10 changed; collecting certs (forced)
02-26 23:55:02.855  1905  1905 I PackageManager: Update system package com.android.bluetooth code path from /apex/com.android.btservices/app/Bluetooth@T3SGS33M.165-46-3-2-4 to /apex/com.android.btservices/app/Bluetooth@T3SGS33M.165-46-3-2-10; Retain data and using new
02-26 23:55:02.857  1905  1905 I ApexManager: Registering com.android.bluetooth as apk-in-apex of com.android.btservices
02-26 23:55:02.871  1905  1905 I PackageManager: /apex/com.android.ondevicepersonalization/priv-app/OnDevicePersonalizationGoogle@350820220 changed; collecting certs (forced)
02-26 23:55:02.876  1905  1905 I ApexManager: Registering com.google.android.ondevicepersonalization.services as apk-in-apex of com.android.ondevicepersonalization
02-26 23:55:02.889  1905  1905 I PackageManager: /apex/com.android.ondevicepersonalization/app/FederatedComputeGoogle@350820220 changed; collecting certs (forced)
02-26 23:55:02.893  1905  1905 I ApexManager: Registering com.google.android.federatedcompute as apk-in-apex of com.android.ondevicepersonalization
02-26 23:55:02.910  1905  1905 I PackageManager: /apex/com.android.extservices/priv-app/GoogleExtServices@341911000 changed; collecting certs (forced)
02-26 23:55:02.919  1905  1905 I ApexManager: Registering com.google.android.ext.services as apk-in-apex of com.android.extservices
02-26 23:55:02.934  1905  1905 I PackageManager: /apex/com.android.apex.cts.shim/priv-app/CtsShimPriv@1 changed; collecting certs (forced)
02-26 23:55:02.938  1905  1905 I ApexManager: Registering com.android.cts.priv.ctsshim as apk-in-apex of com.android.apex.cts.shim
02-26 23:55:02.949  1905  1905 I PackageManager: /apex/com.android.apex.cts.shim/app/CtsShim@1 changed; collecting certs (forced)
02-26 23:55:02.954  1905  1905 I ApexManager: Registering com.android.cts.ctsshim as apk-in-apex of com.android.apex.cts.shim
02-26 23:55:02.978  1905  1905 I PackageManager: /apex/com.android.wifi/priv-app/ServiceWifiResourcesGoogle@341810030 changed; collecting certs (forced)
02-26 23:55:02.982  1905  1905 I ApexManager: Registering com.google.android.wifi.resources as apk-in-apex of com.android.wifi
02-26 23:55:02.997  1905  1905 I PackageManager: /apex/com.android.wifi/app/OsuLoginGoogle@341810030 changed; collecting certs (forced)
02-26 23:55:03.001  1905  1905 I ApexManager: Registering com.google.android.hotspot2.osulogin as apk-in-apex of com.android.wifi
02-26 23:55:03.003  1905  1905 I PackageManager: /apex/com.android.wifi/app/WifiDialogGoogle@341810030 changed; collecting certs (forced)
02-26 23:55:03.008  1905  1905 I ApexManager: Registering com.google.android.wifi.dialog as apk-in-apex of com.android.wifi
02-26 23:55:03.195  1905  1962 W PackageParsing: Ignoring duplicate uses-permissions/uses-permissions-sdk-m: android.permission.RECEIVE_BOOT_COMPLETED in package: com.google.android.adservices.api at: Binary XML file line #138
02-26 23:55:03.201  1905  1905 I PackageManager: /apex/com.android.adservices/priv-app/AdServicesApkGoogle@350820220 changed; collecting certs (forced)
02-26 23:55:03.207  1905  1905 I ApexManager: Registering com.google.android.adservices.api as apk-in-apex of com.android.adservices
02-26 23:55:03.222  1905  1905 I PackageManager: /apex/com.android.adservices/app/SdkSandboxGoogle@350820220 changed; collecting certs (forced)
02-26 23:55:03.227  1905  1905 I ApexManager: Registering com.google.android.sdksandbox as apk-in-apex of com.android.adservices
02-26 23:55:03.277  1905  1905 I PackageManager: /apex/com.motorola.enterprise/priv-app/EnterpriseAdapterService@TSM33.1 changed; collecting certs (forced)
02-26 23:55:03.282  1905  1905 I ApexManager: Registering com.motorola.enterprise.adapter.service as apk-in-apex of com.motorola.enterprise
02-26 23:55:03.284  1905  1905 I PackageManager: /apex/com.motorola.enterprise/priv-app/MotoThinkUEM@TSM33.1 changed; collecting certs (forced)
02-26 23:55:03.289  1905  1905 I ApexManager: Registering com.motorola.enterprise.service as apk-in-apex of com.motorola.enterprise
02-26 23:55:03.308  1905  1905 I PackageManager: /apex/com.android.permission/priv-app/GoogleSafetyCenterResources@341810000 changed; collecting certs (forced)
02-26 23:55:03.313  1905  1905 I ApexManager: Registering com.google.android.safetycenter.resources as apk-in-apex of com.android.permission
02-26 23:55:03.360  1905  1962 W PackageParsing: Ignoring duplicate uses-permissions/uses-permissions-sdk-m: android.permission.OBSERVE_SENSOR_PRIVACY in package: com.google.android.permissioncontroller at: Binary XML file line #59
02-26 23:55:03.373  1905  1905 I PackageManager: /apex/com.android.permission/priv-app/GooglePermissionController@341810000 changed; collecting certs (forced)
02-26 23:55:03.380  1905  1905 I ApexManager: Registering com.google.android.permissioncontroller as apk-in-apex of com.android.permission
02-26 23:55:03.419  1905  1905 I PackageManager: Finished scanning system apps. Time: 11669 ms, packageCount: 283 , timePerPackage: 41 , cached: 0
02-26 23:55:03.433  1905  1905 W PackageManager: Failed to scan /product/preinstall/facebook: Preinstall com.facebook.katana at /product/preinstall/facebook ignored: updated version unknown better than this 1
02-26 23:55:03.454  1905  1905 W PackageManager: Relax SCAN_REQUIRE_KNOWN requirement for package com.google.mainline.adservices
02-26 23:55:03.457  1905  1905 W PackageManager: Relax SCAN_REQUIRE_KNOWN requirement for package com.google.android.modulemetadata
02-26 23:55:03.459  1905  1905 W PackageManager: Relax SCAN_REQUIRE_KNOWN requirement for package android.autoinstalls.config.motorola.layout
02-26 23:55:03.757  1905  1905 W PackageManager: Relax SCAN_REQUIRE_KNOWN requirement for package com.google.android.captiveportallogin
02-26 23:55:03.767  1905  1905 W PackageManager: Relax SCAN_REQUIRE_KNOWN requirement for package com.facebook.system
02-26 23:55:03.771  1905  1905 W PackageManager: Relax SCAN_REQUIRE_KNOWN requirement for package com.google.mainline.telemetry
02-26 23:55:03.786  1905  1905 W PackageManager: Relax SCAN_REQUIRE_KNOWN requirement for package com.google.android.apps.youtube.music
02-26 23:55:03.805  1905  1905 W PackageManager: Relax SCAN_REQUIRE_KNOWN requirement for package com.facebook.services
02-26 23:55:03.841  1905  1905 W PackageManager: Relax SCAN_REQUIRE_KNOWN requirement for package com.google.android.apps.chromecast.app
02-26 23:55:03.895  1905  1965 W PackageParsing: No actions in intent-filter at /data/app/~~udoIQoQND39Z6vH7N1ntUw==/com.google.android.googlequicksearchbox-5sm4SltV1FZ-i7RuPDyT7Q==/base.apk Binary XML file line #2361
02-26 23:55:03.914  1905  1965 W PackageParsing: No actions in intent-filter at /data/app/~~udoIQoQND39Z6vH7N1ntUw==/com.google.android.googlequicksearchbox-5sm4SltV1FZ-i7RuPDyT7Q==/base.apk Binary XML file line #4031
02-26 23:55:03.947  1905  1905 W PackageManager: Relax SCAN_REQUIRE_KNOWN requirement for package com.google.android.apps.wellbeing
02-26 23:55:03.959  1905  1905 W PackageManager: Relax SCAN_REQUIRE_KNOWN requirement for package com.google.android.googlequicksearchbox
02-26 23:55:04.018  1905  1905 W PackageManager: Relax SCAN_REQUIRE_KNOWN requirement for package com.google.android.partnersetup
02-26 23:55:04.022  1905  1905 W PackageManager: Relax SCAN_REQUIRE_KNOWN requirement for package com.google.android.marvin.talkback
02-26 23:55:04.045  1905  1905 W PackageManager: Relax SCAN_REQUIRE_KNOWN requirement for package com.dti.tracfone
02-26 23:55:04.076  1905  1905 W PackageManager: Relax SCAN_REQUIRE_KNOWN requirement for package com.google.android.documentsui
02-26 23:55:04.122  1905  1963 W PackageParsing: Unknown element under <manifest>: meta-data at /data/app/~~H81KbNPiaDchy7llDi6cIA==/com.motorola.spaces-4HbivD_hYFkHun38gipJuw==/base.apk Binary XML file line #23
02-26 23:55:04.127  1905  1963 W PackageParsing: No actions in intent-filter at /data/app/~~H81KbNPiaDchy7llDi6cIA==/com.motorola.spaces-4HbivD_hYFkHun38gipJuw==/base.apk Binary XML file line #235
02-26 23:55:04.158  1905  1905 W PackageManager: Relax SCAN_REQUIRE_KNOWN requirement for package com.motorola.spaces
02-26 23:55:04.186  1905  1965 W PackageParsing: Unknown element under <manifest>: uses-sdk at /data/app/~~4BJqiNKy03-mJ7mcoZssFw==/com.google.android.inputmethod.latin-yG3E7IuV3OlVk_C8Jg3PKg==/base.apk Binary XML file line #9
02-26 23:55:04.186  1905  1965 W PackageParsing: Unknown element under <manifest>: module at /data/app/~~4BJqiNKy03-mJ7mcoZssFw==/com.google.android.inputmethod.latin-yG3E7IuV3OlVk_C8Jg3PKg==/base.apk Binary XML file line #11
02-26 23:55:04.188  1905  1965 W PackageParsing: Unknown element under <manifest>: uses-sdk at /data/app/~~4BJqiNKy03-mJ7mcoZssFw==/com.google.android.inputmethod.latin-yG3E7IuV3OlVk_C8Jg3PKg==/base.apk Binary XML file line #9
02-26 23:55:04.188  1905  1965 W PackageParsing: Unknown element under <manifest>: module at /data/app/~~4BJqiNKy03-mJ7mcoZssFw==/com.google.android.inputmethod.latin-yG3E7IuV3OlVk_C8Jg3PKg==/base.apk Binary XML file line #11
02-26 23:55:04.191  1905  1905 W PackageManager: Relax SCAN_REQUIRE_KNOWN requirement for package com.google.android.inputmethod.latin
02-26 23:55:04.205  1905  1905 W PackageManager: Relax SCAN_REQUIRE_KNOWN requirement for package com.google.android.apps.tachyon
02-26 23:55:04.306  1905  1962 W PackageParsing: No actions in intent-filter at /data/app/~~8t9SNcazXcIBsrkdCbl6cw==/com.google.android.gms-YUMxMb8xc7oz9OljEQdi5g==/base.apk Binary XML file line #19072
02-26 23:55:04.306  1905  1962 W PackageParsing: No actions in intent-filter at /data/app/~~8t9SNcazXcIBsrkdCbl6cw==/com.google.android.gms-YUMxMb8xc7oz9OljEQdi5g==/base.apk Binary XML file line #19080
02-26 23:55:04.306  1905  1962 W PackageParsing: No actions in intent-filter at /data/app/~~8t9SNcazXcIBsrkdCbl6cw==/com.google.android.gms-YUMxMb8xc7oz9OljEQdi5g==/base.apk Binary XML file line #19088
02-26 23:55:04.314  1905  1962 W PackageParsing: Unknown element under <manifest>: uses-sdk at /data/app/~~8t9SNcazXcIBsrkdCbl6cw==/com.google.android.gms-YUMxMb8xc7oz9OljEQdi5g==/base.apk Binary XML file line #10
02-26 23:55:04.314  1905  1962 W PackageParsing: Unknown element under <manifest>: module at /data/app/~~8t9SNcazXcIBsrkdCbl6cw==/com.google.android.gms-YUMxMb8xc7oz9OljEQdi5g==/base.apk Binary XML file line #14
02-26 23:55:04.314  1905  1962 W PackageParsing: Unknown element under <manifest>: permission at /data/app/~~8t9SNcazXcIBsrkdCbl6cw==/com.google.android.gms-YUMxMb8xc7oz9OljEQdi5g==/base.apk Binary XML file line #24
02-26 23:55:04.319  1905  1962 W PackageParsing: Unknown element under <manifest>: uses-sdk at /data/app/~~8t9SNcazXcIBsrkdCbl6cw==/com.google.android.gms-YUMxMb8xc7oz9OljEQdi5g==/base.apk Binary XML file line #10
02-26 23:55:04.319  1905  1962 W PackageParsing: Unknown element under <manifest>: module at /data/app/~~8t9SNcazXcIBsrkdCbl6cw==/com.google.android.gms-YUMxMb8xc7oz9OljEQdi5g==/base.apk Binary XML file line #14
02-26 23:55:04.319  1905  1962 W PackageParsing: Unknown element under <manifest>: permission at /data/app/~~8t9SNcazXcIBsrkdCbl6cw==/com.google.android.gms-YUMxMb8xc7oz9OljEQdi5g==/base.apk Binary XML file line #24
02-26 23:55:04.325  1905  1962 W PackageParsing: Unknown element under <manifest>: uses-sdk at /data/app/~~8t9SNcazXcIBsrkdCbl6cw==/com.google.android.gms-YUMxMb8xc7oz9OljEQdi5g==/base.apk Binary XML file line #10
02-26 23:55:04.325  1905  1962 W PackageParsing: Unknown element under <manifest>: module at /data/app/~~8t9SNcazXcIBsrkdCbl6cw==/com.google.android.gms-YUMxMb8xc7oz9OljEQdi5g==/base.apk Binary XML file line #14
02-26 23:55:04.325  1905  1962 W PackageParsing: Unknown element under <manifest>: permission at /data/app/~~8t9SNcazXcIBsrkdCbl6cw==/com.google.android.gms-YUMxMb8xc7oz9OljEQdi5g==/base.apk Binary XML file line #24
02-26 23:55:04.330  1905  1962 W PackageParsing: Unknown element under <manifest>: uses-sdk at /data/app/~~8t9SNcazXcIBsrkdCbl6cw==/com.google.android.gms-YUMxMb8xc7oz9OljEQdi5g==/base.apk Binary XML file line #10
02-26 23:55:04.330  1905  1962 W PackageParsing: Unknown element under <manifest>: module at /data/app/~~8t9SNcazXcIBsrkdCbl6cw==/com.google.android.gms-YUMxMb8xc7oz9OljEQdi5g==/base.apk Binary XML file line #14
02-26 23:55:04.330  1905  1962 W PackageParsing: Unknown element under <manifest>: uses-feature at /data/app/~~8t9SNcazXcIBsrkdCbl6cw==/com.google.android.gms-YUMxMb8xc7oz9OljEQdi5g==/base.apk Binary XML file line #24
02-26 23:55:04.330  1905  1962 W PackageParsing: Unknown element under <manifest>: queries at /data/app/~~8t9SNcazXcIBsrkdCbl6cw==/com.google.android.gms-YUMxMb8xc7oz9OljEQdi5g==/base.apk Binary XML file line #28
02-26 23:55:04.330  1905  1962 W PackageParsing: Unknown element under <manifest>: permission at /data/app/~~8t9SNcazXcIBsrkdCbl6cw==/com.google.android.gms-YUMxMb8xc7oz9OljEQdi5g==/base.apk Binary XML file line #34
02-26 23:55:04.336  1905  1962 W PackageParsing: Unknown element under <manifest>: uses-sdk at /data/app/~~8t9SNcazXcIBsrkdCbl6cw==/com.google.android.gms-YUMxMb8xc7oz9OljEQdi5g==/base.apk Binary XML file line #10
02-26 23:55:04.336  1905  1962 W PackageParsing: Unknown element under <manifest>: module at /data/app/~~8t9SNcazXcIBsrkdCbl6cw==/com.google.android.gms-YUMxMb8xc7oz9OljEQdi5g==/base.apk Binary XML file line #14
02-26 23:55:04.336  1905  1962 W PackageParsing: Unknown element under <manifest>: permission at /data/app/~~8t9SNcazXcIBsrkdCbl6cw==/com.google.android.gms-YUMxMb8xc7oz9OljEQdi5g==/base.apk Binary XML file line #24
02-26 23:55:04.338  1905  1963 W PackageParsing: Unknown element under <manifest>: uses-sdk at /data/app/~~1igNZ7ap0zib59AXdhCfcA==/com.android.vending-hHyZ-UqdhdxSwzfIrGB7wQ==/base.apk Binary XML file line #9
02-26 23:55:04.338  1905  1963 W PackageParsing: Unknown element under <manifest>: module at /data/app/~~1igNZ7ap0zib59AXdhCfcA==/com.android.vending-hHyZ-UqdhdxSwzfIrGB7wQ==/base.apk Binary XML file line #11
02-26 23:55:04.342  1905  1962 W PackageParsing: Unknown element under <manifest>: uses-sdk at /data/app/~~8t9SNcazXcIBsrkdCbl6cw==/com.google.android.gms-YUMxMb8xc7oz9OljEQdi5g==/base.apk Binary XML file line #10
02-26 23:55:04.342  1905  1962 W PackageParsing: Unknown element under <manifest>: module at /data/app/~~8t9SNcazXcIBsrkdCbl6cw==/com.google.android.gms-YUMxMb8xc7oz9OljEQdi5g==/base.apk Binary XML file line #14
02-26 23:55:04.342  1905  1962 W PackageParsing: Unknown element under <manifest>: permission at /data/app/~~8t9SNcazXcIBsrkdCbl6cw==/com.google.android.gms-YUMxMb8xc7oz9OljEQdi5g==/base.apk Binary XML file line #24
02-26 23:55:04.348  1905  1962 W PackageParsing: Unknown element under <manifest>: uses-sdk at /data/app/~~8t9SNcazXcIBsrkdCbl6cw==/com.google.android.gms-YUMxMb8xc7oz9OljEQdi5g==/base.apk Binary XML file line #10
02-26 23:55:04.348  1905  1962 W PackageParsing: Unknown element under <manifest>: module at /data/app/~~8t9SNcazXcIBsrkdCbl6cw==/com.google.android.gms-YUMxMb8xc7oz9OljEQdi5g==/base.apk Binary XML file line #14
02-26 23:55:04.348  1905  1962 W PackageParsing: Unknown element under <manifest>: permission at /data/app/~~8t9SNcazXcIBsrkdCbl6cw==/com.google.android.gms-YUMxMb8xc7oz9OljEQdi5g==/base.apk Binary XML file line #24
02-26 23:55:04.457  1905  1905 W PackageManager: Relax SCAN_REQUIRE_KNOWN requirement for package com.motorola.securevault
02-26 23:55:04.462  1905  1905 W PackageManager: Relax SCAN_REQUIRE_KNOWN requirement for package com.google.android.networkstack
02-26 23:55:04.466  1905  1905 W PackageManager: Relax SCAN_REQUIRE_KNOWN requirement for package com.google.android.contacts
02-26 23:55:04.474  1905  1905 W PackageManager: Relax SCAN_REQUIRE_KNOWN requirement for package com.google.android.tts
02-26 23:55:04.532  1905  1965 W PackageParsing: No actions in intent-filter at /data/app/~~J2PRvH_-IgMPLbJQ0ppyww==/com.swishme.tracfone-mpptTRE4EjqZ4mKG1TZZsg==/base.apk Binary XML file line #1294
02-26 23:55:04.537  1905  1965 W PackageParsing: No actions in intent-filter at /data/app/~~J2PRvH_-IgMPLbJQ0ppyww==/com.swishme.tracfone-mpptTRE4EjqZ4mKG1TZZsg==/base.apk Binary XML file line #1536
02-26 23:55:04.539  1905  1965 W PackageParsing: No actions in intent-filter at /data/app/~~J2PRvH_-IgMPLbJQ0ppyww==/com.swishme.tracfone-mpptTRE4EjqZ4mKG1TZZsg==/base.apk Binary XML file line #1699
02-26 23:55:04.539  1905  1965 W PackageParsing: No actions in intent-filter at /data/app/~~J2PRvH_-IgMPLbJQ0ppyww==/com.swishme.tracfone-mpptTRE4EjqZ4mKG1TZZsg==/base.apk Binary XML file line #1709
02-26 23:55:04.539  1905  1965 W PackageParsing: No actions in intent-filter at /data/app/~~J2PRvH_-IgMPLbJQ0ppyww==/com.swishme.tracfone-mpptTRE4EjqZ4mKG1TZZsg==/base.apk Binary XML file line #1719
02-26 23:55:04.587  1905  1962 W PackageParsing: Ignoring duplicate uses-permissions/uses-permissions-sdk-m: android.permission.READ_PRIVILEGED_PHONE_STATE in package: com.glance.lockscreenM at: Binary XML file line #49
02-26 23:55:04.598  1905  1962 W PackageParsing: No actions in intent-filter at /data/app/~~p1TEg8RYweRmwpYyplAy5A==/com.glance.lockscreenM-omJXy0KwkuZXS_M86695CA==/base.apk Binary XML file line #625
02-26 23:55:04.757  1905  1905 W PackageManager: Relax SCAN_REQUIRE_KNOWN requirement for package com.android.vending
02-26 23:55:04.774  1905  1905 W PackageManager: Relax SCAN_REQUIRE_KNOWN requirement for package com.google.android.gms
02-26 23:55:04.838  1905  1964 W PackageParsing: No actions in intent-filter at /data/app/~~EflMRb2g4HNzBMdF0hf5vA==/com.google.android.apps.messaging-DOxlT_r0UswWB94yFoQB7A==/base.apk Binary XML file line #1363
02-26 23:55:04.841  1905  1905 W PackageManager: Relax SCAN_REQUIRE_KNOWN requirement for package com.motorola.help
02-26 23:55:04.847  1905  1905 W PackageManager: Relax SCAN_REQUIRE_KNOWN requirement for package com.tracfone.preload.accountservices
02-26 23:55:04.851  1905  1905 W PackageManager: Relax SCAN_REQUIRE_KNOWN requirement for package com.google.android.deskclock
02-26 23:55:04.856  1905  1905 W PackageManager: Relax SCAN_REQUIRE_KNOWN requirement for package com.motorola.ccc.notification
02-26 23:55:04.902  1905  1905 W PackageManager: Relax SCAN_REQUIRE_KNOWN requirement for package com.swishme.tracfone
02-26 23:55:04.913  1905  1965 W PackageParsing: Ignoring duplicate uses-permissions/uses-permissions-sdk-m: com.motorola.permission.ACCESS_DESKTOP in package: com.motorola.gamemode at: Binary XML file line #85
02-26 23:55:04.915  1905  1905 W PackageManager: Relax SCAN_REQUIRE_KNOWN requirement for package com.glance.lockscreenM
02-26 23:55:04.922  1905  1905 W PackageManager: Relax SCAN_REQUIRE_KNOWN requirement for package com.motorola.genie
02-26 23:55:04.932  1905  1964 W PackageParsing: Ignoring duplicate uses-permissions/uses-permissions-sdk-m: com.google.android.providers.gsf.permission.READ_GSERVICES in package: com.google.android.apps.googleassistant at: Binary XML file line #14
02-26 23:55:04.934  1905  1905 W PackageManager: Relax SCAN_REQUIRE_KNOWN requirement for package com.google.android.youtube
02-26 23:55:04.958  1905  1905 W PackageManager: Relax SCAN_REQUIRE_KNOWN requirement for package com.google.android.as
02-26 23:55:04.965  1905  1963 W PackageParsing: Unknown element under <manifest>: meta-data at /data/app/~~Di27c_BRPRkkDF_1yvxF9Q==/com.google.android.dialer-E6_-5iVcKLoIzK0nPPDO0Q==/base.apk Binary XML file line #157
02-26 23:55:04.966  1905  1963 W PackageParsing: Unknown element under <manifest>: meta-data at /data/app/~~Di27c_BRPRkkDF_1yvxF9Q==/com.google.android.dialer-E6_-5iVcKLoIzK0nPPDO0Q==/base.apk Binary XML file line #164
02-26 23:55:05.138  1905  1905 W PackageManager: Relax SCAN_REQUIRE_KNOWN requirement for package com.google.android.ims
02-26 23:55:05.142  1905  1905 W PackageManager: Relax SCAN_REQUIRE_KNOWN requirement for package com.google.android.videos
02-26 23:55:05.161  1905  1962 W PackageParsing: No actions in intent-filter at /data/app/~~MUh2qypdBWt2HGyT6eyaNA==/com.google.android.apps.restore-oVOfKatw-dH1NBlsI0YIDA==/base.apk Binary XML file line #622
02-26 23:55:05.161  1905  1962 W PackageParsing: No actions in intent-filter at /data/app/~~MUh2qypdBWt2HGyT6eyaNA==/com.google.android.apps.restore-oVOfKatw-dH1NBlsI0YIDA==/base.apk Binary XML file line #630
02-26 23:55:05.161  1905  1962 W PackageParsing: No actions in intent-filter at /data/app/~~MUh2qypdBWt2HGyT6eyaNA==/com.google.android.apps.restore-oVOfKatw-dH1NBlsI0YIDA==/base.apk Binary XML file line #638
02-26 23:55:05.217  1905  1965 W PackageParsing: No actions in intent-filter at /data/app/~~XI6GpbVRrpzd-tEoUyFdYQ==/com.google.android.calendar-FqJUdJgw9diMfGe-JS3jkg==/base.apk Binary XML file line #1027
02-26 23:55:05.237  1905  1905 W PackageManager: Relax SCAN_REQUIRE_KNOWN requirement for package com.google.android.apps.photos
02-26 23:55:05.362  1905  1964 W PackageParsing: Ignoring duplicate uses-permissions/uses-permissions-sdk-m: android.permission.ACCESS_NETWORK_STATE in package: com.google.android.gm at: Binary XML file line #322
02-26 23:55:05.362  1905  1964 W PackageParsing: Ignoring duplicate uses-permissions/uses-permissions-sdk-m: android.permission.FOREGROUND_SERVICE in package: com.google.android.gm at: Binary XML file line #325
02-26 23:55:05.362  1905  1964 W PackageParsing: Ignoring duplicate uses-permissions/uses-permissions-sdk-m: android.permission.FOREGROUND_SERVICE_DATA_SYNC in package: com.google.android.gm at: Binary XML file line #326
02-26 23:55:05.362  1905  1964 W PackageParsing: Ignoring duplicate uses-permissions/uses-permissions-sdk-m: android.permission.INTERNET in package: com.google.android.gm at: Binary XML file line #327
02-26 23:55:05.362  1905  1964 W PackageParsing: Ignoring duplicate uses-permissions/uses-permissions-sdk-m: android.permission.RECEIVE_BOOT_COMPLETED in package: com.google.android.gm at: Binary XML file line #328
02-26 23:55:05.362  1905  1964 W PackageParsing: Ignoring duplicate uses-permissions/uses-permissions-sdk-m: android.permission.VIBRATE in package: com.google.android.gm at: Binary XML file line #329
02-26 23:55:05.362  1905  1964 W PackageParsing: Ignoring duplicate uses-permissions/uses-permissions-sdk-m: android.permission.WAKE_LOCK in package: com.google.android.gm at: Binary XML file line #330
02-26 23:55:05.362  1905  1964 W PackageParsing: Ignoring duplicate uses-permissions/uses-permissions-sdk-m: android.permission.WRITE_EXTERNAL_STORAGE in package: com.google.android.gm at: Binary XML file line #332
02-26 23:55:05.363  1905  1964 W PackageParsing: Ignoring duplicate uses-permissions/uses-permissions-sdk-m: android.permission.POST_NOTIFICATIONS in package: com.google.android.gm at: Binary XML file line #333
02-26 23:55:05.363  1905  1964 W PackageParsing: Ignoring duplicate uses-permissions/uses-permissions-sdk-m: com.google.android.c2dm.permission.RECEIVE in package: com.google.android.gm at: Binary XML file line #335
02-26 23:55:05.363  1905  1964 W PackageParsing: Ignoring duplicate uses-permissions/uses-permissions-sdk-m: android.permission.GET_PACKAGE_SIZE in package: com.google.android.gm at: Binary XML file line #336
02-26 23:55:05.363  1905  1964 W PackageParsing: Ignoring duplicate uses-permissions/uses-permissions-sdk-m: com.google.android.providers.gsf.permission.READ_GSERVICES in package: com.google.android.gm at: Binary XML file line #337
02-26 23:55:05.363  1905  1964 W PackageParsing: Ignoring duplicate uses-permissions/uses-permissions-sdk-m: com.google.android.providers.gsf.permission.READ_GSERVICES in package: com.google.android.gm at: Binary XML file line #342
02-26 23:55:05.363  1905  1964 W PackageParsing: Ignoring duplicate uses-permissions/uses-permissions-sdk-m: android.permission.GET_PACKAGE_SIZE in package: com.google.android.gm at: Binary XML file line #343
02-26 23:55:05.363  1905  1964 W PackageParsing: Ignoring duplicate uses-permissions/uses-permissions-sdk-m: android.permission.ACCESS_NETWORK_STATE in package: com.google.android.gm at: Binary XML file line #345
02-26 23:55:05.363  1905  1964 W PackageParsing: Ignoring duplicate uses-permissions/uses-permissions-sdk-m: android.permission.CAMERA in package: com.google.android.gm at: Binary XML file line #356
02-26 23:55:05.363  1905  1964 W PackageParsing: Ignoring duplicate uses-permissions/uses-permissions-sdk-m: android.permission.FOREGROUND_SERVICE in package: com.google.android.gm at: Binary XML file line #371
02-26 23:55:05.363  1905  1964 W PackageParsing: Ignoring duplicate uses-permissions/uses-permissions-sdk-m: android.permission.INTERNET in package: com.google.android.gm at: Binary XML file line #372
02-26 23:55:05.363  1905  1964 W PackageParsing: Ignoring duplicate uses-permissions/uses-permissions-sdk-m: android.permission.RECORD_AUDIO in package: com.google.android.gm at: Binary XML file line #374
02-26 23:55:05.363  1905  1964 W PackageParsing: Ignoring duplicate uses-permissions/uses-permissions-sdk-m: android.permission.WAKE_LOCK in package: com.google.android.gm at: Binary XML file line #375
02-26 23:55:05.363  1905  1964 W PackageParsing: Ignoring duplicate uses-permissions/uses-permissions-sdk-m: android.permission.POST_NOTIFICATIONS in package: com.google.android.gm at: Binary XML file line #384
02-26 23:55:05.363  1905  1964 W PackageParsing: Ignoring duplicate uses-permissions/uses-permissions-sdk-m: android.permission.FOREGROUND_SERVICE_DATA_SYNC in package: com.google.android.gm at: Binary XML file line #390
02-26 23:55:05.363  1905  1964 W PackageParsing: Ignoring duplicate uses-permissions/uses-permissions-sdk-m: com.google.android.gm.DYNAMIC_RECEIVER_NOT_EXPORTED_PERMISSION in package: com.google.android.gm at: Binary XML file line #396
02-26 23:55:05.363  1905  1964 W PackageParsing: Ignoring duplicate uses-permissions/uses-permissions-sdk-m: android.permission.VIBRATE in package: com.google.android.gm at: Binary XML file line #397
02-26 23:55:05.363  1905  1964 W PackageParsing: Ignoring duplicate uses-permissions/uses-permissions-sdk-m: android.permission.READ_CONTACTS in package: com.google.android.gm at: Binary XML file line #398
02-26 23:55:05.363  1905  1964 W PackageParsing: Ignoring duplicate uses-permissions/uses-permissions-sdk-m: com.google.android.hangouts.START_HANGOUT in package: com.google.android.gm at: Binary XML file line #399
02-26 23:55:05.378  1905  1964 W PackageParsing: No actions in intent-filter at /data/app/~~i-KF32566MMRznq_43CUFQ==/com.google.android.gm-LAxXXnWsHsXn5JwICHQALA==/base.apk Binary XML file line #1033
02-26 23:55:05.379  1905  1964 W PackageParsing: No actions in intent-filter at /data/app/~~i-KF32566MMRznq_43CUFQ==/com.google.android.gm-LAxXXnWsHsXn5JwICHQALA==/base.apk Binary XML file line #1104
02-26 23:55:05.574  1905  1905 W PackageManager: Relax SCAN_REQUIRE_KNOWN requirement for package com.google.android.apps.messaging
02-26 23:55:05.605  1905  1905 W PackageManager: Relax SCAN_REQUIRE_KNOWN requirement for package com.motorola.livewallpaper3
02-26 23:55:05.610  1905  1905 W PackageManager: Relax SCAN_REQUIRE_KNOWN requirement for package com.motorola.gamemode
02-26 23:55:05.615  1905  1905 W PackageManager: Relax SCAN_REQUIRE_KNOWN requirement for package com.google.android.apps.googleassistant
02-26 23:55:05.626  1905  1964 W PackageParsing: Unknown element under <manifest>: module at /data/app/~~JA64j204ovPZ2rmDlZCJVQ==/com.Seriously.BestFiends-75Vqx3WTdVyonTo3w9LRGw==/base.apk Binary XML file line #3
02-26 23:55:05.627  1905  1964 W PackageParsing: Unknown element under <manifest>: module at /data/app/~~JA64j204ovPZ2rmDlZCJVQ==/com.Seriously.BestFiends-75Vqx3WTdVyonTo3w9LRGw==/base.apk Binary XML file line #3
02-26 23:55:05.628  1905  1964 W PackageParsing: Unknown element under <manifest>: module at /data/app/~~JA64j204ovPZ2rmDlZCJVQ==/com.Seriously.BestFiends-75Vqx3WTdVyonTo3w9LRGw==/base.apk Binary XML file line #3
02-26 23:55:05.629  1905  1964 W PackageParsing: Unknown element under <manifest>: module at /data/app/~~JA64j204ovPZ2rmDlZCJVQ==/com.Seriously.BestFiends-75Vqx3WTdVyonTo3w9LRGw==/base.apk Binary XML file line #3
02-26 23:55:05.629  1905  1964 W PackageParsing: Unknown element under <manifest>: module at /data/app/~~JA64j204ovPZ2rmDlZCJVQ==/com.Seriously.BestFiends-75Vqx3WTdVyonTo3w9LRGw==/base.apk Binary XML file line #3
02-26 23:55:05.630  1905  1964 W PackageParsing: Unknown element under <manifest>: module at /data/app/~~JA64j204ovPZ2rmDlZCJVQ==/com.Seriously.BestFiends-75Vqx3WTdVyonTo3w9LRGw==/base.apk Binary XML file line #3
02-26 23:55:05.630  1905  1964 W PackageParsing: Unknown element under <manifest>: module at /data/app/~~JA64j204ovPZ2rmDlZCJVQ==/com.Seriously.BestFiends-75Vqx3WTdVyonTo3w9LRGw==/base.apk Binary XML file line #3
02-26 23:55:05.631  1905  1964 W PackageParsing: Unknown element under <manifest>: module at /data/app/~~JA64j204ovPZ2rmDlZCJVQ==/com.Seriously.BestFiends-75Vqx3WTdVyonTo3w9LRGw==/base.apk Binary XML file line #3
02-26 23:55:05.632  1905  1964 W PackageParsing: Unknown element under <manifest>: module at /data/app/~~JA64j204ovPZ2rmDlZCJVQ==/com.Seriously.BestFiends-75Vqx3WTdVyonTo3w9LRGw==/base.apk Binary XML file line #3
02-26 23:55:05.632  1905  1964 W PackageParsing: Unknown element under <manifest>: module at /data/app/~~JA64j204ovPZ2rmDlZCJVQ==/com.Seriously.BestFiends-75Vqx3WTdVyonTo3w9LRGw==/base.apk Binary XML file line #3
02-26 23:55:05.633  1905  1964 W PackageParsing: Unknown element under <manifest>: module at /data/app/~~JA64j204ovPZ2rmDlZCJVQ==/com.Seriously.BestFiends-75Vqx3WTdVyonTo3w9LRGw==/base.apk Binary XML file line #3
02-26 23:55:05.634  1905  1964 W PackageParsing: Unknown element under <manifest>: module at /data/app/~~JA64j204ovPZ2rmDlZCJVQ==/com.Seriously.BestFiends-75Vqx3WTdVyonTo3w9LRGw==/base.apk Binary XML file line #3
02-26 23:55:05.634  1905  1964 W PackageParsing: Unknown element under <manifest>: module at /data/app/~~JA64j204ovPZ2rmDlZCJVQ==/com.Seriously.BestFiends-75Vqx3WTdVyonTo3w9LRGw==/base.apk Binary XML file line #3
02-26 23:55:05.635  1905  1964 W PackageParsing: Unknown element under <manifest>: module at /data/app/~~JA64j204ovPZ2rmDlZCJVQ==/com.Seriously.BestFiends-75Vqx3WTdVyonTo3w9LRGw==/base.apk Binary XML file line #3
02-26 23:55:05.635  1905  1964 W PackageParsing: Unknown element under <manifest>: module at /data/app/~~JA64j204ovPZ2rmDlZCJVQ==/com.Seriously.BestFiends-75Vqx3WTdVyonTo3w9LRGw==/base.apk Binary XML file line #3
02-26 23:55:05.636  1905  1964 W PackageParsing: Unknown element under <manifest>: module at /data/app/~~JA64j204ovPZ2rmDlZCJVQ==/com.Seriously.BestFiends-75Vqx3WTdVyonTo3w9LRGw==/base.apk Binary XML file line #3
02-26 23:55:05.637  1905  1964 W PackageParsing: Unknown element under <manifest>: module at /data/app/~~JA64j204ovPZ2rmDlZCJVQ==/com.Seriously.BestFiends-75Vqx3WTdVyonTo3w9LRGw==/base.apk Binary XML file line #3
02-26 23:55:05.637  1905  1964 W PackageParsing: Unknown element under <manifest>: module at /data/app/~~JA64j204ovPZ2rmDlZCJVQ==/com.Seriously.BestFiends-75Vqx3WTdVyonTo3w9LRGw==/base.apk Binary XML file line #3
02-26 23:55:05.638  1905  1964 W PackageParsing: Unknown element under <manifest>: module at /data/app/~~JA64j204ovPZ2rmDlZCJVQ==/com.Seriously.BestFiends-75Vqx3WTdVyonTo3w9LRGw==/base.apk Binary XML file line #3
02-26 23:55:05.716  1905  1962 W PackageParsing: Unknown element under <manifest>: uses-sdk at /data/app/~~exYIB5qPcVK6nXEwA7wwpA==/com.android.chrome-ABiZi7sMN0n7yZJw7XAwbA==/base.apk Binary XML file line #3
02-26 23:55:05.716  1905  1962 W PackageParsing: Unknown element under <manifest>: module at /data/app/~~exYIB5qPcVK6nXEwA7wwpA==/com.android.chrome-ABiZi7sMN0n7yZJw7XAwbA==/base.apk Binary XML file line #5
02-26 23:55:05.717  1905  1962 W PackageParsing: Unknown element under <manifest>: uses-split at /data/app/~~exYIB5qPcVK6nXEwA7wwpA==/com.android.chrome-ABiZi7sMN0n7yZJw7XAwbA==/base.apk Binary XML file line #11
02-26 23:55:05.721  1905  1962 W PackageParsing: Unknown element under <manifest>: uses-sdk at /data/app/~~exYIB5qPcVK6nXEwA7wwpA==/com.android.chrome-ABiZi7sMN0n7yZJw7XAwbA==/base.apk Binary XML file line #3
02-26 23:55:05.722  1905  1962 W PackageParsing: Unknown element under <manifest>: module at /data/app/~~exYIB5qPcVK6nXEwA7wwpA==/com.android.chrome-ABiZi7sMN0n7yZJw7XAwbA==/base.apk Binary XML file line #5
02-26 23:55:05.722  1905  1962 W PackageParsing: Unknown element under <manifest>: uses-split at /data/app/~~exYIB5qPcVK6nXEwA7wwpA==/com.android.chrome-ABiZi7sMN0n7yZJw7XAwbA==/base.apk Binary XML file line #11
02-26 23:55:05.723  1905  1962 W PackageParsing: Unknown element under <manifest>: uses-sdk at /data/app/~~exYIB5qPcVK6nXEwA7wwpA==/com.android.chrome-ABiZi7sMN0n7yZJw7XAwbA==/base.apk Binary XML file line #3
02-26 23:55:05.723  1905  1962 W PackageParsing: Unknown element under <manifest>: module at /data/app/~~exYIB5qPcVK6nXEwA7wwpA==/com.android.chrome-ABiZi7sMN0n7yZJw7XAwbA==/base.apk Binary XML file line #5
02-26 23:55:05.723  1905  1962 W PackageParsing: Unknown element under <manifest>: uses-permission at /data/app/~~exYIB5qPcVK6nXEwA7wwpA==/com.android.chrome-ABiZi7sMN0n7yZJw7XAwbA==/base.apk Binary XML file line #9
02-26 23:55:05.723  1905  1962 W PackageParsing: Unknown element under <manifest>: uses-permission at /data/app/~~exYIB5qPcVK6nXEwA7wwpA==/com.android.chrome-ABiZi7sMN0n7yZJw7XAwbA==/base.apk Binary XML file line #10
02-26 23:55:05.732  1905  1962 W PackageParsing: No actions in intent-filter at /data/app/~~exYIB5qPcVK6nXEwA7wwpA==/com.android.chrome-ABiZi7sMN0n7yZJw7XAwbA==/base.apk Binary XML file line #635
02-26 23:55:05.742  1905  1962 W PackageParsing: Unknown element under <manifest>: uses-sdk at /data/app/~~exYIB5qPcVK6nXEwA7wwpA==/com.android.chrome-ABiZi7sMN0n7yZJw7XAwbA==/base.apk Binary XML file line #3
02-26 23:55:05.742  1905  1962 W PackageParsing: Unknown element under <manifest>: module at /data/app/~~exYIB5qPcVK6nXEwA7wwpA==/com.android.chrome-ABiZi7sMN0n7yZJw7XAwbA==/base.apk Binary XML file line #5
02-26 23:55:05.747  1905  1962 W PackageParsing: Unknown element under <manifest>: uses-sdk at /data/app/~~exYIB5qPcVK6nXEwA7wwpA==/com.android.chrome-ABiZi7sMN0n7yZJw7XAwbA==/base.apk Binary XML file line #3
02-26 23:55:05.748  1905  1962 W PackageParsing: Unknown element under <manifest>: module at /data/app/~~exYIB5qPcVK6nXEwA7wwpA==/com.android.chrome-ABiZi7sMN0n7yZJw7XAwbA==/base.apk Binary XML file line #5
02-26 23:55:05.748  1905  1962 W PackageParsing: Unknown element under <manifest>: uses-split at /data/app/~~exYIB5qPcVK6nXEwA7wwpA==/com.android.chrome-ABiZi7sMN0n7yZJw7XAwbA==/base.apk Binary XML file line #26
02-26 23:55:05.753  1905  1962 W PackageParsing: Unknown element under <manifest>: uses-sdk at /data/app/~~exYIB5qPcVK6nXEwA7wwpA==/com.android.chrome-ABiZi7sMN0n7yZJw7XAwbA==/base.apk Binary XML file line #3
02-26 23:55:05.753  1905  1962 W PackageParsing: Unknown element under <manifest>: module at /data/app/~~exYIB5qPcVK6nXEwA7wwpA==/com.android.chrome-ABiZi7sMN0n7yZJw7XAwbA==/base.apk Binary XML file line #5
