02-26 23:55:32.416  1905  1905 W DefaultPermGrantPolicy: Permission not found: android.permission.WRITE_VERIFICATION_STATE_E2EE_CONTACT_KEYS
02-26 23:55:32.416  1905  1905 W DefaultPermGrantPolicy: Permission not found: android.permission.QUERY_ADVANCED_PROTECTION_MODE
02-26 23:55:32.416  1905  1905 W DefaultPermGrantPolicy: Permission not found: android.permission.MANAGE_ADVANCED_PROTECTION_MODE
02-26 23:55:32.416  1905  1905 W DefaultPermGrantPolicy: Permission not found: android.permission.READ_INTRUSION_DETECTION_STATE
02-26 23:55:32.416  1905  1905 W DefaultPermGrantPolicy: Permission not found: android.permission.MANAGE_INTRUSION_DETECTION_STATE
02-26 23:55:32.416  1905  1905 W DefaultPermGrantPolicy: Permission not found: android.permission.PROVIDE_DEFAULT_ENABLED_CREDENTIAL_SERVICE
02-26 23:55:32.416  1905  1905 W DefaultPermGrantPolicy: Permission not found: android.permission.PROVIDE_REMOTE_CREDENTIALS
02-26 23:55:32.417  1905  1905 W DefaultPermGrantPolicy: Permission not found: com.google.android.permission.USE_GRIL
02-26 23:55:32.417  1905  1905 W DefaultPermGrantPolicy: Permission not found: android.permission.health.READ_HEART_RATE
02-26 23:55:32.417  1905  1905 W DefaultPermGrantPolicy: Permission not found: com.google.android.gms.game.notifications.permission.WRITE
02-26 23:55:32.417  1905  1905 W DefaultPermGrantPolicy: Permission not found: com.google.android.launcher.permission.RECEIVE_LAUNCH_BROADCASTS
02-26 23:55:32.417  1905  1905 W DefaultPermGrantPolicy: Permission not found: com.android.vending.billing.IBillingAccountService.BIND2
02-26 23:55:32.417  1905  1905 W DefaultPermGrantPolicy: Permission not found: com.google.android.googleapps.permission.ACCESS_GOOGLE_PASSWORD
02-26 23:55:32.417  1905  1905 W DefaultPermGrantPolicy: Permission not found: com.google.android.googleapps.permission.GOOGLE_MAIL_SWITCH
02-26 23:55:32.420  1905  1905 W DefaultPermGrantPolicy: Permission not found: android.permission.FOREGROUND_SERVICE_MEDIA_PLAYBACK
02-26 23:55:32.420  1905  1905 W DefaultPermGrantPolicy: Permission not found: android.permission.RUN_USER_INITIATED_JOBS
02-26 23:55:32.420  1905  1905 W DefaultPermGrantPolicy: Permission not found: android.permission.CREDENTIAL_MANAGER_QUERY_CANDIDATE_CREDENTIALS
02-26 23:55:32.420  1905  1905 W DefaultPermGrantPolicy: Permission not found: android.permission.CREDENTIAL_MANAGER_SET_ALLOWED_PROVIDERS
02-26 23:55:32.421  1905  1905 W DefaultPermGrantPolicy: Permission not found: android.permission.SCENE_UNDERSTANDING
02-26 23:55:32.421  1905  1905 W DefaultPermGrantPolicy: Permission not found: android.permission.HAND_TRACKING
02-26 23:55:32.421  1905  1905 W DefaultPermGrantPolicy: Permission not found: com.chrome.permission.DEVICE_EXTRAS
02-26 23:55:32.421  1905  1905 W DefaultPermGrantPolicy: Permission not found: com.sec.enterprise.knox.MDM_CONTENT_PROVIDER
02-26 23:55:32.421  1905  1905 W DefaultPermGrantPolicy: Permission not found: com.google.android.launcher.permission.CONTENT_REDIRECT
02-26 23:55:32.422  1905  1905 W DefaultPermGrantPolicy: Permission not found: com.google.android.launcher.permission.READ_SETTINGS
02-26 23:55:32.422  1905  1905 W DefaultPermGrantPolicy: Permission not found: com.google.android.launcher.permission.WRITE_SETTINGS
02-26 23:55:32.422  1905  1905 W DefaultPermGrantPolicy: Permission not found: com.google.android.launcher.permission.RECEIVE_FIRST_LOAD_BROADCAST
02-26 23:55:32.422  1905  1905 W DefaultPermGrantPolicy: Permission not found: com.google.android.voicesearch.SHORTCUTS_ACCESS
02-26 23:55:32.422  1905  1905 W DefaultPermGrantPolicy: Permission not found: com.google.android.voicesearch.ACCESS_SETTINGS
02-26 23:55:32.422  1905  1905 W DefaultPermGrantPolicy: Permission not found: com.android.browser.permission.PRELOAD
02-26 23:55:32.422  1905  1905 W DefaultPermGrantPolicy: Permission not found: com.google.android.ears.permission.WRITE
02-26 23:55:32.422  1905  1905 W DefaultPermGrantPolicy: Permission not found: android.permission.READ_MEDIA_VISUAL_USER_SELECTED
02-26 23:55:32.422  1905  1905 W DefaultPermGrantPolicy: Permission not found: com.google.googlenav.friend.permission.OPT_IN
02-26 23:55:32.422  1905  1905 W DefaultPermGrantPolicy: Permission not found: com.google.android.apps.maps.permission.PREFETCH
02-26 23:55:32.422  1905  1905 W DefaultPermGrantPolicy: Permission not found: com.google.android.apps.gmm.dev.permission.ASSISTANT_GRPC_SYNC
02-26 23:55:32.422  1905  1905 W DefaultPermGrantPolicy: Permission not found: com.google.android.apps.gmm.dogfood.permission.ASSISTANT_GRPC_SYNC
02-26 23:55:32.422  1905  1905 W DefaultPermGrantPolicy: Permission not found: com.google.android.apps.gmm.fishfood.permission.ASSISTANT_GRPC_SYNC
02-26 23:55:32.422  1905  1905 W DefaultPermGrantPolicy: Permission not found: com.google.android.apps.gmm.permission.ASSISTANT_GRPC_SYNC
02-26 23:55:32.422  1905  1905 W DefaultPermGrantPolicy: Permission not found: com.google.android.apps.gmm.qp.permission.ASSISTANT_GRPC_SYNC
02-26 23:55:32.423  1905  1905 W DefaultPermGrantPolicy: Permission not found: com.google.android.apps.googlevoice.permission.AUTO_SEND
02-26 23:55:32.423  1905  1905 W DefaultPermGrantPolicy: Permission not found: com.android.chrome.PRERENDER_URL
02-26 23:55:32.423  1905  1905 W DefaultPermGrantPolicy: Permission not found: com.android.chrome.permission.TRANSLATE
02-26 23:55:32.423  1905  1905 W DefaultPermGrantPolicy: Permission not found: android.permission.EXECUTE_APP_ACTION
02-26 23:55:32.423  1905  1905 W DefaultPermGrantPolicy: Permission not found: com.samsung.android.app.tips.permission.USE_INTENT_SERVICE
02-26 23:55:32.465  1905  1905 W DefaultPermGrantPolicy: Permission not found: com.samsung.android.permission.SEC_EYECOMFORT_BROADCAST
02-26 23:55:32.466  1905  1905 W DefaultPermGrantPolicy: Permission not found: android.permission.FOREGROUND_SERVICE_LOCATION
02-26 23:55:32.466  1905  1905 W DefaultPermGrantPolicy: Permission not found: android.permission.FOREGROUND_SERVICE_CAMERA
02-26 23:55:32.488  1905  1905 W DefaultPermGrantPolicy: Permission not found: com.microsoft.deviceexperiences.permission.CLOUD_CONNECT_ACTIONS
02-26 23:55:32.488  1905  1905 W DefaultPermGrantPolicy: Permission not found: com.motorola.mobiledesktop.permission.INTERNAL
02-26 23:55:32.488  1905  1905 W DefaultPermGrantPolicy: Permission not found: com.motorola.blur.setupprovider.Permissions.ACCESS_ACCOUNTS
02-26 23:55:32.488  1905  1905 W DefaultPermGrantPolicy: Permission not found: com.android.email.permission.ACCESS_PROVIDER
02-26 23:55:32.488  1905  1905 W DefaultPermGrantPolicy: Permission not found: com.motorola.actions.PERMISSION_FLAG
02-26 23:55:32.490  1905  1905 W DefaultPermGrantPolicy: Permission not found: android.permission.USB_PERMISSION
02-26 23:55:32.491  1905  1905 W DefaultPermGrantPolicy: Permission not found: com.motorola.sprint.permission.ACCESS_SETTINGS
02-26 23:55:32.491  1905  1905 W DefaultPermGrantPolicy: Permission not found: com.sprint.internal.permission.SYSTEMPROPERTIES_WRITE
02-26 23:55:32.491  1905  1905 W DefaultPermGrantPolicy: Permission not found: com.sprint.internal.permission.SYSTEMPROPERTIES
02-26 23:55:32.491  1905  1905 W DefaultPermGrantPolicy: Permission not found: motorola.sprint.permission.ACCESS_OMADM_DATA_SERVICE
02-26 23:55:32.491  1905  1905 W DefaultPermGrantPolicy: Permission not found: motorola.sprint.permission.READ_NETWORK_STATUS
02-26 23:55:32.491  1905  1905 W DefaultPermGrantPolicy: Permission not found: motorola.sprint.permission.READ_OMADM_OVERLAY_DATA
02-26 23:55:32.491  1905  1905 W DefaultPermGrantPolicy: Permission not found: motorola.sprint.permission.READ_OMADM_RUNTIME_DATA
02-26 23:55:32.491  1905  1905 W DefaultPermGrantPolicy: Permission not found: motorola.sprint.permission.WRITE_NETWORK_STATUS
02-26 23:55:32.491  1905  1905 W DefaultPermGrantPolicy: Permission not found: motorola.sprint.permission.WRITE_OMADM_OVERLAY_DATA
02-26 23:55:32.492  1905  1905 W DefaultPermGrantPolicy: Permission not found: com.verizon.vzwavs.permission.READ
02-26 23:55:32.492  1905  1905 W DefaultPermGrantPolicy: Permission not found: android.Manifest.permission.READ_PRIVILEGED_PHONE_STATE
02-26 23:55:32.493  1905  1905 W DefaultPermGrantPolicy: Permission not found: com.tmobile.dm.ms.services.permission.EXTERNAL_SERVICE
02-26 23:55:32.506  1905  1905 E DefaultPermGrantPolicy: Package not found: com.dti.motorola
02-26 23:55:32.520  1905  1905 E DefaultPermGrantPolicy: Package not found: com.google.android.apps.assistant
02-26 23:55:32.520  1905  1905 E DefaultPermGrantPolicy: Package not found: com.google.android.apps.actionsservice
02-26 23:55:32.538  1401  1401 I wificond: Receive notifyCountryCodeChanged
02-26 23:55:32.538  1401  1401 I wificond: UpdateBandInfo
02-26 23:55:32.542  1401  1401 I wificond: 2.4Ghz frequencies: 2412 2417 2422 2427 2432 2437 2442 2447 2452 2457 2462
02-26 23:55:32.542  1905  1905 W DefaultPermGrantPolicy: Permission not found: android.permission.FOREGROUND_SERVICE_SPECIAL_USE
02-26 23:55:32.543  1401  1401 I wificond: 5Ghz non-DFS frequencies:
02-26 23:55:32.543  1401  1401 I wificond: 5Ghz DFS frequencies: 5180 5200 5220 5240 5260 5280 5300 5320 5500 5520 5540 5560 5580 5600 5620 5640 5660 5680 5700 5720 5745 5765 5785 5805 5825
02-26 23:55:32.543  1401  1401 I wificond: 6Ghz frequencies:
02-26 23:55:32.543  1401  1401 I wificond: 60Ghz frequencies:
02-26 23:55:32.543  1905  1905 W DefaultPermGrantPolicy: Permission not found: com.motorola.permission.ACCESS_MOTO_INSTALLER
02-26 23:55:32.543  1905  1905 W DefaultPermGrantPolicy: Permission not found: com.android.launcher3.permission.READ_SETTINGS
02-26 23:55:32.543  1905  1905 W DefaultPermGrantPolicy: Permission not found: com.android.launcher3.permission.WRITE_SETTINGS
02-26 23:55:32.544  1905  1905 W DefaultPermGrantPolicy: Permission not found: android.intent.action.CLOSE_SYSTEM_DIALOGS
02-26 23:55:32.544  1905  1905 W DefaultPermGrantPolicy: Permission not found: com.motorola.sstservice.permission.MODIFY_AUDIO_SETTINGS
02-26 23:55:32.544  1905  1905 W DefaultPermGrantPolicy: Permission not found: com.zui.uhealth.permission.READ_PROVIDER
02-26 23:55:32.544  1905  1905 W DefaultPermGrantPolicy: Permission not found: com.zui.uhealth.permission.WRITE_PROVIDER
02-26 23:55:32.545  1905  1905 W DefaultPermGrantPolicy: Permission not found: com.android.systemui.permission.SEND_ALERT_BROADCASTS
02-26 23:55:32.545  1905  1905 W DefaultPermGrantPolicy: Permission not found: com.samsung.android.aremoji.provider.permission.READ_STICKER_PROVIDER
02-26 23:55:32.545  1905  1905 W DefaultPermGrantPolicy: Permission not found: com.samsung.android.livestickers.provider.permission.READ_STICKER_PROVIDER
02-26 23:55:32.545  1905  1905 W DefaultPermGrantPolicy: Permission not found: com.samsung.android.provider.filterprovider.permission.READ_FILTER
02-26 23:55:32.545  1905  1905 W DefaultPermGrantPolicy: Permission not found: com.samsung.android.provider.stickerprovider.permission.READ_STICKER_PROVIDER
02-26 23:55:32.545  1905  1905 W DefaultPermGrantPolicy: Permission not found: com.samsung.android.app.telephonyui.permission.READ_SETTINGS_PROVIDER
02-26 23:55:32.545  1905  1905 W DefaultPermGrantPolicy: Permission not found: com.samsung.android.app.telephonyui.permission.WRITE_SETTINGS_PROVIDER
02-26 23:55:32.545  1905  1905 W DefaultPermGrantPolicy: Permission not found: com.samsung.android.mcfds.permission.AUTOSWITCH_EXTRA_CALL
02-26 23:55:32.546  1905  1905 W DefaultPermGrantPolicy: Permission not found: com.motorola.permission.TELEPHONY_RAW
02-26 23:55:32.546  1905  1905 W DefaultPermGrantPolicy: Permission not found: com.motorola.permission.ACCESS_JVTCMD_SERVICES
02-26 23:55:32.546  1905  1905 W DefaultPermGrantPolicy: Permission not found: com.fingerprints.extension.SENSOR_TEST
02-26 23:55:32.546  1905  1905 W DefaultPermGrantPolicy: Permission not found: com.fingerprints.service.ACCESS_EXTENSION_SERVICE
02-26 23:55:32.546  1905  1905 W DefaultPermGrantPolicy: Permission not found: com.android.uwb.READ_NOTIFICATION
02-26 23:55:32.548  1905  1905 W DefaultPermGrantPolicy: Permission not found: com.verizon.api.ACCESS
02-26 23:55:32.548  1905  1905 W DefaultPermGrantPolicy: Permission not found: com.vzw.permission.ALLOW_VOLTE_PERMISSION
02-26 23:55:32.549  1905  1905 W DefaultPermGrantPolicy: Permission not found: com.motorola.digitalpersonalization.permission.READ_CREDENTIALS
02-26 23:55:32.550  1905  1905 W DefaultPermGrantPolicy: Permission not found: com.motorola.aiservices.BIND_SERVICE
02-26 23:55:32.551  1905  1905 W DefaultPermGrantPolicy: Permission not found: com.motorola.permission.systemui.LONG_SCREENSHOT
02-26 23:55:32.551  1905  1905 W DefaultPermGrantPolicy: Permission not found: com.motorola.mod.permission.MOD_ACCESS_INFO
02-26 23:55:32.551  1905  1905 W DefaultPermGrantPolicy: Permission not found: com.motorola.audiomonitor.permission.AOV_TTS_PLAY
02-26 23:55:32.551  1905  1905 W DefaultPermGrantPolicy: Permission not found: com.motorola.mya.aiservices.engine.permission.CONTEXT_ENGINE
02-26 23:55:32.562  1905  1905 D SystemServerTiming: MakeDisplayManagerServiceReady
02-26 23:55:32.563  1905  1961 W PackageManager: Not removing package com.google.android.trichromelibrary hosting lib com.google.android.trichromelibrary version 661310030 used by [VersionedPackage[com.android.chrome/661310030]] for user 0
02-26 23:55:32.564  1905  1928 E DisplayModeDirector: Asked about unknown display, returning empty display mode specs!(id=0)
02-26 23:55:32.565  1905  1928 E DisplayModeDirector: Asked about unknown display, returning empty display mode specs!(id=0)
02-26 23:55:32.568  1905  1929 D DisplayManagerService: checkReadyforBootAnimationCompleteLocked: Animation complete!
02-26 23:55:32.568  1905  1905 I BrightnessSynchronizer: Initial brightness readings: 87(int), 0.21167478(float)
02-26 23:55:32.570  1905  1905 D SystemServerTiming: StartDeviceSpecificServices
02-26 23:55:32.570  1905  1905 D SystemServerTiming: GameManagerService
02-26 23:55:32.571  1905  1905 I SystemServiceManager: Starting com.android.server.app.GameManagerService$Lifecycle
02-26 23:55:32.577  1905  1905 D SystemServerTiming: ArtManagerLocal
02-26 23:55:32.579  1905  1905 D SystemServerTiming: StartBootPhaseDeviceSpecificServicesReady
02-26 23:55:32.579  1905  1905 I SystemServiceManager: Starting phase 520
02-26 23:55:32.579  1905  1905 D SystemServerTiming: OnBootPhase_520
02-26 23:55:32.579  1905  1905 D SystemServerTiming: OnBootPhase_520_com.android.server.security.FileIntegrityService
02-26 23:55:32.579  1905  1905 D SystemServerTiming: OnBootPhase_520_com.android.server.pm.Installer
02-26 23:55:32.579  1905  1905 D SystemServerTiming: OnBootPhase_520_com.android.server.os.DeviceIdentifiersPolicyService
02-26 23:55:32.579  1905  1905 D SystemServerTiming: OnBootPhase_520_com.android.server.uri.UriGrantsManagerService$Lifecycle
02-26 23:55:32.579  1905  1905 D SystemServerTiming: OnBootPhase_520_com.android.server.powerstats.PowerStatsService
02-26 23:55:32.579  1905  1905 D SystemServerTiming: OnBootPhase_520_com.android.server.wm.ActivityTaskManagerService$Lifecycle
02-26 23:55:32.580  1905  1905 D SystemServerTiming: OnBootPhase_520_com.android.server.am.ActivityManagerService$Lifecycle
02-26 23:55:32.580  1905  1905 D SystemServerTiming: OnBootPhase_520_com.android.server.pm.DataLoaderManagerService
02-26 23:55:32.580  1905  1905 D SystemServerTiming: OnBootPhase_520_com.android.server.power.PowerManagerService
02-26 23:55:32.580  1905  1905 D SystemServerTiming: OnBootPhase_520_com.android.server.power.ThermalManagerService
02-26 23:55:32.580  1905  1905 D SystemServerTiming: OnBootPhase_520_com.android.server.power.hint.HintManagerService
02-26 23:55:32.580  1905  1905 D SystemServerTiming: OnBootPhase_520_com.android.server.recoverysystem.RecoverySystemService$Lifecycle
02-26 23:55:32.580  1905  1905 D SystemServerTiming: OnBootPhase_520_com.android.server.lights.LightsService
02-26 23:55:32.580  1905  1905 D SystemServerTiming: OnBootPhase_520_com.motorola.server.display.PanelsService
02-26 23:55:32.580  1905  1905 D SystemServerTiming: OnBootPhase_520_com.motorola.server.wifidatastall.WifiDataStallService
02-26 23:55:32.580  1905  1905 D SystemServerTiming: OnBootPhase_520_com.motorola.server.enhancedconnectivity.EnhancedConnectivityService
02-26 23:55:32.580  1905  1905 D SystemServerTiming: OnBootPhase_520_com.android.server.display.DisplayManagerService
02-26 23:55:32.580  1905  1905 D SystemServerTiming: OnBootPhase_520_com.android.server.pm.verify.domain.DomainVerificationService
02-26 23:55:32.580  1905  1905 D SystemServerTiming: OnBootPhase_520_com.android.server.pm.PackageInstallerService$Lifecycle
02-26 23:55:32.580  1905  1905 D SystemServerTiming: OnBootPhase_520_com.android.server.pm.UserManagerService$LifeCycle
02-26 23:55:32.580  1905  1905 D SystemServerTiming: OnBootPhase_520_com.android.server.om.OverlayManagerService
02-26 23:55:32.580  1905  1905 D SystemServerTiming: OnBootPhase_520_com.android.server.resources.ResourcesManagerService
02-26 23:55:32.580  1905  1905 D SystemServerTiming: OnBootPhase_520_com.android.server.sensorprivacy.SensorPrivacyService
02-26 23:55:32.580  1905  1905 D SystemServerTiming: OnBootPhase_520_com.android.server.sensors.SensorService
02-26 23:55:32.580  1905  1905 D SystemServerTiming: OnBootPhase_520_com.android.server.SystemConfigService
02-26 23:55:32.580  1905  1905 D SystemServerTiming: OnBootPhase_520_com.android.server.BatteryService
02-26 23:55:32.580  1905  1905 D SystemServerTiming: OnBootPhase_520_com.android.server.usage.UsageStatsService
02-26 23:55:32.580  1905  1905 D SystemServerTiming: OnBootPhase_520_com.android.server.webkit.WebViewUpdateService
02-26 23:55:32.580  1905  1905 D SystemServerTiming: OnBootPhase_520_com.android.server.CachedDeviceStateService
02-26 23:55:32.580  1905  1905 D SystemServerTiming: OnBootPhase_520_com.android.server.BinderCallsStatsService$LifeCycle
02-26 23:55:32.580  1905  1905 D SystemServerTiming: OnBootPhase_520_com.android.server.LooperStatsService$Lifecycle
02-26 23:55:32.580  1905  1905 D SystemServerTiming: OnBootPhase_520_com.android.server.rollback.RollbackManagerService
02-26 23:55:32.580  1905  1905 D SystemServerTiming: OnBootPhase_520_com.android.server.os.NativeTombstoneManagerService
02-26 23:55:32.580  1905  1905 D SystemServerTiming: OnBootPhase_520_com.android.server.os.BugreportManagerService
02-26 23:55:32.580  1905  1905 D SystemServerTiming: OnBootPhase_520_com.android.server.gpu.GpuService
02-26 23:55:32.580  1905  1905 D SystemServerTiming: OnBootPhase_520_com.android.server.security.KeyChainSystemService
02-26 23:55:32.580  1905  1905 D SystemServerTiming: OnBootPhase_520_com.android.server.BinaryTransparencyService
02-26 23:55:32.580  1905  1905 D SystemServerTiming: OnBootPhase_520_com.android.server.telecom.TelecomLoaderService
02-26 23:55:32.580  1905  1905 D SystemServerTiming: OnBootPhase_520_com.android.server.accounts.AccountManagerService$Lifecycle
02-26 23:55:32.580  1905  1905 D SystemServerTiming: OnBootPhase_520_com.android.server.content.ContentService$Lifecycle
02-26 23:55:32.580  1905  1905 D SystemServerTiming: OnBootPhase_520_com.android.server.DropBoxManagerService
02-26 23:55:32.580  1905  1905 D SystemServerTiming: OnBootPhase_520_com.android.role.RoleService
02-26 23:55:32.580  1905  1905 D SystemServerTiming: OnBootPhase_520_com.android.server.vibrator.VibratorManagerService$Lifecycle
02-26 23:55:32.580  1905  1905 D SystemServerTiming: OnBootPhase_520_com.android.server.tare.InternalResourceService
02-26 23:55:32.580  1905  1905 D SystemServerTiming: OnBootPhase_520_com.android.server.alarm.AlarmManagerService
02-26 23:55:32.580  1905  1905 D SystemServerTiming: OnBootPhase_520_com.android.server.devicestate.DeviceStateManagerService
02-26 23:55:32.580  1905  1905 D SystemServerTiming: OnBootPhase_520_com.android.server.camera.CameraServiceProxy
02-26 23:55:32.580  1905  1905 D SystemServerTiming: OnBootPhase_520_com.android.server.bluetooth.BluetoothService
02-26 23:55:32.580  1905  1905 D SystemServerTiming: OnBootPhase_520_com.android.server.connectivity.IpConnectivityMetrics
02-26 23:55:32.580  1905  1905 D SystemServerTiming: OnBootPhase_520_com.android.server.net.watchlist.NetworkWatchlistService$Lifecycle
02-26 23:55:32.580  1905  1905 D SystemServerTiming: OnBootPhase_520_com.android.server.PinnerService
02-26 23:55:32.580  1905  1905 D SystemServerTiming: OnBootPhase_520_com.android.server.integrity.AppIntegrityManagerService
02-26 23:55:32.581  1905  1905 D SystemServerTiming: OnBootPhase_520_com.android.server.logcat.LogcatManagerService
02-26 23:55:32.581  1905  1905 D SystemServerTiming: OnBootPhase_520_com.android.server.inputmethod.InputMethodManagerService$Lifecycle
02-26 23:55:32.581  1905  1905 D SystemServerTiming: OnBootPhase_520_com.android.server.accessibility.AccessibilityManagerService$Lifecycle
02-26 23:55:32.581  1905  1905 D SystemServerTiming: OnBootPhase_520_com.android.server.StorageManagerService$Lifecycle
02-26 23:55:32.581  1905  1905 D SystemServerTiming: OnBootPhase_520_com.android.server.usage.StorageStatsService$Lifecycle
02-26 23:55:32.581  1905  1905 D SystemServerTiming: OnBootPhase_520_com.android.server.UiModeManagerService
02-26 23:55:32.581  1905  1905 D SystemServerTiming: OnBootPhase_520_com.android.server.locales.LocaleManagerService
02-26 23:55:32.581  1905  1905 D SystemServerTiming: OnBootPhase_520_com.android.server.locksettings.LockSettingsService$Lifecycle
02-26 23:55:32.581  1905  1905 D SystemServerTiming: OnBootPhase_520_com.android.server.PersistentDataBlockService
02-26 23:55:32.581  1905  1905 D SystemServerTiming: OnBootPhase_520_com.android.server.testharness.TestHarnessModeService
02-26 23:55:32.581  1905  1905 D SystemServerTiming: OnBootPhase_520_com.android.server.oemlock.OemLockService
02-26 23:55:32.581  1905  1905 D SystemServerTiming: OnBootPhase_520_com.android.server.DeviceIdleController
02-26 23:55:32.581  1905  1905 D SystemServerTiming: OnBootPhase_520_com.android.server.devicepolicy.DevicePolicyManagerService$Lifecycle
02-26 23:55:32.581  1905  1905 D SystemServerTiming: OnBootPhase_520_com.android.server.contentcapture.ContentCaptureManagerService
02-26 23:55:32.581  1905  1905 D SystemServerTiming: OnBootPhase_520_com.android.server.attention.AttentionManagerService
02-26 23:55:32.581  1905  1905 D SystemServerTiming: OnBootPhase_520_com.android.server.systemcaptions.SystemCaptionsManagerService
02-26 23:55:32.581  1905  1905 D SystemServerTiming: OnBootPhase_520_com.android.server.texttospeech.TextToSpeechManagerService
02-26 23:55:32.581  1905  1905 D SystemServerTiming: OnBootPhase_520_com.android.server.ambientcontext.AmbientContextManagerService
02-26 23:55:32.581  1905  1905 D SystemServerTiming: OnBootPhase_520_com.android.server.speech.SpeechRecognitionManagerService
02-26 23:55:32.581  1905  1905 D SystemServerTiming: OnBootPhase_520_com.android.server.appprediction.AppPredictionManagerService
02-26 23:55:32.581  1905  1905 D SystemServerTiming: OnBootPhase_520_com.android.server.searchui.SearchUiManagerService
02-26 23:55:32.581  1905  1905 D SystemServerTiming: OnBootPhase_520_com.android.server.smartspace.SmartspaceManagerService
02-26 23:55:32.581  1905  1905 D SystemServerTiming: OnBootPhase_520_com.android.server.graphics.fonts.FontManagerService$Lifecycle
02-26 23:55:32.581  1905  1905 D SystemServerTiming: OnBootPhase_520_com.android.server.textservices.TextServicesManagerService$Lifecycle
02-26 23:55:32.581  1905  1905 D SystemServerTiming: OnBootPhase_520_com.android.server.textclassifier.TextClassificationManagerService$Lifecycle
02-26 23:55:32.581  1905  1905 D SystemServerTiming: OnBootPhase_520_com.android.server.NetworkScoreService$Lifecycle
02-26 23:55:32.581  1905  1905 D SystemServerTiming: OnBootPhase_520_com.android.server.NetworkStatsServiceInitializer
02-26 23:55:32.581  1905  1905 D SystemServerTiming: OnBootPhase_520_com.android.server.wifi.WifiService
02-26 23:55:32.581  1905  1905 D SystemServerTiming: OnBootPhase_520_com.android.server.wifi.scanner.WifiScanningService
02-26 23:55:32.581  1905  1905 D SystemServerTiming: OnBootPhase_520_com.android.server.wifi.p2p.WifiP2pService
02-26 23:55:32.581  1905  1905 D SystemServerTiming: OnBootPhase_520_com.android.server.ConnectivityServiceInitializer
02-26 23:55:32.581  1905  1905 D SystemServerTiming: OnBootPhase_520_com.motorola.server.MotoExtHwService
02-26 23:55:32.581  1905  1905 D SystemServerTiming: OnBootPhase_520_com.motorola.server.enterprise.license.manager.MotoEnterpriseLicenseService
02-26 23:55:32.581  1905  1905 D SystemServerTiming: OnBootPhase_520_com.motorola.server.enterprise.MotoDevicePolicyManagerService
02-26 23:55:32.581  1905  1905 D SystemServerTiming: OnBootPhase_520_com.motorola.server.security.MotoSecurityManagerService
02-26 23:55:32.581  1905  1905 D SystemServerTiming: OnBootPhase_520_com.motorola.server.MotoExtendService
02-26 23:55:32.581  1905  1905 D SystemServerTiming: OnBootPhase_520_com.motorola.server.proxy.MotoInputManagerProxyService
02-26 23:55:32.581  1905  1905 D SystemServerTiming: OnBootPhase_520_com.motorola.server.audio.radar.AudioRadarService$Lifecycle
02-26 23:55:32.581  1905  1905 D SystemServerTiming: OnBootPhase_520_com.android.server.notification.NotificationManagerService
02-26 23:55:32.581  1905  1905 D SystemServerTiming: OnBootPhase_520_com.android.server.storage.DeviceStorageMonitorService
02-26 23:55:32.581  1905  1905 D SystemServerTiming: OnBootPhase_520_com.android.server.location.LocationManagerService$Lifecycle
02-26 23:55:32.581  1905  1905 D SystemServerTiming: OnBootPhase_520_com.android.server.timedetector.TimeDetectorService$Lifecycle
02-26 23:55:32.581  1905  1905 D SystemServerTiming: OnBootPhase_520_com.android.server.timezonedetector.TimeZoneDetectorService$Lifecycle
02-26 23:55:32.581  1905  1905 D SystemServerTiming: OnBootPhase_520_com.android.server.timezonedetector.location.LocationTimeZoneManagerService$Lifecycle
02-26 23:55:32.581  1905  1905 D SystemServerTiming: OnBootPhase_520_com.android.server.search.SearchManagerService$Lifecycle
02-26 23:55:32.581  1905  1905 D SystemServerTiming: OnBootPhase_520_com.android.server.wallpaper.WallpaperManagerService$Lifecycle
02-26 23:55:32.582  1905  1905 D SystemServerTiming: OnBootPhase_520_com.android.server.wallpapereffectsgeneration.WallpaperEffectsGenerationManagerService
02-26 23:55:32.582  1905  1905 D SystemServerTiming: OnBootPhase_520_com.android.server.audio.AudioService$Lifecycle
02-26 23:55:32.582  1905  1905 D SystemServerTiming: OnBootPhase_520_com.android.server.soundtrigger_middleware.SoundTriggerMiddlewareService$Lifecycle
02-26 23:55:32.582  1905  1905 D SystemServerTiming: OnBootPhase_520_com.android.server.DockObserver
02-26 23:55:32.582  1905  1905 D SystemServerTiming: OnBootPhase_520_com.android.server.midi.MidiService$Lifecycle
02-26 23:55:32.582  1905  1905 D SystemServerTiming: OnBootPhase_520_com.android.server.adb.AdbService$Lifecycle
02-26 23:55:32.582  1905  1905 D SystemServerTiming: OnBootPhase_520_com.android.server.usb.UsbService$Lifecycle
02-26 23:55:32.582  1905  1905 D SystemServerTiming: OnBootPhase_520_com.android.server.twilight.TwilightService
02-26 23:55:32.582  1905  1905 D SystemServerTiming: OnBootPhase_520_com.android.server.display.color.ColorDisplayService
02-26 23:55:32.582  1905  1905 D SystemServerTiming: OnBootPhase_520_com.android.server.job.JobSchedulerService
02-26 23:55:32.582  1905  1905 D SystemServerTiming: OnBootPhase_520_com.android.server.soundtrigger.SoundTriggerService
02-26 23:55:32.582  1905  1905 D SoundTriggerService: onBootPhase: 520 : false
02-26 23:55:32.582  1905  1905 D SystemServerTiming: OnBootPhase_520_com.android.server.trust.TrustManagerService
02-26 23:55:32.582  1905  1905 D SystemServerTiming: OnBootPhase_520_com.android.server.backup.BackupManagerService$Lifecycle
02-26 23:55:32.582  1905  1905 D SystemServerTiming: OnBootPhase_520_com.android.server.appwidget.AppWidgetService
02-26 23:55:32.582  1905  1905 D SystemServerTiming: OnBootPhase_520_com.android.server.voiceinteraction.VoiceInteractionManagerService
02-26 23:55:32.582  1905  1905 D SystemServerTiming: OnBootPhase_520_com.android.server.apphibernation.AppHibernationService
02-26 23:55:32.582  1905  1905 D SystemServerTiming: OnBootPhase_520_com.android.server.GestureLauncherService
02-26 23:55:32.582  1905  1905 D SystemServerTiming: OnBootPhase_520_com.android.server.SensorNotificationService
02-26 23:55:32.582  1905  1905 D SystemServerTiming: OnBootPhase_520_com.android.server.emergency.EmergencyAffordanceService
02-26 23:55:32.582  1905  1905 D SystemServerTiming: OnBootPhase_520_com.android.server.blob.BlobStoreManagerService
02-26 23:55:32.582  1905  1905 D SystemServerTiming: OnBootPhase_520_com.android.server.dreams.DreamManagerService
02-26 23:55:32.582  1905  1905 D SystemServerTiming: OnBootPhase_520_com.android.server.print.PrintManagerService
02-26 23:55:32.582  1905  1905 D SystemServerTiming: OnBootPhase_520_com.android.server.security.AttestationVerificationManagerService
02-26 23:55:32.582  1905  1905 D SystemServerTiming: OnBootPhase_520_com.android.server.companion.CompanionDeviceManagerService
02-26 23:55:32.582  1905  1905 D SystemServerTiming: OnBootPhase_520_com.android.server.companion.virtual.VirtualDeviceManagerService
02-26 23:55:32.582  1905  1905 D SystemServerTiming: OnBootPhase_520_com.android.server.restrictions.RestrictionsManagerService
02-26 23:55:32.582  1905  1905 D SystemServerTiming: OnBootPhase_520_com.android.server.media.MediaSessionService
02-26 23:55:32.582  1905  1905 D SystemServerTiming: OnBootPhase_520_com.android.server.media.MediaResourceMonitorService
02-26 23:55:32.582  1905  1905 D SystemServerTiming: OnBootPhase_520_com.android.server.biometrics.sensors.fingerprint.FingerprintService
02-26 23:55:32.582  1905  1905 D SystemServerTiming: OnBootPhase_520_com.android.server.biometrics.BiometricService
02-26 23:55:32.582  1905  1905 D SystemServerTiming: OnBootPhase_520_com.android.server.biometrics.AuthService
02-26 23:55:32.582  1905  1905 D SystemServerTiming: OnBootPhase_520_com.android.server.pm.ShortcutService$Lifecycle
02-26 23:55:32.582  1905  1905 D SystemServerTiming: OnBootPhase_520_com.android.server.pm.LauncherAppsService
02-26 23:55:32.582  1905  1905 D SystemServerTiming: OnBootPhase_520_com.android.server.pm.CrossProfileAppsService
02-26 23:55:32.582  1905  1905 D SystemServerTiming: OnBootPhase_520_com.android.server.people.PeopleService
02-26 23:55:32.582  1905  1905 D SystemServerTiming: OnBootPhase_520_com.android.server.media.metrics.MediaMetricsManagerService
02-26 23:55:32.582  1905  1905 D SystemServerTiming: OnBootPhase_520_com.motorola.server.MotoPersDataBlockService
02-26 23:55:32.582  1905  1905 D SystemServerTiming: OnBootPhase_520_com.motorola.server.perf.MotoPerfManagerService
02-26 23:55:32.582  1905  1905 D SystemServerTiming: OnBootPhase_520_com.android.server.media.projection.MediaProjectionManagerService
02-26 23:55:32.582  1905  1905 D SystemServerTiming: OnBootPhase_520_com.android.server.slice.SliceManagerService$Lifecycle
02-26 23:55:32.582  1905  1905 D SystemServerTiming: OnBootPhase_520_com.android.server.stats.StatsCompanion$Lifecycle
02-26 23:55:32.582  1905  1905 D SystemServerTiming: OnBootPhase_520_com.android.server.scheduling.RebootReadinessManagerService$Lifecycle
02-26 23:55:32.582  1905  1905 D SystemServerTiming: OnBootPhase_520_com.android.server.stats.pull.StatsPullAtomService
02-26 23:55:32.582  1905  1905 D SystemServerTiming: OnBootPhase_520_com.android.server.stats.bootstrap.StatsBootstrapAtomService$Lifecycle
02-26 23:55:32.582  1905  1905 D SystemServerTiming: OnBootPhase_520_com.android.server.incident.IncidentCompanionService
02-26 23:55:32.582  1905  1905 D SystemServerTiming: OnBootPhase_520_com.android.server.sdksandbox.SdkSandboxManagerService$Lifecycle
02-26 23:55:32.582  1905  1905 D SystemServerTiming: OnBootPhase_520_com.android.server.adservices.AdServicesManagerService$Lifecycle
02-26 23:55:32.582  1905  1905 D SystemServerTiming: OnBootPhase_520_com.android.server.MmsServiceBroker
02-26 23:55:32.582  1905  1905 D SystemServerTiming: OnBootPhase_520_com.android.server.autofill.AutofillManagerService
02-26 23:55:32.582  1905  1905 D SystemServerTiming: OnBootPhase_520_com.android.server.clipboard.ClipboardService
02-26 23:55:32.582  1905  1905 D SystemServerTiming: OnBootPhase_520_com.android.server.appbinding.AppBindingService$Lifecycle
02-26 23:55:32.582  1905  1905 D SystemServerTiming: OnBootPhase_520_com.mediatek.powerhalservice.PowerHalMgrService
02-26 23:55:32.582  1905  1905 D SystemServerTiming: OnBootPhase_520_com.android.server.tracing.TracingServiceProxy
02-26 23:55:32.583  1905  1905 D SystemServerTiming: OnBootPhase_520_com.android.server.policy.PermissionPolicyService
02-26 23:55:32.584  1905  1905 D SystemServerTiming: OnBootPhase_520_com.android.server.pm.StagingManager$Lifecycle
02-26 23:55:32.584  1905  1905 D SystemServerTiming: OnBootPhase_520_com.android.server.app.GameManagerService$Lifecycle
02-26 23:55:32.584  1905  1905 D SystemServerTiming: StartSafetyCenterService
02-26 23:55:32.585  1905  1905 I SystemServiceManager: Starting com.android.safetycenter.SafetyCenterService
02-26 23:55:32.631  1905  1905 D SystemServerTiming: AppSearchModule
02-26 23:55:32.633  1905  1905 I SystemServiceManager: Starting com.android.server.appsearch.AppSearchModule$Lifecycle
02-26 23:55:32.653  1905  1905 D SystemServerTiming: StartMediaCommunicationService
02-26 23:55:32.654  1905  1905 I SystemServiceManager: Starting com.android.server.media.MediaCommunicationService
02-26 23:55:32.655  1905  1905 D SystemServerTiming: AppCompatOverridesService
02-26 23:55:32.655  1905  1905 I SystemServiceManager: Starting com.android.server.compat.overrides.AppCompatOverridesService$Lifecycle
02-26 23:55:32.657  1905  1905 D SystemServerTiming: PhaseActivityManagerReady
02-26 23:55:32.658  1905  1905 D SystemServerTiming: controllersReady
02-26 23:55:32.668  1905  2003 D SystemServerTimingAsync: InitThreadPoolExec:Update app-ops uidState in case package com.motorola.enterprise.adapter.service changed
02-26 23:55:32.669  1905  2078 D SystemServerTimingAsync: InitThreadPoolExec:Update app-ops uidState in case package com.motorola.spaces changed
02-26 23:55:32.669  1905  1973 D SystemServerTimingAsync: InitThreadPoolExec:Update app-ops uidState in case package com.google.android.as changed
02-26 23:55:32.669  1905  2009 D SystemServerTimingAsync: InitThreadPoolExec:Update app-ops uidState in case package com.google.android.adservices.api changed
02-26 23:55:32.669  1905  2101 D SystemServerTimingAsync: InitThreadPoolExec:Update app-ops uidState in case package com.google.android.apps.safetyhub changed
02-26 23:55:32.669  1905  2189 D SystemServerTimingAsync: InitThreadPoolExec:Update app-ops uidState in case package com.nianticlabs.pokemongo changed
02-26 23:55:32.669  1905  1981 D SystemServerTimingAsync: InitThreadPoolExec:Update app-ops uidState in case package com.google.android.providers.media.module changed
02-26 23:55:32.669  1905  1932 D SystemServerTimingAsync: InitThreadPoolExec:Update app-ops uidState in case package com.google.android.apps.walletnfcrel changed
02-26 23:55:32.671  1905  2078 D SystemServerTimingAsync: InitThreadPoolExec:Update app-ops uidState in case package com.google.android.permissioncontroller changed
02-26 23:55:32.671  1905  2003 D SystemServerTimingAsync: InitThreadPoolExec:Update app-ops uidState in case package com.google.android.cellbroadcastreceiver changed
02-26 23:55:32.671  1905  1973 D SystemServerTimingAsync: InitThreadPoolExec:Update app-ops uidState in case package com.motorola.ccc.mainplm changed
02-26 23:55:32.671  1905  2078 D SystemServerTimingAsync: InitThreadPoolExec:Update app-ops uidState in case package com.google.android.apps.wallpaper changed
02-26 23:55:32.671  1905  1973 D SystemServerTimingAsync: InitThreadPoolExec:Update app-ops uidState in case package com.motorola.android.providers.chromehomepage changed
02-26 23:55:32.671  1905  2078 D SystemServerTimingAsync: InitThreadPoolExec:Update app-ops uidState in case package com.google.android.setupwizard changed
02-26 23:55:32.671  1905  2003 D SystemServerTimingAsync: InitThreadPoolExec:Update app-ops uidState in case package com.motorola.coresettingsext changed
02-26 23:55:32.671  1905  2078 D SystemServerTimingAsync: InitThreadPoolExec:Update app-ops uidState in case package com.motorola.motocit changed
02-26 23:55:32.671  1905  2003 D SystemServerTimingAsync: InitThreadPoolExec:Update app-ops uidState in case package com.motorola.bach.modemstats changed
02-26 23:55:32.671  1905  1932 D SystemServerTimingAsync: InitThreadPoolExec:Update app-ops uidState in case package com.motorola.discovery changed
02-26 23:55:32.671  1905  2189 D SystemServerTimingAsync: InitThreadPoolExec:Update app-ops uidState in case package com.motorola.msimsettings changed
02-26 23:55:32.671  1905  1932 D SystemServerTimingAsync: InitThreadPoolExec:Update app-ops uidState in case package com.motorola.ccc.ota changed
02-26 23:55:32.671  1905  1973 D SystemServerTimingAsync: InitThreadPoolExec:Update app-ops uidState in case package com.motorola.paks.notification changed
02-26 23:55:32.671  1905  2189 D SystemServerTimingAsync: InitThreadPoolExec:Update app-ops uidState in case package com.motorola.ccc.notification changed
02-26 23:55:32.671  1905  2009 D SystemServerTimingAsync: InitThreadPoolExec:Update app-ops uidState in case package com.motorola.launcher3 changed
02-26 23:55:32.671  1905  2003 D SystemServerTimingAsync: InitThreadPoolExec:Update app-ops uidState in case package com.motorola.mobiledesktop.core changed
02-26 23:55:32.671  1905  2009 D SystemServerTimingAsync: InitThreadPoolExec:Update app-ops uidState in case package com.google.android.gm changed
02-26 23:55:32.671  1905  1981 D SystemServerTimingAsync: InitThreadPoolExec:Update app-ops uidState in case package com.motorola.ccc.devicemanagement changed
02-26 23:55:32.671  1905  2009 D SystemServerTimingAsync: InitThreadPoolExec:Update app-ops uidState in case package com.google.android.gms.location.history changed
02-26 23:55:32.671  1905  2101 D SystemServerTimingAsync: InitThreadPoolExec:Update app-ops uidState in case package com.android.systemui changed
02-26 23:55:32.671  1905  1932 D SystemServerTimingAsync: InitThreadPoolExec:Update app-ops uidState in case package com.motorola.android.fota changed
02-26 23:55:32.671  1905  1973 D SystemServerTimingAsync: InitThreadPoolExec:Update app-ops uidState in case package com.motorola.paks changed
02-26 23:55:32.671  1905  2101 D SystemServerTimingAsync: InitThreadPoolExec:Update app-ops uidState in case package com.google.android.tts changed
02-26 23:55:32.671  1905  2078 D SystemServerTimingAsync: InitThreadPoolExec:Update app-ops uidState in case package com.motorola.motocare changed
02-26 23:55:32.671  1905  1981 D SystemServerTimingAsync: InitThreadPoolExec:Update app-ops uidState in case package com.google.android.webview changed
02-26 23:55:32.671  1905  2078 D SystemServerTimingAsync: InitThreadPoolExec:Update app-ops uidState in case package com.google.android.apps.maps changed
02-26 23:55:32.671  1905  2003 D SystemServerTimingAsync: InitThreadPoolExec:Update app-ops uidState in case package com.google.android.marvin.talkback changed
02-26 23:55:32.671  1905  1981 D SystemServerTimingAsync: InitThreadPoolExec:Update app-ops uidState in case package com.google.android.apps.tachyon changed
02-26 23:55:32.671  1905  2009 D SystemServerTimingAsync: InitThreadPoolExec:Update app-ops uidState in case package com.google.android.videos changed
02-26 23:55:32.671  1905  1981 D SystemServerTimingAsync: InitThreadPoolExec:Update app-ops uidState in case package com.google.android.calendar changed
02-26 23:55:32.671  1905  2189 D SystemServerTimingAsync: InitThreadPoolExec:Update app-ops uidState in case package com.google.android.apps.photos changed
02-26 23:55:32.671  1905  1981 D SystemServerTimingAsync: InitThreadPoolExec:Update app-ops uidState in case package com.google.android.youtube changed
02-26 23:55:32.672  1905  2101 D SystemServerTimingAsync: InitThreadPoolExec:Update app-ops uidState in case package com.google.android.apps.docs changed
02-26 23:55:32.672  1905  1981 D SystemServerTimingAsync: InitThreadPoolExec:Update app-ops uidState in case package com.android.chrome changed
02-26 23:55:32.672  1905  2078 D SystemServerTimingAsync: InitThreadPoolExec:Update app-ops uidState in case package com.google.android.deskclock changed
02-26 23:55:32.672  1905  1981 D SystemServerTimingAsync: InitThreadPoolExec:Update app-ops uidState in case package com.handmark.expressweather changed
02-26 23:55:32.672  1905  2003 D SystemServerTimingAsync: InitThreadPoolExec:Update app-ops uidState in case package com.google.android.apps.youtube.music changed
02-26 23:55:32.672  1905  1973 D SystemServerTimingAsync: InitThreadPoolExec:Update app-ops uidState in case package com.swishme.tracfone changed
02-26 23:55:32.672  1905  2003 D SystemServerTimingAsync: InitThreadPoolExec:Update app-ops uidState in case package com.motorola.omadm.vzw changed
02-26 23:55:32.672  1905  1973 D SystemServerTimingAsync: InitThreadPoolExec:Update app-ops uidState in case package com.motorola.dynamicvolume changed
02-26 23:55:32.672  1905  2009 D SystemServerTimingAsync: InitThreadPoolExec:Update app-ops uidState in case package com.google.android.apps.chromecast.app changed
02-26 23:55:32.672  1905  1973 D SystemServerTimingAsync: InitThreadPoolExec:Update app-ops uidState in case package com.google.android.configupdater changed
02-26 23:55:32.672  1905  2003 D SystemServerTimingAsync: InitThreadPoolExec:Update app-ops uidState in case package com.motorola.carriersettingsext changed
02-26 23:55:32.672  1905  2101 D SystemServerTimingAsync: InitThreadPoolExec:Update app-ops uidState in case package com.motorola.audiorecorder changed
02-26 23:55:32.672  1905  1973 D SystemServerTimingAsync: InitThreadPoolExec:Update app-ops uidState in case package com.google.android.googlequicksearchbox changed
02-26 23:55:32.672  1905  2003 D SystemServerTimingAsync: InitThreadPoolExec:Update app-ops uidState in case package com.glance.lockscreenM changed
02-26 23:55:32.672  1905  1932 D SystemServerTimingAsync: InitThreadPoolExec:Update app-ops uidState in case package com.google.android.inputmethod.latin changed
02-26 23:55:32.672  1905  2101 D SystemServerTimingAsync: InitThreadPoolExec:Update app-ops uidState in case package com.facebook.services changed
02-26 23:55:32.672  1905  2189 D SystemServerTimingAsync: InitThreadPoolExec:Update app-ops uidState in case package com.google.android.contacts changed
02-26 23:55:32.672  1905  2003 D SystemServerTimingAsync: InitThreadPoolExec:Update app-ops uidState in case package com.verizon.loginengine.unbranded changed
02-26 23:55:32.672  1905  2101 D SystemServerTimingAsync: InitThreadPoolExec:Update app-ops uidState in case package com.motorola.actions changed
02-26 23:55:32.672  1905  1981 D SystemServerTimingAsync: InitThreadPoolExec:Update app-ops uidState in case package com.motorola.camera3 changed
02-26 23:55:32.672  1905  2003 D SystemServerTimingAsync: InitThreadPoolExec:Update app-ops uidState in case package com.motorola.genie changed
02-26 23:55:32.672  1905  1973 D SystemServerTimingAsync: InitThreadPoolExec:Update app-ops uidState in case package com.tracfone.preload.accountservices changed
02-26 23:55:32.672  1905  1932 D SystemServerTimingAsync: InitThreadPoolExec:Update app-ops uidState in case package com.google.android.apps.nbu.files changed
02-26 23:55:32.672  1905  1981 D SystemServerTimingAsync: InitThreadPoolExec:Update app-ops uidState in case package com.google.android.wfcactivation changed
02-26 23:55:32.672  1905  2189 D SystemServerTimingAsync: InitThreadPoolExec:Update app-ops uidState in case package com.google.android.apps.carrier.carrierwifi changed
02-26 23:55:32.672  1905  1932 D SystemServerTimingAsync: InitThreadPoolExec:Update app-ops uidState in case package com.google.android.projection.gearhead changed
02-26 23:55:32.672  1905  2009 D SystemServerTimingAsync: InitThreadPoolExec:Update app-ops uidState in case package com.android.vending changed
02-26 23:55:32.672  1905  2189 D SystemServerTimingAsync: InitThreadPoolExec:Update app-ops uidState in case package com.motorola.appforecast changed
02-26 23:55:32.672  1905  1973 D SystemServerTimingAsync: InitThreadPoolExec:Update app-ops uidState in case package com.google.android.apps.turbo changed
02-26 23:55:32.672  1905  2078 D SystemServerTimingAsync: InitThreadPoolExec:Update app-ops uidState in case package com.google.android.calculator changed
02-26 23:55:32.672  1905  2009 D SystemServerTimingAsync: InitThreadPoolExec:Update app-ops uidState in case package com.google.android.apps.restore changed
02-26 23:55:32.672  1905  1973 D SystemServerTimingAsync: InitThreadPoolExec:Update app-ops uidState in case package com.google.android.gms changed
02-26 23:55:32.672  1905  2078 D SystemServerTimingAsync: InitThreadPoolExec:Update app-ops uidState in case package com.google.android.gsf changed
02-26 23:55:32.672  1905  2009 D SystemServerTimingAsync: InitThreadPoolExec:Update app-ops uidState in case package com.motorola.attvowifi changed
02-26 23:55:32.672  1905  2003 D SystemServerTimingAsync: InitThreadPoolExec:Update app-ops uidState in case package com.dti.tracfone changed
02-26 23:55:32.672  1905  2189 D SystemServerTimingAsync: InitThreadPoolExec:Update app-ops uidState in case package com.google.android.ims changed
02-26 23:55:32.672  1905  1981 D SystemServerTimingAsync: InitThreadPoolExec:Update app-ops uidState in case package com.motorola.omadm.service changed
02-26 23:55:32.672  1905  2101 D SystemServerTimingAsync: InitThreadPoolExec:Update app-ops uidState in case package com.android.imsserviceentitlement changed
02-26 23:55:32.672  1905  2189 D SystemServerTimingAsync: InitThreadPoolExec:Update app-ops uidState in case package com.motorola.comcast.settings.extensions changed
02-26 23:55:32.672  1905  1981 D SystemServerTimingAsync: InitThreadPoolExec:Update app-ops uidState in case package com.google.android.dialer changed
02-26 23:55:32.672  1905  2101 D SystemServerTimingAsync: InitThreadPoolExec:Update app-ops uidState in case package com.motorola.help changed
02-26 23:55:32.672  1905  1981 D SystemServerTimingAsync: InitThreadPoolExec:Update app-ops uidState in case package com.motorola.telprov changed
02-26 23:55:32.672  1905  2003 D SystemServerTimingAsync: InitThreadPoolExec:Update app-ops uidState in case package com.google.android.carrier changed
02-26 23:55:32.672  1905  1981 D SystemServerTimingAsync: InitThreadPoolExec:Update app-ops uidState in case package com.motorola.android.provisioning changed
02-26 23:55:32.672  1905  2003 D SystemServerTimingAsync: InitThreadPoolExec:Update app-ops uidState in case package com.mediatek.rsu.tfn changed
02-26 23:55:32.672  1905  1981 D SystemServerTimingAsync: InitThreadPoolExec:Update app-ops uidState in case package com.android.cellbroadcastreceiver changed
02-26 23:55:32.672  1905  2003 D SystemServerTimingAsync: InitThreadPoolExec:Update app-ops uidState in case package com.android.providers.partnerbookmarks changed
02-26 23:55:32.672  1905  2101 D SystemServerTimingAsync: InitThreadPoolExec:Update app-ops uidState in case package com.motorola.tracfone.rsu changed
02-26 23:55:32.672  1905  2003 D SystemServerTimingAsync: InitThreadPoolExec:Update app-ops uidState in case package com.motorola.sarcontrol changed
02-26 23:55:32.672  1905  1932 D SystemServerTimingAsync: InitThreadPoolExec:Update app-ops uidState in case package com.motorola.contacts.preloadcontacts changed
02-26 23:55:32.672  1905  2078 D SystemServerTimingAsync: InitThreadPoolExec:Update app-ops uidState in case package com.google.android.apps.messaging changed
02-26 23:55:32.672  1905  2009 D SystemServerTimingAsync: InitThreadPoolExec:Update app-ops uidState in case package com.google.android.apps.wellbeing changed
02-26 23:55:32.673  1905  2078 D SystemServerTimingAsync: InitThreadPoolExec:Update app-ops uidState in case package com.motorola.systemserver changed
02-26 23:55:32.673  1905  1932 D SystemServerTimingAsync: InitThreadPoolExec:Update app-ops uidState in case package com.example.cod_squad_app changed
02-26 23:55:32.673  1905  1981 D SystemServerTimingAsync: InitThreadPoolExec:Update app-ops uidState in case package com.android.providers.calendar changed
02-26 23:55:32.673  1905  2189 D SystemServerTimingAsync: InitThreadPoolExec:Update app-ops uidState in case package com.motorola.moto changed
02-26 23:55:32.673  1905  2078 D SystemServerTimingAsync: InitThreadPoolExec:Update app-ops uidState in case package com.android.shell changed
02-26 23:55:32.673  1905  1973 D SystemServerTimingAsync: InitThreadPoolExec:Update app-ops uidState in case package com.android.providers.contacts changed
02-26 23:55:32.673  1905  2078 D SystemServerTimingAsync: InitThreadPoolExec:Update app-ops uidState in case package com.android.bluetooth changed
02-26 23:55:32.673  1905  2189 D SystemServerTimingAsync: InitThreadPoolExec:Update app-ops uidState in case package com.mediatek.ims changed
02-26 23:55:32.673  1905  2009 D SystemServerTimingAsync: InitThreadPoolExec:Update app-ops uidState in case package com.google.android.networkstack.tethering changed
02-26 23:55:32.673  1905  1973 D SystemServerTimingAsync: InitThreadPoolExec:Update app-ops uidState in case package com.android.ons changed
